WARNING: artifact dir overridden to /opt/topgun/target/spec377-run/smoke
         A characterization run's artifacts belong in /opt/topgun/packages/server-rust/benches/soak_harness/evidence
         (git-tracked); artifacts written elsewhere are not evidence.
provenance: server sha256=5d5bc58cbedafdbb462a29782a49ad52200f10e95c07f4f9aa2c8a15abfb3d22 flavour=JE built=2026-09-30T08:25:20Z run_start=2026-09-30T08:45:33Z topgun_or_prune_restored_cancelled_total=present
provenance: server sha256=5d5bc58cbedafdbb462a29782a49ad52200f10e95c07f4f9aa2c8a15abfb3d22 flavour=JE built=2026-09-30T08:25:20Z run_start=2026-09-30T08:45:33Z topgun_or_prune_restored_cancelled_total=present harness sha256=f205d81c653a7cf09fc7a88084cbd183dfdf61443671ba2fbd3db707499c1911 harness_built=2026-09-30T08:40:49Z tombstone_level_ceiling_gate=present
soak binary:   /opt/topgun/target/spec377-H/release/deps/soak_harness-53b4b640053c5766
  built:       2026-09-30T08:40:49Z
server binary: /opt/topgun/target/spec377-JE-ser/release/topgun-server
  built:       2026-09-30T08:25:20Z

=== spec377 Linux run: cell sje (label JE-ser, flavour JE, phase smoke) ===
  repo HEAD:      03114a764495f29499796d9535f3285af9f9fc1a
  dirty tree:     yes
  host/OS:        Linux topgun-bench 6.1.0-52-amd64 #1 SMP PREEMPT_DYNAMIC Debian 6.1.180-1 (2026-08-03) x86_64 GNU/Linux
  lineage:        chain-built harness + chain-built JE server
  chain start:    1790756015
  data dir:       /opt/topgun/target/spec377-sje-data
  csv:            /opt/topgun/target/spec377-run/smoke/spec377-sje.csv
  soak.json:      /opt/topgun/target/spec377-run/smoke/spec377-sje.soak.json
  mechanism.json: /opt/topgun/target/spec377-run/smoke/spec377-sje.mechanism.json (harness writes spec377-sje.soak.mechanism.json; renamed after the run)
  durable.json:   /opt/topgun/target/spec377-run/smoke/spec377-sje.soak.durable.json (raw basename: NOT renamed, by design)
  progress.jsonl: /opt/topgun/target/spec377-run/smoke/spec377-sje.progress.jsonl
  console log:    /opt/topgun/target/spec377-run/smoke/spec377-sje.harness-console.log
  matrix:         /opt/topgun/target/spec377-run/smoke/spec377-sje.matrix.txt
  soak binary:    /opt/topgun/target/spec377-H/release/deps/soak_harness-53b4b640053c5766
  soak binary commit: 03114a764495f29499796d9535f3285af9f9fc1a (HEAD; the binary itself is identified by its sha256)
  .rs working tree:   CLEAN over '*.rs' Cargo.toml '*/Cargo.toml' Cargo.lock (asserted before the build)
  code freeze:            34007e19
  code freeze diff (.rs): EMPTY over '*.rs' Cargo.toml '*/Cargo.toml' Cargo.lock (asserted before the build)
    built:        2026-09-30T08:40:49Z
  server binary:  /opt/topgun/target/spec377-JE-ser/release/topgun-server
    built:        2026-09-30T08:25:20Z
    sha256:       5d5bc58cbedafdbb462a29782a49ad52200f10e95c07f4f9aa2c8a15abfb3d22
  --- varied knobs; everything else is the spec362b-durable.sh long4h
      literal ---
  TOPGUN_EPOCH_WIDTH:  <unset: production default 1000>
  duration:            120s
  csv cadence:         20s
  extra harness flags: <none>
  --durable-reading:   ARMED
  --live-census-interval: 300 (ARMED: the live-copy census)
  --sampler-jitter-seed:  20260831
  SOAK_SERVER_LOG:     warn,topgun_server::tombstone_frontier::removal=info,topgun_server::tombstone_frontier::settlement=info,topgun_server::tombstone_frontier::conjunct=info
  SOAK_SERVER_LOG_PASSTHROUGH: 1
  TOPGUN_PRUNE_RECORD: true
  TOPGUN_LOG_FORMAT:   <unset: human fmt, which is what the origin parser reads>
  server port:         47376
  SOAK_SERVER_BINARY:  /opt/topgun/target/spec377-JE-ser/release/topgun-server
  --- pinned matrix (identical to spec362b-durable.sh's long4h cell;
      crash-interval is per-cell and is 0 on the one cell this runner
      ships) ---
  churn-clients 6; keyspace 200; or-churn true;
  or-keyspace 48; or-every 5; write-interval-ms 20;
  writes-per-life 200; offline-keys 3;
  confirm-interval 2; crash-interval 0;
  steady-interval 300; quiesce 3;
  mem-sample-interval 5; wal-fsync batched;
  memory gate NEUTRALIZED (1000000/1000000/1000000)
  tombstone gate: level ceiling K=2+ceil(S_A/W) epochs × W × b_max (S_A, b_max measured by the harness; A = TOPGUN_WAL_WATERMARK_STALL_BOUND_MS, not set by this runner); level stability 10 %; slope report-only
  harness sha256: f205d81c653a7cf09fc7a88084cbd183dfdf61443671ba2fbd3db707499c1911
  server flavour: JE
  server code:    SERIES_PIN = 34007e19 (SPEC377_SERVER_COMMIT=34007e19, resolves 34007e197224d4db870ba2c842716316622580de)
  TOPGUN_JOURNAL_ENABLED:        <unset: harness passes true>
  TOPGUN_SOAK_GRACEFUL_SHUTDOWN: <unset: SIGKILL teardown>
  DHAT_OUT:                      <unset>
  --- allocator treatment (items 5 and 6) ---
  build label:                   JE-ser
  allocator env unset first:     MALLOC_CONF _RJEM_MALLOC_CONF MALLOC_ARENA_MAX MALLOC_ARENA_TEST MALLOC_TOP_PAD_ MALLOC_TRIM_THRESHOLD_ MALLOC_MMAP_THRESHOLD_ MALLOC_MMAP_MAX_ MALLOC_PERTURB_ MALLOC_CHECK_ GLIBC_TUNABLES LD_PRELOAD + every exported MIMALLOC_*
  allocator env expected:        _RJEM_MALLOC_CONF=background_thread:true,confirm_conf:true
  allocator env (runner shell):  _RJEM_MALLOC_CONF=background_thread:true,confirm_conf:true
  allocator literals in binary:  je=1 mi=0
  THP at launch:                 madvise/madvise
  allocator proof:               read from /proc/<pid> at the first sample with elapsed >= 60 s
  post-mortem rows:              counted at the end of the run (item 17)
  --- host (Linux) ---
  os-release:          Debian GNU/Linux 12 (bookworm)
  kernel:              6.1.0-52-amd64
  cpu model:           AMD EPYC-Milan Processor
  nproc:               4
  glibc:               ldd (Debian GLIBC 2.36-9+deb12u14) 2.36
  rustc host:          x86_64-unknown-linux-gnu
  THP enabled:         always [madvise] never
  THP defrag:          always defer defer+madvise [madvise] never
  swapon --show:       empty (no swap)
  vm.overcommit_memory: 0
  vm.max_map_count:    65530
  awk:                 /opt/topgun/target/spec377-awkbin/awk
  awk -version:        awk version 20220912
  memory sampler:      spec376-procmem.sh sha256=d05727f002087cb37fb8abce8f5f935dce11af5e0e0373c873e6a393a8a6f7b4
  memory proc root:    /proc (fixed; procmem_row is called without a root, fixture roots belong to the synthetic suite only)
  /proc/loadavg:       2.21 1.66 1.60 1/128 39597
  /proc/meminfo (first 8 lines):
    MemTotal:       15985096 kB
    MemFree:         9998744 kB
    MemAvailable:   15474996 kB
    Buffers:          121688 kB
    Cached:          5458028 kB
    SwapCached:            0 kB
    Active:          2657824 kB
    Inactive:        2938988 kB

harness pid 39600; follow with: tail -f /opt/topgun/target/spec377-sje-data.meta/harness-console.log
server ready: pid 39609 (t0 = server-ready)

harness exited with code 0

=== DURABLE-LAYER READING (report-only, decides nothing) ===
reading:           INDETERMINATE_INSTRUMENT
reason:            series rss_kib is indeterminate: retained span 105.3s below the minimum 600.0s
log filter:        warn,topgun_server::tombstone_frontier::removal=info,topgun_server::tombstone_frontier::settlement=info,topgun_server::tombstone_frontier::conjunct=info
  rss_kib            shape=INDETERMINATE envelope=- samples=22 span=105.3s
                     peaks  h1=0 h2=0 q3=0 q4=0 last_half_mean=0
                     floor  h1=0 h2=0 q3=0 q4=0
  redb_bytes         shape=INDETERMINATE envelope=- samples=22 span=107.6s
                     peaks  h1=0 h2=0 q3=0 q4=0 last_half_mean=0
                     floor  h1=0 h2=0 q3=0 q4=0
  wal_bytes          shape=INDETERMINATE envelope=- samples=22 span=107.6s
                     peaks  h1=0 h2=0 q3=0 q4=0 last_half_mean=0
                     floor  h1=0 h2=0 q3=0 q4=0
  wal_segment_files  shape=INDETERMINATE envelope=- samples=22 span=107.6s
                     peaks  h1=0 h2=0 q3=0 q4=0 last_half_mean=0
                     floor  h1=0 h2=0 q3=0 q4=0
writebehind lag:   1756 (observation only) scrapes total=24 read=22 absent=2 unreadable=0 malformed_samples=0 overflowed_samples=0
censuses:          1
  TERMINAL   t=120.3s copy_done=n/a keys=96 undecodable=0 or_map=96 or_tomb=0 lww=0 live=12584 live_tag_bytes=427857 tombstones=292 tombstone_bytes=6132 dups=0 keys_with_tombstones=48 keys_all_dead=0 max_per_key=9
terminal census:   keys=96 tombstone_bytes=6132
origin:            reading=NOT_REACHED_EQUAL_REFS matched=6 unparsed=0 dropped=0 armed=true epochs_exited=5 restarts=0 epochs_scrapes total=24 read=24 absent=0 unreadable=0 malformed_samples=0 overflowed_samples=0
origin reason:     all 6 parsed line(s) returned exactly the refs held at entry
first zero-return: (none)
wrote durable reading to /opt/topgun/target/spec377-run/smoke/spec377-sje.soak.durable.json
console log: /opt/topgun/target/spec377-run/smoke/spec377-sje.harness-console.log
mechanism report: /opt/topgun/target/spec377-run/smoke/spec377-sje.mechanism.json
csv rows: 6
post_mortem_rows=0
csv columns:
  rss_mb         n=6 empty=0 nonzero=6 min=18.684 max=40.062
  wal_mb         n=6 empty=0 nonzero=6 min=0.105 max=1.898
  redb_mb        n=6 empty=0 nonzero=6 min=0.516 max=2.176
  disk_total_mb  n=6 empty=0 nonzero=6 min=0.625 max=4.047
  tombstone_bytes n=6 empty=0 min=0 max=21222
  rss_mb           n=6 empty=0
  fp_equiv_mb      n=6 empty=0
  hwm_rss_mb       n=6 empty=0
  lazyfree_mb      n=6 empty=0
  swap_mb          n=6 empty=0
  file_mb          n=6 empty=0
  anon_mb          n=6 empty=0
  private_dirty_mb n=6 empty=0
  pss_mb           n=6 empty=0
  anon_huge_mb     n=6 empty=0
  smaps_rss_mb     n=6 empty=0
  progress.jsonl: not required -- duration 120s <= steady interval 300s,
                  so the harness reached no checkpoint to snapshot.
  soak.json "walFsync": "batched",
  soak.json "epochWidth": 1000,
  soak.json "crashes": 0,
  soak.json "churnClients": 6,
  soak.json "keyspace": 200,
  soak.json "durationSecsActual": 120,
  mechanism.json "orDeltaFrames": 217,
  mechanism.json "orSnapshotFrames": 0,

post-hoc OLS fits (see the SE caveat in spec349c2-fit.awk):
  units: the field is named slope_mb_per_hour for every column; on the
  tombstone_bytes row the fit is identical but the unit is BYTES/hour.
  col=rss_mb window=full rows_used=6 n=6 skipped_empty=0 t_start_secs=0.0 t_end_secs=100.0 span_secs=100.0 y_first=18.684 y_last=37.180 slope_mb_per_hour=625.263429 se_mb_per_hour=201.963604 intercept_mb=24.585952 r2=0.705552 sxx_hours2=0.000540123 sse=88.125025105
  col=wal_mb window=full rows_used=6 n=6 skipped_empty=0 t_start_secs=0.0 t_end_secs=100.0 span_secs=100.0 y_first=0.105 y_last=1.867 slope_mb_per_hour=47.124000 se_mb_per_hour=24.870895 intercept_mb=0.901333 r2=0.472995 sxx_hours2=0.000540123 sse=1.336398133
  col=redb_mb window=full rows_used=6 n=6 skipped_empty=0 t_start_secs=0.0 t_end_secs=100.0 span_secs=100.0 y_first=0.516 y_last=2.176 slope_mb_per_hour=62.038286 se_mb_per_hour=6.224534 intercept_mb=0.605857 r2=0.961291 sxx_hours2=0.000540123 sse=0.083707943
  col=disk_total_mb window=full rows_used=6 n=6 skipped_empty=0 t_start_secs=0.0 t_end_secs=100.0 span_secs=100.0 y_first=0.625 y_last=4.043 slope_mb_per_hour=109.506857 se_mb_per_hour=28.012257 intercept_mb=1.503238 r2=0.792555 sxx_hours2=0.000540123 sse=1.695310419
  col=tombstone_bytes window=full rows_used=6 n=6 skipped_empty=0 t_start_secs=0.0 t_end_secs=100.0 span_secs=100.0 y_first=0.000 y_last=5922.000 slope_mb_per_hour=-98465.142857 se_mb_per_hour=367082.912941 intercept_mb=7452.571429 r2=0.017670 sxx_hours2=0.000540123 sse=291126251.485714316
  col=rss_mb window=last_half rows_used=6 n=3 skipped_empty=0 t_start_secs=60.0 t_end_secs=100.0 span_secs=40.0 y_first=37.527 y_last=37.180 slope_mb_per_hour=-31.230000 se_mb_per_hour=281.475577 intercept_mb=38.950333 r2=0.012160 sxx_hours2=0.000061728 sse=4.890648167
  col=wal_mb window=last_half rows_used=6 n=3 skipped_empty=0 t_start_secs=60.0 t_end_secs=100.0 span_secs=40.0 y_first=1.898 y_last=1.867 slope_mb_per_hour=-2.790000 se_mb_per_hour=2.026499 intercept_mb=1.938000 r2=0.654632 sxx_hours2=0.000061728 sse=0.000253500
  col=redb_mb window=last_half rows_used=6 n=3 skipped_empty=0 t_start_secs=60.0 t_end_secs=100.0 span_secs=40.0 y_first=1.566 y_last=2.176 slope_mb_per_hour=54.900000 se_mb_per_hour=31.696530 intercept_mb=0.752667 r2=0.750000 sxx_hours2=0.000061728 sse=0.062016667
  col=disk_total_mb window=last_half rows_used=6 n=3 skipped_empty=0 t_start_secs=60.0 t_end_secs=100.0 span_secs=40.0 y_first=3.473 y_last=4.043 slope_mb_per_hour=51.300000 se_mb_per_hour=30.033761 intercept_mb=2.714333 r2=0.744737 sxx_hours2=0.000061728 sse=0.055680667
  col=tombstone_bytes window=last_half rows_used=6 n=3 skipped_empty=0 t_start_secs=60.0 t_end_secs=100.0 span_secs=40.0 y_first=3108.000 y_last=5922.000 slope_mb_per_hour=253260.000000 se_mb_per_hour=0.000000 intercept_mb=-1113.000000 r2=1.000000 sxx_hours2=0.000061728 sse=0.000000000

RESULT: instrument sound; harness exit code 0.
ALLOC_ENV_sje=_RJEM_MALLOC_CONF=background_thread:true,confirm_conf:true
JE_BG_THREADS_sje=4
THP_sje=madvise/madvise
ALLOC_PROOF_AT_sje=60
BIN_MARKERS_sje=je=1 mi=0
MI_POSTINIT_LINES_sje=0
steal_pct=0.0000
post_mortem_mem_reads=0
mem_invariant_violations=0
RUNNER_EXIT=0
