WARNING: artifact dir overridden to /opt/topgun/target/spec377-run/smoke
         A characterization run's artifacts belong in /opt/topgun/packages/server-rust/benches/soak_harness/evidence
         (git-tracked); artifacts written elsewhere are not evidence.
provenance: server sha256=bc0fae31e708885db75dae12c43c5de3129398203b8d36e5e5bdf515b7a510e9 flavour=MI built=2026-09-30T08:30:54Z run_start=2026-09-30T08:47:35Z topgun_or_prune_restored_cancelled_total=present
provenance: server sha256=bc0fae31e708885db75dae12c43c5de3129398203b8d36e5e5bdf515b7a510e9 flavour=MI built=2026-09-30T08:30:54Z run_start=2026-09-30T08:47:35Z topgun_or_prune_restored_cancelled_total=present harness sha256=f205d81c653a7cf09fc7a88084cbd183dfdf61443671ba2fbd3db707499c1911 harness_built=2026-09-30T08:40:49Z tombstone_level_ceiling_gate=present
soak binary:   /opt/topgun/target/spec377-H/release/deps/soak_harness-53b4b640053c5766
  built:       2026-09-30T08:40:49Z
server binary: /opt/topgun/target/spec377-MI3-ser/release/topgun-server
  built:       2026-09-30T08:30:54Z

=== spec377 Linux run: cell smi3 (label MI3-ser, flavour MI, phase smoke) ===
  repo HEAD:      03114a764495f29499796d9535f3285af9f9fc1a
  dirty tree:     yes
  host/OS:        Linux topgun-bench 6.1.0-52-amd64 #1 SMP PREEMPT_DYNAMIC Debian 6.1.180-1 (2026-08-03) x86_64 GNU/Linux
  lineage:        chain-built harness + chain-built MI server
  chain start:    1790756015
  data dir:       /opt/topgun/target/spec377-smi3-data
  csv:            /opt/topgun/target/spec377-run/smoke/spec377-smi3.csv
  soak.json:      /opt/topgun/target/spec377-run/smoke/spec377-smi3.soak.json
  mechanism.json: /opt/topgun/target/spec377-run/smoke/spec377-smi3.mechanism.json (harness writes spec377-smi3.soak.mechanism.json; renamed after the run)
  durable.json:   /opt/topgun/target/spec377-run/smoke/spec377-smi3.soak.durable.json (raw basename: NOT renamed, by design)
  progress.jsonl: /opt/topgun/target/spec377-run/smoke/spec377-smi3.progress.jsonl
  console log:    /opt/topgun/target/spec377-run/smoke/spec377-smi3.harness-console.log
  matrix:         /opt/topgun/target/spec377-run/smoke/spec377-smi3.matrix.txt
  soak binary:    /opt/topgun/target/spec377-H/release/deps/soak_harness-53b4b640053c5766
  soak binary commit: 03114a764495f29499796d9535f3285af9f9fc1a (HEAD; the binary itself is identified by its sha256)
  .rs working tree:   CLEAN over '*.rs' Cargo.toml '*/Cargo.toml' Cargo.lock (asserted before the build)
  code freeze:            34007e19
  code freeze diff (.rs): EMPTY over '*.rs' Cargo.toml '*/Cargo.toml' Cargo.lock (asserted before the build)
    built:        2026-09-30T08:40:49Z
  server binary:  /opt/topgun/target/spec377-MI3-ser/release/topgun-server
    built:        2026-09-30T08:30:54Z
    sha256:       bc0fae31e708885db75dae12c43c5de3129398203b8d36e5e5bdf515b7a510e9
  --- varied knobs; everything else is the spec362b-durable.sh long4h
      literal ---
  TOPGUN_EPOCH_WIDTH:  <unset: production default 1000>
  duration:            120s
  csv cadence:         20s
  extra harness flags: <none>
  --durable-reading:   ARMED
  --live-census-interval: 300 (ARMED: the live-copy census)
  --sampler-jitter-seed:  20260831
  SOAK_SERVER_LOG:     warn,topgun_server::tombstone_frontier::removal=info,topgun_server::tombstone_frontier::settlement=info,topgun_server::tombstone_frontier::conjunct=info
  SOAK_SERVER_LOG_PASSTHROUGH: 1
  TOPGUN_PRUNE_RECORD: true
  TOPGUN_LOG_FORMAT:   <unset: human fmt, which is what the origin parser reads>
  server port:         47376
  SOAK_SERVER_BINARY:  /opt/topgun/target/spec377-MI3-ser/release/topgun-server
  --- pinned matrix (identical to spec362b-durable.sh's long4h cell;
      crash-interval is per-cell and is 0 on the one cell this runner
      ships) ---
  churn-clients 6; keyspace 200; or-churn true;
  or-keyspace 48; or-every 5; write-interval-ms 20;
  writes-per-life 200; offline-keys 3;
  confirm-interval 2; crash-interval 0;
  steady-interval 300; quiesce 3;
  mem-sample-interval 5; wal-fsync batched;
  memory gate NEUTRALIZED (1000000/1000000/1000000)
  tombstone gate: level ceiling K=2+ceil(S_A/W) epochs × W × b_max (S_A, b_max measured by the harness; A = TOPGUN_WAL_WATERMARK_STALL_BOUND_MS, not set by this runner); level stability 10 %; slope report-only
  harness sha256: f205d81c653a7cf09fc7a88084cbd183dfdf61443671ba2fbd3db707499c1911
  server flavour: MI
  server code:    SERIES_PIN = 34007e19 (SPEC377_SERVER_COMMIT=34007e19, resolves 34007e197224d4db870ba2c842716316622580de)
  TOPGUN_JOURNAL_ENABLED:        <unset: harness passes true>
  TOPGUN_SOAK_GRACEFUL_SHUTDOWN: <unset: SIGKILL teardown>
  DHAT_OUT:                      <unset>
  --- allocator treatment (items 5 and 6) ---
  build label:                   MI3-ser
  allocator env unset first:     MALLOC_CONF _RJEM_MALLOC_CONF MALLOC_ARENA_MAX MALLOC_ARENA_TEST MALLOC_TOP_PAD_ MALLOC_TRIM_THRESHOLD_ MALLOC_MMAP_THRESHOLD_ MALLOC_MMAP_MAX_ MALLOC_PERTURB_ MALLOC_CHECK_ GLIBC_TUNABLES LD_PRELOAD + every exported MIMALLOC_*
  allocator env expected:        MIMALLOC_VERBOSE=1
  allocator env (runner shell):  MIMALLOC_VERBOSE=1
  allocator literals in binary:  je=0 mi=3
  THP at launch:                 madvise/madvise
  allocator proof:               read from /proc/<pid> at the first sample with elapsed >= 60 s
  post-mortem rows:              counted at the end of the run (item 17)
  --- host (Linux) ---
  os-release:          Debian GNU/Linux 12 (bookworm)
  kernel:              6.1.0-52-amd64
  cpu model:           AMD EPYC-Milan Processor
  nproc:               4
  glibc:               ldd (Debian GLIBC 2.36-9+deb12u14) 2.36
  rustc host:          x86_64-unknown-linux-gnu
  THP enabled:         always [madvise] never
  THP defrag:          always defer defer+madvise [madvise] never
  swapon --show:       empty (no swap)
  vm.overcommit_memory: 0
  vm.max_map_count:    65530
  awk:                 /opt/topgun/target/spec377-awkbin/awk
  awk -version:        awk version 20220912
  memory sampler:      spec376-procmem.sh sha256=d05727f002087cb37fb8abce8f5f935dce11af5e0e0373c873e6a393a8a6f7b4
  memory proc root:    /proc (fixed; procmem_row is called without a root, fixture roots belong to the synthetic suite only)
  /proc/loadavg:       2.10 1.83 1.67 1/129 40964
  /proc/meminfo (first 8 lines):
    MemTotal:       15985096 kB
    MemFree:        10000300 kB
    MemAvailable:   15487980 kB
    Buffers:          121836 kB
    Cached:          5463728 kB
    SwapCached:            0 kB
    Active:          2660736 kB
    Inactive:        2941888 kB

harness pid 40967; follow with: tail -f /opt/topgun/target/spec377-smi3-data.meta/harness-console.log
server ready: pid 40978 (t0 = server-ready)

harness exited with code 0

=== DURABLE-LAYER READING (report-only, decides nothing) ===
reading:           INDETERMINATE_INSTRUMENT
reason:            series rss_kib is indeterminate: retained span 105.3s below the minimum 600.0s
log filter:        warn,topgun_server::tombstone_frontier::removal=info,topgun_server::tombstone_frontier::settlement=info,topgun_server::tombstone_frontier::conjunct=info
  rss_kib            shape=INDETERMINATE envelope=- samples=22 span=105.3s
                     peaks  h1=0 h2=0 q3=0 q4=0 last_half_mean=0
                     floor  h1=0 h2=0 q3=0 q4=0
  redb_bytes         shape=INDETERMINATE envelope=- samples=22 span=107.6s
                     peaks  h1=0 h2=0 q3=0 q4=0 last_half_mean=0
                     floor  h1=0 h2=0 q3=0 q4=0
  wal_bytes          shape=INDETERMINATE envelope=- samples=22 span=107.6s
                     peaks  h1=0 h2=0 q3=0 q4=0 last_half_mean=0
                     floor  h1=0 h2=0 q3=0 q4=0
  wal_segment_files  shape=INDETERMINATE envelope=- samples=22 span=107.6s
                     peaks  h1=0 h2=0 q3=0 q4=0 last_half_mean=0
                     floor  h1=0 h2=0 q3=0 q4=0
writebehind lag:   1794 (observation only) scrapes total=24 read=22 absent=2 unreadable=0 malformed_samples=0 overflowed_samples=0
censuses:          1
  TERMINAL   t=120.3s copy_done=n/a keys=96 undecodable=0 or_map=96 or_tomb=0 lww=0 live=12576 live_tag_bytes=427584 tombstones=288 tombstone_bytes=6048 dups=0 keys_with_tombstones=48 keys_all_dead=0 max_per_key=9
terminal census:   keys=96 tombstone_bytes=6048
origin:            reading=NOT_REACHED_EQUAL_REFS matched=6 unparsed=0 dropped=0 armed=true epochs_exited=5 restarts=0 epochs_scrapes total=24 read=24 absent=0 unreadable=0 malformed_samples=0 overflowed_samples=0
origin reason:     all 6 parsed line(s) returned exactly the refs held at entry
first zero-return: (none)
wrote durable reading to /opt/topgun/target/spec377-run/smoke/spec377-smi3.soak.durable.json
console log: /opt/topgun/target/spec377-run/smoke/spec377-smi3.harness-console.log
mechanism report: /opt/topgun/target/spec377-run/smoke/spec377-smi3.mechanism.json
csv rows: 7
post_mortem_rows=0
csv columns:
  rss_mb         n=7 empty=0 nonzero=7 min=34.234 max=70.961
  wal_mb         n=7 empty=0 nonzero=7 min=0.105 max=1.844
  redb_mb        n=7 empty=0 nonzero=7 min=0.516 max=2.520
  disk_total_mb  n=7 empty=0 nonzero=7 min=0.625 max=4.355
  tombstone_bytes n=7 empty=0 min=0 max=20081
  rss_mb           n=7 empty=0
  fp_equiv_mb      n=7 empty=0
  hwm_rss_mb       n=7 empty=0
  lazyfree_mb      n=7 empty=0
  swap_mb          n=7 empty=0
  file_mb          n=7 empty=0
  anon_mb          n=7 empty=0
  private_dirty_mb n=7 empty=0
  pss_mb           n=7 empty=0
  anon_huge_mb     n=7 empty=0
  smaps_rss_mb     n=7 empty=0
  progress.jsonl: not required -- duration 120s <= steady interval 300s,
                  so the harness reached no checkpoint to snapshot.
  soak.json "walFsync": "batched",
  soak.json "epochWidth": 1000,
  soak.json "crashes": 0,
  soak.json "churnClients": 6,
  soak.json "keyspace": 200,
  soak.json "durationSecsActual": 120,
  mechanism.json "orDeltaFrames": 205,
  mechanism.json "orSnapshotFrames": 0,

post-hoc OLS fits (see the SE caveat in spec349c2-fit.awk):
  units: the field is named slope_mb_per_hour for every column; on the
  tombstone_bytes row the fit is identical but the unit is BYTES/hour.
  col=rss_mb window=full rows_used=7 n=7 skipped_empty=0 t_start_secs=0.0 t_end_secs=120.0 span_secs=120.0 y_first=34.234 y_last=70.961 slope_mb_per_hour=1005.364286 se_mb_per_hour=188.982472 intercept_mb=41.777929 r2=0.849855 sxx_hours2=0.000864198 sse=154.321372429
  col=wal_mb window=full rows_used=7 n=7 skipped_empty=0 t_start_secs=0.0 t_end_secs=120.0 span_secs=120.0 y_first=0.105 y_last=1.832 slope_mb_per_hour=33.634286 se_mb_per_hour=18.802046 intercept_mb=1.008571 r2=0.390246 sxx_hours2=0.000864198 sse=1.527542286
  col=redb_mb window=full rows_used=7 n=7 skipped_empty=0 t_start_secs=0.0 t_end_secs=120.0 span_secs=120.0 y_first=0.516 y_last=2.520 slope_mb_per_hour=59.072143 se_mb_per_hour=4.687411 intercept_mb=0.635607 r2=0.969478 sxx_hours2=0.000864198 sse=0.094939964
  col=disk_total_mb window=full rows_used=7 n=7 skipped_empty=0 t_start_secs=0.0 t_end_secs=120.0 span_secs=120.0 y_first=0.625 y_last=4.355 slope_mb_per_hour=92.860714 se_mb_per_hour=21.602825 intercept_mb=1.641893 r2=0.787030 sxx_hours2=0.000864198 sse=2.016527393
  col=tombstone_bytes window=full rows_used=7 n=7 skipped_empty=0 t_start_secs=0.0 t_end_secs=120.0 span_secs=120.0 y_first=0.000 y_last=6363.000 slope_mb_per_hour=-54199.285714 se_mb_per_hour=245503.820160 intercept_mb=6754.035714 r2=0.009654 sxx_hours2=0.000864198 sse=260435111.107142866
  col=rss_mb window=last_half rows_used=7 n=4 skipped_empty=0 t_start_secs=60.0 t_end_secs=120.0 span_secs=60.0 y_first=65.914 y_last=70.961 slope_mb_per_hour=278.442000 se_mb_per_hour=98.098492 intercept_mb=60.744200 r2=0.801123 sxx_hours2=0.000154321 sse=2.970158700
  col=wal_mb window=last_half rows_used=7 n=4 skipped_empty=0 t_start_secs=60.0 t_end_secs=120.0 span_secs=60.0 y_first=1.840 y_last=1.832 slope_mb_per_hour=-1.422000 se_mb_per_hour=2.285858 intercept_mb=1.861800 r2=0.162125 sxx_hours2=0.000154321 sse=0.001612700
  col=redb_mb window=last_half rows_used=7 n=4 skipped_empty=0 t_start_secs=60.0 t_end_secs=120.0 span_secs=60.0 y_first=1.582 y_last=2.520 slope_mb_per_hour=50.652000 se_mb_per_hour=13.898192 intercept_mb=0.847200 r2=0.869131 sxx_hours2=0.000154321 sse=0.059617200
  col=disk_total_mb window=last_half rows_used=7 n=4 skipped_empty=0 t_start_secs=60.0 t_end_secs=120.0 span_secs=60.0 y_first=3.414 y_last=4.355 slope_mb_per_hour=49.770000 se_mb_per_hour=15.592977 intercept_mb=2.697000 r2=0.835900 sxx_hours2=0.000154321 sse=0.075043500
  col=tombstone_bytes window=last_half rows_used=7 n=4 skipped_empty=0 t_start_secs=60.0 t_end_secs=120.0 span_secs=60.0 y_first=3192.000 y_last=6363.000 slope_mb_per_hour=175770.000000 se_mb_per_hour=30743.741802 intercept_mb=378.000000 r2=0.942342 sxx_hours2=0.000154321 sse=291721.500000000

RESULT: instrument sound; harness exit code 0.
ALLOC_ENV_smi3=MIMALLOC_VERBOSE=1
JE_BG_THREADS_smi3=0
THP_smi3=madvise/madvise
ALLOC_PROOF_AT_smi3=60
BIN_MARKERS_smi3=je=0 mi=3
MI_POSTINIT_LINES_smi3=1
steal_pct=0.0000
post_mortem_mem_reads=0
mem_invariant_violations=0
RUNNER_EXIT=0
