WARNING: artifact dir overridden to /opt/topgun/target/spec377-run/smoke
         A characterization run's artifacts belong in /opt/topgun/packages/server-rust/benches/soak_harness/evidence
         (git-tracked); artifacts written elsewhere are not evidence.
provenance: server sha256=c68301ec1af2b4ff60c65a2db53e9aa0717ce605a0bbcda6efb5d4462e51900e flavour=SYS built=2026-09-30T08:19:10Z run_start=2026-09-30T08:43:30Z topgun_or_prune_restored_cancelled_total=present
provenance: server sha256=c68301ec1af2b4ff60c65a2db53e9aa0717ce605a0bbcda6efb5d4462e51900e flavour=SYS built=2026-09-30T08:19:10Z run_start=2026-09-30T08:43:30Z topgun_or_prune_restored_cancelled_total=present harness sha256=f205d81c653a7cf09fc7a88084cbd183dfdf61443671ba2fbd3db707499c1911 harness_built=2026-09-30T08:40:49Z tombstone_level_ceiling_gate=present
soak binary:   /opt/topgun/target/spec377-H/release/deps/soak_harness-53b4b640053c5766
  built:       2026-09-30T08:40:49Z
server binary: /opt/topgun/target/spec377-SYS-ser/release/topgun-server
  built:       2026-09-30T08:19:10Z

=== spec377 Linux run: cell ssy (label SYS-ser, flavour SYS, phase smoke) ===
  repo HEAD:      03114a764495f29499796d9535f3285af9f9fc1a
  dirty tree:     yes
  host/OS:        Linux topgun-bench 6.1.0-52-amd64 #1 SMP PREEMPT_DYNAMIC Debian 6.1.180-1 (2026-08-03) x86_64 GNU/Linux
  lineage:        chain-built harness + chain-built SYS server
  chain start:    1790756015
  data dir:       /opt/topgun/target/spec377-ssy-data
  csv:            /opt/topgun/target/spec377-run/smoke/spec377-ssy.csv
  soak.json:      /opt/topgun/target/spec377-run/smoke/spec377-ssy.soak.json
  mechanism.json: /opt/topgun/target/spec377-run/smoke/spec377-ssy.mechanism.json (harness writes spec377-ssy.soak.mechanism.json; renamed after the run)
  durable.json:   /opt/topgun/target/spec377-run/smoke/spec377-ssy.soak.durable.json (raw basename: NOT renamed, by design)
  progress.jsonl: /opt/topgun/target/spec377-run/smoke/spec377-ssy.progress.jsonl
  console log:    /opt/topgun/target/spec377-run/smoke/spec377-ssy.harness-console.log
  matrix:         /opt/topgun/target/spec377-run/smoke/spec377-ssy.matrix.txt
  soak binary:    /opt/topgun/target/spec377-H/release/deps/soak_harness-53b4b640053c5766
  soak binary commit: 03114a764495f29499796d9535f3285af9f9fc1a (HEAD; the binary itself is identified by its sha256)
  .rs working tree:   CLEAN over '*.rs' Cargo.toml '*/Cargo.toml' Cargo.lock (asserted before the build)
  code freeze:            34007e19
  code freeze diff (.rs): EMPTY over '*.rs' Cargo.toml '*/Cargo.toml' Cargo.lock (asserted before the build)
    built:        2026-09-30T08:40:49Z
  server binary:  /opt/topgun/target/spec377-SYS-ser/release/topgun-server
    built:        2026-09-30T08:19:10Z
    sha256:       c68301ec1af2b4ff60c65a2db53e9aa0717ce605a0bbcda6efb5d4462e51900e
  --- varied knobs; everything else is the spec362b-durable.sh long4h
      literal ---
  TOPGUN_EPOCH_WIDTH:  <unset: production default 1000>
  duration:            120s
  csv cadence:         20s
  extra harness flags: <none>
  --durable-reading:   ARMED
  --live-census-interval: 300 (ARMED: the live-copy census)
  --sampler-jitter-seed:  20260831
  SOAK_SERVER_LOG:     warn,topgun_server::tombstone_frontier::removal=info,topgun_server::tombstone_frontier::settlement=info,topgun_server::tombstone_frontier::conjunct=info
  SOAK_SERVER_LOG_PASSTHROUGH: 1
  TOPGUN_PRUNE_RECORD: true
  TOPGUN_LOG_FORMAT:   <unset: human fmt, which is what the origin parser reads>
  server port:         47376
  SOAK_SERVER_BINARY:  /opt/topgun/target/spec377-SYS-ser/release/topgun-server
  --- pinned matrix (identical to spec362b-durable.sh's long4h cell;
      crash-interval is per-cell and is 0 on the one cell this runner
      ships) ---
  churn-clients 6; keyspace 200; or-churn true;
  or-keyspace 48; or-every 5; write-interval-ms 20;
  writes-per-life 200; offline-keys 3;
  confirm-interval 2; crash-interval 0;
  steady-interval 300; quiesce 3;
  mem-sample-interval 5; wal-fsync batched;
  memory gate NEUTRALIZED (1000000/1000000/1000000)
  tombstone gate: level ceiling K=2+ceil(S_A/W) epochs × W × b_max (S_A, b_max measured by the harness; A = TOPGUN_WAL_WATERMARK_STALL_BOUND_MS, not set by this runner); level stability 10 %; slope report-only
  harness sha256: f205d81c653a7cf09fc7a88084cbd183dfdf61443671ba2fbd3db707499c1911
  server flavour: SYS
  server code:    SERIES_PIN = 34007e19 (SPEC377_SERVER_COMMIT=34007e19, resolves 34007e197224d4db870ba2c842716316622580de)
  TOPGUN_JOURNAL_ENABLED:        <unset: harness passes true>
  TOPGUN_SOAK_GRACEFUL_SHUTDOWN: <unset: SIGKILL teardown>
  DHAT_OUT:                      <unset>
  --- allocator treatment (items 5 and 6) ---
  build label:                   SYS-ser
  allocator env unset first:     MALLOC_CONF _RJEM_MALLOC_CONF MALLOC_ARENA_MAX MALLOC_ARENA_TEST MALLOC_TOP_PAD_ MALLOC_TRIM_THRESHOLD_ MALLOC_MMAP_THRESHOLD_ MALLOC_MMAP_MAX_ MALLOC_PERTURB_ MALLOC_CHECK_ GLIBC_TUNABLES LD_PRELOAD + every exported MIMALLOC_*
  allocator env expected:        none
  allocator env (runner shell):  none
  allocator literals in binary:  je=0 mi=0
  THP at launch:                 madvise/madvise
  allocator proof:               read from /proc/<pid> at the first sample with elapsed >= 60 s
  post-mortem rows:              counted at the end of the run (item 17)
  --- host (Linux) ---
  os-release:          Debian GNU/Linux 12 (bookworm)
  kernel:              6.1.0-52-amd64
  cpu model:           AMD EPYC-Milan Processor
  nproc:               4
  glibc:               ldd (Debian GLIBC 2.36-9+deb12u14) 2.36
  rustc host:          x86_64-unknown-linux-gnu
  THP enabled:         always [madvise] never
  THP defrag:          always defer defer+madvise [madvise] never
  swapon --show:       empty (no swap)
  vm.overcommit_memory: 0
  vm.max_map_count:    65530
  awk:                 /opt/topgun/target/spec377-awkbin/awk
  awk -version:        awk version 20220912
  memory sampler:      spec376-procmem.sh sha256=d05727f002087cb37fb8abce8f5f935dce11af5e0e0373c873e6a393a8a6f7b4
  memory proc root:    /proc (fixed; procmem_row is called without a root, fixture roots belong to the synthetic suite only)
  /proc/loadavg:       0.30 1.33 1.50 1/128 38285
  /proc/meminfo (first 8 lines):
    MemTotal:       15985096 kB
    MemFree:        10074900 kB
    MemAvailable:   15475852 kB
    Buffers:           60400 kB
    Cached:          5451036 kB
    SwapCached:            0 kB
    Active:          2590740 kB
    Inactive:        2937196 kB

harness pid 38288; follow with: tail -f /opt/topgun/target/spec377-ssy-data.meta/harness-console.log
server ready: pid 38299 (t0 = server-ready)

harness exited with code 0

=== DURABLE-LAYER READING (report-only, decides nothing) ===
reading:           INDETERMINATE_INSTRUMENT
reason:            series rss_kib is indeterminate: retained span 105.3s below the minimum 600.0s
log filter:        warn,topgun_server::tombstone_frontier::removal=info,topgun_server::tombstone_frontier::settlement=info,topgun_server::tombstone_frontier::conjunct=info
  rss_kib            shape=INDETERMINATE envelope=- samples=22 span=105.3s
                     peaks  h1=0 h2=0 q3=0 q4=0 last_half_mean=0
                     floor  h1=0 h2=0 q3=0 q4=0
  redb_bytes         shape=INDETERMINATE envelope=- samples=22 span=107.6s
                     peaks  h1=0 h2=0 q3=0 q4=0 last_half_mean=0
                     floor  h1=0 h2=0 q3=0 q4=0
  wal_bytes          shape=INDETERMINATE envelope=- samples=22 span=107.6s
                     peaks  h1=0 h2=0 q3=0 q4=0 last_half_mean=0
                     floor  h1=0 h2=0 q3=0 q4=0
  wal_segment_files  shape=INDETERMINATE envelope=- samples=22 span=107.6s
                     peaks  h1=0 h2=0 q3=0 q4=0 last_half_mean=0
                     floor  h1=0 h2=0 q3=0 q4=0
writebehind lag:   1763 (observation only) scrapes total=24 read=22 absent=2 unreadable=0 malformed_samples=0 overflowed_samples=0
censuses:          1
  TERMINAL   t=120.3s copy_done=n/a keys=96 undecodable=0 or_map=96 or_tomb=0 lww=0 live=12559 live_tag_bytes=427007 tombstones=281 tombstone_bytes=5901 dups=0 keys_with_tombstones=48 keys_all_dead=0 max_per_key=9
terminal census:   keys=96 tombstone_bytes=5901
origin:            reading=NOT_REACHED_EQUAL_REFS matched=6 unparsed=0 dropped=0 armed=true epochs_exited=5 restarts=0 epochs_scrapes total=24 read=24 absent=0 unreadable=0 malformed_samples=0 overflowed_samples=0
origin reason:     all 6 parsed line(s) returned exactly the refs held at entry
first zero-return: (none)
wrote durable reading to /opt/topgun/target/spec377-run/smoke/spec377-ssy.soak.durable.json
console log: /opt/topgun/target/spec377-run/smoke/spec377-ssy.harness-console.log
mechanism report: /opt/topgun/target/spec377-run/smoke/spec377-ssy.mechanism.json
csv rows: 6
post_mortem_rows=0
csv columns:
  rss_mb         n=6 empty=0 nonzero=6 min=14.484 max=36.527
  wal_mb         n=6 empty=0 nonzero=6 min=0.105 max=1.930
  redb_mb        n=6 empty=0 nonzero=6 min=0.516 max=2.176
  disk_total_mb  n=6 empty=0 nonzero=6 min=0.625 max=4.105
  tombstone_bytes n=6 empty=0 min=0 max=21163
  rss_mb           n=6 empty=0
  fp_equiv_mb      n=6 empty=0
  hwm_rss_mb       n=6 empty=0
  lazyfree_mb      n=6 empty=0
  swap_mb          n=6 empty=0
  file_mb          n=6 empty=0
  anon_mb          n=6 empty=0
  private_dirty_mb n=6 empty=0
  pss_mb           n=6 empty=0
  anon_huge_mb     n=6 empty=0
  smaps_rss_mb     n=6 empty=0
  progress.jsonl: not required -- duration 120s <= steady interval 300s,
                  so the harness reached no checkpoint to snapshot.
  soak.json "walFsync": "batched",
  soak.json "epochWidth": 1000,
  soak.json "crashes": 0,
  soak.json "churnClients": 6,
  soak.json "keyspace": 200,
  soak.json "durationSecsActual": 120,
  mechanism.json "orDeltaFrames": 235,
  mechanism.json "orSnapshotFrames": 0,

post-hoc OLS fits (see the SE caveat in spec349c2-fit.awk):
  units: the field is named slope_mb_per_hour for every column; on the
  tombstone_bytes row the fit is identical but the unit is BYTES/hour.
  col=rss_mb window=full rows_used=6 n=6 skipped_empty=0 t_start_secs=0.0 t_end_secs=100.0 span_secs=100.0 y_first=14.484 y_last=36.527 slope_mb_per_hour=640.537714 se_mb_per_hour=206.554121 intercept_mb=21.038476 r2=0.706241 sxx_hours2=0.000540123 sse=92.176615676
  col=wal_mb window=full rows_used=6 n=6 skipped_empty=0 t_start_secs=0.0 t_end_secs=100.0 span_secs=100.0 y_first=0.105 y_last=1.930 slope_mb_per_hour=47.473714 se_mb_per_hour=25.063495 intercept_mb=0.907143 r2=0.472835 sxx_hours2=0.000540123 sse=1.357176343
  col=redb_mb window=full rows_used=6 n=6 skipped_empty=0 t_start_secs=0.0 t_end_secs=100.0 span_secs=100.0 y_first=0.516 y_last=2.176 slope_mb_per_hour=61.940571 se_mb_per_hour=6.267409 intercept_mb=0.604048 r2=0.960658 sxx_hours2=0.000540123 sse=0.084865105
  col=disk_total_mb window=full rows_used=6 n=6 skipped_empty=0 t_start_secs=0.0 t_end_secs=100.0 span_secs=100.0 y_first=0.625 y_last=4.105 slope_mb_per_hour=109.388571 se_mb_per_hour=28.256723 intercept_mb=1.515048 r2=0.789324 sxx_hours2=0.000540123 sse=1.725029905
  col=tombstone_bytes window=full rows_used=6 n=6 skipped_empty=0 t_start_secs=0.0 t_end_secs=100.0 span_secs=100.0 y_first=0.000 y_last=5838.000 slope_mb_per_hour=-101442.857143 se_mb_per_hour=357073.768074 intercept_mb=7806.095238 r2=0.019778 sxx_hours2=0.000540123 sse=275466583.619047642
  col=rss_mb window=last_half rows_used=6 n=3 skipped_empty=0 t_start_secs=60.0 t_end_secs=100.0 span_secs=40.0 y_first=31.840 y_last=36.527 slope_mb_per_hour=421.830000 se_mb_per_hour=60.535176 intercept_mb=25.003667 r2=0.979822 sxx_hours2=0.000061728 sse=0.226204167
  col=wal_mb window=last_half rows_used=6 n=3 skipped_empty=0 t_start_secs=60.0 t_end_secs=100.0 span_secs=40.0 y_first=1.852 y_last=1.930 slope_mb_per_hour=7.020000 se_mb_per_hour=5.715768 intercept_mb=1.716667 r2=0.601344 sxx_hours2=0.000061728 sse=0.002016667
  col=redb_mb window=last_half rows_used=6 n=3 skipped_empty=0 t_start_secs=60.0 t_end_secs=100.0 span_secs=40.0 y_first=1.551 y_last=2.176 slope_mb_per_hour=56.250000 se_mb_per_hour=32.475953 intercept_mb=0.717667 r2=0.750000 sxx_hours2=0.000061728 sse=0.065104167
  col=disk_total_mb window=last_half rows_used=6 n=3 skipped_empty=0 t_start_secs=60.0 t_end_secs=100.0 span_secs=40.0 y_first=3.406 y_last=4.105 slope_mb_per_hour=62.910000 se_mb_per_hour=27.487646 intercept_mb=2.445667 r2=0.839692 sxx_hours2=0.000061728 sse=0.046640167
  col=tombstone_bytes window=last_half rows_used=6 n=3 skipped_empty=0 t_start_secs=60.0 t_end_secs=100.0 span_secs=40.0 y_first=4116.000 y_last=5838.000 slope_mb_per_hour=154980.000000 se_mb_per_hour=56741.984456 intercept_mb=1351.000000 r2=0.881798 sxx_hours2=0.000061728 sse=198744.000000000

RESULT: instrument sound; harness exit code 0.
ALLOC_ENV_ssy=none
JE_BG_THREADS_ssy=0
THP_ssy=madvise/madvise
ALLOC_PROOF_AT_ssy=60
BIN_MARKERS_ssy=je=0 mi=0
MI_POSTINIT_LINES_ssy=0
steal_pct=0.0000
post_mortem_mem_reads=0
mem_invariant_violations=0
RUNNER_EXIT=0
