WARNING: artifact dir overridden to /opt/topgun/target/spec376-run/smoke
         A characterization run's artifacts belong in /opt/topgun/packages/server-rust/benches/soak_harness/evidence
         (git-tracked); artifacts written elsewhere are not evidence.
provenance: server sha256=774c2e8ed296b937b89c1328ab88ea9b015c43bed15e5057e568656571acaf3f flavour=SYS built=2026-09-29T08:59:19Z run_start=2026-09-29T09:39:00Z topgun_or_prune_restored_cancelled_total=present
provenance: server sha256=774c2e8ed296b937b89c1328ab88ea9b015c43bed15e5057e568656571acaf3f flavour=SYS built=2026-09-29T08:59:19Z run_start=2026-09-29T09:39:00Z topgun_or_prune_restored_cancelled_total=present harness sha256=6cbe3f5dbf94366d03e6d619510bb43b2738093f2e5335cd8a608139ece3c589 harness_built=2026-09-29T09:13:16Z tombstone_level_ceiling_gate=present
soak binary:   /opt/topgun/target/spec376-H/release/deps/soak_harness-53b4b640053c5766
  built:       2026-09-29T09:13:16Z
server binary: /opt/topgun/target/spec376-SYS-cal/release/topgun-server
  built:       2026-09-29T08:59:19Z

=== spec376 Linux run: cell ssy (flavour SYS, phase smoke) ===
  repo HEAD:      cb98bd6f8bd093770489464b7a4910497263f453
  dirty tree:     yes
  host/OS:        Linux topgun-bench 6.1.0-52-amd64 #1 SMP PREEMPT_DYNAMIC Debian 6.1.180-1 (2026-08-03) x86_64 GNU/Linux
  lineage:        chain-built harness + chain-built SYS server
  chain start:    1790669558
  data dir:       /opt/topgun/target/spec376-ssy-data
  csv:            /opt/topgun/target/spec376-run/smoke/spec376-ssy.csv
  soak.json:      /opt/topgun/target/spec376-run/smoke/spec376-ssy.soak.json
  mechanism.json: /opt/topgun/target/spec376-run/smoke/spec376-ssy.mechanism.json (harness writes spec376-ssy.soak.mechanism.json; renamed after the run)
  durable.json:   /opt/topgun/target/spec376-run/smoke/spec376-ssy.soak.durable.json (raw basename: NOT renamed, by design)
  progress.jsonl: /opt/topgun/target/spec376-run/smoke/spec376-ssy.progress.jsonl
  console log:    /opt/topgun/target/spec376-run/smoke/spec376-ssy.harness-console.log
  matrix:         /opt/topgun/target/spec376-run/smoke/spec376-ssy.matrix.txt
  soak binary:    /opt/topgun/target/spec376-H/release/deps/soak_harness-53b4b640053c5766
  soak binary commit: cb98bd6f8bd093770489464b7a4910497263f453 (HEAD; the binary itself is identified by its sha256)
  .rs working tree:   CLEAN (asserted before the build)
  code freeze:            bee21fcd
  code freeze diff (.rs): EMPTY (asserted before the build)
    built:        2026-09-29T09:13:16Z
  server binary:  /opt/topgun/target/spec376-SYS-cal/release/topgun-server
    built:        2026-09-29T08:59:19Z
    sha256:       774c2e8ed296b937b89c1328ab88ea9b015c43bed15e5057e568656571acaf3f
  --- varied knobs; everything else is the spec362b-durable.sh long4h
      literal ---
  TOPGUN_EPOCH_WIDTH:  <unset: production default 1000>
  duration:            120s
  csv cadence:         20s
  extra harness flags: <none>
  --durable-reading:   ARMED
  --live-census-interval: 300 (ARMED: the live-copy census)
  --sampler-jitter-seed:  20260831
  SOAK_SERVER_LOG:     warn,topgun_server::tombstone_frontier::removal=info,topgun_server::tombstone_frontier::settlement=info,topgun_server::tombstone_frontier::conjunct=info
  SOAK_SERVER_LOG_PASSTHROUGH: 1
  TOPGUN_PRUNE_RECORD: true
  TOPGUN_LOG_FORMAT:   <unset: human fmt, which is what the origin parser reads>
  server port:         47376
  SOAK_SERVER_BINARY:  /opt/topgun/target/spec376-SYS-cal/release/topgun-server
  --- pinned matrix (identical to spec362b-durable.sh's long4h cell;
      crash-interval is per-cell and is 0 on the one cell this runner
      ships) ---
  churn-clients 6; keyspace 200; or-churn true;
  or-keyspace 48; or-every 5; write-interval-ms 20;
  writes-per-life 200; offline-keys 3;
  confirm-interval 2; crash-interval 0;
  steady-interval 300; quiesce 3;
  mem-sample-interval 5; wal-fsync batched;
  memory gate NEUTRALIZED (1000000/1000000/1000000)
  tombstone gate: level ceiling K=2+ceil(S_A/W) epochs × W × b_max (S_A, b_max measured by the harness; A = TOPGUN_WAL_WATERMARK_STALL_BOUND_MS, not set by this runner); level stability 10 %; slope report-only
  harness sha256: 6cbe3f5dbf94366d03e6d619510bb43b2738093f2e5335cd8a608139ece3c589
  server flavour: SYS
  server code:    cal = bee21fcd (SPEC376_SERVER_COMMIT=bee21fcd, resolves bee21fcdf5c5b591758a678b070d1c2dc1101a2f)
  TOPGUN_JOURNAL_ENABLED:        <unset: harness passes true>
  TOPGUN_SOAK_GRACEFUL_SHUTDOWN: <unset: SIGKILL teardown>
  DHAT_OUT:                      <unset>
  post-mortem rows:              counted at the end of the run (item 17)
  --- host (Linux) ---
  os-release:          Debian GNU/Linux 12 (bookworm)
  kernel:              6.1.0-52-amd64
  cpu model:           AMD EPYC-Milan Processor
  nproc:               4
  glibc:               ldd (Debian GLIBC 2.36-9+deb12u14) 2.36
  rustc host:          x86_64-unknown-linux-gnu
  THP enabled:         always [madvise] never
  THP defrag:          always defer defer+madvise [madvise] never
  swapon --show:       empty (no swap)
  vm.overcommit_memory: 0
  vm.max_map_count:    65530
  awk:                 /opt/topgun/target/spec376-awkbin/awk
  awk -version:        awk version 20220912
  memory sampler:      spec376-procmem.sh sha256=d05727f002087cb37fb8abce8f5f935dce11af5e0e0373c873e6a393a8a6f7b4
  memory proc root:    /proc (fixed; procmem_row is called without a root, fixture roots belong to the synthetic suite only)
  /proc/loadavg:       2.77 2.48 2.19 1/123 78526
  /proc/meminfo (first 8 lines):
    MemTotal:       15985096 kB
    MemFree:         5959236 kB
    MemAvailable:   15460572 kB
    Buffers:          139404 kB
    Cached:          9279184 kB
    SwapCached:            0 kB
    Active:          4075584 kB
    Inactive:        5360164 kB

harness pid 78529; follow with: tail -f /opt/topgun/target/spec376-ssy-data.meta/harness-console.log
server ready: pid 78538 (t0 = server-ready)

harness exited with code 0

=== DURABLE-LAYER READING (report-only, decides nothing) ===
reading:           INDETERMINATE_INSTRUMENT
reason:            series rss_kib is indeterminate: retained span 105.4s below the minimum 600.0s
log filter:        warn,topgun_server::tombstone_frontier::removal=info,topgun_server::tombstone_frontier::settlement=info,topgun_server::tombstone_frontier::conjunct=info
  rss_kib            shape=INDETERMINATE envelope=- samples=22 span=105.4s
                     peaks  h1=0 h2=0 q3=0 q4=0 last_half_mean=0
                     floor  h1=0 h2=0 q3=0 q4=0
  redb_bytes         shape=INDETERMINATE envelope=- samples=22 span=107.7s
                     peaks  h1=0 h2=0 q3=0 q4=0 last_half_mean=0
                     floor  h1=0 h2=0 q3=0 q4=0
  wal_bytes          shape=INDETERMINATE envelope=- samples=22 span=107.7s
                     peaks  h1=0 h2=0 q3=0 q4=0 last_half_mean=0
                     floor  h1=0 h2=0 q3=0 q4=0
  wal_segment_files  shape=INDETERMINATE envelope=- samples=22 span=107.7s
                     peaks  h1=0 h2=0 q3=0 q4=0 last_half_mean=0
                     floor  h1=0 h2=0 q3=0 q4=0
writebehind lag:   1700 (observation only) scrapes total=24 read=22 absent=2 unreadable=0 malformed_samples=0 overflowed_samples=0
censuses:          1
  TERMINAL   t=120.3s copy_done=n/a keys=96 undecodable=0 or_map=96 or_tomb=0 lww=0 live=12394 live_tag_bytes=421397 tombstones=195 tombstone_bytes=4095 dups=0 keys_with_tombstones=48 keys_all_dead=0 max_per_key=6
terminal census:   keys=96 tombstone_bytes=4095
origin:            reading=NOT_REACHED_EQUAL_REFS matched=6 unparsed=0 dropped=0 armed=true epochs_exited=5 restarts=0 epochs_scrapes total=24 read=24 absent=0 unreadable=0 malformed_samples=0 overflowed_samples=0
origin reason:     all 6 parsed line(s) returned exactly the refs held at entry
first zero-return: (none)
wrote durable reading to /opt/topgun/target/spec376-run/smoke/spec376-ssy.soak.durable.json
console log: /opt/topgun/target/spec376-run/smoke/spec376-ssy.harness-console.log
mechanism report: /opt/topgun/target/spec376-run/smoke/spec376-ssy.mechanism.json
csv rows: 6
post_mortem_rows=0
csv columns:
  rss_mb         n=6 empty=0 nonzero=6 min=14.648 max=36.414
  wal_mb         n=6 empty=0 nonzero=6 min=0.105 max=2.129
  redb_mb        n=6 empty=0 nonzero=6 min=0.516 max=2.176
  disk_total_mb  n=6 empty=0 nonzero=6 min=0.625 max=4.301
  tombstone_bytes n=6 empty=0 min=0 max=21142
  rss_mb           n=6 empty=0
  fp_equiv_mb      n=6 empty=0
  hwm_rss_mb       n=6 empty=0
  lazyfree_mb      n=6 empty=0
  swap_mb          n=6 empty=0
  file_mb          n=6 empty=0
  anon_mb          n=6 empty=0
  private_dirty_mb n=6 empty=0
  pss_mb           n=6 empty=0
  anon_huge_mb     n=6 empty=0
  smaps_rss_mb     n=6 empty=0
  progress.jsonl: not required -- duration 120s <= steady interval 300s,
                  so the harness reached no checkpoint to snapshot.
  soak.json "walFsync": "batched",
  soak.json "epochWidth": 1000,
  soak.json "crashes": 0,
  soak.json "churnClients": 6,
  soak.json "keyspace": 200,
  soak.json "durationSecsActual": 120,
  mechanism.json "orDeltaFrames": 173,
  mechanism.json "orSnapshotFrames": 0,

post-hoc OLS fits (see the SE caveat in spec349c2-fit.awk):
  units: the field is named slope_mb_per_hour for every column; on the
  tombstone_bytes row the fit is identical but the unit is BYTES/hour.
  col=rss_mb window=full rows_used=6 n=6 skipped_empty=0 t_start_secs=0.0 t_end_secs=100.0 span_secs=100.0 y_first=14.648 y_last=36.414 slope_mb_per_hour=657.392389 se_mb_per_hour=184.948297 intercept_mb=20.533782 r2=0.759532 sxx_hours2=0.000541731 sse=74.121521465
  col=wal_mb window=full rows_used=6 n=6 skipped_empty=0 t_start_secs=0.0 t_end_secs=100.0 span_secs=100.0 y_first=0.105 y_last=2.129 slope_mb_per_hour=53.826260 se_mb_per_hour=23.588857 intercept_mb=0.835254 r2=0.565541 sxx_hours2=0.000541731 sse=1.205750481
  col=redb_mb window=full rows_used=6 n=6 skipped_empty=0 t_start_secs=0.0 t_end_secs=100.0 span_secs=100.0 y_first=0.516 y_last=2.176 slope_mb_per_hour=61.759506 se_mb_per_hour=6.429713 intercept_mb=0.605037 r2=0.958447 sxx_hours2=0.000541731 sse=0.089583246
  col=disk_total_mb window=full rows_used=6 n=6 skipped_empty=0 t_start_secs=0.0 t_end_secs=100.0 span_secs=100.0 y_first=0.625 y_last=4.301 slope_mb_per_hour=115.666697 se_mb_per_hour=26.687782 intercept_mb=1.438330 r2=0.824439 sxx_hours2=0.000541731 sse=1.543364841
  col=tombstone_bytes window=full rows_used=6 n=6 skipped_empty=0 t_start_secs=0.0 t_end_secs=100.0 span_secs=100.0 y_first=0.000 y_last=4914.000 slope_mb_per_hour=-126137.419585 se_mb_per_hour=355627.800583 intercept_mb=7979.914967 r2=0.030492 sxx_hours2=0.000541731 sse=274053315.769875407
  col=rss_mb window=last_half rows_used=6 n=3 skipped_empty=0 t_start_secs=61.0 t_end_secs=100.0 span_secs=39.0 y_first=32.102 y_last=36.414 slope_mb_per_hour=397.050657 se_mb_per_hour=66.206542 intercept_mb=25.586555 r2=0.972948 sxx_hours2=0.000058693 sse=0.257271209
  col=wal_mb window=last_half rows_used=6 n=3 skipped_empty=0 t_start_secs=61.0 t_end_secs=100.0 span_secs=39.0 y_first=1.719 y_last=2.129 slope_mb_per_hour=37.896231 se_mb_per_hour=3.382736 intercept_mb=1.066019 r2=0.992095 sxx_hours2=0.000058693 sse=0.000671623
  col=redb_mb window=last_half rows_used=6 n=3 skipped_empty=0 t_start_secs=61.0 t_end_secs=100.0 span_secs=39.0 y_first=1.551 y_last=2.176 slope_mb_per_hour=57.186678 se_mb_per_hour=34.155253 intercept_mb=0.691557 r2=0.737073 sxx_hours2=0.000058693 sse=0.068470640
  col=disk_total_mb window=last_half rows_used=6 n=3 skipped_empty=0 t_start_secs=61.0 t_end_secs=100.0 span_secs=39.0 y_first=3.277 y_last=4.301 slope_mb_per_hour=94.046450 se_mb_per_hour=32.196107 intercept_mb=1.786704 r2=0.895096 sxx_hours2=0.000058693 sse=0.060840968
  col=tombstone_bytes window=last_half rows_used=6 n=3 skipped_empty=0 t_start_secs=61.0 t_end_secs=100.0 span_secs=39.0 y_first=4095.000 y_last=4914.000 slope_mb_per_hour=75765.644172 se_mb_per_hour=11189.260738 intercept_mb=2775.303681 r2=0.978655 sxx_hours2=0.000058693 sse=7348.389570552

RESULT: instrument sound; harness exit code 0.
steal_pct=0.0000
post_mortem_mem_reads=0
mem_invariant_violations=0
RUNNER_EXIT=0
