provenance: server sha256=f205f64a5fedbf264cee7001495642172b7e0e52df7486a316493088d27bd543 flavour=CA built=2026-09-27T19:22:33Z run_start=2026-09-27T19:30:52Z topgun_or_prune_restored_cancelled_total=present
provenance: server sha256=f205f64a5fedbf264cee7001495642172b7e0e52df7486a316493088d27bd543 flavour=CA built=2026-09-27T19:22:33Z run_start=2026-09-27T19:30:52Z topgun_or_prune_restored_cancelled_total=present harness sha256=789d65928feb35dd2260f271676263f80f3eaad8d588881f10c60cc7ee416346 harness_built=2026-09-27T19:29:37Z tombstone_level_ceiling_gate=present
soak binary:   /Users/koristuvac/Projects/topgun/topgun/target/spec373b-h/release/deps/soak_harness-0379469b8a4255d8
  built:       2026-09-27T19:29:37Z
server binary: /Users/koristuvac/Projects/topgun/topgun/target/spec373b-ca-pin/release/topgun-server
  built:       2026-09-27T19:22:33Z

=== spec373b carve 9c part b run: cell b1 (flavour CA) ===
  repo HEAD:      5c8ffe143a2127625ebb82ce836a54fbe0679217
  dirty tree:     yes
  host/OS:        Darwin MacBook-Pro-koristuvac.local 27.0.0 Darwin Kernel Version 27.0.0: Tue Aug 11 21:22:49 PDT 2026; root:xnu-13432.1.9~1/RELEASE_ARM64_T6000 arm64
  lineage:        chain-built harness + chain-built CA server
  chain start:    1790536705
  data dir:       /Users/koristuvac/Projects/topgun/topgun/target/spec373b-b1-data
  csv:            /Users/koristuvac/Projects/topgun/topgun/packages/server-rust/benches/soak_harness/evidence/spec373b-b1.csv
  soak.json:      /Users/koristuvac/Projects/topgun/topgun/packages/server-rust/benches/soak_harness/evidence/spec373b-b1.soak.json
  mechanism.json: /Users/koristuvac/Projects/topgun/topgun/packages/server-rust/benches/soak_harness/evidence/spec373b-b1.mechanism.json (harness writes spec373b-b1.soak.mechanism.json; renamed after the run)
  durable.json:   /Users/koristuvac/Projects/topgun/topgun/packages/server-rust/benches/soak_harness/evidence/spec373b-b1.soak.durable.json (raw basename: NOT renamed, by design)
  progress.jsonl: /Users/koristuvac/Projects/topgun/topgun/packages/server-rust/benches/soak_harness/evidence/spec373b-b1.progress.jsonl
  console log:    /Users/koristuvac/Projects/topgun/topgun/packages/server-rust/benches/soak_harness/evidence/spec373b-b1.harness-console.log
  matrix:         /Users/koristuvac/Projects/topgun/topgun/packages/server-rust/benches/soak_harness/evidence/spec373b-b1.matrix.txt
  soak binary:    /Users/koristuvac/Projects/topgun/topgun/target/spec373b-h/release/deps/soak_harness-0379469b8a4255d8
  soak binary commit: 5c8ffe143a2127625ebb82ce836a54fbe0679217 (HEAD; the binary itself is identified by its sha256)
  .rs working tree:   CLEAN (asserted before the build)
  code freeze:            e85adb1f
  code freeze diff (.rs): EMPTY (asserted before the build)
    built:        2026-09-27T19:29:37Z
  server binary:  /Users/koristuvac/Projects/topgun/topgun/target/spec373b-ca-pin/release/topgun-server
    built:        2026-09-27T19:22:33Z
    sha256:       f205f64a5fedbf264cee7001495642172b7e0e52df7486a316493088d27bd543
  --- varied knobs; everything else is the spec362b-durable.sh long4h
      literal ---
  TOPGUN_EPOCH_WIDTH:  <unset: production default 1000>
  duration:            900s
  csv cadence:         60s
  extra harness flags: <none>
  --durable-reading:   ARMED
  --live-census-interval: 300 (ARMED: the live-copy census)
  --sampler-jitter-seed:  20260831
  SOAK_SERVER_LOG:     warn,topgun_server::tombstone_frontier::removal=info,topgun_server::tombstone_frontier::settlement=info,topgun_server::tombstone_frontier::conjunct=info
  SOAK_SERVER_LOG_PASSTHROUGH: 1
  TOPGUN_PRUNE_RECORD: true
  TOPGUN_LOG_FORMAT:   <unset: human fmt, which is what the origin parser reads>
  server port:         47360
  SOAK_SERVER_BINARY:  /Users/koristuvac/Projects/topgun/topgun/target/spec373b-ca-pin/release/topgun-server
  --- pinned matrix (identical to spec362b-durable.sh's long4h cell;
      crash-interval is per-cell and is 0 on the one cell this runner
      ships) ---
  churn-clients 6; keyspace 200; or-churn true;
  or-keyspace 48; or-every 5; write-interval-ms 20;
  writes-per-life 200; offline-keys 3;
  confirm-interval 2; crash-interval 0;
  steady-interval 300; quiesce 3;
  mem-sample-interval 5; wal-fsync batched;
  memory gate NEUTRALIZED (1000000/1000000/1000000)
  tombstone gate: level ceiling K=2+ceil(S_A/W) epochs × W × b_max (S_A, b_max measured by the harness; A = TOPGUN_WAL_WATERMARK_STALL_BOUND_MS, not set by this runner); level stability 10 %; slope report-only
  harness sha256: 789d65928feb35dd2260f271676263f80f3eaad8d588881f10c60cc7ee416346
  server flavour: CA
  server code:    pin = b166719d (SPEC373B_SERVER_COMMIT=b166719d, resolves b166719d9569c14076f2211139667aabb8f71d6a)
  TOPGUN_JOURNAL_ENABLED:        <unset: harness passes true>
  TOPGUN_SOAK_GRACEFUL_SHUTDOWN: <unset: SIGKILL teardown>
  DHAT_OUT:                      <unset>
  post-mortem rows:              counted at the end of the run (item 17)

harness pid 90974; follow with: tail -f /Users/koristuvac/Projects/topgun/topgun/target/spec373b-b1-data.meta/harness-console.log
server ready: pid 91051 (t0 = server-ready)

harness exited with code 0
reading:           PLATEAU_NOT_MET
reason:            series rss_kib rose and was still rising at the end; firing envelope BOTH
log filter:        warn,topgun_server::tombstone_frontier::removal=info,topgun_server::tombstone_frontier::settlement=info,topgun_server::tombstone_frontier::conjunct=info
  rss_kib            shape=MONOTONE_RISING envelope=BOTH samples=168 span=836.5s
                     peaks  h1=137520 h2=176176 q3=153152 q4=176176 last_half_mean=157538
                     floor  h1=41392 h2=140464 q3=140464 q4=153184
  redb_bytes         shape=MONOTONE_RISING envelope=PEAKS samples=170 span=842.0s
                     peaks  h1=8957952 h2=17379328 q3=8957952 q4=17379328 last_half_mean=11930202
                     floor  h1=1589248 h2=8957952 q3=8957952 q4=8957952
  wal_bytes          shape=LEVELLED envelope=- samples=170 span=842.0s
                     peaks  h1=1636306 h2=1547863 q3=1547863 q4=1540516 last_half_mean=1417239
                     floor  h1=1226710 h2=1196683 q3=1196683 q4=1275980
  wal_segment_files  shape=MONOTONE_RISING envelope=BOTH samples=170 span=842.0s
                     peaks  h1=521 h2=537 q3=525 q4=537 last_half_mean=503
                     floor  h1=424 h2=457 q3=457 q4=482
writebehind lag:   12040 (observation only) scrapes total=180 read=178 absent=2 unreadable=0 malformed_samples=0 overflowed_samples=0
censuses:          3
  LIVE_COPY  t=300.0s copy_done=300.2063s keys=96 undecodable=0 or_map=96 or_tomb=0 lww=0 live=21140 live_tag_bytes=718760 tombstones=1570 tombstone_bytes=32970 dups=0 keys_with_tombstones=48 keys_all_dead=0 max_per_key=40
  LIVE_COPY  t=600.2s copy_done=600.3756s keys=96 undecodable=0 or_map=96 or_tomb=0 lww=0 live=43056 live_tag_bytes=1463904 tombstones=1528 tombstone_bytes=33616 dups=0 keys_with_tombstones=48 keys_all_dead=0 max_per_key=38
  TERMINAL   t=900.3s copy_done=n/a keys=96 undecodable=0 or_map=96 or_tomb=0 lww=0 live=64906 live_tag_bytes=2206804 tombstones=1441 tombstone_bytes=31702 dups=0 keys_with_tombstones=48 keys_all_dead=0 max_per_key=48
terminal census:   keys=96 tombstone_bytes=31702
origin:            reading=NOT_REACHED_EQUAL_REFS matched=32 unparsed=0 dropped=0 armed=true epochs_exited=31 restarts=0 epochs_scrapes total=180 read=180 absent=0 unreadable=0 malformed_samples=0 overflowed_samples=0
origin reason:     all 32 parsed line(s) returned exactly the refs held at entry
first zero-return: (none)
wrote durable reading to /Users/koristuvac/Projects/topgun/topgun/packages/server-rust/benches/soak_harness/evidence/spec373b-b1.soak.durable.json
console log: /Users/koristuvac/Projects/topgun/topgun/packages/server-rust/benches/soak_harness/evidence/spec373b-b1.harness-console.log
mechanism report: /Users/koristuvac/Projects/topgun/topgun/packages/server-rust/benches/soak_harness/evidence/spec373b-b1.mechanism.json
csv rows: 15
post_mortem_rows=0
csv columns:
  rss_mb         n=15 empty=0 nonzero=15 min=15.922 max=167.891
  wal_mb         n=15 empty=0 nonzero=15 min=0.258 max=3.430
  redb_mb        n=15 empty=0 nonzero=15 min=1.516 max=16.574
  disk_total_mb  n=15 empty=0 nonzero=15 min=1.770 max=19.820
  tombstone_bytes n=15 empty=0 min=126 max=44968
  progress.jsonl checkpoints: 2
  soak.json "walFsync": "batched",
  soak.json "epochWidth": 1000,
  soak.json "crashes": 0,
  soak.json "churnClients": 6,
  soak.json "keyspace": 200,
  soak.json "durationSecsActual": 900,
  mechanism.json "orDeltaFrames": 3331,
  mechanism.json "orSnapshotFrames": 0,

post-hoc OLS fits (see the SE caveat in spec349c2-fit.awk):
  units: the field is named slope_mb_per_hour for every column; on the
  tombstone_bytes row the fit is identical but the unit is BYTES/hour.
  col=rss_mb window=full rows_used=15 n=15 skipped_empty=0 t_start_secs=0.0 t_end_secs=840.0 span_secs=840.0 y_first=15.922 y_last=167.891 slope_mb_per_hour=636.741214 se_mb_per_hour=36.182149 intercept_mb=35.496925 r2=0.959715 sxx_hours2=0.077777778 sse=1323.693986596
  col=wal_mb window=full rows_used=15 n=15 skipped_empty=0 t_start_secs=0.0 t_end_secs=840.0 span_secs=840.0 y_first=0.258 y_last=3.246 slope_mb_per_hour=5.382000 se_mb_per_hour=2.398625 intercept_mb=2.340900 r2=0.279162 sxx_hours2=0.077777778 sse=5.817327200
  col=redb_mb window=full rows_used=15 n=15 skipped_empty=0 t_start_secs=0.0 t_end_secs=840.0 span_secs=840.0 y_first=1.516 y_last=16.574 slope_mb_per_hour=57.006214 se_mb_per_hour=6.954900 intercept_mb=0.553675 r2=0.837872 sxx_hours2=0.077777778 sse=48.908080596
  col=disk_total_mb window=full rows_used=15 n=15 skipped_empty=0 t_start_secs=0.0 t_end_secs=840.0 span_secs=840.0 y_first=1.770 y_last=19.820 slope_mb_per_hour=62.389714 se_mb_per_hour=6.818341 intercept_mb=2.893000 r2=0.865602 sxx_hours2=0.077777778 sse=47.006324171
  col=tombstone_bytes window=full rows_used=15 n=15 skipped_empty=0 t_start_secs=0.0 t_end_secs=840.0 span_secs=840.0 y_first=126.000 y_last=41118.000 slope_mb_per_hour=79456.071429 se_mb_per_hour=36449.205466 intercept_mb=21661.725000 r2=0.267689 sxx_hours2=0.077777778 sse=1343306185.510714293
  col=rss_mb window=last_half rows_used=15 n=8 skipped_empty=0 t_start_secs=420.0 t_end_secs=840.0 span_secs=420.0 y_first=119.844 y_last=167.891 slope_mb_per_hour=397.165000 se_mb_per_hour=31.948099 intercept_mb=78.269750 r2=0.962627 sxx_hours2=0.011666667 sse=71.447671583
  col=wal_mb window=last_half rows_used=15 n=8 skipped_empty=0 t_start_secs=420.0 t_end_secs=840.0 span_secs=420.0 y_first=3.191 y_last=3.246 slope_mb_per_hour=0.574286 se_mb_per_hour=0.954869 intercept_mb=3.129500 r2=0.056858 sxx_hours2=0.011666667 sse=0.063824286
  col=redb_mb window=last_half rows_used=15 n=8 skipped_empty=0 t_start_secs=420.0 t_end_secs=840.0 span_secs=420.0 y_first=8.543 y_last=16.574 slope_mb_per_hour=68.837143 se_mb_per_hour=24.337605 intercept_mb=-1.495750 r2=0.571429 sxx_hours2=0.011666667 sse=41.462332071
  col=disk_total_mb window=last_half rows_used=15 n=8 skipped_empty=0 t_start_secs=420.0 t_end_secs=840.0 span_secs=420.0 y_first=11.734 y_last=19.820 slope_mb_per_hour=69.425714 se_mb_per_hour=23.664303 intercept_mb=1.629750 r2=0.589239 sxx_hours2=0.011666667 sse=39.199945119
  col=tombstone_bytes window=last_half rows_used=15 n=8 skipped_empty=0 t_start_secs=420.0 t_end_secs=840.0 span_secs=420.0 y_first=33980.000 y_last=41118.000 slope_mb_per_hour=66301.428571 se_mb_per_hour=87115.555071 intercept_mb=22908.500000 r2=0.088040 sxx_hours2=0.011666667 sse=531238395.476190507

RESULT: instrument sound; harness exit code 0.
RUNNER_EXIT=0
