provenance: server sha256=c68301ec1af2b4ff60c65a2db53e9aa0717ce605a0bbcda6efb5d4462e51900e flavour=SYS built=2026-09-30T08:19:10Z run_start=2026-10-01T09:07:27Z topgun_or_prune_restored_cancelled_total=present
provenance: server sha256=c68301ec1af2b4ff60c65a2db53e9aa0717ce605a0bbcda6efb5d4462e51900e flavour=SYS built=2026-09-30T08:19:10Z run_start=2026-10-01T09:07:27Z topgun_or_prune_restored_cancelled_total=present harness sha256=f205d81c653a7cf09fc7a88084cbd183dfdf61443671ba2fbd3db707499c1911 harness_built=2026-09-30T08:40:49Z tombstone_level_ceiling_gate=present
soak binary:   /opt/topgun/target/spec377-H/release/deps/soak_harness-53b4b640053c5766
  built:       2026-09-30T08:40:49Z
server binary: /opt/topgun/target/spec377-SYS-ser/release/topgun-server
  built:       2026-09-30T08:19:10Z

=== spec377 Linux run: cell s2 (label SYS-ser, flavour SYS, phase series) ===
  repo HEAD:      3fdd929a35dccb16b07c10f47262984c14216980
  dirty tree:     yes
  host/OS:        Linux topgun-bench 6.1.0-52-amd64 #1 SMP PREEMPT_DYNAMIC Debian 6.1.180-1 (2026-08-03) x86_64 GNU/Linux
  lineage:        chain-built harness + chain-built SYS server
  chain start:    1790756015
  data dir:       /opt/topgun/target/spec377-s2-data
  csv:            /opt/topgun/packages/server-rust/benches/soak_harness/evidence/spec377-s2.csv
  soak.json:      /opt/topgun/packages/server-rust/benches/soak_harness/evidence/spec377-s2.soak.json
  mechanism.json: /opt/topgun/packages/server-rust/benches/soak_harness/evidence/spec377-s2.mechanism.json (harness writes spec377-s2.soak.mechanism.json; renamed after the run)
  durable.json:   /opt/topgun/packages/server-rust/benches/soak_harness/evidence/spec377-s2.soak.durable.json (raw basename: NOT renamed, by design)
  progress.jsonl: /opt/topgun/packages/server-rust/benches/soak_harness/evidence/spec377-s2.progress.jsonl
  console log:    /opt/topgun/packages/server-rust/benches/soak_harness/evidence/spec377-s2.harness-console.log
  matrix:         /opt/topgun/packages/server-rust/benches/soak_harness/evidence/spec377-s2.matrix.txt
  soak binary:    /opt/topgun/target/spec377-H/release/deps/soak_harness-53b4b640053c5766
  soak binary commit: 3fdd929a35dccb16b07c10f47262984c14216980 (HEAD; the binary itself is identified by its sha256)
  .rs working tree:   CLEAN over '*.rs' Cargo.toml '*/Cargo.toml' Cargo.lock (asserted before the build)
  code freeze:            34007e19
  code freeze diff (.rs): EMPTY over '*.rs' Cargo.toml '*/Cargo.toml' Cargo.lock (asserted before the build)
    built:        2026-09-30T08:40:49Z
  server binary:  /opt/topgun/target/spec377-SYS-ser/release/topgun-server
    built:        2026-09-30T08:19:10Z
    sha256:       c68301ec1af2b4ff60c65a2db53e9aa0717ce605a0bbcda6efb5d4462e51900e
  --- varied knobs; everything else is the spec362b-durable.sh long4h
      literal ---
  TOPGUN_EPOCH_WIDTH:  <unset: production default 1000>
  duration:            21600s
  csv cadence:         60s
  extra harness flags: <none>
  --durable-reading:   ARMED
  --live-census-interval: 300 (ARMED: the live-copy census)
  --sampler-jitter-seed:  20260831
  SOAK_SERVER_LOG:     warn,topgun_server::tombstone_frontier::removal=info,topgun_server::tombstone_frontier::settlement=info,topgun_server::tombstone_frontier::conjunct=info
  SOAK_SERVER_LOG_PASSTHROUGH: 1
  TOPGUN_PRUNE_RECORD: true
  TOPGUN_LOG_FORMAT:   <unset: human fmt, which is what the origin parser reads>
  server port:         47376
  SOAK_SERVER_BINARY:  /opt/topgun/target/spec377-SYS-ser/release/topgun-server
  --- pinned matrix (identical to spec362b-durable.sh's long4h cell;
      crash-interval is per-cell and is 0 on the one cell this runner
      ships) ---
  churn-clients 6; keyspace 200; or-churn true;
  or-keyspace 48; or-every 5; write-interval-ms 20;
  writes-per-life 200; offline-keys 3;
  confirm-interval 2; crash-interval 0;
  steady-interval 300; quiesce 3;
  mem-sample-interval 5; wal-fsync batched;
  memory gate NEUTRALIZED (1000000/1000000/1000000)
  tombstone gate: level ceiling K=2+ceil(S_A/W) epochs × W × b_max (S_A, b_max measured by the harness; A = TOPGUN_WAL_WATERMARK_STALL_BOUND_MS, not set by this runner); level stability 10 %; slope report-only
  harness sha256: f205d81c653a7cf09fc7a88084cbd183dfdf61443671ba2fbd3db707499c1911
  server flavour: SYS
  server code:    SERIES_PIN = 34007e19 (SPEC377_SERVER_COMMIT=34007e19, resolves 34007e197224d4db870ba2c842716316622580de)
  TOPGUN_JOURNAL_ENABLED:        <unset: harness passes true>
  TOPGUN_SOAK_GRACEFUL_SHUTDOWN: <unset: SIGKILL teardown>
  DHAT_OUT:                      <unset>
  --- allocator treatment (items 5 and 6) ---
  build label:                   SYS-ser
  allocator env unset first:     MALLOC_CONF _RJEM_MALLOC_CONF MALLOC_ARENA_MAX MALLOC_ARENA_TEST MALLOC_TOP_PAD_ MALLOC_TRIM_THRESHOLD_ MALLOC_MMAP_THRESHOLD_ MALLOC_MMAP_MAX_ MALLOC_PERTURB_ MALLOC_CHECK_ GLIBC_TUNABLES LD_PRELOAD + every exported MIMALLOC_*
  allocator env expected:        none
  allocator env (runner shell):  none
  allocator literals in binary:  je=0 mi=0
  THP at launch:                 madvise/madvise
  allocator proof:               read from /proc/<pid> at the first sample with elapsed >= 60 s
  post-mortem rows:              counted at the end of the run (item 17)
  --- host (Linux) ---
  os-release:          Debian GNU/Linux 12 (bookworm)
  kernel:              6.1.0-52-amd64
  cpu model:           AMD EPYC-Milan Processor
  nproc:               4
  glibc:               ldd (Debian GLIBC 2.36-9+deb12u14) 2.36
  rustc host:          x86_64-unknown-linux-gnu
  THP enabled:         always [madvise] never
  THP defrag:          always defer defer+madvise [madvise] never
  swapon --show:       empty (no swap)
  vm.overcommit_memory: 0
  vm.max_map_count:    65530
  awk:                 /opt/topgun/target/spec377-awkbin/awk
  awk -version:        awk version 20220912
  memory sampler:      spec376-procmem.sh sha256=d05727f002087cb37fb8abce8f5f935dce11af5e0e0373c873e6a393a8a6f7b4
  memory proc root:    /proc (fixed; procmem_row is called without a root, fixture roots belong to the synthetic suite only)
  /proc/loadavg:       0.44 1.76 2.31 1/123 705405
  /proc/meminfo (first 8 lines):
    MemTotal:       15985096 kB
    MemFree:         4087964 kB
    MemAvailable:   15286960 kB
    Buffers:          189240 kB
    Cached:          8422676 kB
    SwapCached:            0 kB
    Active:          5599204 kB
    Inactive:        3028392 kB

harness pid 705408; follow with: tail -f /opt/topgun/target/spec377-s2-data.meta/harness-console.log
server ready: pid 705417 (t0 = server-ready)

harness exited with code 0
writebehind lag:   2903 (observation only) scrapes total=4317 read=4315 absent=2 unreadable=0 malformed_samples=0 overflowed_samples=0
censuses:          18
  LIVE_COPY  t=300.0s copy_done=300.0798s keys=96 undecodable=0 or_map=96 or_tomb=0 lww=0 live=31482 live_tag_bytes=1070389 tombstones=742 tombstone_bytes=16324 dups=0 keys_with_tombstones=48 keys_all_dead=0 max_per_key=20
  LIVE_COPY  t=600.1s copy_done=600.1745s keys=96 undecodable=0 or_map=96 or_tomb=0 lww=0 live=62720 live_tag_bytes=2132481 tombstones=358 tombstone_bytes=7876 dups=0 keys_with_tombstones=48 keys_all_dead=0 max_per_key=10
  LIVE_COPY  t=900.2s copy_done=900.2925s keys=96 undecodable=0 or_map=96 or_tomb=0 lww=0 live=93883 live_tag_bytes=3192023 tombstones=943 tombstone_bytes=20746 dups=0 keys_with_tombstones=48 keys_all_dead=0 max_per_key=25
  LIVE_COPY  t=1200.3s copy_done=1200.4773s keys=96 undecodable=0 or_map=96 or_tomb=0 lww=0 live=124954 live_tag_bytes=4248437 tombstones=477 tombstone_bytes=10494 dups=0 keys_with_tombstones=48 keys_all_dead=0 max_per_key=14
  LIVE_COPY  t=1500.5s copy_done=1500.6470s keys=96 undecodable=0 or_map=96 or_tomb=0 lww=0 live=156005 live_tag_bytes=5304171 tombstones=1002 tombstone_bytes=22044 dups=0 keys_with_tombstones=48 keys_all_dead=0 max_per_key=26
  LIVE_COPY  t=1800.6s copy_done=1800.8255s keys=96 undecodable=0 or_map=96 or_tomb=0 lww=0 live=186967 live_tag_bytes=6356879 tombstones=483 tombstone_bytes=10626 dups=0 keys_with_tombstones=48 keys_all_dead=0 max_per_key=14
  LIVE_COPY  t=2100.8s copy_done=2101.0247s keys=96 undecodable=0 or_map=96 or_tomb=0 lww=0 live=217905 live_tag_bytes=7408771 tombstones=953 tombstone_bytes=20966 dups=0 keys_with_tombstones=48 keys_all_dead=0 max_per_key=25
  LIVE_COPY  t=2401.0s copy_done=2401.2929s keys=96 undecodable=0 or_map=96 or_tomb=0 lww=0 live=248716 live_tag_bytes=8456345 tombstones=358 tombstone_bytes=7876 dups=0 keys_with_tombstones=48 keys_all_dead=0 max_per_key=10
  LIVE_COPY  t=2701.3s copy_done=2701.5609s keys=96 undecodable=0 or_map=96 or_tomb=0 lww=0 live=279470 live_tag_bytes=9501981 tombstones=735 tombstone_bytes=16170 dups=0 keys_with_tombstones=48 keys_all_dead=0 max_per_key=19
  LIVE_COPY  t=3001.6s copy_done=3001.8731s keys=96 undecodable=0 or_map=96 or_tomb=0 lww=0 live=310170 live_tag_bytes=10545781 tombstones=1085 tombstone_bytes=24955 dups=0 keys_with_tombstones=48 keys_all_dead=0 max_per_key=28
  LIVE_COPY  t=3301.9s copy_done=3302.1535s keys=96 undecodable=0 or_map=96 or_tomb=0 lww=0 live=340802 live_tag_bytes=11587269 tombstones=401 tombstone_bytes=9223 dups=0 keys_with_tombstones=48 keys_all_dead=0 max_per_key=10
  LIVE_COPY  t=3602.2s copy_done=3602.4476s keys=96 undecodable=0 or_map=96 or_tomb=0 lww=0 live=371348 live_tag_bytes=12625833 tombstones=674 tombstone_bytes=15502 dups=0 keys_with_tombstones=48 keys_all_dead=0 max_per_key=18
  LIVE_COPY  t=3902.4s copy_done=3902.7316s keys=96 undecodable=0 or_map=96 or_tomb=0 lww=0 live=401832 live_tag_bytes=13662289 tombstones=916 tombstone_bytes=21068 dups=0 keys_with_tombstones=48 keys_all_dead=0 max_per_key=24
  LIVE_COPY  t=4202.7s copy_done=4203.0228s keys=96 undecodable=0 or_map=96 or_tomb=0 lww=0 live=432262 live_tag_bytes=14696909 tombstones=131 tombstone_bytes=3013 dups=0 keys_with_tombstones=48 keys_all_dead=0 max_per_key=4
  LIVE_COPY  t=4503.0s copy_done=4503.5010s keys=96 undecodable=0 or_map=96 or_tomb=0 lww=0 live=462612 live_tag_bytes=15728809 tombstones=306 tombstone_bytes=7038 dups=0 keys_with_tombstones=48 keys_all_dead=0 max_per_key=8
  LIVE_COPY  t=4803.5s copy_done=4803.9852s keys=96 undecodable=0 or_map=96 or_tomb=0 lww=0 live=492882 live_tag_bytes=16757989 tombstones=441 tombstone_bytes=10143 dups=0 keys_with_tombstones=48 keys_all_dead=0 max_per_key=12
  LIVE_COPY  t=5104.0s copy_done=5104.4914s keys=96 undecodable=0 or_map=96 or_tomb=0 lww=0 live=523116 live_tag_bytes=17785945 tombstones=558 tombstone_bytes=12834 dups=0 keys_with_tombstones=48 keys_all_dead=0 max_per_key=15
  TERMINAL   t=21602.3s copy_done=n/a keys=96 undecodable=0 or_map=96 or_tomb=0 lww=0 live=2096416 live_tag_bytes=71278145 tombstones=1026 tombstone_bytes=23598 dups=0 keys_with_tombstones=48 keys_all_dead=0 max_per_key=29
terminal census:   keys=96 tombstone_bytes=23598
origin:            reading=NOT_REACHED_EQUAL_REFS matched=1048 unparsed=0 dropped=0 armed=true epochs_exited=1047 restarts=0 epochs_scrapes total=4317 read=4317 absent=0 unreadable=0 malformed_samples=0 overflowed_samples=0
origin reason:     all 1048 parsed line(s) returned exactly the refs held at entry
first zero-return: (none)
wrote durable reading to /opt/topgun/packages/server-rust/benches/soak_harness/evidence/spec377-s2.soak.durable.json
console log: /opt/topgun/packages/server-rust/benches/soak_harness/evidence/spec377-s2.harness-console.log
mechanism report: /opt/topgun/packages/server-rust/benches/soak_harness/evidence/spec377-s2.mechanism.json
csv rows: 361
post_mortem_rows=0
csv columns:
  rss_mb         n=361 empty=0 nonzero=361 min=13.980 max=5199.449
  wal_mb         n=361 empty=0 nonzero=361 min=0.105 max=2.625
  redb_mb        n=361 empty=0 nonzero=361 min=0.516 max=526.766
  disk_total_mb  n=361 empty=0 nonzero=361 min=0.625 max=529.391
  tombstone_bytes n=361 empty=0 min=0 max=27278
  rss_mb           n=361 empty=0
  fp_equiv_mb      n=361 empty=0
  hwm_rss_mb       n=361 empty=0
  lazyfree_mb      n=361 empty=0
  swap_mb          n=361 empty=0
  file_mb          n=361 empty=0
  anon_mb          n=361 empty=0
  private_dirty_mb n=361 empty=0
  pss_mb           n=361 empty=0
  anon_huge_mb     n=361 empty=0
  smaps_rss_mb     n=361 empty=0
  progress.jsonl checkpoints: 71
  soak.json "walFsync": "batched",
  soak.json "epochWidth": 1000,
  soak.json "crashes": 0,
  soak.json "churnClients": 6,
  soak.json "keyspace": 200,
  soak.json "durationSecsActual": 21602,
  mechanism.json "orDeltaFrames": 1035,
  mechanism.json "orSnapshotFrames": 0,

post-hoc OLS fits (see the SE caveat in spec349c2-fit.awk):
  units: the field is named slope_mb_per_hour for every column; on the
  tombstone_bytes row the fit is identical but the unit is BYTES/hour.
  col=rss_mb window=full rows_used=361 n=361 skipped_empty=0 t_start_secs=0.0 t_end_secs=21600.0 span_secs=21600.0 y_first=13.980 y_last=5195.945 slope_mb_per_hour=869.297607 se_mb_per_hour=3.309252 intercept_mb=-153.493308 r2=0.994824 sxx_hours2=1089.016666667 sse=4281427.588255040
  col=wal_mb window=full rows_used=361 n=361 skipped_empty=0 t_start_secs=0.0 t_end_secs=21600.0 span_secs=21600.0 y_first=0.105 y_last=2.301 slope_mb_per_hour=0.074610 se_mb_per_hour=0.004683 intercept_mb=2.090726 r2=0.414247 sxx_hours2=1089.016666667 sse=8.572118560
  col=redb_mb window=full rows_used=361 n=361 skipped_empty=0 t_start_secs=0.0 t_end_secs=21600.0 span_secs=21600.0 y_first=0.516 y_last=526.766 slope_mb_per_hour=89.498702 se_mb_per_hour=1.071197 intercept_mb=-20.646616 r2=0.951087 sxx_hours2=1089.016666667 sse=448608.467630692
  col=disk_total_mb window=full rows_used=361 n=361 skipped_empty=0 t_start_secs=0.0 t_end_secs=21600.0 span_secs=21600.0 y_first=0.625 y_last=529.070 slope_mb_per_hour=89.573461 se_mb_per_hour=1.070679 intercept_mb=-18.552448 r2=0.951210 sxx_hours2=1089.016666667 sse=448174.852275298
  col=tombstone_bytes window=full rows_used=361 n=361 skipped_empty=0 t_start_secs=0.0 t_end_secs=21600.0 span_secs=21600.0 y_first=0.000 y_last=16284.000 slope_mb_per_hour=851.300546 se_mb_per_hour=179.373866 intercept_mb=12414.879524 r2=0.059037 sxx_hours2=1089.016666667 sse=12579034617.726423264
  col=rss_mb window=last_half rows_used=361 n=181 skipped_empty=0 t_start_secs=10800.0 t_end_secs=21600.0 span_secs=10800.0 y_first=2496.023 y_last=5195.945 slope_mb_per_hour=948.344177 se_mb_per_hour=10.624019 intercept_mb=-519.798693 r2=0.978029 sxx_hours2=137.258333333 sse=2773124.818205227
  col=wal_mb window=last_half rows_used=361 n=181 skipped_empty=0 t_start_secs=10800.0 t_end_secs=21600.0 span_secs=10800.0 y_first=2.043 y_last=2.301 slope_mb_per_hour=0.033690 se_mb_per_hour=0.008210 intercept_mb=2.271400 r2=0.085992 sxx_hours2=137.258333333 sse=1.655909448
  col=redb_mb window=last_half rows_used=361 n=181 skipped_empty=0 t_start_secs=10800.0 t_end_secs=21600.0 span_secs=10800.0 y_first=277.820 y_last=526.766 slope_mb_per_hour=106.042503 se_mb_per_hour=3.548176 intercept_mb=-99.477142 r2=0.833054 sxx_hours2=137.258333333 sse=309315.718309356
  col=disk_total_mb window=last_half rows_used=361 n=181 skipped_empty=0 t_start_secs=10800.0 t_end_secs=21600.0 span_secs=10800.0 y_first=279.867 y_last=529.070 slope_mb_per_hour=106.076179 se_mb_per_hour=3.547558 intercept_mb=-97.201441 r2=0.833191 sxx_hours2=137.258333333 sse=309207.996833937
  col=tombstone_bytes window=last_half rows_used=361 n=181 skipped_empty=0 t_start_secs=10800.0 t_end_secs=21600.0 span_secs=10800.0 y_first=20378.000 y_last=16284.000 slope_mb_per_hour=607.732864 se_mb_per_hour=500.121148 intercept_mb=13566.992168 r2=0.008182 sxx_hours2=137.258333333 sse=6145287288.360437393

RESULT: instrument sound; harness exit code 0.
ALLOC_ENV_s2=none
JE_BG_THREADS_s2=0
THP_s2=madvise/madvise
ALLOC_PROOF_AT_s2=60
BIN_MARKERS_s2=je=0 mi=0
MI_POSTINIT_LINES_s2=0
steal_pct=0.0000
post_mortem_mem_reads=0
mem_invariant_violations=0
RUNNER_EXIT=0
