provenance: server sha256=4c4acf9893247c157e71993947f6baf047045ed562765b5ccfa3f3faa82b8d33 flavour=CA built=2026-09-29T08:20:03Z run_start=2026-09-29T09:45:59Z topgun_or_prune_restored_cancelled_total=present
provenance: server sha256=4c4acf9893247c157e71993947f6baf047045ed562765b5ccfa3f3faa82b8d33 flavour=CA built=2026-09-29T08:20:03Z run_start=2026-09-29T09:45:59Z topgun_or_prune_restored_cancelled_total=present harness sha256=6cbe3f5dbf94366d03e6d619510bb43b2738093f2e5335cd8a608139ece3c589 harness_built=2026-09-29T09:13:16Z tombstone_level_ceiling_gate=present
soak binary:   /opt/topgun/target/spec376-H/release/deps/soak_harness-53b4b640053c5766
  built:       2026-09-29T09:13:16Z
server binary: /opt/topgun/target/spec376-CA-cal/release/topgun-server
  built:       2026-09-29T08:20:03Z

=== spec376 Linux run: cell c1 (flavour CA, phase cal) ===
  repo HEAD:      a0168f898f5987a9d7e93896ad86bedeecc241fc
  dirty tree:     yes
  host/OS:        Linux topgun-bench 6.1.0-52-amd64 #1 SMP PREEMPT_DYNAMIC Debian 6.1.180-1 (2026-08-03) x86_64 GNU/Linux
  lineage:        chain-built harness + chain-built CA server
  chain start:    1790669558
  data dir:       /opt/topgun/target/spec376-c1-data
  csv:            /opt/topgun/packages/server-rust/benches/soak_harness/evidence/spec376-c1.csv
  soak.json:      /opt/topgun/packages/server-rust/benches/soak_harness/evidence/spec376-c1.soak.json
  mechanism.json: /opt/topgun/packages/server-rust/benches/soak_harness/evidence/spec376-c1.mechanism.json (harness writes spec376-c1.soak.mechanism.json; renamed after the run)
  durable.json:   /opt/topgun/packages/server-rust/benches/soak_harness/evidence/spec376-c1.soak.durable.json (raw basename: NOT renamed, by design)
  progress.jsonl: /opt/topgun/packages/server-rust/benches/soak_harness/evidence/spec376-c1.progress.jsonl
  console log:    /opt/topgun/packages/server-rust/benches/soak_harness/evidence/spec376-c1.harness-console.log
  matrix:         /opt/topgun/packages/server-rust/benches/soak_harness/evidence/spec376-c1.matrix.txt
  soak binary:    /opt/topgun/target/spec376-H/release/deps/soak_harness-53b4b640053c5766
  soak binary commit: a0168f898f5987a9d7e93896ad86bedeecc241fc (HEAD; the binary itself is identified by its sha256)
  .rs working tree:   CLEAN (asserted before the build)
  code freeze:            bee21fcd
  code freeze diff (.rs): EMPTY (asserted before the build)
    built:        2026-09-29T09:13:16Z
  server binary:  /opt/topgun/target/spec376-CA-cal/release/topgun-server
    built:        2026-09-29T08:20:03Z
    sha256:       4c4acf9893247c157e71993947f6baf047045ed562765b5ccfa3f3faa82b8d33
  --- varied knobs; everything else is the spec362b-durable.sh long4h
      literal ---
  TOPGUN_EPOCH_WIDTH:  <unset: production default 1000>
  duration:            900s
  csv cadence:         60s
  extra harness flags: <none>
  --durable-reading:   ARMED
  --live-census-interval: 300 (ARMED: the live-copy census)
  --sampler-jitter-seed:  20260831
  SOAK_SERVER_LOG:     warn,topgun_server::tombstone_frontier::removal=info,topgun_server::tombstone_frontier::settlement=info,topgun_server::tombstone_frontier::conjunct=info
  SOAK_SERVER_LOG_PASSTHROUGH: 1
  TOPGUN_PRUNE_RECORD: true
  TOPGUN_LOG_FORMAT:   <unset: human fmt, which is what the origin parser reads>
  server port:         47376
  SOAK_SERVER_BINARY:  /opt/topgun/target/spec376-CA-cal/release/topgun-server
  --- pinned matrix (identical to spec362b-durable.sh's long4h cell;
      crash-interval is per-cell and is 0 on the one cell this runner
      ships) ---
  churn-clients 6; keyspace 200; or-churn true;
  or-keyspace 48; or-every 5; write-interval-ms 20;
  writes-per-life 200; offline-keys 3;
  confirm-interval 2; crash-interval 0;
  steady-interval 300; quiesce 3;
  mem-sample-interval 5; wal-fsync batched;
  memory gate NEUTRALIZED (1000000/1000000/1000000)
  tombstone gate: level ceiling K=2+ceil(S_A/W) epochs × W × b_max (S_A, b_max measured by the harness; A = TOPGUN_WAL_WATERMARK_STALL_BOUND_MS, not set by this runner); level stability 10 %; slope report-only
  harness sha256: 6cbe3f5dbf94366d03e6d619510bb43b2738093f2e5335cd8a608139ece3c589
  server flavour: CA
  server code:    cal = bee21fcd (SPEC376_SERVER_COMMIT=bee21fcd, resolves bee21fcdf5c5b591758a678b070d1c2dc1101a2f)
  TOPGUN_JOURNAL_ENABLED:        <unset: harness passes true>
  TOPGUN_SOAK_GRACEFUL_SHUTDOWN: <unset: SIGKILL teardown>
  DHAT_OUT:                      <unset>
  post-mortem rows:              counted at the end of the run (item 17)
  --- host (Linux) ---
  os-release:          Debian GNU/Linux 12 (bookworm)
  kernel:              6.1.0-52-amd64
  cpu model:           AMD EPYC-Milan Processor
  nproc:               4
  glibc:               ldd (Debian GLIBC 2.36-9+deb12u14) 2.36
  rustc host:          x86_64-unknown-linux-gnu
  THP enabled:         always [madvise] never
  THP defrag:          always defer defer+madvise [madvise] never
  swapon --show:       empty (no swap)
  vm.overcommit_memory: 0
  vm.max_map_count:    65530
  awk:                 /opt/topgun/target/spec376-awkbin/awk
  awk -version:        awk version 20220912
  memory sampler:      spec376-procmem.sh sha256=d05727f002087cb37fb8abce8f5f935dce11af5e0e0373c873e6a393a8a6f7b4
  memory proc root:    /proc (fixed; procmem_row is called without a root, fixture roots belong to the synthetic suite only)
  /proc/loadavg:       0.22 1.48 1.90 1/129 93772
  /proc/meminfo (first 8 lines):
    MemTotal:       15985096 kB
    MemFree:         5916120 kB
    MemAvailable:   15461268 kB
    Buffers:          141620 kB
    Cached:          9304864 kB
    SwapCached:            0 kB
    Active:          4098516 kB
    Inactive:        5366144 kB

harness pid 93775; follow with: tail -f /opt/topgun/target/spec376-c1-data.meta/harness-console.log
server ready: pid 93786 (t0 = server-ready)

harness exited with code 0
reading:           PLATEAU_NOT_MET
reason:            series rss_kib rose and was still rising at the end; firing envelope BOTH
log filter:        warn,topgun_server::tombstone_frontier::removal=info,topgun_server::tombstone_frontier::settlement=info,topgun_server::tombstone_frontier::conjunct=info
  rss_kib            shape=MONOTONE_RISING envelope=BOTH samples=168 span=838.0s
                     peaks  h1=81352 h2=164340 q3=125616 q4=164340 last_half_mean=125387
                     floor  h1=32808 h2=81212 q3=81212 q4=122904
  redb_bytes         shape=MONOTONE_RISING envelope=FLOOR samples=170 span=841.0s
                     peaks  h1=8957952 h2=17379328 q3=17379328 q4=17379328 last_half_mean=16388577
                     floor  h1=2641920 h2=8957952 q3=8957952 q4=17379328
  wal_bytes          shape=LEVELLED envelope=- samples=170 span=841.0s
                     peaks  h1=313736 h2=306589 q3=306589 q4=282736 last_half_mean=154248
                     floor  h1=98444 h2=68501 q3=68501 q4=109489
  wal_segment_files  shape=RISING_DECELERATING envelope=- samples=170 span=841.0s
                     peaks  h1=454 h2=448 q3=447 q4=448 last_half_mean=405
                     floor  h1=277 h2=359 q3=366 q4=359
writebehind lag:   2119 (observation only) scrapes total=180 read=178 absent=2 unreadable=0 malformed_samples=0 overflowed_samples=0
censuses:          3
  LIVE_COPY  t=300.0s copy_done=300.0836s keys=96 undecodable=0 or_map=96 or_tomb=0 lww=0 live=31070 live_tag_bytes=1056382 tombstones=535 tombstone_bytes=11770 dups=0 keys_with_tombstones=48 keys_all_dead=0 max_per_key=15
  LIVE_COPY  t=600.1s copy_done=600.2171s keys=96 undecodable=0 or_map=96 or_tomb=0 lww=0 live=61723 live_tag_bytes=2098584 tombstones=861 tombstone_bytes=18942 dups=0 keys_with_tombstones=48 keys_all_dead=0 max_per_key=24
  TERMINAL   t=900.4s copy_done=n/a keys=96 undecodable=0 or_map=96 or_tomb=0 lww=0 live=92523 live_tag_bytes=3145784 tombstones=261 tombstone_bytes=5742 dups=0 keys_with_tombstones=48 keys_all_dead=0 max_per_key=9
terminal census:   keys=96 tombstone_bytes=5742
origin:            reading=NOT_REACHED_EQUAL_REFS matched=46 unparsed=0 dropped=0 armed=true epochs_exited=46 restarts=0 epochs_scrapes total=180 read=180 absent=0 unreadable=0 malformed_samples=0 overflowed_samples=0
origin reason:     all 46 parsed line(s) returned exactly the refs held at entry
first zero-return: (none)
wrote durable reading to /opt/topgun/packages/server-rust/benches/soak_harness/evidence/spec376-c1.soak.durable.json
console log: /opt/topgun/packages/server-rust/benches/soak_harness/evidence/spec376-c1.harness-console.log
mechanism report: /opt/topgun/packages/server-rust/benches/soak_harness/evidence/spec376-c1.mechanism.json
csv rows: 16
post_mortem_rows=0
csv columns:
  rss_mb         n=16 empty=0 nonzero=16 min=15.262 max=157.133
  wal_mb         n=16 empty=0 nonzero=16 min=0.125 max=2.387
  redb_mb        n=16 empty=0 nonzero=16 min=0.516 max=16.078
  disk_total_mb  n=16 empty=0 nonzero=16 min=0.645 max=18.461
  tombstone_bytes n=16 empty=0 min=72 max=22022
  rss_mb           n=16 empty=0
  fp_equiv_mb      n=16 empty=0
  hwm_rss_mb       n=16 empty=0
  lazyfree_mb      n=16 empty=0
  swap_mb          n=16 empty=0
  file_mb          n=16 empty=0
  anon_mb          n=16 empty=0
  private_dirty_mb n=16 empty=0
  pss_mb           n=16 empty=0
  anon_huge_mb     n=16 empty=0
  smaps_rss_mb     n=16 empty=0
  progress.jsonl checkpoints: 2
  soak.json "walFsync": "batched",
  soak.json "epochWidth": 1000,
  soak.json "crashes": 0,
  soak.json "churnClients": 6,
  soak.json "keyspace": 200,
  soak.json "durationSecsActual": 900,
  mechanism.json "orDeltaFrames": 436,
  mechanism.json "orSnapshotFrames": 0,

post-hoc OLS fits (see the SE caveat in spec349c2-fit.awk):
  units: the field is named slope_mb_per_hour for every column; on the
  tombstone_bytes row the fit is identical but the unit is BYTES/hour.
  col=rss_mb window=full rows_used=16 n=16 skipped_empty=0 t_start_secs=0.0 t_end_secs=900.0 span_secs=900.0 y_first=15.262 y_last=157.133 slope_mb_per_hour=554.303912 se_mb_per_hour=19.654373 intercept_mb=16.634324 r2=0.982703 sxx_hours2=0.094444444 sse=510.766987437
  col=wal_mb window=full rows_used=16 n=16 skipped_empty=0 t_start_secs=0.0 t_end_secs=900.0 span_secs=900.0 y_first=0.125 y_last=2.387 slope_mb_per_hour=3.690265 se_mb_per_hour=1.488835 intercept_mb=1.477654 r2=0.304990 sxx_hours2=0.094444444 sse=2.930875431
  col=redb_mb window=full rows_used=16 n=16 skipped_empty=0 t_start_secs=0.0 t_end_secs=900.0 span_secs=900.0 y_first=0.516 y_last=16.078 slope_mb_per_hour=63.603529 se_mb_per_hour=3.931051 intercept_mb=0.769309 r2=0.949236 sxx_hours2=0.094444444 sse=20.432509824
  col=disk_total_mb window=full rows_used=16 n=16 skipped_empty=0 t_start_secs=0.0 t_end_secs=900.0 span_secs=900.0 y_first=0.645 y_last=18.461 slope_mb_per_hour=67.235118 se_mb_per_hour=4.004662 intercept_mb=2.247485 r2=0.952683 sxx_hours2=0.094444444 sse=21.204893276
  col=tombstone_bytes window=full rows_used=16 n=16 skipped_empty=0 t_start_secs=0.0 t_end_secs=900.0 span_secs=900.0 y_first=72.000 y_last=7502.000 slope_mb_per_hour=40954.147059 se_mb_per_hour=18908.061832 intercept_mb=6417.919118 r2=0.250992 sxx_hours2=0.094444444 sse=472714016.313235283
  col=rss_mb window=last_half rows_used=16 n=8 skipped_empty=0 t_start_secs=480.0 t_end_secs=900.0 span_secs=420.0 y_first=79.445 y_last=157.133 slope_mb_per_hour=696.641429 se_mb_per_hour=48.619910 intercept_mb=-11.695940 r2=0.971604 sxx_hours2=0.011666667 sse=165.472697976
  col=wal_mb window=last_half rows_used=16 n=8 skipped_empty=0 t_start_secs=480.0 t_end_secs=900.0 span_secs=420.0 y_first=2.371 y_last=2.387 slope_mb_per_hour=0.320714 se_mb_per_hour=1.642741 intercept_mb=2.082905 r2=0.006312 sxx_hours2=0.011666667 sse=0.188901869
  col=redb_mb window=last_half rows_used=16 n=8 skipped_empty=0 t_start_secs=480.0 t_end_secs=900.0 span_secs=420.0 y_first=8.297 y_last=16.078 slope_mb_per_hour=43.012143 se_mb_per_hour=13.144385 intercept_mb=4.955131 r2=0.640887 sxx_hours2=0.011666667 sse=12.094239155
  col=disk_total_mb window=last_half rows_used=16 n=8 skipped_empty=0 t_start_secs=480.0 t_end_secs=900.0 span_secs=420.0 y_first=10.672 y_last=18.461 slope_mb_per_hour=43.750000 se_mb_per_hour=12.167915 intercept_mb=6.944583 r2=0.683006 sxx_hours2=0.011666667 sse=10.364070833
  col=tombstone_bytes window=last_half rows_used=16 n=8 skipped_empty=0 t_start_secs=480.0 t_end_secs=900.0 span_secs=420.0 y_first=15906.000 y_last=7502.000 slope_mb_per_hour=-103777.142857 se_mb_per_hour=44229.295060 intercept_mb=34861.619048 r2=0.478503 sxx_hours2=0.011666667 sse=136936137.904761881

RESULT: instrument sound; harness exit code 0.
steal_pct=0.0000
post_mortem_mem_reads=0
mem_invariant_violations=0
RUNNER_EXIT=0
