provenance: server sha256=bf40ad79be4fec32aeb04d4b56bb48c2a2743d80fb537ec21bd36ada49f3579c flavour=CA built=2026-09-24T19:28:25Z run_start=2026-09-24T20:17:44Z topgun_or_prune_restored_cancelled_total=present
provenance: server sha256=bf40ad79be4fec32aeb04d4b56bb48c2a2743d80fb537ec21bd36ada49f3579c flavour=CA built=2026-09-24T19:28:25Z run_start=2026-09-24T20:17:44Z topgun_or_prune_restored_cancelled_total=present harness sha256=991a100a28218d70798a8104ced642b3192c37b30da1b87dddfcbcdbb2f1b895 harness_built=2026-09-24T19:31:24Z tombstone_level_ceiling_gate=present
soak binary:   /Users/koristuvac/Projects/topgun/topgun/target/spec373a-h/release/deps/soak_harness-0379469b8a4255d8
  built:       2026-09-24T19:31:24Z
server binary: /Users/koristuvac/Projects/topgun/topgun/target/spec373a-ca-head/release/topgun-server
  built:       2026-09-24T19:28:25Z

=== spec373a carve 9c part a run: cell a2 (flavour CA) ===
  repo HEAD:      639adc1c00b5211750ffe23b380b7f21635d8e9e
  dirty tree:     yes
  host/OS:        Darwin MacBook-Pro-koristuvac.local 27.0.0 Darwin Kernel Version 27.0.0: Tue Aug 11 21:22:49 PDT 2026; root:xnu-13432.1.9~1/RELEASE_ARM64_T6000 arm64
  lineage:        chain-built harness + chain-built CA server
  chain start:    1790277608
  data dir:       /Users/koristuvac/Projects/topgun/topgun/target/spec373a-a2-data
  csv:            /Users/koristuvac/Projects/topgun/topgun/packages/server-rust/benches/soak_harness/evidence/spec373a-a2.csv
  soak.json:      /Users/koristuvac/Projects/topgun/topgun/packages/server-rust/benches/soak_harness/evidence/spec373a-a2.soak.json
  mechanism.json: /Users/koristuvac/Projects/topgun/topgun/packages/server-rust/benches/soak_harness/evidence/spec373a-a2.mechanism.json (harness writes spec373a-a2.soak.mechanism.json; renamed after the run)
  durable.json:   /Users/koristuvac/Projects/topgun/topgun/packages/server-rust/benches/soak_harness/evidence/spec373a-a2.soak.durable.json (raw basename: NOT renamed, by design)
  progress.jsonl: /Users/koristuvac/Projects/topgun/topgun/packages/server-rust/benches/soak_harness/evidence/spec373a-a2.progress.jsonl
  console log:    /Users/koristuvac/Projects/topgun/topgun/packages/server-rust/benches/soak_harness/evidence/spec373a-a2.harness-console.log
  matrix:         /Users/koristuvac/Projects/topgun/topgun/packages/server-rust/benches/soak_harness/evidence/spec373a-a2.matrix.txt
  soak binary:    /Users/koristuvac/Projects/topgun/topgun/target/spec373a-h/release/deps/soak_harness-0379469b8a4255d8
  soak binary commit: 639adc1c00b5211750ffe23b380b7f21635d8e9e (HEAD; the binary itself is identified by its sha256)
  .rs working tree:   CLEAN (asserted before the build)
  code freeze:            4998d884
  code freeze diff (.rs): EMPTY (asserted before the build)
    built:        2026-09-24T19:31:24Z
  server binary:  /Users/koristuvac/Projects/topgun/topgun/target/spec373a-ca-head/release/topgun-server
    built:        2026-09-24T19:28:25Z
    sha256:       bf40ad79be4fec32aeb04d4b56bb48c2a2743d80fb537ec21bd36ada49f3579c
  --- varied knobs; everything else is the spec362b-durable.sh long4h
      literal ---
  TOPGUN_EPOCH_WIDTH:  <unset: production default 1000>
  duration:            900s
  csv cadence:         60s
  extra harness flags: <none>
  --durable-reading:   ARMED
  --live-census-interval: 300 (ARMED: the live-copy census)
  --sampler-jitter-seed:  20260831
  SOAK_SERVER_LOG:     warn,topgun_server::tombstone_frontier::removal=info,topgun_server::tombstone_frontier::settlement=info,topgun_server::tombstone_frontier::conjunct=info
  SOAK_SERVER_LOG_PASSTHROUGH: 1
  TOPGUN_PRUNE_RECORD: true
  TOPGUN_LOG_FORMAT:   <unset: human fmt, which is what the origin parser reads>
  server port:         47359
  SOAK_SERVER_BINARY:  /Users/koristuvac/Projects/topgun/topgun/target/spec373a-ca-head/release/topgun-server
  --- pinned matrix (identical to spec362b-durable.sh's long4h cell;
      crash-interval is per-cell and is 0 on the one cell this runner
      ships) ---
  churn-clients 6; keyspace 200; or-churn true;
  or-keyspace 48; or-every 5; write-interval-ms 20;
  writes-per-life 200; offline-keys 3;
  confirm-interval 2; crash-interval 0;
  steady-interval 300; quiesce 3;
  mem-sample-interval 5; wal-fsync batched;
  memory gate NEUTRALIZED (1000000/1000000/1000000)
  tombstone gate: level ceiling K=2+ceil(S_A/W) epochs × W × b_max (S_A, b_max measured by the harness; A = TOPGUN_WAL_WATERMARK_STALL_BOUND_MS, not set by this runner); level stability 10 %; slope report-only
  harness sha256: 991a100a28218d70798a8104ced642b3192c37b30da1b87dddfcbcdbb2f1b895
  server flavour: CA
  server code:    freeze = 4998d884 (SPEC373A_SERVER_COMMIT=4998d884, resolves 4998d884d2a5abc14a64627e09cbf9810d3c6040)
  TOPGUN_JOURNAL_ENABLED:        <unset: harness passes true>
  TOPGUN_SOAK_GRACEFUL_SHUTDOWN: <unset: SIGKILL teardown>
  DHAT_OUT:                      <unset>
  post-mortem rows:              counted at the end of the run (item 17)

harness pid 97145; follow with: tail -f /Users/koristuvac/Projects/topgun/topgun/target/spec373a-a2-data.meta/harness-console.log
server ready: pid 97150 (t0 = server-ready)

harness exited with code 0
reading:           PLATEAU_NOT_MET
reason:            series rss_kib rose and was still rising at the end; firing envelope BOTH
log filter:        warn,topgun_server::tombstone_frontier::removal=info,topgun_server::tombstone_frontier::settlement=info,topgun_server::tombstone_frontier::conjunct=info
  rss_kib            shape=MONOTONE_RISING envelope=BOTH samples=168 span=836.5s
                     peaks  h1=136864 h2=190656 q3=164512 q4=190656 last_half_mean=167346
                     floor  h1=42608 h2=137440 q3=137440 q4=164512
  redb_bytes         shape=MONOTONE_RISING envelope=PEAKS samples=170 span=842.2s
                     peaks  h1=8957952 h2=17379328 q3=8957952 q4=17379328 last_half_mean=11335752
                     floor  h1=1589248 h2=8957952 q3=8957952 q4=8957952
  wal_bytes          shape=MONOTONE_RISING envelope=BOTH samples=170 span=842.2s
                     peaks  h1=1580316 h2=1627723 q3=1584104 q4=1627723 last_half_mean=1425638
                     floor  h1=1066324 h2=1115153 q3=1115153 q4=1281518
  wal_segment_files  shape=MONOTONE_RISING envelope=FLOOR samples=170 span=842.2s
                     peaks  h1=524 h2=539 q3=539 q4=534 last_half_mean=509
                     floor  h1=433 h2=485 q3=485 q4=491
writebehind lag:   12248 (observation only) scrapes total=180 read=178 absent=2 unreadable=0 malformed_samples=0 overflowed_samples=0
censuses:          3
  LIVE_COPY  t=300.0s copy_done=300.1688s keys=96 undecodable=0 or_map=96 or_tomb=0 lww=0 live=20208 live_tag_bytes=687072 tombstones=1447 tombstone_bytes=30387 dups=0 keys_with_tombstones=48 keys_all_dead=0 max_per_key=36
  LIVE_COPY  t=600.2s copy_done=600.3463s keys=96 undecodable=0 or_map=96 or_tomb=0 lww=0 live=41111 live_tag_bytes=1397774 tombstones=1724 tombstone_bytes=37928 dups=0 keys_with_tombstones=48 keys_all_dead=0 max_per_key=44
  TERMINAL   t=900.3s copy_done=n/a keys=96 undecodable=0 or_map=96 or_tomb=0 lww=0 live=61818 live_tag_bytes=2101812 tombstones=1789 tombstone_bytes=39358 dups=0 keys_with_tombstones=48 keys_all_dead=0 max_per_key=50
terminal census:   keys=96 tombstone_bytes=39358
origin:            reading=NOT_REACHED_EQUAL_REFS matched=30 unparsed=0 dropped=0 armed=true epochs_exited=30 restarts=0 epochs_scrapes total=180 read=180 absent=0 unreadable=0 malformed_samples=0 overflowed_samples=0
origin reason:     all 30 parsed line(s) returned exactly the refs held at entry
first zero-return: (none)
wrote durable reading to /Users/koristuvac/Projects/topgun/topgun/packages/server-rust/benches/soak_harness/evidence/spec373a-a2.soak.durable.json
console log: /Users/koristuvac/Projects/topgun/topgun/packages/server-rust/benches/soak_harness/evidence/spec373a-a2.harness-console.log
mechanism report: /Users/koristuvac/Projects/topgun/topgun/packages/server-rust/benches/soak_harness/evidence/spec373a-a2.mechanism.json
csv rows: 15
post_mortem_rows=0
csv columns:
  rss_mb         n=15 empty=0 nonzero=15 min=3.484 max=184.422
  wal_mb         n=15 empty=0 nonzero=14 min=0.000 max=3.469
  redb_mb        n=15 empty=0 nonzero=14 min=0.000 max=16.574
  disk_total_mb  n=15 empty=0 nonzero=14 min=0.000 max=19.973
  tombstone_bytes n=14 empty=1 min=21296 max=41910
  progress.jsonl checkpoints: 2
  soak.json "walFsync": "batched",
  soak.json "epochWidth": 1000,
  soak.json "crashes": 0,
  soak.json "churnClients": 6,
  soak.json "keyspace": 200,
  soak.json "durationSecsActual": 900,
  mechanism.json "orDeltaFrames": 4192,
  mechanism.json "orSnapshotFrames": 0,

post-hoc OLS fits (see the SE caveat in spec349c2-fit.awk):
  units: the field is named slope_mb_per_hour for every column; on the
  tombstone_bytes row the fit is identical but the unit is BYTES/hour.
  col=rss_mb window=full rows_used=15 n=15 skipped_empty=0 t_start_secs=0.0 t_end_secs=840.0 span_secs=840.0 y_first=3.484 y_last=184.422 slope_mb_per_hour=705.303214 se_mb_per_hour=39.012511 intercept_mb=30.564692 r2=0.961747 sxx_hours2=0.077777778 sse=1538.886854130
  col=wal_mb window=full rows_used=15 n=15 skipped_empty=0 t_start_secs=0.0 t_end_secs=840.0 span_secs=840.0 y_first=0.000 y_last=3.395 slope_mb_per_hour=5.551500 se_mb_per_hour=2.734677 intercept_mb=2.372658 r2=0.240701 sxx_hours2=0.077777778 sse=7.561554158
  col=redb_mb window=full rows_used=15 n=15 skipped_empty=0 t_start_secs=0.0 t_end_secs=840.0 span_secs=840.0 y_first=0.000 y_last=16.574 slope_mb_per_hour=61.000500 se_mb_per_hour=6.725910 intercept_mb=-0.147192 r2=0.863525 sxx_hours2=0.077777778 sse=45.740510158
  col=disk_total_mb window=full rows_used=15 n=15 skipped_empty=0 t_start_secs=0.0 t_end_secs=840.0 span_secs=840.0 y_first=0.000 y_last=19.973 slope_mb_per_hour=66.560143 se_mb_per_hour=7.178580 intercept_mb=2.224583 r2=0.868648 sxx_hours2=0.077777778 sse=52.104587376
  col=tombstone_bytes window=full rows_used=14 n=14 skipped_empty=1 t_start_secs=60.0 t_end_secs=840.0 span_secs=780.0 y_first=23496.000 y_last=33462.000 slope_mb_per_hour=17537.802198 se_mb_per_hour=23910.757053 intercept_mb=28220.989011 r2=0.042908 sxx_hours2=0.063194444 sse=433557596.329670310
  col=rss_mb window=last_half rows_used=15 n=8 skipped_empty=0 t_start_secs=420.0 t_end_secs=840.0 span_secs=420.0 y_first=123.938 y_last=184.422 slope_mb_per_hour=476.671429 se_mb_per_hour=31.622379 intercept_mb=71.289500 r2=0.974273 sxx_hours2=0.011666667 sse=69.998238476
  col=wal_mb window=last_half rows_used=15 n=8 skipped_empty=0 t_start_secs=420.0 t_end_secs=840.0 span_secs=420.0 y_first=3.227 y_last=3.395 slope_mb_per_hour=0.859286 se_mb_per_hour=0.740565 intercept_mb=3.117750 r2=0.183265 sxx_hours2=0.011666667 sse=0.038390536
  col=redb_mb window=last_half rows_used=15 n=8 skipped_empty=0 t_start_secs=420.0 t_end_secs=840.0 span_secs=420.0 y_first=8.543 y_last=16.574 slope_mb_per_hour=68.837143 se_mb_per_hour=24.337605 intercept_mb=-1.495750 r2=0.571429 sxx_hours2=0.011666667 sse=41.462332071
  col=disk_total_mb window=last_half rows_used=15 n=8 skipped_empty=0 t_start_secs=420.0 t_end_secs=840.0 span_secs=420.0 y_first=11.770 y_last=19.973 slope_mb_per_hour=69.727857 se_mb_per_hour=24.530903 intercept_mb=1.617000 r2=0.573849 sxx_hours2=0.011666667 sse=42.123565155
  col=tombstone_bytes window=last_half rows_used=14 n=7 skipped_empty=1 t_start_secs=480.0 t_end_secs=840.0 span_secs=360.0 y_first=33594.000 y_last=33462.000 slope_mb_per_hour=75240.000000 se_mb_per_hour=83086.313321 intercept_mb=16028.571429 r2=0.140900 sxx_hours2=0.007777778 sse=268463045.714285672

RESULT: instrument sound; harness exit code 0.
RUNNER_EXIT=0
