--- cell j1a at 2026-09-22T12:01:59Z
HOST uptime: 15:01  up 17:07, 1 user, load averages: 15.27 10.44 7.90
HOST memory_pressure: System-wide memory free percentage: 77%
HOST vm_stat: Mach Virtual Memory Statistics: (page size of 16384 bytes)
HOST vm_stat: Pages free:                                    48610.
HOST vm_stat: Pages active:                                 750825.
HOST vm_stat: Pages inactive:                               778429.
HOST vm_stat: Pages speculative:                               374.
HOST vm_stat: Pages throttled:                                   0.
HOST vm_stat: Pages wired down:                             167191.
HOST vm_stat: Pages purgeable:                               45269.
HOST therm: Note: No thermal warning level has been recorded
HOST therm: Note: No performance warning level has been recorded
HOST therm: Note: No CPU power status has been recorded
provenance: server sha256=fa60f730ad3dca92afaf5684942cd451a08c9672529034f15ad2451861c36dec flavour=JE built=2026-09-22T11:34:34Z run_start=2026-09-22T12:01:59Z topgun_or_prune_restored_cancelled_total=present
provenance: server sha256=fa60f730ad3dca92afaf5684942cd451a08c9672529034f15ad2451861c36dec flavour=JE built=2026-09-22T11:34:34Z run_start=2026-09-22T12:01:59Z topgun_or_prune_restored_cancelled_total=present harness sha256=ed0769d00ec582a033f152fa77aa74798df338440cb5ed16a4a773ec09fbe74d harness_built=2026-09-22T11:45:42Z tombstone_level_ceiling_gate=present
soak binary:   /Users/koristuvac/Projects/topgun/topgun/target/spec372-h/release/deps/soak_harness-0379469b8a4255d8
  built:       2026-09-22T11:45:42Z
server binary: /Users/koristuvac/Projects/topgun/topgun/target/spec372-je/release/topgun-server
  built:       2026-09-22T11:34:34Z

=== spec372 allocator-evaluation run: cell j1a (flavour JE) ===
  repo HEAD:      e92fa9774e66457336b278d065f5ff32aa160353
  dirty tree:     yes
  host/OS:        Darwin MacBookPro 27.0.0 Darwin Kernel Version 27.0.0: Tue Aug 11 21:22:49 PDT 2026; root:xnu-13432.1.9~1/RELEASE_ARM64_T6000 arm64
  lineage:        chain-built harness + chain-built JE server
  chain start:    1790076374
  data dir:       /Users/koristuvac/Projects/topgun/topgun/target/spec372-j1a-data
  csv:            /Users/koristuvac/Projects/topgun/topgun/packages/server-rust/benches/soak_harness/evidence/spec372-j1a.csv
  soak.json:      /Users/koristuvac/Projects/topgun/topgun/packages/server-rust/benches/soak_harness/evidence/spec372-j1a.soak.json
  mechanism.json: /Users/koristuvac/Projects/topgun/topgun/packages/server-rust/benches/soak_harness/evidence/spec372-j1a.mechanism.json (harness writes spec372-j1a.soak.mechanism.json; renamed after the run)
  durable.json:   /Users/koristuvac/Projects/topgun/topgun/packages/server-rust/benches/soak_harness/evidence/spec372-j1a.soak.durable.json (raw basename: NOT renamed, by design)
  progress.jsonl: /Users/koristuvac/Projects/topgun/topgun/packages/server-rust/benches/soak_harness/evidence/spec372-j1a.progress.jsonl
  console log:    /Users/koristuvac/Projects/topgun/topgun/packages/server-rust/benches/soak_harness/evidence/spec372-j1a.harness-console.log
  matrix:         /Users/koristuvac/Projects/topgun/topgun/packages/server-rust/benches/soak_harness/evidence/spec372-j1a.matrix.txt
  soak binary:    /Users/koristuvac/Projects/topgun/topgun/target/spec372-h/release/deps/soak_harness-0379469b8a4255d8
  soak binary commit: e92fa9774e66457336b278d065f5ff32aa160353 (HEAD; the binary itself is identified by its sha256)
  .rs working tree:   CLEAN (asserted before the build)
  code freeze:            08cdef2f
  code freeze diff (.rs): EMPTY (asserted before the build)
    built:        2026-09-22T11:45:42Z
  server binary:  /Users/koristuvac/Projects/topgun/topgun/target/spec372-je/release/topgun-server
    built:        2026-09-22T11:34:34Z
    sha256:       fa60f730ad3dca92afaf5684942cd451a08c9672529034f15ad2451861c36dec
  --- varied knobs; everything else is the spec362b-durable.sh long4h
      literal ---
  TOPGUN_EPOCH_WIDTH:  <unset: production default 1000>
  duration:            900s
  csv cadence:         60s
  extra harness flags: <none>
  --durable-reading:   ARMED
  --live-census-interval: 300 (ARMED: the live-copy census)
  --sampler-jitter-seed:  20260831
  SOAK_SERVER_LOG:     warn,topgun_server::tombstone_frontier::removal=info,topgun_server::tombstone_frontier::settlement=info,topgun_server::tombstone_frontier::conjunct=info
  SOAK_SERVER_LOG_PASSTHROUGH: 1
  TOPGUN_PRUNE_RECORD: true
  TOPGUN_LOG_FORMAT:   <unset: human fmt, which is what the origin parser reads>
  server port:         47358
  SOAK_SERVER_BINARY:  /Users/koristuvac/Projects/topgun/topgun/target/spec372-je/release/topgun-server
  --- pinned matrix (identical to spec362b-durable.sh's long4h cell;
      crash-interval is per-cell and is 0 on the one cell this runner
      ships) ---
  churn-clients 6; keyspace 200; or-churn true;
  or-keyspace 48; or-every 5; write-interval-ms 20;
  writes-per-life 200; offline-keys 3;
  confirm-interval 2; crash-interval 0;
  steady-interval 300; quiesce 3;
  mem-sample-interval 5; wal-fsync batched;
  memory gate NEUTRALIZED (1000000/1000000/1000000)
  tombstone gate: level ceiling K=2+ceil(S_A/W) epochs × W × b_max (S_A, b_max measured by the harness; A = TOPGUN_WAL_WATERMARK_STALL_BOUND_MS, not set by this runner); level stability 10 %; slope report-only
  harness sha256: ed0769d00ec582a033f152fa77aa74798df338440cb5ed16a4a773ec09fbe74d
  server flavour: JE
  TOPGUN_JOURNAL_ENABLED:        <unset: harness passes true>
  TOPGUN_SOAK_GRACEFUL_SHUTDOWN: <unset: SIGKILL teardown>
  DHAT_OUT:                      <unset>
  post-mortem rows:              counted at the end of the run (item 17)

harness pid 16507; follow with: tail -f /Users/koristuvac/Projects/topgun/topgun/target/spec372-j1a-data.meta/harness-console.log
server ready: pid 16512 (t0 = server-ready)

harness exited with code 0
reading:           PLATEAU_NOT_MET
reason:            series rss_kib rose and was still rising at the end; firing envelope BOTH
log filter:        warn,topgun_server::tombstone_frontier::removal=info,topgun_server::tombstone_frontier::settlement=info,topgun_server::tombstone_frontier::conjunct=info
  rss_kib            shape=MONOTONE_RISING envelope=BOTH samples=168 span=837.8s
                     peaks  h1=124864 h2=191376 q3=149456 q4=191376 last_half_mean=153472
                     floor  h1=51088 h2=120624 q3=120624 q4=143520
  redb_bytes         shape=MONOTONE_RISING envelope=PEAKS samples=170 span=842.6s
                     peaks  h1=8957952 h2=17379328 q3=8957952 q4=17379328 last_half_mean=10939452
                     floor  h1=1589248 h2=8957952 q3=8957952 q4=8957952
  wal_bytes          shape=MONOTONE_RISING envelope=BOTH samples=170 span=842.6s
                     peaks  h1=1583364 h2=1624346 q3=1614739 q4=1624346 last_half_mean=1470613
                     floor  h1=1223196 h2=1247856 q3=1247856 q4=1373926
  wal_segment_files  shape=MONOTONE_RISING envelope=BOTH samples=170 span=842.6s
                     peaks  h1=502 h2=539 q3=524 q4=539 last_half_mean=507
                     floor  h1=431 h2=485 q3=485 q4=497
writebehind lag:   12130 (observation only) scrapes total=180 read=178 absent=2 unreadable=0 malformed_samples=0 overflowed_samples=0
censuses:          3
  LIVE_COPY  t=300.0s copy_done=300.1703s keys=96 undecodable=0 or_map=96 or_tomb=0 lww=0 live=19201 live_tag_bytes=652834 tombstones=1584 tombstone_bytes=33264 dups=0 keys_with_tombstones=48 keys_all_dead=0 max_per_key=40
  LIVE_COPY  t=600.2s copy_done=600.3897s keys=96 undecodable=0 or_map=96 or_tomb=0 lww=0 live=39595 live_tag_bytes=1346230 tombstones=1719 tombstone_bytes=37818 dups=0 keys_with_tombstones=48 keys_all_dead=0 max_per_key=49
  TERMINAL   t=900.4s copy_done=n/a keys=96 undecodable=0 or_map=96 or_tomb=0 lww=0 live=60709 live_tag_bytes=2064106 tombstones=1653 tombstone_bytes=36366 dups=0 keys_with_tombstones=48 keys_all_dead=0 max_per_key=45
terminal census:   keys=96 tombstone_bytes=36366
origin:            reading=NOT_REACHED_EQUAL_REFS matched=30 unparsed=0 dropped=0 armed=true epochs_exited=30 restarts=0 epochs_scrapes total=180 read=180 absent=0 unreadable=0 malformed_samples=0 overflowed_samples=0
origin reason:     all 30 parsed line(s) returned exactly the refs held at entry
first zero-return: (none)
wrote durable reading to /Users/koristuvac/Projects/topgun/topgun/packages/server-rust/benches/soak_harness/evidence/spec372-j1a.soak.durable.json
console log: /Users/koristuvac/Projects/topgun/topgun/packages/server-rust/benches/soak_harness/evidence/spec372-j1a.harness-console.log
mechanism report: /Users/koristuvac/Projects/topgun/topgun/packages/server-rust/benches/soak_harness/evidence/spec372-j1a.mechanism.json
csv rows: 16
post_mortem_rows=0
csv columns:
  rss_mb         n=16 empty=0 nonzero=16 min=0.031 max=186.797
  wal_mb         n=16 empty=0 nonzero=15 min=0.000 max=3.504
  redb_mb        n=16 empty=0 nonzero=15 min=0.000 max=16.574
  disk_total_mb  n=16 empty=0 nonzero=15 min=0.000 max=19.965
  tombstone_bytes n=15 empty=1 min=19008 max=45591
  progress.jsonl checkpoints: 2
  soak.json "walFsync": "batched",
  soak.json "epochWidth": 1000,
  soak.json "crashes": 0,
  soak.json "churnClients": 6,
  soak.json "keyspace": 200,
  soak.json "durationSecsActual": 900,
  mechanism.json "orDeltaFrames": 3585,
  mechanism.json "orSnapshotFrames": 0,

post-hoc OLS fits (see the SE caveat in spec349c2-fit.awk):
  units: the field is named slope_mb_per_hour for every column; on the
  tombstone_bytes row the fit is identical but the unit is BYTES/hour.
  col=rss_mb window=full rows_used=16 n=16 skipped_empty=0 t_start_secs=0.0 t_end_secs=900.0 span_secs=900.0 y_first=0.031 y_last=186.797 slope_mb_per_hour=637.084235 se_mb_per_hour=30.759104 intercept_mb=29.151721 r2=0.968397 sxx_hours2=0.094444444 sse=1250.984185306
  col=wal_mb window=full rows_used=16 n=16 skipped_empty=0 t_start_secs=0.0 t_end_secs=900.0 span_secs=900.0 y_first=0.000 y_last=3.359 slope_mb_per_hour=5.937441 se_mb_per_hour=2.335283 intercept_mb=2.336632 r2=0.315881 sxx_hours2=0.094444444 sse=7.210800819
  col=redb_mb window=full rows_used=16 n=16 skipped_empty=0 t_start_secs=0.0 t_end_secs=900.0 span_secs=900.0 y_first=0.000 y_last=16.574 slope_mb_per_hour=55.152706 se_mb_per_hour=6.161339 intercept_mb=0.173787 r2=0.851266 sxx_hours2=0.094444444 sse=50.194334503
  col=disk_total_mb window=full rows_used=16 n=16 skipped_empty=0 t_start_secs=0.0 t_end_secs=900.0 span_secs=900.0 y_first=0.000 y_last=19.934 slope_mb_per_hour=61.108941 se_mb_per_hour=6.588527 intercept_mb=2.508507 r2=0.860037 sxx_hours2=0.094444444 sse=57.395924644
  col=tombstone_bytes window=full rows_used=15 n=15 skipped_empty=1 t_start_secs=60.0 t_end_secs=900.0 span_secs=840.0 y_first=41027.000 y_last=19008.000 slope_mb_per_hour=-31139.785714 se_mb_per_hour=26192.178817 intercept_mb=37093.638095 r2=0.098066 sxx_hours2=0.077777778 sse=693652789.329761982
  col=rss_mb window=last_half rows_used=16 n=8 skipped_empty=0 t_start_secs=480.0 t_end_secs=900.0 span_secs=420.0 y_first=118.016 y_last=186.797 slope_mb_per_hour=604.128571 se_mb_per_hour=42.691829 intercept_mb=34.165940 r2=0.970909 sxx_hours2=0.011666667 sse=127.581457976
  col=wal_mb window=last_half rows_used=16 n=8 skipped_empty=0 t_start_secs=480.0 t_end_secs=900.0 span_secs=420.0 y_first=3.418 y_last=3.359 slope_mb_per_hour=-0.804286 se_mb_per_hour=0.372762 intercept_mb=3.575905 r2=0.436905 sxx_hours2=0.011666667 sse=0.009726619
  col=redb_mb window=last_half rows_used=16 n=8 skipped_empty=0 t_start_secs=480.0 t_end_secs=900.0 span_secs=420.0 y_first=8.543 y_last=16.574 slope_mb_per_hour=68.837143 se_mb_per_hour=24.337605 intercept_mb=-2.643036 r2=0.571429 sxx_hours2=0.011666667 sse=41.462332071
  col=disk_total_mb window=last_half rows_used=16 n=8 skipped_empty=0 t_start_secs=480.0 t_end_secs=900.0 span_secs=420.0 y_first=11.961 y_last=19.934 slope_mb_per_hour=68.043571 se_mb_per_hour=24.258519 intercept_mb=0.932940 r2=0.567339 sxx_hours2=0.011666667 sse=41.193301726
  col=tombstone_bytes window=last_half rows_used=15 n=8 skipped_empty=1 t_start_secs=480.0 t_end_secs=900.0 span_secs=420.0 y_first=30118.000 y_last=19008.000 slope_mb_per_hour=-30108.571429 se_mb_per_hour=54251.684961 intercept_mb=37423.309524 r2=0.048827 sxx_hours2=0.011666667 sse=206027172.476190507

RESULT: instrument sound; harness exit code 0.
RUNNER_EXIT=0
