--- cell a2j at 2026-09-23T03:43:57Z
HOST uptime:  6:43  up 1 day,  8:49, 1 user, load averages: 3.61 3.99 3.88
HOST memory_pressure: System-wide memory free percentage: 83%
HOST vm_stat: Mach Virtual Memory Statistics: (page size of 16384 bytes)
HOST vm_stat: Pages free:                                   562058.
HOST vm_stat: Pages active:                                 537099.
HOST vm_stat: Pages inactive:                               591591.
HOST vm_stat: Pages speculative:                             13755.
HOST vm_stat: Pages throttled:                                   0.
HOST vm_stat: Pages wired down:                             125784.
HOST vm_stat: Pages purgeable:                                6212.
HOST therm: Note: No thermal warning level has been recorded
HOST therm: Note: No performance warning level has been recorded
HOST therm: Note: No CPU power status has been recorded
provenance: server sha256=fa60f730ad3dca92afaf5684942cd451a08c9672529034f15ad2451861c36dec flavour=JE built=2026-09-22T15:35:04Z run_start=2026-09-23T03:43:57Z topgun_or_prune_restored_cancelled_total=present
provenance: server sha256=fa60f730ad3dca92afaf5684942cd451a08c9672529034f15ad2451861c36dec flavour=JE built=2026-09-22T15:35:04Z run_start=2026-09-23T03:43:57Z topgun_or_prune_restored_cancelled_total=present harness sha256=ed0769d00ec582a033f152fa77aa74798df338440cb5ed16a4a773ec09fbe74d harness_built=2026-09-22T15:42:27Z tombstone_level_ceiling_gate=present
soak binary:   /Users/koristuvac/Projects/topgun/topgun/target/spec372-h/release/deps/soak_harness-0379469b8a4255d8
  built:       2026-09-22T15:42:27Z
server binary: /Users/koristuvac/Projects/topgun/topgun/target/spec372-je/release/topgun-server
  built:       2026-09-22T15:35:04Z

=== spec372 allocator-evaluation run: cell a2j (flavour JE) ===
  repo HEAD:      2f81851b9fc5aabb34a5e6e03594214639688859
  dirty tree:     yes
  host/OS:        Darwin MacBookPro 27.0.0 Darwin Kernel Version 27.0.0: Tue Aug 11 21:22:49 PDT 2026; root:xnu-13432.1.9~1/RELEASE_ARM64_T6000 arm64
  lineage:        chain-built harness + chain-built JE server
  chain start:    1790090781
  data dir:       /Users/koristuvac/Projects/topgun/topgun/target/spec372-a2j-data
  csv:            /Users/koristuvac/Projects/topgun/topgun/packages/server-rust/benches/soak_harness/evidence/spec372-a2j.csv
  soak.json:      /Users/koristuvac/Projects/topgun/topgun/packages/server-rust/benches/soak_harness/evidence/spec372-a2j.soak.json
  mechanism.json: /Users/koristuvac/Projects/topgun/topgun/packages/server-rust/benches/soak_harness/evidence/spec372-a2j.mechanism.json (harness writes spec372-a2j.soak.mechanism.json; renamed after the run)
  durable.json:   /Users/koristuvac/Projects/topgun/topgun/packages/server-rust/benches/soak_harness/evidence/spec372-a2j.soak.durable.json (raw basename: NOT renamed, by design)
  progress.jsonl: /Users/koristuvac/Projects/topgun/topgun/packages/server-rust/benches/soak_harness/evidence/spec372-a2j.progress.jsonl
  console log:    /Users/koristuvac/Projects/topgun/topgun/packages/server-rust/benches/soak_harness/evidence/spec372-a2j.harness-console.log
  matrix:         /Users/koristuvac/Projects/topgun/topgun/packages/server-rust/benches/soak_harness/evidence/spec372-a2j.matrix.txt
  soak binary:    /Users/koristuvac/Projects/topgun/topgun/target/spec372-h/release/deps/soak_harness-0379469b8a4255d8
  soak binary commit: 2f81851b9fc5aabb34a5e6e03594214639688859 (HEAD; the binary itself is identified by its sha256)
  .rs working tree:   CLEAN (asserted before the build)
  code freeze:            08cdef2f
  code freeze diff (.rs): EMPTY (asserted before the build)
    built:        2026-09-22T15:42:27Z
  server binary:  /Users/koristuvac/Projects/topgun/topgun/target/spec372-je/release/topgun-server
    built:        2026-09-22T15:35:04Z
    sha256:       fa60f730ad3dca92afaf5684942cd451a08c9672529034f15ad2451861c36dec
  --- varied knobs; everything else is the spec362b-durable.sh long4h
      literal ---
  TOPGUN_EPOCH_WIDTH:  <unset: production default 1000>
  duration:            900s
  csv cadence:         60s
  extra harness flags: <none>
  --durable-reading:   ARMED
  --live-census-interval: 300 (ARMED: the live-copy census)
  --sampler-jitter-seed:  20260831
  SOAK_SERVER_LOG:     warn,topgun_server::tombstone_frontier::removal=info,topgun_server::tombstone_frontier::settlement=info,topgun_server::tombstone_frontier::conjunct=info
  SOAK_SERVER_LOG_PASSTHROUGH: 1
  TOPGUN_PRUNE_RECORD: true
  TOPGUN_LOG_FORMAT:   <unset: human fmt, which is what the origin parser reads>
  server port:         47358
  SOAK_SERVER_BINARY:  /Users/koristuvac/Projects/topgun/topgun/target/spec372-je/release/topgun-server
  --- pinned matrix (identical to spec362b-durable.sh's long4h cell;
      crash-interval is per-cell and is 0 on the one cell this runner
      ships) ---
  churn-clients 6; keyspace 200; or-churn true;
  or-keyspace 48; or-every 5; write-interval-ms 20;
  writes-per-life 200; offline-keys 3;
  confirm-interval 2; crash-interval 0;
  steady-interval 300; quiesce 3;
  mem-sample-interval 5; wal-fsync batched;
  memory gate NEUTRALIZED (1000000/1000000/1000000)
  tombstone gate: level ceiling K=2+ceil(S_A/W) epochs × W × b_max (S_A, b_max measured by the harness; A = TOPGUN_WAL_WATERMARK_STALL_BOUND_MS, not set by this runner); level stability 10 %; slope report-only
  harness sha256: ed0769d00ec582a033f152fa77aa74798df338440cb5ed16a4a773ec09fbe74d
  server flavour: JE
  TOPGUN_JOURNAL_ENABLED:        false
  TOPGUN_SOAK_GRACEFUL_SHUTDOWN: <unset: SIGKILL teardown>
  DHAT_OUT:                      <unset>
  post-mortem rows:              counted at the end of the run (item 17)

harness pid 78493; follow with: tail -f /Users/koristuvac/Projects/topgun/topgun/target/spec372-a2j-data.meta/harness-console.log
server ready: pid 78498 (t0 = server-ready)

harness exited with code 0
reading:           PLATEAU_NOT_MET
reason:            series rss_kib rose and was still rising at the end; firing envelope BOTH
log filter:        warn,topgun_server::tombstone_frontier::removal=info,topgun_server::tombstone_frontier::settlement=info,topgun_server::tombstone_frontier::conjunct=info
  rss_kib            shape=MONOTONE_RISING envelope=BOTH samples=168 span=836.5s
                     peaks  h1=113600 h2=189712 q3=150688 q4=189712 last_half_mean=149949
                     floor  h1=45648 h2=111520 q3=111520 q4=145008
  redb_bytes         shape=MONOTONE_RISING envelope=PEAKS samples=170 span=842.0s
                     peaks  h1=8957952 h2=17379328 q3=8957952 q4=17379328 last_half_mean=11831127
                     floor  h1=1589248 h2=8957952 q3=8957952 q4=8957952
  wal_bytes          shape=MONOTONE_RISING envelope=BOTH samples=170 span=842.0s
                     peaks  h1=1586827 h2=1595819 q3=1589482 q4=1595819 last_half_mean=1454667
                     floor  h1=1111743 h2=1121483 q3=1121483 q4=1331367
  wal_segment_files  shape=MONOTONE_RISING envelope=BOTH samples=170 span=842.0s
                     peaks  h1=518 h2=540 q3=529 q4=540 last_half_mean=507
                     floor  h1=421 h2=476 q3=476 q4=489
writebehind lag:   12075 (observation only) scrapes total=180 read=178 absent=2 unreadable=0 malformed_samples=0 overflowed_samples=0
censuses:          3
  LIVE_COPY  t=300.0s copy_done=300.1981s keys=96 undecodable=0 or_map=96 or_tomb=0 lww=0 live=20768 live_tag_bytes=706112 tombstones=1512 tombstone_bytes=31752 dups=0 keys_with_tombstones=48 keys_all_dead=0 max_per_key=39
  LIVE_COPY  t=600.2s copy_done=600.3654s keys=96 undecodable=0 or_map=96 or_tomb=0 lww=0 live=42765 live_tag_bytes=1454010 tombstones=1757 tombstone_bytes=38654 dups=0 keys_with_tombstones=48 keys_all_dead=0 max_per_key=48
  TERMINAL   t=900.2s copy_done=n/a keys=96 undecodable=0 or_map=96 or_tomb=0 lww=0 live=64631 live_tag_bytes=2197454 tombstones=1783 tombstone_bytes=39226 dups=0 keys_with_tombstones=48 keys_all_dead=0 max_per_key=45
terminal census:   keys=96 tombstone_bytes=39226
origin:            reading=NOT_REACHED_EQUAL_REFS matched=32 unparsed=0 dropped=0 armed=true epochs_exited=31 restarts=0 epochs_scrapes total=180 read=180 absent=0 unreadable=0 malformed_samples=0 overflowed_samples=0
origin reason:     all 32 parsed line(s) returned exactly the refs held at entry
first zero-return: (none)
wrote durable reading to /Users/koristuvac/Projects/topgun/topgun/packages/server-rust/benches/soak_harness/evidence/spec372-a2j.soak.durable.json
console log: /Users/koristuvac/Projects/topgun/topgun/packages/server-rust/benches/soak_harness/evidence/spec372-a2j.harness-console.log
mechanism report: /Users/koristuvac/Projects/topgun/topgun/packages/server-rust/benches/soak_harness/evidence/spec372-a2j.mechanism.json
csv rows: 16
post_mortem_rows=0
csv columns:
  rss_mb         n=16 empty=0 nonzero=16 min=7.078 max=185.969
  wal_mb         n=16 empty=0 nonzero=15 min=0.000 max=3.434
  redb_mb        n=16 empty=0 nonzero=15 min=0.000 max=16.574
  disk_total_mb  n=16 empty=0 nonzero=15 min=0.000 max=19.996
  tombstone_bytes n=15 empty=1 min=21142 max=45056
  progress.jsonl checkpoints: 2
  soak.json "walFsync": "batched",
  soak.json "epochWidth": 1000,
  soak.json "crashes": 0,
  soak.json "churnClients": 6,
  soak.json "keyspace": 200,
  soak.json "durationSecsActual": 900,
  mechanism.json "orDeltaFrames": 3915,
  mechanism.json "orSnapshotFrames": 0,

post-hoc OLS fits (see the SE caveat in spec349c2-fit.awk):
  units: the field is named slope_mb_per_hour for every column; on the
  tombstone_bytes row the fit is identical but the unit is BYTES/hour.
  col=rss_mb window=full rows_used=16 n=16 skipped_empty=0 t_start_secs=0.0 t_end_secs=900.0 span_secs=900.0 y_first=7.078 y_last=185.969 slope_mb_per_hour=640.882141 se_mb_per_hour=24.204338 intercept_mb=26.007481 r2=0.980422 sxx_hours2=0.094412109 sse=774.358673994
  col=wal_mb window=full rows_used=16 n=16 skipped_empty=0 t_start_secs=0.0 t_end_secs=900.0 span_secs=900.0 y_first=0.000 y_last=3.328 slope_mb_per_hour=5.521308 se_mb_per_hour=2.345612 intercept_mb=2.357678 r2=0.283550 sxx_hours2=0.094412109 sse=7.272240522
  col=redb_mb window=full rows_used=16 n=16 skipped_empty=0 t_start_secs=0.0 t_end_secs=900.0 span_secs=900.0 y_first=0.000 y_last=16.574 slope_mb_per_hour=62.960106 se_mb_per_hour=5.987746 intercept_mb=-0.301294 r2=0.887606 sxx_hours2=0.094412109 sse=47.389544727
  col=disk_total_mb window=full rows_used=16 n=16 skipped_empty=0 t_start_secs=0.0 t_end_secs=900.0 span_secs=900.0 y_first=0.000 y_last=19.898 slope_mb_per_hour=68.468685 se_mb_per_hour=6.361218 intercept_mb=2.060476 r2=0.892185 sxx_hours2=0.094412109 sse=53.485531535
  col=tombstone_bytes window=full rows_used=15 n=15 skipped_empty=1 t_start_secs=60.0 t_end_secs=900.0 span_secs=840.0 y_first=24295.000 y_last=36806.000 slope_mb_per_hour=24739.606906 se_mb_per_hour=23324.367576 intercept_mb=31328.194272 r2=0.079648 sxx_hours2=0.077740813 sse=549809428.317299962
  col=rss_mb window=last_half rows_used=16 n=8 skipped_empty=0 t_start_secs=480.0 t_end_secs=900.0 span_secs=420.0 y_first=109.016 y_last=185.969 slope_mb_per_hour=728.760714 se_mb_per_hour=35.564461 intercept_mb=7.092238 r2=0.985912 sxx_hours2=0.011666667 sse=88.538163869
  col=wal_mb window=last_half rows_used=16 n=8 skipped_empty=0 t_start_secs=480.0 t_end_secs=900.0 span_secs=420.0 y_first=3.434 y_last=3.328 slope_mb_per_hour=0.117857 se_mb_per_hour=0.636731 intercept_mb=3.318786 r2=0.005678 sxx_hours2=0.011666667 sse=0.028379821
  col=redb_mb window=last_half rows_used=16 n=8 skipped_empty=0 t_start_secs=480.0 t_end_secs=900.0 span_secs=420.0 y_first=8.543 y_last=16.574 slope_mb_per_hour=86.046429 se_mb_per_hour=22.217092 intercept_mb=-4.937607 r2=0.714286 sxx_hours2=0.011666667 sse=34.551943393
  col=disk_total_mb window=last_half rows_used=16 n=8 skipped_empty=0 t_start_secs=480.0 t_end_secs=900.0 span_secs=420.0 y_first=11.980 y_last=19.898 slope_mb_per_hour=86.018571 se_mb_per_hour=22.736732 intercept_mb=-1.588143 r2=0.704622 sxx_hours2=0.011666667 sse=36.187128143
  col=tombstone_bytes window=last_half rows_used=15 n=8 skipped_empty=1 t_start_secs=480.0 t_end_secs=900.0 span_secs=420.0 y_first=33506.000 y_last=36806.000 slope_mb_per_hour=35891.428571 se_mb_per_hour=68315.299947 intercept_mb=28749.809524 r2=0.043981 sxx_hours2=0.011666667 sse=326688614.476190627

RESULT: instrument sound; harness exit code 0.
RUNNER_EXIT=0
