== spec376-preflight start 2026-09-29T08:11:53Z apply=1 sys_root='' script=/opt/topgun/packages/server-rust/benches/soak_harness/evidence/spec376-preflight.sh
== identity
$ hostname -> 'topgun-bench'
$ nproc -> '4'
CHECK identity=PASS hostname=topgun-bench nproc=4
== isolation
$ pgrep -f 'dokploy|traefik|dockerd' -> rc=1 pids=''
unit dirs present=4; matching units=''
$ ss -Hltn (rc=0)
  LISTEN 0      128    0.0.0.0:22 0.0.0.0:*
  LISTEN 0      128       [::]:22    [::]:*
CHECK isolation=PASS no dokploy/traefik/dockerd process or unit; 8080 and 47376 free
== apply
MUTATE: systemctl stop apt-daily.timer apt-daily-upgrade.timer man-db.timer e2scrub_all.timer fstrim.timer unattended-upgrades.service
THP enabled before: '[always] madvise never'
MUTATE: tee /sys/kernel/mm/transparent_hugepage/enabled
madvise
THP enabled after:  'always [madvise] never'
THP defrag before: 'always defer defer+madvise [madvise] never'
MUTATE: tee /sys/kernel/mm/transparent_hugepage/defrag
madvise
THP defrag after:  'always defer defer+madvise [madvise] never'
== os
$ cat /etc/os-release
PRETTY_NAME="Debian GNU/Linux 12 (bookworm)"
NAME="Debian GNU/Linux"
VERSION_ID="12"
VERSION="12 (bookworm)"
VERSION_CODENAME=bookworm
ID=debian
HOME_URL="https://www.debian.org/"
SUPPORT_URL="https://www.debian.org/support"
BUG_REPORT_URL="https://bugs.debian.org/"
  (rc=0)
CHECK os=PASS uname=Linux VERSION_ID=12
== timers
$ systemctl list-timers --all --no-pager
NEXT                        LEFT       LAST                        PASSED       UNIT                         ACTIVATES
Tue 2026-09-29 08:24:47 UTC 12min left -                           -            systemd-tmpfiles-clean.timer systemd-tmpfiles-clean.service
Wed 2026-09-30 00:00:00 UTC 15h left   -                           -            dpkg-db-backup.timer         dpkg-db-backup.service
Wed 2026-09-30 00:00:00 UTC 15h left   Tue 2026-09-29 08:09:58 UTC 1min 55s ago logrotate.timer              logrotate.service
-                           -          Mon 2026-09-28 10:44:10 UTC 21h ago      apt-daily-upgrade.timer      apt-daily-upgrade.service
-                           -          Mon 2026-09-28 10:44:10 UTC 21h ago      apt-daily.timer              apt-daily.service
-                           -          Mon 2026-09-28 10:44:10 UTC 21h ago      e2scrub_all.timer            e2scrub_all.service
-                           -          Mon 2026-09-28 10:44:10 UTC 21h ago      fstrim.timer                 fstrim.service
-                           -          Mon 2026-09-28 10:44:10 UTC 21h ago      man-db.timer                 man-db.service

8 timers listed.
  (rc=0)
$ systemctl is-active apt-daily.timer -> 'inactive'
$ systemctl is-active apt-daily-upgrade.timer -> 'inactive'
$ systemctl is-active man-db.timer -> 'inactive'
$ systemctl is-active e2scrub_all.timer -> 'inactive'
$ systemctl is-active fstrim.timer -> 'inactive'
$ systemctl is-active unattended-upgrades.service -> 'inactive'
CHECK timers=PASS all inactive: apt-daily.timer apt-daily-upgrade.timer man-db.timer e2scrub_all.timer fstrim.timer unattended-upgrades.service
== load
poll 1: /proc/loadavg = '0.17 0.05 0.01 1/137 5760'
CHECK load=PASS load1=0.17 < 0.5 (poll 1)
== steal
/proc/stat steal,total: t0='0 50273' t1='0 54271'
CHECK steal=PASS steal_pct=0.0000 < 1 over 10 s
== swap
$ swapon --show (rc=0) -> ''
SwapTotal: 0 kB
CHECK swap=PASS swapon empty, SwapTotal: 0 kB
== thp
THP enabled: 'always [madvise] never'
THP defrag:  'always defer defer+madvise [madvise] never'
CHECK thp=PASS enabled=[madvise] defrag=[madvise]
== memory
$ head -8 /proc/meminfo
MemTotal:       15985096 kB
MemFree:        15364728 kB
MemAvailable:   15565172 kB
Buffers:           20040 kB
Cached:           421892 kB
SwapCached:            0 kB
Active:           146732 kB
Inactive:         310728 kB
  (rc=0)
CHECK memory=PASS MemAvailable=15565172 kB >= 14680064
== disk
$ findmnt -no FSTYPE,OPTIONS --target /opt
ext4   rw,relatime,errors=remount-ro
  (rc=0)
$ df -Pk /opt -> available '144669952' KiB
CHECK disk=PASS /opt free=144669952 KiB >= 41943040
== clock
$ timedatectl show -p NTPSynchronized -> 'NTPSynchronized=yes'
CHECK clock=PASS NTPSynchronized=yes
== tools
command -v curl -> '/usr/bin/curl'
command -v strings -> '/usr/bin/strings'
command -v shasum -> '/usr/bin/shasum'
command -v sha256sum -> '/usr/bin/sha256sum'
command -v pgrep -> '/usr/bin/pgrep'
command -v ss -> '/usr/bin/ss'
command -v original-awk -> '/usr/bin/original-awk'
command -v python3 -> '/usr/bin/python3'
command -v git -> '/usr/bin/git'
command -v cargo -> '/root/.cargo/bin/cargo'
command -v rustc -> '/root/.cargo/bin/rustc'
CHECK tools=PASS all present
== recorded (not gates)
$ uname -r
6.1.0-52-amd64
  (rc=0)
$ lscpu
Architecture:                            x86_64
CPU op-mode(s):                          32-bit, 64-bit
Address sizes:                           40 bits physical, 48 bits virtual
Byte Order:                              Little Endian
CPU(s):                                  4
On-line CPU(s) list:                     0-3
Vendor ID:                               AuthenticAMD
BIOS Vendor ID:                          QEMU
Model name:                              AMD EPYC-Milan Processor
BIOS Model name:                         NotSpecified  CPU @ 2.0GHz
BIOS CPU family:                         1
CPU family:                              25
Model:                                   1
Thread(s) per core:                      2
Core(s) per socket:                      2
Socket(s):                               1
Stepping:                                1
BogoMIPS:                                4799.99
Flags:                                   fpu vme de pse tsc msr pae mce cx8 apic sep mtrr pge mca cmov pat pse36 clflush mmx fxsr sse sse2 ht syscall nx mmxext fxsr_opt pdpe1gb rdtscp lm rep_good nopl cpuid extd_apicid tsc_known_freq pni pclmulqdq ssse3 fma cx16 pcid sse4_1 sse4_2 x2apic movbe popcnt aes xsave avx f16c rdrand hypervisor lahf_lm cmp_legacy cr8_legacy abm sse4a misalignsse 3dnowprefetch osvw topoext perfctr_core invpcid_single ssbd ibrs ibpb stibp vmmcall fsgsbase bmi1 avx2 smep bmi2 erms invpcid rdseed adx smap clflushopt clwb sha_ni xsaveopt xsavec xgetbv1 xsaves clzero xsaveerptr wbnoinvd arat umip pku ospke rdpid fsrm
Hypervisor vendor:                       KVM
Virtualization type:                     full
L1d cache:                               64 KiB (2 instances)
L1i cache:                               64 KiB (2 instances)
L2 cache:                                1 MiB (2 instances)
L3 cache:                                32 MiB (1 instance)
NUMA node(s):                            1
NUMA node0 CPU(s):                       0-3
Vulnerability Gather data sampling:      Not affected
Vulnerability Indirect target selection: Not affected
Vulnerability Itlb multihit:             Not affected
Vulnerability L1tf:                      Not affected
Vulnerability Mds:                       Not affected
Vulnerability Meltdown:                  Not affected
Vulnerability Mmio stale data:           Not affected
Vulnerability Reg file data sampling:    Not affected
Vulnerability Retbleed:                  Not affected
Vulnerability Spec rstack overflow:      Mitigation; safe RET
Vulnerability Spec store bypass:         Mitigation; Speculative Store Bypass disabled via prctl
Vulnerability Spectre v1:                Mitigation; usercopy/swapgs barriers and __user pointer sanitization
Vulnerability Spectre v2:                Mitigation; Retpolines; IBPB conditional; IBRS_FW; STIBP conditional; RSB filling; PBRSB-eIBRS Not affected; BHI Not affected
Vulnerability Srbds:                     Not affected
Vulnerability Tsa:                       Vulnerable: Clear CPU buffers attempted, no microcode
Vulnerability Tsx async abort:           Not affected
Vulnerability Vmscape:                   Not affected
  (rc=0)
$ sh -c ldd --version 2>&1 | head -1
ldd (Debian GLIBC 2.36-9+deb12u14) 2.36
  (rc=0)
$ sysctl vm.overcommit_memory vm.max_map_count
vm.overcommit_memory = 0
vm.max_map_count = 65530
  (rc=0)
$ sh -c ps -eo pcpu,comm --sort=-pcpu | head -6
%CPU COMMAND
38.4 systemd-timedat
 1.7 systemd
 0.3 systemd-journal
 0.2 bash
 0.2 kworker/u8:2-events_unbound
  (rc=0)
awk resolves to: '/usr/bin/awk'
$ sh -c original-awk -version 2>&1 | head -1
awk version 20220912
  (rc=0)
$ dpkg-query -W original-awk
original-awk	2022-09-12-1
  (rc=0)
PREFLIGHT=PASS PREFLIGHT_AT=2026-09-29T08:12:03Z
