--- cell k1 at 2026-09-22T12:32:03Z
HOST uptime: 15:32  up 17:37, 1 user, load averages: 10.85 9.46 8.35
HOST memory_pressure: System-wide memory free percentage: 79%
HOST vm_stat: Mach Virtual Memory Statistics: (page size of 16384 bytes)
HOST vm_stat: Pages free:                                   143332.
HOST vm_stat: Pages active:                                 735350.
HOST vm_stat: Pages inactive:                               740043.
HOST vm_stat: Pages speculative:                               421.
HOST vm_stat: Pages throttled:                                   0.
HOST vm_stat: Pages wired down:                             140626.
HOST vm_stat: Pages purgeable:                               47161.
HOST therm: Note: No thermal warning level has been recorded
HOST therm: Note: No performance warning level has been recorded
HOST therm: Note: No CPU power status has been recorded
provenance: server sha256=b0a26dab458a5e33cb2e28b83837540aff2867e4faae10e9da5d53f7c607ec95 flavour=CA built=2026-09-22T11:42:46Z run_start=2026-09-22T12:32:03Z topgun_or_prune_restored_cancelled_total=present
provenance: server sha256=b0a26dab458a5e33cb2e28b83837540aff2867e4faae10e9da5d53f7c607ec95 flavour=CA built=2026-09-22T11:42:46Z run_start=2026-09-22T12:32:03Z topgun_or_prune_restored_cancelled_total=present harness sha256=ed0769d00ec582a033f152fa77aa74798df338440cb5ed16a4a773ec09fbe74d harness_built=2026-09-22T11:45:42Z tombstone_level_ceiling_gate=present
soak binary:   /Users/koristuvac/Projects/topgun/topgun/target/spec372-h/release/deps/soak_harness-0379469b8a4255d8
  built:       2026-09-22T11:45:42Z
server binary: /Users/koristuvac/Projects/topgun/topgun/target/spec372-ca/release/topgun-server
  built:       2026-09-22T11:42:46Z

=== spec372 allocator-evaluation run: cell k1 (flavour CA) ===
  repo HEAD:      e92fa9774e66457336b278d065f5ff32aa160353
  dirty tree:     yes
  host/OS:        Darwin MacBookPro 27.0.0 Darwin Kernel Version 27.0.0: Tue Aug 11 21:22:49 PDT 2026; root:xnu-13432.1.9~1/RELEASE_ARM64_T6000 arm64
  lineage:        chain-built harness + chain-built CA server
  chain start:    1790076374
  data dir:       /Users/koristuvac/Projects/topgun/topgun/target/spec372-k1-data
  csv:            /Users/koristuvac/Projects/topgun/topgun/packages/server-rust/benches/soak_harness/evidence/spec372-k1.csv
  soak.json:      /Users/koristuvac/Projects/topgun/topgun/packages/server-rust/benches/soak_harness/evidence/spec372-k1.soak.json
  mechanism.json: /Users/koristuvac/Projects/topgun/topgun/packages/server-rust/benches/soak_harness/evidence/spec372-k1.mechanism.json (harness writes spec372-k1.soak.mechanism.json; renamed after the run)
  durable.json:   /Users/koristuvac/Projects/topgun/topgun/packages/server-rust/benches/soak_harness/evidence/spec372-k1.soak.durable.json (raw basename: NOT renamed, by design)
  progress.jsonl: /Users/koristuvac/Projects/topgun/topgun/packages/server-rust/benches/soak_harness/evidence/spec372-k1.progress.jsonl
  console log:    /Users/koristuvac/Projects/topgun/topgun/packages/server-rust/benches/soak_harness/evidence/spec372-k1.harness-console.log
  matrix:         /Users/koristuvac/Projects/topgun/topgun/packages/server-rust/benches/soak_harness/evidence/spec372-k1.matrix.txt
  soak binary:    /Users/koristuvac/Projects/topgun/topgun/target/spec372-h/release/deps/soak_harness-0379469b8a4255d8
  soak binary commit: e92fa9774e66457336b278d065f5ff32aa160353 (HEAD; the binary itself is identified by its sha256)
  .rs working tree:   CLEAN (asserted before the build)
  code freeze:            08cdef2f
  code freeze diff (.rs): EMPTY (asserted before the build)
    built:        2026-09-22T11:45:42Z
  server binary:  /Users/koristuvac/Projects/topgun/topgun/target/spec372-ca/release/topgun-server
    built:        2026-09-22T11:42:46Z
    sha256:       b0a26dab458a5e33cb2e28b83837540aff2867e4faae10e9da5d53f7c607ec95
  --- varied knobs; everything else is the spec362b-durable.sh long4h
      literal ---
  TOPGUN_EPOCH_WIDTH:  <unset: production default 1000>
  duration:            900s
  csv cadence:         60s
  extra harness flags: <none>
  --durable-reading:   ARMED
  --live-census-interval: 300 (ARMED: the live-copy census)
  --sampler-jitter-seed:  20260831
  SOAK_SERVER_LOG:     warn,topgun_server::tombstone_frontier::removal=info,topgun_server::tombstone_frontier::settlement=info,topgun_server::tombstone_frontier::conjunct=info
  SOAK_SERVER_LOG_PASSTHROUGH: 1
  TOPGUN_PRUNE_RECORD: true
  TOPGUN_LOG_FORMAT:   <unset: human fmt, which is what the origin parser reads>
  server port:         47358
  SOAK_SERVER_BINARY:  /Users/koristuvac/Projects/topgun/topgun/target/spec372-ca/release/topgun-server
  --- pinned matrix (identical to spec362b-durable.sh's long4h cell;
      crash-interval is per-cell and is 0 on the one cell this runner
      ships) ---
  churn-clients 6; keyspace 200; or-churn true;
  or-keyspace 48; or-every 5; write-interval-ms 20;
  writes-per-life 200; offline-keys 3;
  confirm-interval 2; crash-interval 0;
  steady-interval 300; quiesce 3;
  mem-sample-interval 5; wal-fsync batched;
  memory gate NEUTRALIZED (1000000/1000000/1000000)
  tombstone gate: level ceiling K=2+ceil(S_A/W) epochs × W × b_max (S_A, b_max measured by the harness; A = TOPGUN_WAL_WATERMARK_STALL_BOUND_MS, not set by this runner); level stability 10 %; slope report-only
  harness sha256: ed0769d00ec582a033f152fa77aa74798df338440cb5ed16a4a773ec09fbe74d
  server flavour: CA
  TOPGUN_JOURNAL_ENABLED:        <unset: harness passes true>
  TOPGUN_SOAK_GRACEFUL_SHUTDOWN: <unset: SIGKILL teardown>
  DHAT_OUT:                      <unset>
  post-mortem rows:              counted at the end of the run (item 17)

harness pid 60867; follow with: tail -f /Users/koristuvac/Projects/topgun/topgun/target/spec372-k1-data.meta/harness-console.log
server ready: pid 60872 (t0 = server-ready)

harness exited with code 0
reading:           PLATEAU_NOT_MET
reason:            series rss_kib rose and was still rising at the end; firing envelope BOTH
log filter:        warn,topgun_server::tombstone_frontier::removal=info,topgun_server::tombstone_frontier::settlement=info,topgun_server::tombstone_frontier::conjunct=info
  rss_kib            shape=MONOTONE_RISING envelope=BOTH samples=168 span=836.5s
                     peaks  h1=143200 h2=188192 q3=159456 q4=188192 last_half_mean=166926
                     floor  h1=44240 h2=146096 q3=146096 q4=159680
  redb_bytes         shape=MONOTONE_RISING envelope=PEAKS samples=170 span=841.8s
                     peaks  h1=8957952 h2=17379328 q3=8957952 q4=17379328 last_half_mean=11831127
                     floor  h1=1589248 h2=8957952 q3=8957952 q4=8957952
  wal_bytes          shape=MONOTONE_RISING envelope=FLOOR samples=170 span=841.8s
                     peaks  h1=1598642 h2=1605264 q3=1605264 q4=1596633 last_half_mean=1452381
                     floor  h1=1145877 h2=1191186 q3=1191186 q4=1363763
  wal_segment_files  shape=MONOTONE_RISING envelope=BOTH samples=170 span=841.8s
                     peaks  h1=528 h2=539 q3=531 q4=539 last_half_mean=512
                     floor  h1=429 h2=491 q3=491 q4=493
writebehind lag:   12192 (observation only) scrapes total=180 read=178 absent=2 unreadable=0 malformed_samples=0 overflowed_samples=0
censuses:          3
  LIVE_COPY  t=300.0s copy_done=300.2129s keys=96 undecodable=0 or_map=96 or_tomb=0 lww=0 live=21227 live_tag_bytes=721718 tombstones=1665 tombstone_bytes=34965 dups=0 keys_with_tombstones=48 keys_all_dead=0 max_per_key=43
  LIVE_COPY  t=600.2s copy_done=600.3918s keys=96 undecodable=0 or_map=96 or_tomb=0 lww=0 live=42839 live_tag_bytes=1456526 tombstones=1877 tombstone_bytes=41294 dups=0 keys_with_tombstones=48 keys_all_dead=0 max_per_key=50
  TERMINAL   t=900.2s copy_done=n/a keys=96 undecodable=0 or_map=96 or_tomb=0 lww=0 live=64209 live_tag_bytes=2183106 tombstones=1289 tombstone_bytes=28358 dups=0 keys_with_tombstones=48 keys_all_dead=0 max_per_key=33
terminal census:   keys=96 tombstone_bytes=28358
origin:            reading=NOT_REACHED_EQUAL_REFS matched=31 unparsed=0 dropped=0 armed=true epochs_exited=31 restarts=0 epochs_scrapes total=180 read=180 absent=0 unreadable=0 malformed_samples=0 overflowed_samples=0
origin reason:     all 31 parsed line(s) returned exactly the refs held at entry
first zero-return: (none)
wrote durable reading to /Users/koristuvac/Projects/topgun/topgun/packages/server-rust/benches/soak_harness/evidence/spec372-k1.soak.durable.json
console log: /Users/koristuvac/Projects/topgun/topgun/packages/server-rust/benches/soak_harness/evidence/spec372-k1.harness-console.log
mechanism report: /Users/koristuvac/Projects/topgun/topgun/packages/server-rust/benches/soak_harness/evidence/spec372-k1.mechanism.json
csv rows: 16
post_mortem_rows=0
csv columns:
  rss_mb         n=16 empty=0 nonzero=16 min=0.031 max=183.781
  wal_mb         n=16 empty=0 nonzero=15 min=0.000 max=3.504
  redb_mb        n=16 empty=0 nonzero=15 min=0.000 max=16.574
  disk_total_mb  n=16 empty=0 nonzero=15 min=0.000 max=20.023
  tombstone_bytes n=15 empty=1 min=20412 max=39094
  progress.jsonl checkpoints: 2
  soak.json "walFsync": "batched",
  soak.json "epochWidth": 1000,
  soak.json "crashes": 0,
  soak.json "churnClients": 6,
  soak.json "keyspace": 200,
  soak.json "durationSecsActual": 900,
  mechanism.json "orDeltaFrames": 3045,
  mechanism.json "orSnapshotFrames": 0,

post-hoc OLS fits (see the SE caveat in spec349c2-fit.awk):
  units: the field is named slope_mb_per_hour for every column; on the
  tombstone_bytes row the fit is identical but the unit is BYTES/hour.
  col=rss_mb window=full rows_used=16 n=16 skipped_empty=0 t_start_secs=0.0 t_end_secs=900.0 span_secs=900.0 y_first=0.031 y_last=183.781 slope_mb_per_hour=672.711882 se_mb_per_hour=43.775752 intercept_mb=34.012515 r2=0.944034 sxx_hours2=0.094444444 sse=2533.796245776
  col=wal_mb window=full rows_used=16 n=16 skipped_empty=0 t_start_secs=0.0 t_end_secs=900.0 span_secs=900.0 y_first=0.000 y_last=3.449 slope_mb_per_hour=5.404853 se_mb_per_hour=2.383398 intercept_mb=2.383331 r2=0.268643 sxx_hours2=0.094444444 sse=7.510994713
  col=redb_mb window=full rows_used=16 n=16 skipped_empty=0 t_start_secs=0.0 t_end_secs=900.0 span_secs=900.0 y_first=0.000 y_last=16.574 slope_mb_per_hour=61.353706 se_mb_per_hour=6.126486 intercept_mb=0.026037 r2=0.877505 sxx_hours2=0.094444444 sse=49.628061703
  col=disk_total_mb window=full rows_used=16 n=16 skipped_empty=0 t_start_secs=0.0 t_end_secs=900.0 span_secs=900.0 y_first=0.000 y_last=20.023 slope_mb_per_hour=66.783000 se_mb_per_hour=6.456736 intercept_mb=2.406625 r2=0.884279 sxx_hours2=0.094444444 sse=55.122703150
  col=tombstone_bytes window=full rows_used=15 n=15 skipped_empty=1 t_start_secs=60.0 t_end_secs=900.0 span_secs=840.0 y_first=33530.000 y_last=37840.000 slope_mb_per_hour=9891.857143 se_mb_per_hour=20802.045884 intercept_mb=29232.019048 r2=0.017097 sxx_hours2=0.077777778 sse=437533169.776190460
  col=rss_mb window=last_half rows_used=16 n=8 skipped_empty=0 t_start_secs=480.0 t_end_secs=900.0 span_secs=420.0 y_first=140.625 y_last=183.781 slope_mb_per_hour=382.511429 se_mb_per_hour=25.205444 intercept_mb=89.589560 r2=0.974609 sxx_hours2=0.011666667 sse=44.472007976
  col=wal_mb window=last_half rows_used=16 n=8 skipped_empty=0 t_start_secs=480.0 t_end_secs=900.0 span_secs=420.0 y_first=3.504 y_last=3.449 slope_mb_per_hour=-0.516429 se_mb_per_hour=0.979376 intercept_mb=3.450607 r2=0.044289 sxx_hours2=0.011666667 sse=0.067142393
  col=redb_mb window=last_half rows_used=16 n=8 skipped_empty=0 t_start_secs=480.0 t_end_secs=900.0 span_secs=420.0 y_first=8.543 y_last=16.574 slope_mb_per_hour=86.046429 se_mb_per_hour=22.217092 intercept_mb=-4.937607 r2=0.714286 sxx_hours2=0.011666667 sse=34.551943393
  col=disk_total_mb window=last_half rows_used=16 n=8 skipped_empty=0 t_start_secs=480.0 t_end_secs=900.0 span_secs=420.0 y_first=12.047 y_last=20.023 slope_mb_per_hour=85.479286 se_mb_per_hour=21.928018 intercept_mb=-1.474405 r2=0.716925 sxx_hours2=0.011666667 sse=33.658658869
  col=tombstone_bytes window=last_half rows_used=15 n=8 skipped_empty=1 t_start_secs=480.0 t_end_secs=900.0 span_secs=420.0 y_first=35420.000 y_last=37840.000 slope_mb_per_hour=-4384.285714 se_mb_per_hour=55594.155819 intercept_mb=32781.571429 r2=0.001035 sxx_hours2=0.011666667 sse=216349711.285714269

RESULT: instrument sound; harness exit code 0.
RUNNER_EXIT=0
