provenance: server sha256=c0848a38a659125c8ddcd626951ef929cc9023b6551f71a83409cb3f76bd3f51 flavour=JE built=2026-09-27T20:35:49Z run_start=2026-09-27T20:44:11Z topgun_or_prune_restored_cancelled_total=present
provenance: server sha256=c0848a38a659125c8ddcd626951ef929cc9023b6551f71a83409cb3f76bd3f51 flavour=JE built=2026-09-27T20:35:49Z run_start=2026-09-27T20:44:11Z topgun_or_prune_restored_cancelled_total=present harness sha256=789d65928feb35dd2260f271676263f80f3eaad8d588881f10c60cc7ee416346 harness_built=2026-09-27T20:42:58Z tombstone_level_ceiling_gate=present
soak binary:   /Users/koristuvac/Projects/topgun/topgun/target/spec373b-h/release/deps/soak_harness-0379469b8a4255d8
  built:       2026-09-27T20:42:58Z
server binary: /Users/koristuvac/Projects/topgun/topgun/target/spec373b-je-pin/release/topgun-server
  built:       2026-09-27T20:35:49Z

=== spec373b carve 9c part b run: cell jb (flavour JE) ===
  repo HEAD:      6422bfc9dff2aa744dc49c34a148391b36884403
  dirty tree:     yes
  host/OS:        Darwin MacBook-Pro-koristuvac.local 27.0.0 Darwin Kernel Version 27.0.0: Tue Aug 11 21:22:49 PDT 2026; root:xnu-13432.1.9~1/RELEASE_ARM64_T6000 arm64
  lineage:        chain-built harness + chain-built JE server
  chain start:    1790541099
  data dir:       /Users/koristuvac/Projects/topgun/topgun/target/spec373b-jb-data
  csv:            /Users/koristuvac/Projects/topgun/topgun/packages/server-rust/benches/soak_harness/evidence/spec373b-jb.csv
  soak.json:      /Users/koristuvac/Projects/topgun/topgun/packages/server-rust/benches/soak_harness/evidence/spec373b-jb.soak.json
  mechanism.json: /Users/koristuvac/Projects/topgun/topgun/packages/server-rust/benches/soak_harness/evidence/spec373b-jb.mechanism.json (harness writes spec373b-jb.soak.mechanism.json; renamed after the run)
  durable.json:   /Users/koristuvac/Projects/topgun/topgun/packages/server-rust/benches/soak_harness/evidence/spec373b-jb.soak.durable.json (raw basename: NOT renamed, by design)
  progress.jsonl: /Users/koristuvac/Projects/topgun/topgun/packages/server-rust/benches/soak_harness/evidence/spec373b-jb.progress.jsonl
  console log:    /Users/koristuvac/Projects/topgun/topgun/packages/server-rust/benches/soak_harness/evidence/spec373b-jb.harness-console.log
  matrix:         /Users/koristuvac/Projects/topgun/topgun/packages/server-rust/benches/soak_harness/evidence/spec373b-jb.matrix.txt
  soak binary:    /Users/koristuvac/Projects/topgun/topgun/target/spec373b-h/release/deps/soak_harness-0379469b8a4255d8
  soak binary commit: 6422bfc9dff2aa744dc49c34a148391b36884403 (HEAD; the binary itself is identified by its sha256)
  .rs working tree:   CLEAN (asserted before the build)
  code freeze:            e85adb1f
  code freeze diff (.rs): EMPTY (asserted before the build)
    built:        2026-09-27T20:42:58Z
  server binary:  /Users/koristuvac/Projects/topgun/topgun/target/spec373b-je-pin/release/topgun-server
    built:        2026-09-27T20:35:49Z
    sha256:       c0848a38a659125c8ddcd626951ef929cc9023b6551f71a83409cb3f76bd3f51
  --- varied knobs; everything else is the spec362b-durable.sh long4h
      literal ---
  TOPGUN_EPOCH_WIDTH:  <unset: production default 1000>
  duration:            14400s
  csv cadence:         60s
  extra harness flags: <none>
  --durable-reading:   ARMED
  --live-census-interval: 300 (ARMED: the live-copy census)
  --sampler-jitter-seed:  20260831
  SOAK_SERVER_LOG:     warn,topgun_server::tombstone_frontier::removal=info,topgun_server::tombstone_frontier::settlement=info,topgun_server::tombstone_frontier::conjunct=info
  SOAK_SERVER_LOG_PASSTHROUGH: 1
  TOPGUN_PRUNE_RECORD: true
  TOPGUN_LOG_FORMAT:   <unset: human fmt, which is what the origin parser reads>
  server port:         47360
  SOAK_SERVER_BINARY:  /Users/koristuvac/Projects/topgun/topgun/target/spec373b-je-pin/release/topgun-server
  --- pinned matrix (identical to spec362b-durable.sh's long4h cell;
      crash-interval is per-cell and is 0 on the one cell this runner
      ships) ---
  churn-clients 6; keyspace 200; or-churn true;
  or-keyspace 48; or-every 5; write-interval-ms 20;
  writes-per-life 200; offline-keys 3;
  confirm-interval 2; crash-interval 0;
  steady-interval 300; quiesce 3;
  mem-sample-interval 5; wal-fsync batched;
  memory gate NEUTRALIZED (1000000/1000000/1000000)
  tombstone gate: level ceiling K=2+ceil(S_A/W) epochs × W × b_max (S_A, b_max measured by the harness; A = TOPGUN_WAL_WATERMARK_STALL_BOUND_MS, not set by this runner); level stability 10 %; slope report-only
  harness sha256: 789d65928feb35dd2260f271676263f80f3eaad8d588881f10c60cc7ee416346
  server flavour: JE
  server code:    pin = b166719d (SPEC373B_SERVER_COMMIT=b166719d, resolves b166719d9569c14076f2211139667aabb8f71d6a)
  TOPGUN_JOURNAL_ENABLED:        <unset: harness passes true>
  TOPGUN_SOAK_GRACEFUL_SHUTDOWN: <unset: SIGKILL teardown>
  DHAT_OUT:                      <unset>
  post-mortem rows:              counted at the end of the run (item 17)

harness pid 30313; follow with: tail -f /Users/koristuvac/Projects/topgun/topgun/target/spec373b-jb-data.meta/harness-console.log
server ready: pid 30326 (t0 = server-ready)

harness exited with code 0
  LIVE_COPY  t=8709.4s copy_done=8709.8161s keys=96 undecodable=0 or_map=96 or_tomb=0 lww=0 live=648181 live_tag_bytes=22038154 tombstones=1434 tombstone_bytes=32982 dups=0 keys_with_tombstones=48 keys_all_dead=0 max_per_key=36
  LIVE_COPY  t=9009.8s copy_done=9010.2348s keys=96 undecodable=0 or_map=96 or_tomb=0 lww=0 live=671116 live_tag_bytes=22817944 tombstones=1528 tombstone_bytes=35144 dups=0 keys_with_tombstones=48 keys_all_dead=0 max_per_key=38
  LIVE_COPY  t=9310.2s copy_done=9310.6947s keys=96 undecodable=0 or_map=96 or_tomb=0 lww=0 live=694569 live_tag_bytes=23615346 tombstones=1496 tombstone_bytes=34408 dups=0 keys_with_tombstones=48 keys_all_dead=0 max_per_key=47
  LIVE_COPY  t=9610.7s copy_done=9611.1777s keys=96 undecodable=0 or_map=96 or_tomb=0 lww=0 live=717767 live_tag_bytes=24404078 tombstones=1065 tombstone_bytes=24495 dups=0 keys_with_tombstones=48 keys_all_dead=0 max_per_key=32
  LIVE_COPY  t=9911.2s copy_done=9911.6754s keys=96 undecodable=0 or_map=96 or_tomb=0 lww=0 live=740931 live_tag_bytes=25191654 tombstones=1588 tombstone_bytes=36524 dups=0 keys_with_tombstones=48 keys_all_dead=0 max_per_key=41
  LIVE_COPY  t=10211.7s copy_done=10212.3157s keys=96 undecodable=0 or_map=96 or_tomb=0 lww=0 live=764117 live_tag_bytes=25979978 tombstones=1172 tombstone_bytes=26956 dups=0 keys_with_tombstones=48 keys_all_dead=0 max_per_key=30
  LIVE_COPY  t=10512.3s copy_done=10512.8392s keys=96 undecodable=0 or_map=96 or_tomb=0 lww=0 live=787170 live_tag_bytes=26763780 tombstones=1648 tombstone_bytes=37904 dups=0 keys_with_tombstones=48 keys_all_dead=0 max_per_key=42
  LIVE_COPY  t=10812.8s copy_done=10813.4898s keys=96 undecodable=0 or_map=96 or_tomb=0 lww=0 live=810348 live_tag_bytes=27551832 tombstones=1174 tombstone_bytes=27002 dups=0 keys_with_tombstones=48 keys_all_dead=0 max_per_key=30
  LIVE_COPY  t=11113.5s copy_done=11114.0421s keys=96 undecodable=0 or_map=96 or_tomb=0 lww=0 live=833272 live_tag_bytes=28331248 tombstones=1448 tombstone_bytes=33304 dups=0 keys_with_tombstones=48 keys_all_dead=0 max_per_key=40
  LIVE_COPY  t=11414.0s copy_done=11414.5241s keys=96 undecodable=0 or_map=96 or_tomb=0 lww=0 live=856445 live_tag_bytes=29119130 tombstones=1449 tombstone_bytes=33327 dups=0 keys_with_tombstones=48 keys_all_dead=0 max_per_key=38
  LIVE_COPY  t=11714.5s copy_done=11715.0537s keys=96 undecodable=0 or_map=96 or_tomb=0 lww=0 live=879134 live_tag_bytes=29890556 tombstones=1514 tombstone_bytes=34822 dups=0 keys_with_tombstones=48 keys_all_dead=0 max_per_key=42
  LIVE_COPY  t=12015.1s copy_done=12015.6085s keys=96 undecodable=0 or_map=96 or_tomb=0 lww=0 live=902180 live_tag_bytes=30674120 tombstones=1196 tombstone_bytes=27508 dups=0 keys_with_tombstones=48 keys_all_dead=0 max_per_key=30
  LIVE_COPY  t=12315.6s copy_done=12316.3657s keys=96 undecodable=0 or_map=96 or_tomb=0 lww=0 live=924846 live_tag_bytes=31444764 tombstones=1375 tombstone_bytes=31625 dups=0 keys_with_tombstones=48 keys_all_dead=0 max_per_key=38
  LIVE_COPY  t=12616.4s copy_done=12617.0298s keys=96 undecodable=0 or_map=96 or_tomb=0 lww=0 live=947904 live_tag_bytes=32228736 tombstones=1040 tombstone_bytes=23920 dups=0 keys_with_tombstones=48 keys_all_dead=0 max_per_key=27
  LIVE_COPY  t=12917.0s copy_done=12917.7427s keys=96 undecodable=0 or_map=96 or_tomb=0 lww=0 live=970788 live_tag_bytes=33006792 tombstones=1441 tombstone_bytes=33143 dups=0 keys_with_tombstones=48 keys_all_dead=0 max_per_key=37
  LIVE_COPY  t=13217.7s copy_done=13218.3674s keys=96 undecodable=0 or_map=96 or_tomb=0 lww=0 live=993744 live_tag_bytes=33787296 tombstones=1872 tombstone_bytes=43056 dups=0 keys_with_tombstones=48 keys_all_dead=0 max_per_key=47
  LIVE_COPY  t=13518.4s copy_done=13519.2599s keys=96 undecodable=0 or_map=96 or_tomb=0 lww=0 live=1016918 live_tag_bytes=34575212 tombstones=1429 tombstone_bytes=32867 dups=0 keys_with_tombstones=48 keys_all_dead=0 max_per_key=41
  LIVE_COPY  t=13819.3s copy_done=13819.8908s keys=96 undecodable=0 or_map=96 or_tomb=0 lww=0 live=1039968 live_tag_bytes=35358912 tombstones=1099 tombstone_bytes=25277 dups=0 keys_with_tombstones=48 keys_all_dead=0 max_per_key=32
  LIVE_COPY  t=14119.9s copy_done=14120.5487s keys=96 undecodable=0 or_map=96 or_tomb=0 lww=0 live=1062680 live_tag_bytes=36131120 tombstones=1419 tombstone_bytes=32637 dups=0 keys_with_tombstones=48 keys_all_dead=0 max_per_key=36
  TERMINAL   t=14402.4s copy_done=n/a keys=96 undecodable=0 or_map=96 or_tomb=0 lww=0 live=1084527 live_tag_bytes=36873918 tombstones=1385 tombstone_bytes=31855 dups=0 keys_with_tombstones=48 keys_all_dead=0 max_per_key=35
terminal census:   keys=96 tombstone_bytes=31855
origin:            reading=NOT_REACHED_EQUAL_REFS matched=541 unparsed=0 dropped=0 armed=true epochs_exited=541 restarts=0 epochs_scrapes total=2876 read=2876 absent=0 unreadable=0 malformed_samples=0 overflowed_samples=0
origin reason:     all 541 parsed line(s) returned exactly the refs held at entry
first zero-return: (none)
wrote durable reading to /Users/koristuvac/Projects/topgun/topgun/packages/server-rust/benches/soak_harness/evidence/spec373b-jb.soak.durable.json
console log: /Users/koristuvac/Projects/topgun/topgun/packages/server-rust/benches/soak_harness/evidence/spec373b-jb.harness-console.log
mechanism report: /Users/koristuvac/Projects/topgun/topgun/packages/server-rust/benches/soak_harness/evidence/spec373b-jb.mechanism.json
csv rows: 241
post_mortem_rows=0
csv columns:
  rss_mb         n=241 empty=0 nonzero=241 min=22.891 max=2168.016
  wal_mb         n=241 empty=0 nonzero=241 min=0.227 max=3.570
  redb_mb        n=241 empty=0 nonzero=241 min=1.516 max=211.527
  disk_total_mb  n=241 empty=0 nonzero=241 min=1.742 max=214.977
  tombstone_bytes n=241 empty=0 min=108 max=47771
  progress.jsonl checkpoints: 47
  soak.json "walFsync": "batched",
  soak.json "epochWidth": 1000,
  soak.json "crashes": 0,
  soak.json "churnClients": 6,
  soak.json "keyspace": 200,
  soak.json "durationSecsActual": 14402,
  mechanism.json "orDeltaFrames": 2439,
  mechanism.json "orSnapshotFrames": 0,

post-hoc OLS fits (see the SE caveat in spec349c2-fit.awk):
  units: the field is named slope_mb_per_hour for every column; on the
  tombstone_bytes row the fit is identical but the unit is BYTES/hour.
  col=rss_mb window=full rows_used=241 n=241 skipped_empty=0 t_start_secs=0.0 t_end_secs=14400.0 span_secs=14400.0 y_first=22.891 y_last=2024.484 slope_mb_per_hour=508.812850 se_mb_per_hour=1.966459 intercept_mb=29.944267 r2=0.996443 sxx_hours2=324.012157859 sse=299453.210002091
  col=wal_mb window=full rows_used=241 n=241 skipped_empty=0 t_start_secs=0.0 t_end_secs=14400.0 span_secs=14400.0 y_first=0.227 y_last=3.160 slope_mb_per_hour=-0.017042 se_mb_per_hour=0.012523 intercept_mb=3.325523 r2=0.007688 sxx_hours2=324.012157859 sse=12.145227915
  col=redb_mb window=full rows_used=241 n=241 skipped_empty=0 t_start_secs=0.0 t_end_secs=14400.0 span_secs=14400.0 y_first=1.516 y_last=211.527 slope_mb_per_hour=52.829238 se_mb_per_hour=0.948700 intercept_mb=-6.402015 r2=0.928441 sxx_hours2=324.012157859 sse=69697.518920358
  col=disk_total_mb window=full rows_used=241 n=241 skipped_empty=0 t_start_secs=0.0 t_end_secs=14400.0 span_secs=14400.0 y_first=1.742 y_last=214.688 slope_mb_per_hour=52.812557 se_mb_per_hour=0.948851 intercept_mb=-3.077026 r2=0.928378 sxx_hours2=324.012157859 sse=69719.652364217
  col=tombstone_bytes window=full rows_used=241 n=241 skipped_empty=0 t_start_secs=0.0 t_end_secs=14400.0 span_secs=14400.0 y_first=108.000 y_last=41078.000 slope_mb_per_hour=615.143047 se_mb_per_hour=375.333950 intercept_mb=31641.655711 r2=0.011114 sxx_hours2=324.012157859 sse=10909250322.189291000
  col=rss_mb window=last_half rows_used=241 n=121 skipped_empty=0 t_start_secs=7200.0 t_end_secs=14400.0 span_secs=7200.0 y_first=1031.766 y_last=2024.484 slope_mb_per_hour=544.048804 se_mb_per_hour=6.283237 intercept_mb=-79.649812 r2=0.984376 sxx_hours2=41.005166965 sse=192642.628610201
  col=wal_mb window=last_half rows_used=241 n=121 skipped_empty=0 t_start_secs=7200.0 t_end_secs=14400.0 span_secs=7200.0 y_first=3.254 y_last=3.160 slope_mb_per_hour=-0.037635 se_mb_per_hour=0.014046 intercept_mb=3.374467 r2=0.056895 sxx_hours2=41.005166965 sse=0.962736821
  col=redb_mb window=last_half rows_used=241 n=121 skipped_empty=0 t_start_secs=7200.0 t_end_secs=14400.0 span_secs=7200.0 y_first=103.027 y_last=211.527 slope_mb_per_hour=73.385319 se_mb_per_hour=2.946590 intercept_mb=-70.844598 r2=0.839030 sxx_hours2=41.005166965 sse=42366.718002229
  col=disk_total_mb window=last_half rows_used=241 n=121 skipped_empty=0 t_start_secs=7200.0 t_end_secs=14400.0 span_secs=7200.0 y_first=106.281 y_last=214.688 slope_mb_per_hour=73.347172 se_mb_per_hour=2.948593 intercept_mb=-67.468073 r2=0.838706 sxx_hours2=41.005166965 sse=42424.364486115
  col=tombstone_bytes window=last_half rows_used=241 n=121 skipped_empty=0 t_start_secs=7200.0 t_end_secs=14400.0 span_secs=7200.0 y_first=35811.000 y_last=41078.000 slope_mb_per_hour=-374.528072 se_mb_per_hour=978.129552 intercept_mb=34502.860383 r2=0.001231 sxx_hours2=41.005166965 sse=4668510138.869695663

RESULT: instrument sound; harness exit code 0.
RUNNER_EXIT=0
