chain start: 2026-09-22T11:26:14Z epoch=1790076374 smoke=0 HEAD=e92fa9774e66457336b278d065f5ff32aa160353
DISK_FREE_AT_START=82
build SYS: CARGO_TARGET_DIR=/Users/koristuvac/Projects/topgun/topgun/target/spec372-sys cargo build --release --bin topgun-server
build SYS: rc=0 wall_s=250
   Compiling topgun-server v2.0.0 (/Users/koristuvac/Projects/topgun/topgun/packages/server-rust)
      Timing report saved to /Users/koristuvac/Projects/topgun/topgun/target/spec372-sys/cargo-timings/cargo-timing-20260922T112614.955186Z.html
    Finished `release` profile [optimized] target(s) in 4m 09s
build JE: CARGO_TARGET_DIR=/Users/koristuvac/Projects/topgun/topgun/target/spec372-je cargo build --release --features alloc-jemalloc --bin topgun-server
build JE: rc=0 wall_s=250
   Compiling topgun-server v2.0.0 (/Users/koristuvac/Projects/topgun/topgun/packages/server-rust)
      Timing report saved to /Users/koristuvac/Projects/topgun/topgun/target/spec372-je/cargo-timings/cargo-timing-20260922T113024.261234Z.html
    Finished `release` profile [optimized] target(s) in 4m 09s
build MI: CARGO_TARGET_DIR=/Users/koristuvac/Projects/topgun/topgun/target/spec372-mi cargo build --release --features alloc-mimalloc --bin topgun-server
build MI: rc=0 wall_s=247
   Compiling topgun-server v2.0.0 (/Users/koristuvac/Projects/topgun/topgun/packages/server-rust)
      Timing report saved to /Users/koristuvac/Projects/topgun/topgun/target/spec372-mi/cargo-timings/cargo-timing-20260922T113434.270308Z.html
    Finished `release` profile [optimized] target(s) in 4m 07s
build CA: CARGO_TARGET_DIR=/Users/koristuvac/Projects/topgun/topgun/target/spec372-ca cargo build --release --features count-alloc --bin topgun-server
build CA: rc=0 wall_s=245
   Compiling topgun-server v2.0.0 (/Users/koristuvac/Projects/topgun/topgun/packages/server-rust)
      Timing report saved to /Users/koristuvac/Projects/topgun/topgun/target/spec372-ca/cargo-timings/cargo-timing-20260922T113841.691923Z.html
    Finished `release` profile [optimized] target(s) in 4m 04s
build H: CARGO_TARGET_DIR=/Users/koristuvac/Projects/topgun/topgun/target/spec372-h cargo build --release --bench soak_harness
build H: rc=0 wall_s=249
   Compiling topgun-server v2.0.0 (/Users/koristuvac/Projects/topgun/topgun/packages/server-rust)
      Timing report saved to /Users/koristuvac/Projects/topgun/topgun/target/spec372-h/cargo-timings/cargo-timing-20260922T114246.420854Z.html
    Finished `release` profile [optimized] target(s) in 4m 09s
JEMALLOC_C_BUILD_S=27.3
flavour=SYS path=/Users/koristuvac/Projects/topgun/topgun/target/spec372-sys/release/topgun-server sha256=963b0ca9fa741a32d1d790af337332e57430ff81d13365361fc71f0e5a82e83d mtime=1790076623 recompiled=yes marker=ok
flavour=JE path=/Users/koristuvac/Projects/topgun/topgun/target/spec372-je/release/topgun-server sha256=fa60f730ad3dca92afaf5684942cd451a08c9672529034f15ad2451861c36dec mtime=1790076874 recompiled=yes marker=ok
flavour=MI path=/Users/koristuvac/Projects/topgun/topgun/target/spec372-mi/release/topgun-server sha256=829c986a80a31f232da88c1a461a773f0c2e0890bcede69d7f2b5d574efa5def mtime=1790077121 recompiled=yes marker=ok
flavour=CA path=/Users/koristuvac/Projects/topgun/topgun/target/spec372-ca/release/topgun-server sha256=b0a26dab458a5e33cb2e28b83837540aff2867e4faae10e9da5d53f7c607ec95 mtime=1790077366 recompiled=yes marker=ok
flavour=H path=/Users/koristuvac/Projects/topgun/topgun/target/spec372-h/release/deps/soak_harness-0379469b8a4255d8 sha256=ed0769d00ec582a033f152fa77aa74798df338440cb5ed16a4a773ec09fbe74d mtime=1790077542 recompiled=yes marker=ok
--- cell s1a at 2026-09-22T11:46:57Z
HOST uptime: 14:46  up 16:52, 1 user, load averages: 1.98 3.80 5.26
HOST memory_pressure: System-wide memory free percentage: 77%
HOST vm_stat: Mach Virtual Memory Statistics: (page size of 16384 bytes)
HOST vm_stat: Pages free:                                   301913.
HOST vm_stat: Pages active:                                 488599.
HOST vm_stat: Pages inactive:                               772981.
HOST vm_stat: Pages speculative:                             15394.
HOST vm_stat: Pages throttled:                                   0.
HOST vm_stat: Pages wired down:                             158346.
HOST vm_stat: Pages purgeable:                               39083.
HOST therm: Note: No thermal warning level has been recorded
HOST therm: Note: No performance warning level has been recorded
HOST therm: Note: No CPU power status has been recorded
cell s1a: RUNNER_EXIT=0
--- cell j1a at 2026-09-22T12:01:59Z
HOST uptime: 15:01  up 17:07, 1 user, load averages: 15.27 10.44 7.90
HOST memory_pressure: System-wide memory free percentage: 77%
HOST vm_stat: Mach Virtual Memory Statistics: (page size of 16384 bytes)
HOST vm_stat: Pages free:                                    48610.
HOST vm_stat: Pages active:                                 750825.
HOST vm_stat: Pages inactive:                               778429.
HOST vm_stat: Pages speculative:                               374.
HOST vm_stat: Pages throttled:                                   0.
HOST vm_stat: Pages wired down:                             167191.
HOST vm_stat: Pages purgeable:                               45269.
HOST therm: Note: No thermal warning level has been recorded
HOST therm: Note: No performance warning level has been recorded
HOST therm: Note: No CPU power status has been recorded
cell j1a: RUNNER_EXIT=0
--- cell m1a at 2026-09-22T12:17:01Z
HOST uptime: 15:17  up 17:22, 1 user, load averages: 6.08 6.78 7.18
HOST memory_pressure: System-wide memory free percentage: 79%
HOST vm_stat: Mach Virtual Memory Statistics: (page size of 16384 bytes)
HOST vm_stat: Pages free:                                   112835.
HOST vm_stat: Pages active:                                 742973.
HOST vm_stat: Pages inactive:                               749399.
HOST vm_stat: Pages speculative:                             10870.
HOST vm_stat: Pages throttled:                                   0.
HOST vm_stat: Pages wired down:                             138725.
HOST vm_stat: Pages purgeable:                               44738.
HOST therm: Note: No thermal warning level has been recorded
HOST therm: Note: No performance warning level has been recorded
HOST therm: Note: No CPU power status has been recorded
cell m1a: RUNNER_EXIT=0
--- cell k1 at 2026-09-22T12:32:03Z
HOST uptime: 15:32  up 17:37, 1 user, load averages: 10.85 9.46 8.35
HOST memory_pressure: System-wide memory free percentage: 79%
HOST vm_stat: Mach Virtual Memory Statistics: (page size of 16384 bytes)
HOST vm_stat: Pages free:                                   143332.
HOST vm_stat: Pages active:                                 735350.
HOST vm_stat: Pages inactive:                               740043.
HOST vm_stat: Pages speculative:                               421.
HOST vm_stat: Pages throttled:                                   0.
HOST vm_stat: Pages wired down:                             140626.
HOST vm_stat: Pages purgeable:                               47161.
HOST therm: Note: No thermal warning level has been recorded
HOST therm: Note: No performance warning level has been recorded
HOST therm: Note: No CPU power status has been recorded
cell k1: RUNNER_EXIT=0
--- cell j1b at 2026-09-22T12:47:06Z
HOST uptime: 15:47  up 17:52, 1 user, load averages: 6.70 6.78 7.10
HOST memory_pressure: System-wide memory free percentage: 77%
HOST vm_stat: Mach Virtual Memory Statistics: (page size of 16384 bytes)
HOST vm_stat: Pages free:                                    85805.
HOST vm_stat: Pages active:                                 747217.
HOST vm_stat: Pages inactive:                               746692.
HOST vm_stat: Pages speculative:                              9581.
HOST vm_stat: Pages throttled:                                   0.
HOST vm_stat: Pages wired down:                             173060.
HOST vm_stat: Pages purgeable:                               51344.
HOST therm: Note: No thermal warning level has been recorded
HOST therm: Note: No performance warning level has been recorded
HOST therm: Note: No CPU power status has been recorded
cell j1b: RUNNER_EXIT=0
--- cell m1b at 2026-09-22T13:02:08Z
HOST uptime: 16:02  up 18:07, 1 user, load averages: 4.43 5.31 6.18
HOST memory_pressure: System-wide memory free percentage: 78%
HOST vm_stat: Mach Virtual Memory Statistics: (page size of 16384 bytes)
HOST vm_stat: Pages free:                                    32289.
HOST vm_stat: Pages active:                                 781755.
HOST vm_stat: Pages inactive:                               776244.
HOST vm_stat: Pages speculative:                              4867.
HOST vm_stat: Pages throttled:                                   0.
HOST vm_stat: Pages wired down:                             168104.
HOST vm_stat: Pages purgeable:                               31369.
HOST therm: Note: No thermal warning level has been recorded
HOST therm: Note: No performance warning level has been recorded
HOST therm: Note: No CPU power status has been recorded
cell m1b: RUNNER_EXIT=0
--- cell s1b at 2026-09-22T13:17:10Z
HOST uptime: 16:17  up 18:22, 1 user, load averages: 10.57 11.17 9.50
HOST memory_pressure: System-wide memory free percentage: 78%
HOST vm_stat: Mach Virtual Memory Statistics: (page size of 16384 bytes)
HOST vm_stat: Pages free:                                    58911.
HOST vm_stat: Pages active:                                 768040.
HOST vm_stat: Pages inactive:                               765500.
HOST vm_stat: Pages speculative:                              2143.
HOST vm_stat: Pages throttled:                                   0.
HOST vm_stat: Pages wired down:                             170028.
HOST vm_stat: Pages purgeable:                               32241.
HOST therm: Note: No thermal warning level has been recorded
HOST therm: Note: No performance warning level has been recorded
HOST therm: Note: No CPU power status has been recorded
cell s1b: RUNNER_EXIT=0
wrote /Users/koristuvac/Projects/topgun/topgun/packages/server-rust/benches/soak_harness/evidence/spec372-s1a.predicates.txt /Users/koristuvac/Projects/topgun/topgun/packages/server-rust/benches/soak_harness/evidence/spec372-s1a.fits.txt /Users/koristuvac/Projects/topgun/topgun/packages/server-rust/benches/soak_harness/evidence/spec372-s1a.amp.txt /Users/koristuvac/Projects/topgun/topgun/packages/server-rust/benches/soak_harness/evidence/spec372-s1a.ampfp.csv
wrote /Users/koristuvac/Projects/topgun/topgun/packages/server-rust/benches/soak_harness/evidence/spec372-j1a.predicates.txt /Users/koristuvac/Projects/topgun/topgun/packages/server-rust/benches/soak_harness/evidence/spec372-j1a.fits.txt /Users/koristuvac/Projects/topgun/topgun/packages/server-rust/benches/soak_harness/evidence/spec372-j1a.amp.txt /Users/koristuvac/Projects/topgun/topgun/packages/server-rust/benches/soak_harness/evidence/spec372-j1a.ampfp.csv
wrote /Users/koristuvac/Projects/topgun/topgun/packages/server-rust/benches/soak_harness/evidence/spec372-m1a.predicates.txt /Users/koristuvac/Projects/topgun/topgun/packages/server-rust/benches/soak_harness/evidence/spec372-m1a.fits.txt /Users/koristuvac/Projects/topgun/topgun/packages/server-rust/benches/soak_harness/evidence/spec372-m1a.amp.txt /Users/koristuvac/Projects/topgun/topgun/packages/server-rust/benches/soak_harness/evidence/spec372-m1a.ampfp.csv
wrote /Users/koristuvac/Projects/topgun/topgun/packages/server-rust/benches/soak_harness/evidence/spec372-k1.predicates.txt /Users/koristuvac/Projects/topgun/topgun/packages/server-rust/benches/soak_harness/evidence/spec372-k1.fits.txt /Users/koristuvac/Projects/topgun/topgun/packages/server-rust/benches/soak_harness/evidence/spec372-k1.amp.txt /Users/koristuvac/Projects/topgun/topgun/packages/server-rust/benches/soak_harness/evidence/spec372-k1.ampfp.csv
wrote /Users/koristuvac/Projects/topgun/topgun/packages/server-rust/benches/soak_harness/evidence/spec372-j1b.predicates.txt /Users/koristuvac/Projects/topgun/topgun/packages/server-rust/benches/soak_harness/evidence/spec372-j1b.fits.txt /Users/koristuvac/Projects/topgun/topgun/packages/server-rust/benches/soak_harness/evidence/spec372-j1b.amp.txt /Users/koristuvac/Projects/topgun/topgun/packages/server-rust/benches/soak_harness/evidence/spec372-j1b.ampfp.csv
wrote /Users/koristuvac/Projects/topgun/topgun/packages/server-rust/benches/soak_harness/evidence/spec372-m1b.predicates.txt /Users/koristuvac/Projects/topgun/topgun/packages/server-rust/benches/soak_harness/evidence/spec372-m1b.fits.txt /Users/koristuvac/Projects/topgun/topgun/packages/server-rust/benches/soak_harness/evidence/spec372-m1b.amp.txt /Users/koristuvac/Projects/topgun/topgun/packages/server-rust/benches/soak_harness/evidence/spec372-m1b.ampfp.csv
wrote /Users/koristuvac/Projects/topgun/topgun/packages/server-rust/benches/soak_harness/evidence/spec372-s1b.predicates.txt /Users/koristuvac/Projects/topgun/topgun/packages/server-rust/benches/soak_harness/evidence/spec372-s1b.fits.txt /Users/koristuvac/Projects/topgun/topgun/packages/server-rust/benches/soak_harness/evidence/spec372-s1b.amp.txt /Users/koristuvac/Projects/topgun/topgun/packages/server-rust/benches/soak_harness/evidence/spec372-s1b.ampfp.csv
k.awk stage1 rc=0
decide.awk stage1 rc=0
STOP=FALSE
CELL_s1a=FP_end=74.782 S_end=460.813 RECLAIM_end=386.031 FP_slope=160.322857 S_slope=2327.469286 AMP_FP_TERM=1.105439 AMP_S_TERM=6.811811 OPS_PER_S=170.494 join_lag_s=0.4
HOST_s1a=load_1m=1.98 load_5m=3.80 load_15m=5.26 memory_free=77% therm=no_warning_recorded
CELL_j1a=FP_end=180.204 S_end=180.204 RECLAIM_end=0.000 FP_slope=594.197857 S_slope=594.197857 AMP_FP_TERM=2.652540 AMP_S_TERM=2.652540 OPS_PER_S=171.589 join_lag_s=0.4
HOST_j1a=load_1m=15.27 load_5m=10.44 load_15m=7.90 memory_free=77% therm=no_warning_recorded
CELL_m1a=FP_end=252.345 S_end=275.814 RECLAIM_end=23.469 FP_slope=855.842857 S_slope=884.337857 AMP_FP_TERM=3.692204 AMP_S_TERM=4.035592 OPS_PER_S=172.943 join_lag_s=0.3
HOST_m1a=load_1m=6.08 load_5m=6.78 load_15m=7.18 memory_free=79% therm=no_warning_recorded
CELL_k1=FP_end=51.922 S_end=176.719 RECLAIM_end=124.797 FP_slope=-17.801429 S_slope=382.566429 AMP_FP_TERM=0.732392 AMP_S_TERM=2.492731 OPS_PER_S=181.821 join_lag_s=0.2
HOST_k1=load_1m=10.85 load_5m=9.46 load_15m=8.35 memory_free=79% therm=no_warning_recorded
CELL_j1b=FP_end=165.954 S_end=165.954 RECLAIM_end=0.000 FP_slope=545.567143 S_slope=545.567143 AMP_FP_TERM=2.330716 AMP_S_TERM=2.330716 OPS_PER_S=182.742 join_lag_s=0.2
HOST_j1b=load_1m=6.70 load_5m=6.78 load_15m=7.10 memory_free=77% therm=no_warning_recorded
CELL_m1b=FP_end=272.641 S_end=300.766 RECLAIM_end=28.125 FP_slope=809.932857 S_slope=1073.208571 AMP_FP_TERM=3.904593 AMP_S_TERM=4.307381 OPS_PER_S=178.390 join_lag_s=0.4
HOST_m1b=load_1m=4.43 load_5m=5.31 load_15m=6.18 memory_free=78% therm=no_warning_recorded
CELL_s1b=FP_end=84.501 S_end=545.563 RECLAIM_end=461.062 FP_slope=-206.046429 S_slope=3205.222857 AMP_FP_TERM=1.247969 AMP_S_TERM=8.057253 OPS_PER_S=171.697 join_lag_s=0.4
HOST_s1b=load_1m=10.57 load_5m=11.17 load_15m=9.50 memory_free=78% therm=no_warning_recorded
S1_VERDICT_JE=SURVIVE worst_SYS_FP_end=84.501 worst_SYS_S_end=545.563
S1_VERDICT_MI=SURVIVE worst_SYS_FP_end=84.501 worst_SYS_S_end=545.563
JE_CONFIG_j1a=je_config version=5.3.1-0-g81034ce1f1373e37dc865038e1bc8eeecf559ce8 arenas_narenas=41 opt_narenas=40 opt_background_thread=false background_thread=n/a max_background_threads=n/a opt_tcache=true opt_tcache_max=32768 opt_dirty_decay_ms=n/a opt_muzzy_decay_ms=n/a opt_retain=n/a
JE_CONFIG_j1b=je_config version=5.3.1-0-g81034ce1f1373e37dc865038e1bc8eeecf559ce8 arenas_narenas=41 opt_narenas=40 opt_background_thread=false background_thread=n/a max_background_threads=n/a opt_tcache=true opt_tcache_max=32768 opt_dirty_decay_ms=n/a opt_muzzy_decay_ms=n/a opt_retain=n/a
WRITE_ERRORS=0
DISK_FREE_AT_START=82
OPS_RATIO_JE_S1=1.0064
OPS_RATIO_MI_S1=1.0144
OPS_RATIO_JE_S2=n/a reason=stage1
OPS_RATIO_MI_S2=n/a reason=stage1
S1_SURVIVORS=JE+MI
S1_RANK=JE
CHURN_RATIO=0.8721 points=15 window_s=480-900
CHURN_RATIO_DRIFT=0.8185
K_PROVISIONAL=FALSE
T_DECAY_UPPER_JE=8.7213
T_DECAY_UPPER_MI=0.8721
CV_JE=0.0913
CV_MI=0.0395
K_lo_JE=n/a reason=stage1
K_hi_JE=n/a reason=stage1
K_lo_MI=n/a reason=stage1
K_hi_MI=n/a reason=stage1
R_redb_s2=n/a reason=stage1
R_redb_j2=n/a reason=stage1
R_redb_m2=n/a reason=stage1
K_HI_VACUOUS_JE=n/a reason=stage1
K_HI_VACUOUS_MI=n/a reason=stage1
DIRTY_SHARE_j1a=0.264980
DIRTY_SHARE_j1b=0.213371
DIRTY_SHARE_j2=n/a reason=stage1
FRAG_SHARE_j1a=0.853146
FRAG_SHARE_j1b=0.761885
FRAG_SHARE_j2=n/a reason=stage1
EST_AGREE_900_j1a=1.2385
EST_AGREE_900_j1b=1.1821
UNMODELLED_REACHABLE_j1a=16.203 0.238504
UNMODELLED_REACHABLE_j1b=12.966 0.182105
UNMODELLED_REACHABLE_j2=n/a reason=stage1
AMP_FP_S2=n/a reason=stage1
AMP_S_S2=n/a reason=stage1
AMP_FP_JE=n/a reason=stage1
AMP_S_JE=n/a reason=stage1
AMP_JE=n/a reason=stage1
AMP_FP_MI=n/a reason=stage1
AMP_S_MI=n/a reason=stage1
TREND_JE=n/a reason=stage1
TREND_MI=n/a reason=stage1
TREND_JE_NATIVE=n/a reason=stage1
TREND_JE_LAST_THIRD=n/a reason=stage1
TREND_MI_LAST_THIRD=n/a reason=stage1
RECLAIM_SEMANTICS_SYS=n/a reason=stage1
JE_CONFIG=n/a reason=stage1
LEVEL_JE=n/a reason=stage1
LEVEL_MI=n/a reason=stage1
VS_SYS_JE=n/a reason=stage1
VS_SYS_MI=n/a reason=stage1
VS_SYS_S_JE=n/a reason=stage1
VS_SYS_S_MI=n/a reason=stage1
EST_PROVISIONAL=n/a reason=stage1
OPS_a2j=n/a reason=stage1
OPS_RATIO_a2j_vs_4h=n/a reason=stage1
VERDICT_JE=n/a reason=stage1
VERDICT_MI=n/a reason=stage1
RECLAIM_SEMANTICS_JE=n/a reason=stage1
RECLAIM_SEMANTICS_MI=n/a reason=stage1
JE_ESTIMATOR_AGREE=n/a reason=stage1
JOURNAL=n/a reason=stage1
PERF_JE=n/a reason=stage1
PERF_MI=n/a reason=stage1
SIZE_JE=n/a reason=stage1
SIZE_HEADROOM_JE=n/a reason=stage1
SIZE_MI=n/a reason=stage1
SIZE_HEADROOM_MI=n/a reason=stage1
BUILD_JE=n/a reason=stage1
BUILD_MI=n/a reason=stage1
DEFAULT_CANDIDATE=n/a reason=stage1
NEXT=n/a reason=stage1
S1_SURVIVORS decide=JE+MI k=JE+MI STOP=FALSE
chain end: 2026-09-22T13:32:13Z
CHAIN_RC=0
