== spec377-preflight start 2026-09-30T08:57:22Z apply=0 sys_root='' t_root='/opt/topgun/target' script=/opt/topgun/packages/server-rust/benches/soak_harness/evidence/spec377-preflight.sh
== identity
$ hostname -> 'topgun-bench'
$ nproc -> '4'
CHECK identity=PASS hostname=topgun-bench nproc=4
== isolation
$ pgrep -f 'dokploy|traefik|dockerd' -> rc=1 pids=''
unit dirs present=4; matching units=''
$ ss -Hltn (rc=0)
  LISTEN 0      128    0.0.0.0:22 0.0.0.0:*
  LISTEN 0      128       [::]:22    [::]:*
CHECK isolation=PASS no dokploy/traefik/dockerd process or unit; 8080 and 47376 free
== os
$ cat /etc/os-release
PRETTY_NAME="Debian GNU/Linux 12 (bookworm)"
NAME="Debian GNU/Linux"
VERSION_ID="12"
VERSION="12 (bookworm)"
VERSION_CODENAME=bookworm
ID=debian
HOME_URL="https://www.debian.org/"
SUPPORT_URL="https://www.debian.org/support"
BUG_REPORT_URL="https://bugs.debian.org/"
  (rc=0)
CHECK os=PASS uname=Linux VERSION_ID=12
== timers
$ systemctl list-timers --all --no-pager
NEXT                        LEFT     LAST                        PASSED        UNIT                         ACTIVATES
Thu 2026-10-01 00:00:00 UTC 15h left -                           -             dpkg-db-backup.timer         dpkg-db-backup.service
Thu 2026-10-01 00:00:00 UTC 15h left Wed 2026-09-30 08:10:55 UTC 46min ago     logrotate.timer              logrotate.service
Thu 2026-10-01 08:26:07 UTC 23h left Wed 2026-09-30 08:26:07 UTC 31min ago     systemd-tmpfiles-clean.timer systemd-tmpfiles-clean.service
-                           -        Mon 2026-09-28 10:44:10 UTC 1 day 22h ago apt-daily-upgrade.timer      apt-daily-upgrade.service
-                           -        Mon 2026-09-28 10:44:10 UTC 1 day 22h ago apt-daily.timer              apt-daily.service
-                           -        Mon 2026-09-28 10:44:10 UTC 1 day 22h ago e2scrub_all.timer            e2scrub_all.service
-                           -        Mon 2026-09-28 10:44:10 UTC 1 day 22h ago fstrim.timer                 fstrim.service
-                           -        Mon 2026-09-28 10:44:10 UTC 1 day 22h ago man-db.timer                 man-db.service

8 timers listed.
  (rc=0)
$ systemctl is-active apt-daily.timer -> 'inactive'
$ systemctl is-active apt-daily-upgrade.timer -> 'inactive'
$ systemctl is-active man-db.timer -> 'inactive'
$ systemctl is-active e2scrub_all.timer -> 'inactive'
$ systemctl is-active fstrim.timer -> 'inactive'
$ systemctl is-active unattended-upgrades.service -> 'inactive'
CHECK timers=PASS all inactive: apt-daily.timer apt-daily-upgrade.timer man-db.timer e2scrub_all.timer fstrim.timer unattended-upgrades.service
== load
poll 1: /proc/loadavg = '0.12 1.17 1.52 1/123 390451'
CHECK load=PASS load1=0.12 < 0.5 (poll 1)
== steal
/proc/stat steal,total: t0='0 1111480' t1='0 1115478'
CHECK steal=PASS steal_pct=0.0000 < 1 over 10 s
== swap
$ swapon --show (rc=0) -> ''
SwapTotal: 0 kB
CHECK swap=PASS swapon empty, SwapTotal: 0 kB
== thp
THP enabled: 'always [madvise] never'
THP defrag:  'always defer defer+madvise [madvise] never'
CHECK thp=PASS enabled=[madvise] defrag=[madvise]
== memory
$ head -8 /proc/meminfo
MemTotal:       15985096 kB
MemFree:         9851780 kB
MemAvailable:   15473584 kB
Buffers:          132376 kB
Cached:          5547616 kB
SwapCached:            0 kB
Active:          2744756 kB
Inactive:        2950320 kB
  (rc=0)
CHECK memory=PASS MemAvailable=15473584 kB >= 14680064
== disk
$ findmnt -no FSTYPE,OPTIONS --target /opt
ext4   rw,relatime,errors=remount-ro
  (rc=0)
$ df -Pk /opt -> available '140072548' KiB
CHECK disk=PASS /opt free=140072548 KiB >= 41943040
== clock
$ timedatectl show -p NTPSynchronized -> 'NTPSynchronized=yes'
CHECK clock=PASS NTPSynchronized=yes
== alloc_conf
/etc/_rjem_malloc.conf: absent (neither file nor symlink)
/etc/malloc.conf: absent (neither file nor symlink)
/etc/ld.so.preload: absent
JE archive candidates (1): /opt/topgun/target/spec377-JE-ser/release/build/tikv-jemalloc-sys-74d6d63ec4feb17d/out/lib/libjemalloc_pic.a
$ nm /opt/topgun/target/spec377-JE-ser/release/build/tikv-jemalloc-sys-74d6d63ec4feb17d/out/lib/libjemalloc_pic.a (rc=0, 18370 lines; stderr: '')
  nm: 0000000000000000 V _rjem_malloc_conf
  nm:                  U _rjem_malloc_conf
  nm:                  U _rjem_malloc_conf
nm _rjem_malloc_conf: weak_defaults=1 other_definitions=0
CHECK alloc_conf=PASS no /etc/_rjem_malloc.conf or /etc/malloc.conf, ld.so.preload absent or blank, nm: weak default only
== tools
command -v curl -> '/usr/bin/curl'
command -v strings -> '/usr/bin/strings'
command -v nm -> '/usr/bin/nm'
command -v shasum -> '/usr/bin/shasum'
command -v sha256sum -> '/usr/bin/sha256sum'
command -v pgrep -> '/usr/bin/pgrep'
command -v ss -> '/usr/bin/ss'
command -v original-awk -> '/usr/bin/original-awk'
command -v python3 -> '/usr/bin/python3'
command -v git -> '/usr/bin/git'
command -v cargo -> '/root/.cargo/bin/cargo'
command -v rustc -> '/root/.cargo/bin/rustc'
CHECK tools=PASS all present
== recorded (not gates)
$ uname -r
6.1.0-52-amd64
  (rc=0)
$ lscpu
Architecture:                            x86_64
CPU op-mode(s):                          32-bit, 64-bit
Address sizes:                           40 bits physical, 48 bits virtual
Byte Order:                              Little Endian
CPU(s):                                  4
On-line CPU(s) list:                     0-3
Vendor ID:                               AuthenticAMD
BIOS Vendor ID:                          QEMU
Model name:                              AMD EPYC-Milan Processor
BIOS Model name:                         NotSpecified  CPU @ 2.0GHz
BIOS CPU family:                         1
CPU family:                              25
Model:                                   1
Thread(s) per core:                      2
Core(s) per socket:                      2
Socket(s):                               1
Stepping:                                1
BogoMIPS:                                4799.99
Flags:                                   fpu vme de pse tsc msr pae mce cx8 apic sep mtrr pge mca cmov pat pse36 clflush mmx fxsr sse sse2 ht syscall nx mmxext fxsr_opt pdpe1gb rdtscp lm rep_good nopl cpuid extd_apicid tsc_known_freq pni pclmulqdq ssse3 fma cx16 pcid sse4_1 sse4_2 x2apic movbe popcnt aes xsave avx f16c rdrand hypervisor lahf_lm cmp_legacy cr8_legacy abm sse4a misalignsse 3dnowprefetch osvw topoext perfctr_core invpcid_single ssbd ibrs ibpb stibp vmmcall fsgsbase bmi1 avx2 smep bmi2 erms invpcid rdseed adx smap clflushopt clwb sha_ni xsaveopt xsavec xgetbv1 xsaves clzero xsaveerptr wbnoinvd arat umip pku ospke rdpid fsrm
Hypervisor vendor:                       KVM
Virtualization type:                     full
L1d cache:                               64 KiB (2 instances)
L1i cache:                               64 KiB (2 instances)
L2 cache:                                1 MiB (2 instances)
L3 cache:                                32 MiB (1 instance)
NUMA node(s):                            1
NUMA node0 CPU(s):                       0-3
Vulnerability Gather data sampling:      Not affected
Vulnerability Indirect target selection: Not affected
Vulnerability Itlb multihit:             Not affected
Vulnerability L1tf:                      Not affected
Vulnerability Mds:                       Not affected
Vulnerability Meltdown:                  Not affected
Vulnerability Mmio stale data:           Not affected
Vulnerability Reg file data sampling:    Not affected
Vulnerability Retbleed:                  Not affected
Vulnerability Spec rstack overflow:      Mitigation; safe RET
Vulnerability Spec store bypass:         Mitigation; Speculative Store Bypass disabled via prctl
Vulnerability Spectre v1:                Mitigation; usercopy/swapgs barriers and __user pointer sanitization
Vulnerability Spectre v2:                Mitigation; Retpolines; IBPB conditional; IBRS_FW; STIBP conditional; RSB filling; PBRSB-eIBRS Not affected; BHI Not affected
Vulnerability Srbds:                     Not affected
Vulnerability Tsa:                       Vulnerable: Clear CPU buffers attempted, no microcode
Vulnerability Tsx async abort:           Not affected
Vulnerability Vmscape:                   Not affected
  (rc=0)
$ sh -c ldd --version 2>&1 | head -1
ldd (Debian GLIBC 2.36-9+deb12u14) 2.36
  (rc=0)
$ sysctl vm.overcommit_memory vm.max_map_count
vm.overcommit_memory = 0
vm.max_map_count = 65530
  (rc=0)
$ sh -c grep -H . /proc/sys/vm/overcommit_*
/proc/sys/vm/overcommit_kbytes:0
/proc/sys/vm/overcommit_memory:0
/proc/sys/vm/overcommit_ratio:50
  (rc=0)
$ sh -c ps -eo pcpu,comm --sort=-pcpu | head -6
%CPU COMMAND
14.2 systemd-timedat
 1.2 jbd2/sda1-8
 0.4 bash
 0.3 systemd
 0.2 kworker/2:1H-kblockd
  (rc=0)
awk resolves to: '/usr/bin/awk'
$ sh -c original-awk -version 2>&1 | head -1
awk version 20220912
  (rc=0)
$ dpkg-query -W original-awk
original-awk	2022-09-12-1
  (rc=0)
PREFLIGHT=PASS PREFLIGHT_AT=2026-09-30T08:57:32Z
