=== TopGun soak harness (G4b / TODO-484) ===
duration=14400s churn_clients=6 keyspace=200 crash_interval=None steady_interval=300s wal_fsync=batched or_churn=true
starting server (port 47355, data /Users/koristuvac/Projects/topgun/topgun/target/spec355-long-data) ...
[tracker 2000000] confirm_apply error: server closed connection while waiting for ORMAP_SYNC_RESP_ROOT
[tracker 2000000] confirm_apply error: server closed connection while waiting for ORMAP_SYNC_RESP_ROOT
[tracker 2000000] confirm_apply error: server closed connection while waiting for ORMAP_SYNC_RESP_ROOT
[tracker 2000000] confirm_apply error: server closed connection while waiting for ORMAP_SYNC_RESP_ROOT
[   303s] steady   writes=49997 errs=0 reconnects=253 crashes=0 steady=1 recovery=0 converged=true confirms=146 lastEpoch=11 confirmErrs=4 rss=98MB(peak 98)
[tracker 2000000] confirm_apply error: server closed connection while waiting for ORMAP_SYNC_RESP_ROOT
[tracker 2000000] confirm_apply error: server closed connection while waiting for ORMAP_SYNC_RESP_ROOT
[tracker 2000000] confirm_apply error: server closed connection while waiting for ORMAP_SYNC_RESP_ROOT
[tracker 2000000] confirm_apply error: server closed connection while waiting for ORMAP_SYNC_RESP_ROOT
[   603s] steady   writes=96363 errs=0 reconnects=486 crashes=0 steady=2 recovery=0 converged=true confirms=290 lastEpoch=21 confirmErrs=8 rss=266MB(peak 266)
[tracker 2000000] confirm_apply error: server closed connection while waiting for ORMAP_SYNC_RESP_ROOT
[tracker 2000000] confirm_apply error: server closed connection while waiting for ORMAP_SYNC_RESP_ROOT
[tracker 2000000] confirm_apply error: server closed connection while waiting for ORMAP_SYNC_RESP_ROOT
[tracker 2000000] confirm_apply error: server closed connection while waiting for ORMAP_SYNC_RESP_ROOT
[   903s] steady   writes=141982 errs=0 reconnects=714 crashes=0 steady=3 recovery=0 converged=true confirms=434 lastEpoch=30 confirmErrs=12 rss=422MB(peak 422)
[tracker 2000000] confirm_apply error: server closed connection while waiting for ORMAP_SYNC_RESP_ROOT
[tracker 2000000] confirm_apply error: server closed connection while waiting for ORMAP_SYNC_RESP_ROOT
[tracker 2000000] confirm_apply error: server closed connection while waiting for ORMAP_SYNC_RESP_ROOT
[tracker 2000000] confirm_apply error: server closed connection while waiting for ORMAP_SYNC_RESP_ROOT
[tracker 2000000] confirm_apply error: server closed connection while waiting for ORMAP_SYNC_RESP_ROOT
[  1203s] steady   writes=187209 errs=0 reconnects=947 crashes=0 steady=4 recovery=0 converged=true confirms=577 lastEpoch=39 confirmErrs=17 rss=621MB(peak 621)
[tracker 2000000] confirm_apply error: server closed connection while waiting for ORMAP_SYNC_RESP_ROOT
[tracker 2000000] confirm_apply error: server closed connection while waiting for ORMAP_SYNC_RESP_ROOT
[tracker 2000000] confirm_apply error: server closed connection while waiting for ORMAP_SYNC_RESP_ROOT
[tracker 2000000] confirm_apply error: server closed connection while waiting for ORMAP_SYNC_RESP_ROOT
[  1503s] steady   writes=232883 errs=0 reconnects=1180 crashes=0 steady=5 recovery=0 converged=true confirms=721 lastEpoch=48 confirmErrs=21 rss=842MB(peak 842)
[tracker 2000000] confirm_apply error: server closed connection while waiting for ORMAP_SYNC_RESP_ROOT
[tracker 2000000] confirm_apply error: server closed connection while waiting for ORMAP_SYNC_RESP_ROOT
[tracker 2000000] confirm_apply error: server closed connection while waiting for ORMAP_SYNC_RESP_ROOT
[tracker 2000000] confirm_apply error: server closed connection while waiting for ORMAP_SYNC_RESP_ROOT
[  1803s] steady   writes=278238 errs=0 reconnects=1409 crashes=0 steady=6 recovery=0 converged=true confirms=865 lastEpoch=57 confirmErrs=25 rss=1101MB(peak 1101)
[tracker 2000000] confirm_apply error: server closed connection while waiting for ORMAP_SYNC_RESP_ROOT
[tracker 2000000] confirm_apply error: server closed connection while waiting for ORMAP_SYNC_RESP_ROOT
[tracker 2000000] confirm_apply error: server closed connection while waiting for ORMAP_SYNC_RESP_ROOT
[tracker 2000000] confirm_apply error: server closed connection while waiting for ORMAP_SYNC_RESP_ROOT
[  2103s] steady   writes=324142 errs=0 reconnects=1642 crashes=0 steady=7 recovery=0 converged=true confirms=1009 lastEpoch=66 confirmErrs=29 rss=1378MB(peak 1378)
[tracker 2000000] confirm_apply error: server closed connection while waiting for ORMAP_SYNC_RESP_ROOT
[tracker 2000000] confirm_apply error: server closed connection while waiting for ORMAP_SYNC_RESP_ROOT
[tracker 2000000] confirm_apply error: server closed connection while waiting for ORMAP_SYNC_RESP_ROOT
[tracker 2000000] confirm_apply error: server closed connection while waiting for ORMAP_SYNC_RESP_ROOT
[tracker 2000000] confirm_apply error: server closed connection while waiting for ORMAP_SYNC_RESP_ROOT
[  2403s] steady   writes=370150 errs=0 reconnects=1875 crashes=0 steady=8 recovery=0 converged=true confirms=1152 lastEpoch=76 confirmErrs=34 rss=1670MB(peak 1670)
[tracker 2000000] confirm_apply error: server closed connection while waiting for ORMAP_SYNC_RESP_ROOT
[tracker 2000000] confirm_apply error: server closed connection while waiting for ORMAP_SYNC_RESP_ROOT
[tracker 2000000] confirm_apply error: server closed connection while waiting for ORMAP_SYNC_RESP_ROOT
[tracker 2000000] confirm_apply error: server closed connection while waiting for ORMAP_SYNC_RESP_ROOT
[  2703s] steady   writes=416194 errs=0 reconnects=2112 crashes=0 steady=9 recovery=0 converged=true confirms=1296 lastEpoch=85 confirmErrs=38 rss=1704MB(peak 1704)
[tracker 2000000] confirm_apply error: server closed connection while waiting for ORMAP_SYNC_RESP_ROOT
[tracker 2000000] confirm_apply error: server closed connection while waiting for ORMAP_SYNC_RESP_ROOT
[tracker 2000000] confirm_apply error: server closed connection while waiting for ORMAP_SYNC_RESP_ROOT
[tracker 2000000] confirm_apply error: server closed connection while waiting for ORMAP_SYNC_RESP_ROOT
[  3003s] steady   writes=462380 errs=0 reconnects=2346 crashes=0 steady=10 recovery=0 converged=true confirms=1440 lastEpoch=94 confirmErrs=42 rss=1844MB(peak 1844)
[tracker 2000000] confirm_apply error: server closed connection while waiting for ORMAP_SYNC_RESP_ROOT
[tracker 2000000] confirm_apply error: server closed connection while waiting for ORMAP_SYNC_RESP_ROOT
[tracker 2000000] confirm_apply error: server closed connection while waiting for ORMAP_SYNC_RESP_ROOT
[tracker 2000000] confirm_apply error: server closed connection while waiting for ORMAP_SYNC_RESP_ROOT
[tracker 2000000] confirm_apply error: server closed connection while waiting for ORMAP_SYNC_RESP_ROOT
[  3303s] steady   writes=508913 errs=0 reconnects=2585 crashes=0 steady=11 recovery=0 converged=true confirms=1583 lastEpoch=103 confirmErrs=47 rss=2036MB(peak 2036)
[tracker 2000000] confirm_apply error: server closed connection while waiting for ORMAP_SYNC_RESP_ROOT
[tracker 2000000] confirm_apply error: server closed connection while waiting for ORMAP_SYNC_RESP_ROOT
[tracker 2000000] confirm_apply error: server closed connection while waiting for ORMAP_SYNC_RESP_ROOT
[tracker 2000000] confirm_apply error: server closed connection while waiting for ORMAP_SYNC_RESP_ROOT
[  3603s] steady   writes=555643 errs=0 reconnects=2823 crashes=0 steady=12 recovery=0 converged=true confirms=1727 lastEpoch=113 confirmErrs=51 rss=2121MB(peak 2121)
[tracker 2000000] confirm_apply error: server closed connection while waiting for ORMAP_SYNC_RESP_ROOT
[tracker 2000000] confirm_apply error: server closed connection while waiting for ORMAP_SYNC_RESP_ROOT
[tracker 2000000] confirm_apply error: server closed connection while waiting for ORMAP_SYNC_RESP_ROOT
[tracker 2000000] confirm_apply error: server closed connection while waiting for ORMAP_SYNC_RESP_ROOT
[  3903s] steady   writes=603249 errs=0 reconnects=3066 crashes=0 steady=13 recovery=0 converged=true confirms=1871 lastEpoch=122 confirmErrs=55 rss=2203MB(peak 2203)
[tracker 2000000] confirm_apply error: server closed connection while waiting for ORMAP_SYNC_RESP_ROOT
[tracker 2000000] confirm_apply error: server closed connection while waiting for ORMAP_SYNC_RESP_ROOT
[tracker 2000000] confirm_apply error: server closed connection while waiting for ORMAP_SYNC_RESP_ROOT
[tracker 2000000] confirm_apply error: server closed connection while waiting for ORMAP_SYNC_RESP_ROOT
[  4203s] steady   writes=650064 errs=0 reconnects=3304 crashes=0 steady=14 recovery=0 converged=true confirms=2015 lastEpoch=131 confirmErrs=59 rss=2291MB(peak 2291)
[tracker 2000000] confirm_apply error: server closed connection while waiting for ORMAP_SYNC_RESP_ROOT
[tracker 2000000] confirm_apply error: server closed connection while waiting for ORMAP_SYNC_RESP_ROOT
[tracker 2000000] confirm_apply error: server closed connection while waiting for ORMAP_SYNC_RESP_ROOT
[tracker 2000000] confirm_apply error: server closed connection while waiting for ORMAP_SYNC_RESP_ROOT
[tracker 2000000] confirm_apply error: server closed connection while waiting for ORMAP_SYNC_RESP_ROOT
[  4503s] steady   writes=698071 errs=0 reconnects=3549 crashes=0 steady=15 recovery=0 converged=true confirms=2158 lastEpoch=141 confirmErrs=64 rss=2367MB(peak 2367)
[tracker 2000000] confirm_apply error: server closed connection while waiting for ORMAP_SYNC_RESP_ROOT
[tracker 2000000] confirm_apply error: server closed connection while waiting for ORMAP_SYNC_RESP_ROOT
[tracker 2000000] confirm_apply error: server closed connection while waiting for ORMAP_SYNC_RESP_ROOT
[tracker 2000000] confirm_apply error: server closed connection while waiting for ORMAP_SYNC_RESP_ROOT
[  4803s] steady   writes=745272 errs=0 reconnects=3790 crashes=0 steady=16 recovery=0 converged=true confirms=2302 lastEpoch=150 confirmErrs=68 rss=2453MB(peak 2453)
[tracker 2000000] confirm_apply error: server closed connection while waiting for ORMAP_SYNC_RESP_ROOT
[tracker 2000000] confirm_apply error: server closed connection while waiting for ORMAP_SYNC_RESP_ROOT
[tracker 2000000] confirm_apply error: server closed connection while waiting for ORMAP_SYNC_RESP_ROOT
[tracker 2000000] confirm_apply error: server closed connection while waiting for ORMAP_SYNC_RESP_ROOT
[  5103s] steady   writes=793727 errs=0 reconnects=4037 crashes=0 steady=17 recovery=0 converged=true confirms=2446 lastEpoch=160 confirmErrs=72 rss=2545MB(peak 2545)
[tracker 2000000] confirm_apply error: server closed connection while waiting for ORMAP_SYNC_RESP_ROOT
[tracker 2000000] confirm_apply error: server closed connection while waiting for ORMAP_SYNC_RESP_ROOT
[tracker 2000000] confirm_apply error: server closed connection while waiting for ORMAP_SYNC_RESP_ROOT
[tracker 2000000] confirm_apply error: server closed connection while waiting for ORMAP_SYNC_RESP_ROOT
[tracker 2000000] confirm_apply error: server closed connection while waiting for ORMAP_SYNC_RESP_ROOT
[  5403s] steady   writes=841031 errs=0 reconnects=4279 crashes=0 steady=18 recovery=0 converged=true confirms=2589 lastEpoch=170 confirmErrs=77 rss=2637MB(peak 2637)
[tracker 2000000] confirm_apply error: server closed connection while waiting for ORMAP_SYNC_RESP_ROOT
[tracker 2000000] confirm_apply error: server closed connection while waiting for ORMAP_SYNC_RESP_ROOT
[tracker 2000000] confirm_apply error: server closed connection while waiting for ORMAP_SYNC_RESP_ROOT
[tracker 2000000] confirm_apply error: server closed connection while waiting for ORMAP_SYNC_RESP_ROOT
[  5703s] steady   writes=888129 errs=0 reconnects=4517 crashes=0 steady=19 recovery=0 converged=true confirms=2733 lastEpoch=179 confirmErrs=81 rss=2721MB(peak 2721)
[tracker 2000000] confirm_apply error: server closed connection while waiting for ORMAP_SYNC_RESP_ROOT
[tracker 2000000] confirm_apply error: server closed connection while waiting for ORMAP_SYNC_RESP_ROOT
[tracker 2000000] confirm_apply error: server closed connection while waiting for ORMAP_SYNC_RESP_ROOT
[tracker 2000000] confirm_apply error: server closed connection while waiting for ORMAP_SYNC_RESP_ROOT
[  6003s] steady   writes=936597 errs=0 reconnects=4765 crashes=0 steady=20 recovery=0 converged=true confirms=2877 lastEpoch=189 confirmErrs=85 rss=2812MB(peak 2812)
[tracker 2000000] confirm_apply error: server closed connection while waiting for ORMAP_SYNC_RESP_ROOT
[tracker 2000000] confirm_apply error: server closed connection while waiting for ORMAP_SYNC_RESP_ROOT
[tracker 2000000] confirm_apply error: server closed connection while waiting for ORMAP_SYNC_RESP_ROOT
[tracker 2000000] confirm_apply error: server closed connection while waiting for ORMAP_SYNC_RESP_ROOT
[  6303s] steady   writes=983799 errs=0 reconnects=5007 crashes=0 steady=21 recovery=0 converged=true confirms=3021 lastEpoch=198 confirmErrs=89 rss=2894MB(peak 2894)
[tracker 2000000] confirm_apply error: server closed connection while waiting for ORMAP_SYNC_RESP_ROOT
[tracker 2000000] confirm_apply error: server closed connection while waiting for ORMAP_SYNC_RESP_ROOT
[tracker 2000000] confirm_apply error: server closed connection while waiting for ORMAP_SYNC_RESP_ROOT
[tracker 2000000] confirm_apply error: server closed connection while waiting for ORMAP_SYNC_RESP_ROOT
[tracker 2000000] confirm_apply error: server closed connection while waiting for ORMAP_SYNC_RESP_ROOT
[  6603s] steady   writes=1032320 errs=0 reconnects=5254 crashes=0 steady=22 recovery=0 converged=true confirms=3164 lastEpoch=208 confirmErrs=94 rss=3026MB(peak 3026)
[tracker 2000000] confirm_apply error: server closed connection while waiting for ORMAP_SYNC_RESP_ROOT
[tracker 2000000] confirm_apply error: server closed connection while waiting for ORMAP_SYNC_RESP_ROOT
[tracker 2000000] confirm_apply error: server closed connection while waiting for ORMAP_SYNC_RESP_ROOT
[tracker 2000000] confirm_apply error: server closed connection while waiting for ORMAP_SYNC_RESP_ROOT
[  6903s] steady   writes=1079847 errs=0 reconnects=5496 crashes=0 steady=23 recovery=0 converged=true confirms=3309 lastEpoch=217 confirmErrs=98 rss=3110MB(peak 3110)
[tracker 2000000] confirm_apply error: server closed connection while waiting for ORMAP_SYNC_RESP_ROOT
[tracker 2000000] confirm_apply error: server closed connection while waiting for ORMAP_SYNC_RESP_ROOT
[tracker 2000000] confirm_apply error: server closed connection while waiting for ORMAP_SYNC_RESP_ROOT
[tracker 2000000] confirm_apply error: server closed connection while waiting for ORMAP_SYNC_RESP_ROOT
[  7203s] steady   writes=1127949 errs=0 reconnects=5740 crashes=0 steady=24 recovery=0 converged=true confirms=3452 lastEpoch=227 confirmErrs=102 rss=3240MB(peak 3240)
[tracker 2000000] confirm_apply error: server closed connection while waiting for ORMAP_SYNC_RESP_ROOT
[tracker 2000000] confirm_apply error: server closed connection while waiting for ORMAP_SYNC_RESP_ROOT
[tracker 2000000] confirm_apply error: server closed connection while waiting for ORMAP_SYNC_RESP_ROOT
[tracker 2000000] confirm_apply error: server closed connection while waiting for ORMAP_SYNC_RESP_ROOT
[tracker 2000000] confirm_apply error: server closed connection while waiting for ORMAP_SYNC_RESP_ROOT
[  7503s] steady   writes=1175212 errs=0 reconnects=5981 crashes=0 steady=25 recovery=0 converged=true confirms=3595 lastEpoch=236 confirmErrs=107 rss=3338MB(peak 3338)
[tracker 2000000] confirm_apply error: server closed connection while waiting for ORMAP_SYNC_RESP_ROOT
[tracker 2000000] confirm_apply error: server closed connection while waiting for ORMAP_SYNC_RESP_ROOT
[tracker 2000000] confirm_apply error: server closed connection while waiting for ORMAP_SYNC_RESP_ROOT
[tracker 2000000] confirm_apply error: server closed connection while waiting for ORMAP_SYNC_RESP_ROOT
[  7803s] steady   writes=1222815 errs=0 reconnects=6223 crashes=0 steady=26 recovery=0 converged=true confirms=3739 lastEpoch=246 confirmErrs=111 rss=3462MB(peak 3462)
[tracker 2000000] confirm_apply error: server closed connection while waiting for ORMAP_SYNC_RESP_ROOT
[tracker 2000000] confirm_apply error: server closed connection while waiting for ORMAP_SYNC_RESP_ROOT
[tracker 2000000] confirm_apply error: server closed connection while waiting for ORMAP_SYNC_RESP_ROOT
[tracker 2000000] confirm_apply error: server closed connection while waiting for ORMAP_SYNC_RESP_ROOT
[  8103s] steady   writes=1271705 errs=0 reconnects=6473 crashes=0 steady=27 recovery=0 converged=true confirms=3883 lastEpoch=256 confirmErrs=115 rss=3571MB(peak 3571)
[tracker 2000000] confirm_apply error: server closed connection while waiting for ORMAP_SYNC_RESP_ROOT
[tracker 2000000] confirm_apply error: server closed connection while waiting for ORMAP_SYNC_RESP_ROOT
[tracker 2000000] confirm_apply error: server closed connection while waiting for ORMAP_SYNC_RESP_ROOT
[tracker 2000000] confirm_apply error: server closed connection while waiting for ORMAP_SYNC_RESP_ROOT
[  8403s] steady   writes=1319901 errs=0 reconnects=6715 crashes=0 steady=28 recovery=0 converged=true confirms=4027 lastEpoch=265 confirmErrs=119 rss=3664MB(peak 3664)
[tracker 2000000] confirm_apply error: server closed connection while waiting for ORMAP_SYNC_RESP_ROOT
[tracker 2000000] confirm_apply error: server closed connection while waiting for ORMAP_SYNC_RESP_ROOT
[tracker 2000000] confirm_apply error: server closed connection while waiting for ORMAP_SYNC_RESP_ROOT
[tracker 2000000] confirm_apply error: server closed connection while waiting for ORMAP_SYNC_RESP_ROOT
[tracker 2000000] confirm_apply error: server closed connection while waiting for ORMAP_SYNC_RESP_ROOT
[  8703s] steady   writes=1368435 errs=0 reconnects=6964 crashes=0 steady=29 recovery=0 converged=true confirms=4170 lastEpoch=275 confirmErrs=124 rss=3783MB(peak 3783)
[tracker 2000000] confirm_apply error: server closed connection while waiting for ORMAP_SYNC_RESP_ROOT
[tracker 2000000] confirm_apply error: server closed connection while waiting for ORMAP_SYNC_RESP_ROOT
[tracker 2000000] confirm_apply error: server closed connection while waiting for ORMAP_SYNC_RESP_ROOT
[tracker 2000000] confirm_apply error: server closed connection while waiting for ORMAP_SYNC_RESP_ROOT
[  9003s] steady   writes=1417062 errs=0 reconnects=7211 crashes=0 steady=30 recovery=0 converged=true confirms=4314 lastEpoch=285 confirmErrs=128 rss=3871MB(peak 3871)
[tracker 2000000] confirm_apply error: server closed connection while waiting for ORMAP_SYNC_RESP_ROOT
[tracker 2000000] confirm_apply error: server closed connection while waiting for ORMAP_SYNC_RESP_ROOT
[tracker 2000000] confirm_apply error: server closed connection while waiting for ORMAP_SYNC_RESP_ROOT
[tracker 2000000] confirm_apply error: server closed connection while waiting for ORMAP_SYNC_RESP_ROOT
[  9303s] steady   writes=1464693 errs=0 reconnects=7452 crashes=0 steady=31 recovery=0 converged=true confirms=4458 lastEpoch=294 confirmErrs=132 rss=3958MB(peak 3958)
[tracker 2000000] confirm_apply error: server closed connection while waiting for ORMAP_SYNC_RESP_ROOT
[tracker 2000000] confirm_apply error: server closed connection while waiting for ORMAP_SYNC_RESP_ROOT
[tracker 2000000] confirm_apply error: server closed connection while waiting for ORMAP_SYNC_RESP_ROOT
[tracker 2000000] confirm_apply error: server closed connection while waiting for ORMAP_SYNC_RESP_ROOT
[tracker 2000000] confirm_apply error: server closed connection while waiting for ORMAP_SYNC_RESP_ROOT
[  9603s] steady   writes=1513352 errs=0 reconnects=7702 crashes=0 steady=32 recovery=0 converged=true confirms=4602 lastEpoch=304 confirmErrs=137 rss=4077MB(peak 4077)
[tracker 2000000] confirm_apply error: server closed connection while waiting for ORMAP_SYNC_RESP_ROOT
[tracker 2000000] confirm_apply error: server closed connection while waiting for ORMAP_SYNC_RESP_ROOT
[tracker 2000000] confirm_apply error: server closed connection while waiting for ORMAP_SYNC_RESP_ROOT
[tracker 2000000] confirm_apply error: server closed connection while waiting for ORMAP_SYNC_RESP_ROOT
[  9903s] steady   writes=1561758 errs=0 reconnects=7950 crashes=0 steady=33 recovery=0 converged=true confirms=4745 lastEpoch=314 confirmErrs=141 rss=4192MB(peak 4192)
[tracker 2000000] confirm_apply error: server closed connection while waiting for ORMAP_SYNC_RESP_ROOT
[tracker 2000000] confirm_apply error: server closed connection while waiting for ORMAP_SYNC_RESP_ROOT
[tracker 2000000] confirm_apply error: server closed connection while waiting for ORMAP_SYNC_RESP_ROOT
[tracker 2000000] confirm_apply error: server closed connection while waiting for ORMAP_SYNC_RESP_ROOT
[ 10203s] steady   writes=1609482 errs=0 reconnects=8195 crashes=0 steady=34 recovery=0 converged=true confirms=4889 lastEpoch=323 confirmErrs=145 rss=4312MB(peak 4312)
[tracker 2000000] confirm_apply error: server closed connection while waiting for ORMAP_SYNC_RESP_ROOT
[tracker 2000000] confirm_apply error: server closed connection while waiting for ORMAP_SYNC_RESP_ROOT
[tracker 2000000] confirm_apply error: server closed connection while waiting for ORMAP_SYNC_RESP_ROOT
[tracker 2000000] confirm_apply error: server closed connection while waiting for ORMAP_SYNC_RESP_ROOT
[ 10503s] steady   writes=1658305 errs=0 reconnects=8444 crashes=0 steady=35 recovery=0 converged=true confirms=5033 lastEpoch=333 confirmErrs=149 rss=4427MB(peak 4427)
[tracker 2000000] confirm_apply error: server closed connection while waiting for ORMAP_SYNC_RESP_ROOT
[tracker 2000000] confirm_apply error: server closed connection while waiting for ORMAP_SYNC_RESP_ROOT
[tracker 2000000] confirm_apply error: server closed connection while waiting for ORMAP_SYNC_RESP_ROOT
[tracker 2000000] confirm_apply error: server closed connection while waiting for ORMAP_SYNC_RESP_ROOT
[tracker 2000000] confirm_apply error: server closed connection while waiting for ORMAP_SYNC_RESP_ROOT
[ 10803s] steady   writes=1706100 errs=0 reconnects=8687 crashes=0 steady=36 recovery=0 converged=true confirms=5176 lastEpoch=343 confirmErrs=154 rss=4523MB(peak 4523)
[tracker 2000000] confirm_apply error: server closed connection while waiting for ORMAP_SYNC_RESP_ROOT
[tracker 2000000] confirm_apply error: server closed connection while waiting for ORMAP_SYNC_RESP_ROOT
[tracker 2000000] confirm_apply error: server closed connection while waiting for ORMAP_SYNC_RESP_ROOT
[tracker 2000000] confirm_apply error: server closed connection while waiting for ORMAP_SYNC_RESP_ROOT
[ 11103s] steady   writes=1754870 errs=0 reconnects=8937 crashes=0 steady=37 recovery=0 converged=true confirms=5320 lastEpoch=352 confirmErrs=158 rss=4677MB(peak 4677)
[tracker 2000000] confirm_apply error: server closed connection while waiting for ORMAP_SYNC_RESP_ROOT
[tracker 2000000] confirm_apply error: server closed connection while waiting for ORMAP_SYNC_RESP_ROOT
[tracker 2000000] confirm_apply error: server closed connection while waiting for ORMAP_SYNC_RESP_ROOT
[tracker 2000000] confirm_apply error: server closed connection while waiting for ORMAP_SYNC_RESP_ROOT
[ 11403s] steady   writes=1803559 errs=0 reconnects=9184 crashes=0 steady=38 recovery=0 converged=true confirms=5464 lastEpoch=362 confirmErrs=162 rss=4798MB(peak 4798)
[tracker 2000000] confirm_apply error: server closed connection while waiting for ORMAP_SYNC_RESP_ROOT
[tracker 2000000] confirm_apply error: server closed connection while waiting for ORMAP_SYNC_RESP_ROOT
[tracker 2000000] confirm_apply error: server closed connection while waiting for ORMAP_SYNC_RESP_ROOT
[tracker 2000000] confirm_apply error: server closed connection while waiting for ORMAP_SYNC_RESP_ROOT
[tracker 2000000] confirm_apply error: server closed connection while waiting for ORMAP_SYNC_RESP_ROOT
[ 11703s] steady   writes=1851608 errs=0 reconnects=9427 crashes=0 steady=39 recovery=0 converged=true confirms=5608 lastEpoch=372 confirmErrs=167 rss=4903MB(peak 4903)
[tracker 2000000] confirm_apply error: server closed connection while waiting for ORMAP_SYNC_RESP_ROOT
[tracker 2000000] confirm_apply error: server closed connection while waiting for ORMAP_SYNC_RESP_ROOT
[tracker 2000000] confirm_apply error: server closed connection while waiting for ORMAP_SYNC_RESP_ROOT
[tracker 2000000] confirm_apply error: server closed connection while waiting for ORMAP_SYNC_RESP_ROOT
[ 12003s] steady   writes=1899374 errs=0 reconnects=9670 crashes=0 steady=40 recovery=0 converged=true confirms=5751 lastEpoch=381 confirmErrs=171 rss=5027MB(peak 5027)
[tracker 2000000] confirm_apply error: server closed connection while waiting for ORMAP_SYNC_RESP_ROOT
[tracker 2000000] confirm_apply error: server closed connection while waiting for ORMAP_SYNC_RESP_ROOT
[tracker 2000000] confirm_apply error: server closed connection while waiting for ORMAP_SYNC_RESP_ROOT
[tracker 2000000] confirm_apply error: server closed connection while waiting for ORMAP_SYNC_RESP_ROOT
[ 12303s] steady   writes=1948288 errs=0 reconnects=9920 crashes=0 steady=41 recovery=0 converged=true confirms=5896 lastEpoch=391 confirmErrs=175 rss=5144MB(peak 5144)
[tracker 2000000] confirm_apply error: server closed connection while waiting for ORMAP_SYNC_RESP_ROOT
[tracker 2000000] confirm_apply error: server closed connection while waiting for ORMAP_SYNC_RESP_ROOT
[tracker 2000000] confirm_apply error: server closed connection while waiting for ORMAP_SYNC_RESP_ROOT
[tracker 2000000] confirm_apply error: server closed connection while waiting for ORMAP_SYNC_RESP_ROOT
[ 12603s] steady   writes=1997001 errs=0 reconnects=10170 crashes=0 steady=42 recovery=0 converged=true confirms=6039 lastEpoch=401 confirmErrs=179 rss=5254MB(peak 5254)
[tracker 2000000] confirm_apply error: server closed connection while waiting for ORMAP_SYNC_RESP_ROOT
[tracker 2000000] confirm_apply error: server closed connection while waiting for ORMAP_SYNC_RESP_ROOT
[tracker 2000000] confirm_apply error: server closed connection while waiting for ORMAP_SYNC_RESP_ROOT
[tracker 2000000] confirm_apply error: server closed connection while waiting for ORMAP_SYNC_RESP_ROOT
[tracker 2000000] confirm_apply error: server closed connection while waiting for ORMAP_SYNC_RESP_ROOT
[ 12903s] steady   writes=2044719 errs=0 reconnects=10414 crashes=0 steady=43 recovery=0 converged=true confirms=6182 lastEpoch=410 confirmErrs=184 rss=5399MB(peak 5399)
[tracker 2000000] confirm_apply error: server closed connection while waiting for ORMAP_SYNC_RESP_ROOT
[tracker 2000000] confirm_apply error: server closed connection while waiting for ORMAP_SYNC_RESP_ROOT
[tracker 2000000] confirm_apply error: server closed connection while waiting for ORMAP_SYNC_RESP_ROOT
[tracker 2000000] confirm_apply error: server closed connection while waiting for ORMAP_SYNC_RESP_ROOT
[ 13203s] steady   writes=2093247 errs=0 reconnects=10661 crashes=0 steady=44 recovery=0 converged=true confirms=6327 lastEpoch=420 confirmErrs=188 rss=5547MB(peak 5547)
[tracker 2000000] confirm_apply error: server closed connection while waiting for ORMAP_SYNC_RESP_ROOT
[tracker 2000000] confirm_apply error: server closed connection while waiting for ORMAP_SYNC_RESP_ROOT
[tracker 2000000] confirm_apply error: server closed connection while waiting for ORMAP_SYNC_RESP_ROOT
[tracker 2000000] confirm_apply error: server closed connection while waiting for ORMAP_SYNC_RESP_ROOT
[ 13503s] steady   writes=2141259 errs=0 reconnects=10908 crashes=0 steady=45 recovery=0 converged=true confirms=6470 lastEpoch=430 confirmErrs=192 rss=5672MB(peak 5672)
[tracker 2000000] confirm_apply error: server closed connection while waiting for ORMAP_SYNC_RESP_ROOT
[tracker 2000000] confirm_apply error: server closed connection while waiting for ORMAP_SYNC_RESP_ROOT
[tracker 2000000] confirm_apply error: server closed connection while waiting for ORMAP_SYNC_RESP_ROOT
[tracker 2000000] confirm_apply error: server closed connection while waiting for ORMAP_SYNC_RESP_ROOT
[tracker 2000000] confirm_apply error: server closed connection while waiting for ORMAP_SYNC_RESP_ROOT
[ 13803s] steady   writes=2188747 errs=0 reconnects=11151 crashes=0 steady=46 recovery=0 converged=true confirms=6613 lastEpoch=439 confirmErrs=197 rss=5924MB(peak 5924)
[tracker 2000000] confirm_apply error: server closed connection while waiting for ORMAP_SYNC_RESP_ROOT
[tracker 2000000] confirm_apply error: server closed connection while waiting for ORMAP_SYNC_RESP_ROOT
[tracker 2000000] confirm_apply error: server closed connection while waiting for ORMAP_SYNC_RESP_ROOT
[tracker 2000000] confirm_apply error: server closed connection while waiting for ORMAP_SYNC_RESP_ROOT
[ 14103s] steady   writes=2237120 errs=0 reconnects=11399 crashes=0 steady=47 recovery=0 converged=true confirms=6757 lastEpoch=449 confirmErrs=201 rss=6115MB(peak 6115)
[tracker 2000000] confirm_apply error: server closed connection while waiting for ORMAP_SYNC_RESP_ROOT
[tracker 2000000] confirm_apply error: server closed connection while waiting for ORMAP_SYNC_RESP_ROOT
[tracker 2000000] confirm_apply error: server closed connection while waiting for ORMAP_SYNC_RESP_ROOT
[tracker 2000000] confirm_apply error: server closed connection while waiting for ORMAP_SYNC_RESP_ROOT

=== SOAK SUMMARY ===
result:            FAIL
finished_reason:   tombstone-byte growth slope 130353.3 bytes/h exceeds 512.0 bytes/h: tombstone-byte growth slope 130353.3 bytes/h exceeds 512.0 bytes/h (total growth 646306 bytes over 2878 samples, last-half window 7195s)
actual_duration:   14401s
total_writes:      2284687
write_errors:      0
reconnects:        11642
resends:           387903
confirm_apply:     confirms=6901 lastEpoch=458 errors=205 (tracked client advances the low-water-mark that licenses pruning; confirms=0 with a climbing gauge = LWM never advanced)
steady_checkpts:   47
recovery_checkpts: 0 (crashes 0)
memory:            first=12MB peak=6242MB last=6242MB slope=1405.7MB/h -> ok (backstop)
tombstone_bytes:   first=0 peak=646306 last=646306 slope=130353.3B/h samples=2878 -> FAIL (slope + blind-monitor both hard-gate) reason=tombstone-byte growth slope 130353.3 bytes/h exceeds 512.0 bytes/h (total growth 646306 bytes over 2878 samples, last-half window 7195s)
tombstone_corpus_redb_scan: 628903 bytes (independent of gauge; last gauge value 646306 bytes) -> DIVERGED (positive-control cross-check, report-only)
disk_mb:           first=1.5 peak=602.5 last=602.4 slope=144.9MB/h samples=2846 -> FAIL (slope report-only until TODO-566; blind-monitor hard-gates) reason=disk growth slope 144.9MB/h exceeds 50.0MB/h (total growth 600.9MB over 2846 samples)
pending_gates (expected-fail, did NOT fail the run):
  - disk growth slope 144.9 MB/h exceeds 50.0 MB/h — EXPECTED until TODO-566 bounds OR-Map tombstones (report-only, did NOT fail the run)
wrote JSON report to /Users/koristuvac/Projects/topgun/topgun/packages/server-rust/benches/soak_harness/evidence/spec355-w1000.soak.json

=== OR-CHURN MECHANISM REPORT (report-only, Q1-Q4) ===
Q1 bytes/frame:    OR early(mean=142B max=209B) late(mean=142B max=209B) max=209B | LWW mean=220B max=304B | OR/LWW=0.6x | rises=false
OR frame census:   delta(n=1189989 mean=142B max=209B total=168902299B) | snapshot(n=0 mean=0B max=0B total=0B)
Q2 drain window:   before=398.7MB after=398.6MB delta=-0.1MB | no significant drain burst (WAL delta -0.1MB)
Q3 RSS holder:     rss_slope=1405.7MB/h disk_slope=144.9MB/h corr=0.99 | RSS tracks disk in lockstep (r=0.99); the growing OR blobs sit in the write-behind queue / record cache — delta-framing should reduce RSS too
Q4 not tombstone:  or_wal_bytes=168902299 tombstone_corpus=628903 gauge=646306 | growth_is_or=true
scan:              segments=74552 or_frames=1189989 lww_frames=364327 remove_frames=0
conclusion:        REFUTED / INCONCLUSIVE: OR frame size did NOT rise late-vs-early over the retained corpus — the O(N)-per-op-frame hypothesis is not confirmed by this run. Inspect the acked-beyond-applied tail bound and write-behind retention before choosing the fix.
sequencing:        Sequencing option for the R1 /xask gate: tail-bounding the acked-beyond-applied WAL is the lowest-risk FIRST containment (OOM/disk-full -> backpressure, zero recovery-path risk); delta-framing is the eventual O(1)-frame fix. If Q2 shows the drain burst is buffered O(N) frames, tail-bounding addresses it directly.
wrote mechanism report to /Users/koristuvac/Projects/topgun/topgun/packages/server-rust/benches/soak_harness/evidence/spec355-w1000.soak.mechanism.json
