provenance: server sha256=c16c0e845b6ec7e105d6c8bc55076169221767d98a068524c16d0a8fd7438849 flavour=CA built=2026-09-20T10:04:23Z run_start=2026-09-20T10:29:51Z topgun_or_prune_restored_cancelled_total=present
provenance: server sha256=c16c0e845b6ec7e105d6c8bc55076169221767d98a068524c16d0a8fd7438849 flavour=CA built=2026-09-20T10:04:23Z run_start=2026-09-20T10:29:51Z topgun_or_prune_restored_cancelled_total=present harness sha256=cc18490162d51277ef25ebd1537194bef6f67ed429129a499a6ecb66120ce3f6 harness_built=2026-09-20T10:13:35Z tombstone_level_ceiling_gate=present
soak binary:   /Users/koristuvac/Projects/topgun/topgun/target/spec371-h/release/deps/soak_harness-0379469b8a4255d8
  built:       2026-09-20T10:13:35Z
server binary: /Users/koristuvac/Projects/topgun/topgun/target/spec371-ca/release/topgun-server
  built:       2026-09-20T10:04:23Z

=== spec371 memory-diagnosis run: cell c0 (flavour CA) ===
  repo HEAD:      12627ad37591c0a83f1ca706998c750928fd2956
  dirty tree:     yes
  host/OS:        Darwin MacBookPro 25.6.0 Darwin Kernel Version 25.6.0: Fri Jul 31 19:18:49 PDT 2026; root:xnu-12377.161.14~5/RELEASE_ARM64_T6000 arm64
  lineage:        chain-built harness + chain-built CA server
  chain start:    1789898130
  data dir:       /Users/koristuvac/Projects/topgun/topgun/target/spec371-c0-data
  csv:            /Users/koristuvac/Projects/topgun/topgun/packages/server-rust/benches/soak_harness/evidence/spec371-c0.csv
  soak.json:      /Users/koristuvac/Projects/topgun/topgun/packages/server-rust/benches/soak_harness/evidence/spec371-c0.soak.json
  mechanism.json: /Users/koristuvac/Projects/topgun/topgun/packages/server-rust/benches/soak_harness/evidence/spec371-c0.mechanism.json (harness writes spec371-c0.soak.mechanism.json; renamed after the run)
  durable.json:   /Users/koristuvac/Projects/topgun/topgun/packages/server-rust/benches/soak_harness/evidence/spec371-c0.soak.durable.json (raw basename: NOT renamed, by design)
  progress.jsonl: /Users/koristuvac/Projects/topgun/topgun/packages/server-rust/benches/soak_harness/evidence/spec371-c0.progress.jsonl
  console log:    /Users/koristuvac/Projects/topgun/topgun/packages/server-rust/benches/soak_harness/evidence/spec371-c0.harness-console.log
  matrix:         /Users/koristuvac/Projects/topgun/topgun/packages/server-rust/benches/soak_harness/evidence/spec371-c0.matrix.txt
  soak binary:    /Users/koristuvac/Projects/topgun/topgun/target/spec371-h/release/deps/soak_harness-0379469b8a4255d8
  soak binary commit: 12627ad37591c0a83f1ca706998c750928fd2956 (HEAD; the binary itself is identified by its sha256)
  .rs working tree:   CLEAN (asserted before the build)
  code freeze:            e69cb0c6
  code freeze diff (.rs): EMPTY (asserted before the build)
    built:        2026-09-20T10:13:35Z
  server binary:  /Users/koristuvac/Projects/topgun/topgun/target/spec371-ca/release/topgun-server
    built:        2026-09-20T10:04:23Z
    sha256:       c16c0e845b6ec7e105d6c8bc55076169221767d98a068524c16d0a8fd7438849
  --- varied knobs; everything else is the spec362b-durable.sh long4h
      literal ---
  TOPGUN_EPOCH_WIDTH:  <unset: production default 1000>
  duration:            900s
  csv cadence:         60s
  extra harness flags: <none>
  --durable-reading:   ARMED
  --live-census-interval: 300 (ARMED: the live-copy census)
  --sampler-jitter-seed:  20260831
  SOAK_SERVER_LOG:     warn,topgun_server::tombstone_frontier::removal=info,topgun_server::tombstone_frontier::settlement=info,topgun_server::tombstone_frontier::conjunct=info
  SOAK_SERVER_LOG_PASSTHROUGH: 1
  TOPGUN_PRUNE_RECORD: true
  TOPGUN_LOG_FORMAT:   <unset: human fmt, which is what the origin parser reads>
  server port:         47357
  SOAK_SERVER_BINARY:  /Users/koristuvac/Projects/topgun/topgun/target/spec371-ca/release/topgun-server
  --- pinned matrix (identical to spec362b-durable.sh's long4h cell;
      crash-interval is per-cell and is 0 on the one cell this runner
      ships) ---
  churn-clients 6; keyspace 200; or-churn true;
  or-keyspace 48; or-every 5; write-interval-ms 20;
  writes-per-life 200; offline-keys 3;
  confirm-interval 2; crash-interval 0;
  steady-interval 300; quiesce 3;
  mem-sample-interval 5; wal-fsync batched;
  memory gate NEUTRALIZED (1000000/1000000/1000000)
  tombstone gate: level ceiling K=2+ceil(S_A/W) epochs × W × b_max (S_A, b_max measured by the harness; A = TOPGUN_WAL_WATERMARK_STALL_BOUND_MS, not set by this runner); level stability 10 %; slope report-only
  harness sha256: cc18490162d51277ef25ebd1537194bef6f67ed429129a499a6ecb66120ce3f6
  server flavour: CA
  TOPGUN_JOURNAL_ENABLED:        <unset: harness passes true>
  TOPGUN_SOAK_GRACEFUL_SHUTDOWN: <unset: SIGKILL teardown>
  DHAT_OUT:                      <unset>
  post-mortem rows:              counted at the end of the run (item 17)

harness pid 51415; follow with: tail -f /Users/koristuvac/Projects/topgun/topgun/target/spec371-c0-data.meta/harness-console.log
server ready: pid 51420 (t0 = server-ready)

harness exited with code 0
reading:           PLATEAU_NOT_MET
reason:            series rss_kib rose and was still rising at the end; firing envelope BOTH
log filter:        warn,topgun_server::tombstone_frontier::removal=info,topgun_server::tombstone_frontier::settlement=info,topgun_server::tombstone_frontier::conjunct=info
  rss_kib            shape=MONOTONE_RISING envelope=BOTH samples=168 span=836.7s
                     peaks  h1=207520 h2=551088 q3=354224 q4=551088 last_half_mean=369494
                     floor  h1=43328 h2=214448 q3=214448 q4=356960
  redb_bytes         shape=MONOTONE_RISING envelope=PEAKS samples=170 span=842.0s
                     peaks  h1=8957952 h2=17379328 q3=8957952 q4=17379328 last_half_mean=11434827
                     floor  h1=1589248 h2=8957952 q3=8957952 q4=8957952
  wal_bytes          shape=MONOTONE_RISING envelope=BOTH samples=170 span=842.0s
                     peaks  h1=1603299 h2=1610032 q3=1569685 q4=1610032 last_half_mean=1464501
                     floor  h1=1153320 h2=1209944 q3=1209944 q4=1403759
  wal_segment_files  shape=MONOTONE_RISING envelope=BOTH samples=170 span=842.0s
                     peaks  h1=515 h2=539 q3=530 q4=539 last_half_mean=510
                     floor  h1=429 h2=487 q3=487 q4=497
writebehind lag:   12296 (observation only) scrapes total=180 read=178 absent=2 unreadable=0 malformed_samples=0 overflowed_samples=0
censuses:          3
  LIVE_COPY  t=300.0s copy_done=300.1910s keys=96 undecodable=0 or_map=96 or_tomb=0 lww=0 live=20686 live_tag_bytes=703324 tombstones=1881 tombstone_bytes=39501 dups=0 keys_with_tombstones=48 keys_all_dead=0 max_per_key=50
  LIVE_COPY  t=600.2s copy_done=600.3692s keys=96 undecodable=0 or_map=96 or_tomb=0 lww=0 live=41514 live_tag_bytes=1411476 tombstones=1699 tombstone_bytes=37378 dups=0 keys_with_tombstones=48 keys_all_dead=0 max_per_key=51
  TERMINAL   t=900.3s copy_done=n/a keys=96 undecodable=0 or_map=96 or_tomb=0 lww=0 live=63115 live_tag_bytes=2145910 tombstones=1625 tombstone_bytes=35750 dups=0 keys_with_tombstones=48 keys_all_dead=0 max_per_key=42
terminal census:   keys=96 tombstone_bytes=35750
origin:            reading=NOT_REACHED_EQUAL_REFS matched=31 unparsed=0 dropped=0 armed=true epochs_exited=31 restarts=0 epochs_scrapes total=180 read=180 absent=0 unreadable=0 malformed_samples=0 overflowed_samples=0
origin reason:     all 31 parsed line(s) returned exactly the refs held at entry
first zero-return: (none)
wrote durable reading to /Users/koristuvac/Projects/topgun/topgun/packages/server-rust/benches/soak_harness/evidence/spec371-c0.soak.durable.json
console log: /Users/koristuvac/Projects/topgun/topgun/packages/server-rust/benches/soak_harness/evidence/spec371-c0.harness-console.log
mechanism report: /Users/koristuvac/Projects/topgun/topgun/packages/server-rust/benches/soak_harness/evidence/spec371-c0.mechanism.json
csv rows: 16
post_mortem_rows=0
csv columns:
  rss_mb         n=16 empty=0 nonzero=16 min=0.031 max=539.688
  wal_mb         n=16 empty=0 nonzero=15 min=0.000 max=3.539
  redb_mb        n=16 empty=0 nonzero=15 min=0.000 max=16.574
  disk_total_mb  n=16 empty=0 nonzero=15 min=0.000 max=20.109
  tombstone_bytes n=15 empty=1 min=18722 max=47190
  progress.jsonl checkpoints: 2
  soak.json "walFsync": "batched",
  soak.json "epochWidth": 1000,
  soak.json "crashes": 0,
  soak.json "churnClients": 6,
  soak.json "keyspace": 200,
  soak.json "durationSecsActual": 900,
  mechanism.json "orDeltaFrames": 3917,
  mechanism.json "orSnapshotFrames": 0,

post-hoc OLS fits (see the SE caveat in spec349c2-fit.awk):
  units: the field is named slope_mb_per_hour for every column; on the
  tombstone_bytes row the fit is identical but the unit is BYTES/hour.
  col=rss_mb window=full rows_used=16 n=16 skipped_empty=0 t_start_secs=0.0 t_end_secs=900.0 span_secs=900.0 y_first=0.031 y_last=539.688 slope_mb_per_hour=2099.080980 se_mb_per_hour=106.478973 intercept_mb=-39.288752 r2=0.965228 sxx_hours2=0.094439887 sse=14990.330245738
  col=wal_mb window=full rows_used=16 n=16 skipped_empty=0 t_start_secs=0.0 t_end_secs=900.0 span_secs=900.0 y_first=0.000 y_last=3.539 slope_mb_per_hour=5.672881 se_mb_per_hour=2.358362 intercept_mb=2.353291 r2=0.292433 sxx_hours2=0.094439887 sse=7.353675229
  col=redb_mb window=full rows_used=16 n=16 skipped_empty=0 t_start_secs=0.0 t_end_secs=900.0 span_secs=900.0 y_first=0.000 y_last=16.574 slope_mb_per_hour=62.953400 se_mb_per_hour=5.984947 intercept_mb=-0.300455 r2=0.887678 sxx_hours2=0.094439887 sse=47.359179903
  col=disk_total_mb window=full rows_used=16 n=16 skipped_empty=0 t_start_secs=0.0 t_end_secs=900.0 span_secs=900.0 y_first=0.000 y_last=20.109 slope_mb_per_hour=68.639621 se_mb_per_hour=6.325896 intercept_mb=2.049731 r2=0.893726 sxx_hours2=0.094439887 sse=52.908768853
  col=tombstone_bytes window=full rows_used=15 n=15 skipped_empty=1 t_start_secs=60.0 t_end_secs=900.0 span_secs=840.0 y_first=32842.000 y_last=27412.000 slope_mb_per_hour=-29159.096703 se_mb_per_hour=26695.445503 intercept_mb=34735.086210 r2=0.084061 sxx_hours2=0.077768591 sse=720479994.105878353
  col=rss_mb window=last_half rows_used=16 n=8 skipped_empty=0 t_start_secs=480.0 t_end_secs=900.0 span_secs=420.0 y_first=205.828 y_last=539.688 slope_mb_per_hour=2850.425000 se_mb_per_hour=102.723845 intercept_mb=-183.097083 r2=0.992268 sxx_hours2=0.011666667 sse=738.653178583
  col=wal_mb window=last_half rows_used=16 n=8 skipped_empty=0 t_start_secs=480.0 t_end_secs=900.0 span_secs=420.0 y_first=3.117 y_last=3.539 slope_mb_per_hour=2.267143 se_mb_per_hour=1.277819 intercept_mb=2.914214 r2=0.344111 sxx_hours2=0.011666667 sse=0.114297571
  col=redb_mb window=last_half rows_used=16 n=8 skipped_empty=0 t_start_secs=480.0 t_end_secs=900.0 span_secs=420.0 y_first=8.543 y_last=16.574 slope_mb_per_hour=86.046429 se_mb_per_hour=22.217092 intercept_mb=-4.937607 r2=0.714286 sxx_hours2=0.011666667 sse=34.551943393
  col=disk_total_mb window=last_half rows_used=16 n=8 skipped_empty=0 t_start_secs=480.0 t_end_secs=900.0 span_secs=420.0 y_first=11.648 y_last=20.109 slope_mb_per_hour=88.365714 se_mb_per_hour=22.152646 intercept_mb=-2.034512 r2=0.726174 sxx_hours2=0.011666667 sse=34.351781119
  col=tombstone_bytes window=last_half rows_used=15 n=8 skipped_empty=1 t_start_secs=480.0 t_end_secs=900.0 span_secs=420.0 y_first=47190.000 y_last=27412.000 slope_mb_per_hour=-159327.142857 se_mb_per_hour=58234.624814 intercept_mb=61961.952381 r2=0.555075 sxx_hours2=0.011666667 sse=237389006.904761940

RESULT: instrument sound; harness exit code 0.
RUNNER_EXIT=0
