=== TopGun soak harness (G4b / TODO-484) ===
duration=28800s churn_clients=6 keyspace=200 crash_interval=None steady_interval=300s wal_fsync=batched or_churn=true
starting server (port 47356, data /private/tmp/spec356c-data-r1) ...
[tracker 2000000] confirm_apply error: server closed connection while waiting for ORMAP_SYNC_RESP_ROOT
[tracker 2000000] confirm_apply error: server closed connection while waiting for ORMAP_SYNC_RESP_ROOT
[tracker 2000000] confirm_apply error: server closed connection while waiting for ORMAP_SYNC_RESP_ROOT
[tracker 2000000] confirm_apply error: server closed connection while waiting for ORMAP_SYNC_RESP_ROOT
[   303s] steady   writes=51253 errs=0 reconnects=260 crashes=0 steady=1 recovery=0 converged=true confirms=146 lastEpoch=12 confirmErrs=4 rss=88MB(peak 88)
[tracker 2000000] confirm_apply error: server closed connection while waiting for ORMAP_SYNC_RESP_ROOT
[tracker 2000000] confirm_apply error: server closed connection while waiting for ORMAP_SYNC_RESP_ROOT
[tracker 2000000] confirm_apply error: server closed connection while waiting for ORMAP_SYNC_RESP_ROOT
[tracker 2000000] confirm_apply error: server closed connection while waiting for ORMAP_SYNC_RESP_ROOT
[   603s] steady   writes=98642 errs=0 reconnects=497 crashes=0 steady=2 recovery=0 converged=true confirms=290 lastEpoch=21 confirmErrs=8 rss=221MB(peak 221)
[tracker 2000000] confirm_apply error: server closed connection while waiting for ORMAP_SYNC_RESP_ROOT
[tracker 2000000] confirm_apply error: server closed connection while waiting for ORMAP_SYNC_RESP_ROOT
[tracker 2000000] confirm_apply error: server closed connection while waiting for ORMAP_SYNC_RESP_ROOT
[tracker 2000000] confirm_apply error: server closed connection while waiting for ORMAP_SYNC_RESP_ROOT
[   903s] steady   writes=145956 errs=0 reconnects=732 crashes=0 steady=3 recovery=0 converged=true confirms=434 lastEpoch=31 confirmErrs=12 rss=393MB(peak 393)
[tracker 2000000] confirm_apply error: server closed connection while waiting for ORMAP_SYNC_RESP_ROOT
[tracker 2000000] confirm_apply error: server closed connection while waiting for ORMAP_SYNC_RESP_ROOT
[tracker 2000000] confirm_apply error: server closed connection while waiting for ORMAP_SYNC_RESP_ROOT
[tracker 2000000] confirm_apply error: server closed connection while waiting for ORMAP_SYNC_RESP_ROOT
[tracker 2000000] confirm_apply error: server closed connection while waiting for ORMAP_SYNC_RESP_ROOT
[  1203s] steady   writes=193110 errs=0 reconnects=973 crashes=0 steady=4 recovery=0 converged=true confirms=577 lastEpoch=40 confirmErrs=17 rss=700MB(peak 700)
[tracker 2000000] confirm_apply error: server closed connection while waiting for ORMAP_SYNC_RESP_ROOT
[tracker 2000000] confirm_apply error: server closed connection while waiting for ORMAP_SYNC_RESP_ROOT
[tracker 2000000] confirm_apply error: server closed connection while waiting for ORMAP_SYNC_RESP_ROOT
[tracker 2000000] confirm_apply error: server closed connection while waiting for ORMAP_SYNC_RESP_ROOT
[  1503s] steady   writes=239057 errs=0 reconnects=1208 crashes=0 steady=5 recovery=0 converged=true confirms=721 lastEpoch=49 confirmErrs=21 rss=1110MB(peak 1110)
[tracker 2000000] confirm_apply error: server closed connection while waiting for ORMAP_SYNC_RESP_ROOT
[tracker 2000000] confirm_apply error: server closed connection while waiting for ORMAP_SYNC_RESP_ROOT
[tracker 2000000] confirm_apply error: server closed connection while waiting for ORMAP_SYNC_RESP_ROOT
[tracker 2000000] confirm_apply error: server closed connection while waiting for ORMAP_SYNC_RESP_ROOT
[  1803s] steady   writes=287079 errs=0 reconnects=1450 crashes=0 steady=6 recovery=0 converged=true confirms=865 lastEpoch=59 confirmErrs=25 rss=1416MB(peak 1416)
[tracker 2000000] confirm_apply error: server closed connection while waiting for ORMAP_SYNC_RESP_ROOT
[tracker 2000000] confirm_apply error: server closed connection while waiting for ORMAP_SYNC_RESP_ROOT
[tracker 2000000] confirm_apply error: server closed connection while waiting for ORMAP_SYNC_RESP_ROOT
[tracker 2000000] confirm_apply error: server closed connection while waiting for ORMAP_SYNC_RESP_ROOT
[  2103s] steady   writes=334396 errs=0 reconnects=1691 crashes=0 steady=7 recovery=0 converged=true confirms=1009 lastEpoch=68 confirmErrs=29 rss=1777MB(peak 1777)
[tracker 2000000] confirm_apply error: server closed connection while waiting for ORMAP_SYNC_RESP_ROOT
[tracker 2000000] confirm_apply error: server closed connection while waiting for ORMAP_SYNC_RESP_ROOT
[tracker 2000000] confirm_apply error: server closed connection while waiting for ORMAP_SYNC_RESP_ROOT
[tracker 2000000] confirm_apply error: server closed connection while waiting for ORMAP_SYNC_RESP_ROOT
[tracker 2000000] confirm_apply error: server closed connection while waiting for ORMAP_SYNC_RESP_ROOT
[  2403s] steady   writes=381194 errs=0 reconnects=1928 crashes=0 steady=8 recovery=0 converged=true confirms=1152 lastEpoch=78 confirmErrs=34 rss=2113MB(peak 2113)
[tracker 2000000] confirm_apply error: server closed connection while waiting for ORMAP_SYNC_RESP_ROOT
[tracker 2000000] confirm_apply error: server closed connection while waiting for ORMAP_SYNC_RESP_ROOT
[tracker 2000000] confirm_apply error: server closed connection while waiting for ORMAP_SYNC_RESP_ROOT
[tracker 2000000] confirm_apply error: server closed connection while waiting for ORMAP_SYNC_RESP_ROOT
[  2703s] steady   writes=427823 errs=0 reconnects=2166 crashes=0 steady=9 recovery=0 converged=true confirms=1296 lastEpoch=87 confirmErrs=38 rss=2417MB(peak 2417)
[tracker 2000000] confirm_apply error: server closed connection while waiting for ORMAP_SYNC_RESP_ROOT
[tracker 2000000] confirm_apply error: server closed connection while waiting for ORMAP_SYNC_RESP_ROOT
[tracker 2000000] confirm_apply error: server closed connection while waiting for ORMAP_SYNC_RESP_ROOT
[tracker 2000000] confirm_apply error: server closed connection while waiting for ORMAP_SYNC_RESP_ROOT
[  3003s] steady   writes=473693 errs=0 reconnects=2402 crashes=0 steady=10 recovery=0 converged=true confirms=1440 lastEpoch=96 confirmErrs=42 rss=2761MB(peak 2761)
[tracker 2000000] confirm_apply error: server closed connection while waiting for ORMAP_SYNC_RESP_ROOT
[tracker 2000000] confirm_apply error: server closed connection while waiting for ORMAP_SYNC_RESP_ROOT
[tracker 2000000] confirm_apply error: server closed connection while waiting for ORMAP_SYNC_RESP_ROOT
[tracker 2000000] confirm_apply error: server closed connection while waiting for ORMAP_SYNC_RESP_ROOT
[tracker 2000000] confirm_apply error: server closed connection while waiting for ORMAP_SYNC_RESP_ROOT
[  3303s] steady   writes=520761 errs=0 reconnects=2643 crashes=0 steady=11 recovery=0 converged=true confirms=1583 lastEpoch=106 confirmErrs=47 rss=3148MB(peak 3148)
[tracker 2000000] confirm_apply error: server closed connection while waiting for ORMAP_SYNC_RESP_ROOT
[tracker 2000000] confirm_apply error: server closed connection while waiting for ORMAP_SYNC_RESP_ROOT
[tracker 2000000] confirm_apply error: server closed connection while waiting for ORMAP_SYNC_RESP_ROOT
[tracker 2000000] confirm_apply error: server closed connection while waiting for ORMAP_SYNC_RESP_ROOT
[  3603s] steady   writes=567643 errs=0 reconnects=2884 crashes=0 steady=12 recovery=0 converged=true confirms=1727 lastEpoch=115 confirmErrs=51 rss=3575MB(peak 3575)
[tracker 2000000] confirm_apply error: server closed connection while waiting for ORMAP_SYNC_RESP_ROOT
[tracker 2000000] confirm_apply error: server closed connection while waiting for ORMAP_SYNC_RESP_ROOT
[tracker 2000000] confirm_apply error: server closed connection while waiting for ORMAP_SYNC_RESP_ROOT
[tracker 2000000] confirm_apply error: server closed connection while waiting for ORMAP_SYNC_RESP_ROOT
[  3903s] steady   writes=614021 errs=0 reconnects=3122 crashes=0 steady=13 recovery=0 converged=true confirms=1871 lastEpoch=124 confirmErrs=55 rss=3999MB(peak 3999)
[tracker 2000000] confirm_apply error: server closed connection while waiting for ORMAP_SYNC_RESP_ROOT
[tracker 2000000] confirm_apply error: server closed connection while waiting for ORMAP_SYNC_RESP_ROOT
[tracker 2000000] confirm_apply error: server closed connection while waiting for ORMAP_SYNC_RESP_ROOT
[tracker 2000000] confirm_apply error: server closed connection while waiting for ORMAP_SYNC_RESP_ROOT
[  4203s] steady   writes=660550 errs=0 reconnects=3359 crashes=0 steady=14 recovery=0 converged=true confirms=2015 lastEpoch=134 confirmErrs=59 rss=4467MB(peak 4467)
[tracker 2000000] confirm_apply error: server closed connection while waiting for ORMAP_SYNC_RESP_ROOT
[tracker 2000000] confirm_apply error: server closed connection while waiting for ORMAP_SYNC_RESP_ROOT
[tracker 2000000] confirm_apply error: server closed connection while waiting for ORMAP_SYNC_RESP_ROOT
[tracker 2000000] confirm_apply error: server closed connection while waiting for ORMAP_SYNC_RESP_ROOT
[tracker 2000000] confirm_apply error: server closed connection while waiting for ORMAP_SYNC_RESP_ROOT
[  4503s] steady   writes=706936 errs=0 reconnects=3594 crashes=0 steady=15 recovery=0 converged=true confirms=2158 lastEpoch=143 confirmErrs=64 rss=4936MB(peak 4936)
[tracker 2000000] confirm_apply error: server closed connection while waiting for ORMAP_SYNC_RESP_ROOT
[tracker 2000000] confirm_apply error: server closed connection while waiting for ORMAP_SYNC_RESP_ROOT
[tracker 2000000] confirm_apply error: server closed connection while waiting for ORMAP_SYNC_RESP_ROOT
[tracker 2000000] confirm_apply error: server closed connection while waiting for ORMAP_SYNC_RESP_ROOT
[  4803s] steady   writes=753298 errs=0 reconnects=3828 crashes=0 steady=16 recovery=0 converged=true confirms=2302 lastEpoch=152 confirmErrs=68 rss=5411MB(peak 5411)
[tracker 2000000] confirm_apply error: server closed connection while waiting for ORMAP_SYNC_RESP_ROOT
[tracker 2000000] confirm_apply error: server closed connection while waiting for ORMAP_SYNC_RESP_ROOT
[tracker 2000000] confirm_apply error: server closed connection while waiting for ORMAP_SYNC_RESP_ROOT
[tracker 2000000] confirm_apply error: server closed connection while waiting for ORMAP_SYNC_RESP_ROOT
[  5103s] steady   writes=800464 errs=0 reconnects=4066 crashes=0 steady=17 recovery=0 converged=true confirms=2446 lastEpoch=162 confirmErrs=72 rss=5867MB(peak 5867)
[tracker 2000000] confirm_apply error: server closed connection while waiting for ORMAP_SYNC_RESP_ROOT
[tracker 2000000] confirm_apply error: server closed connection while waiting for ORMAP_SYNC_RESP_ROOT
[tracker 2000000] confirm_apply error: server closed connection while waiting for ORMAP_SYNC_RESP_ROOT
[tracker 2000000] confirm_apply error: server closed connection while waiting for ORMAP_SYNC_RESP_ROOT
[tracker 2000000] confirm_apply error: server closed connection while waiting for ORMAP_SYNC_RESP_ROOT
[  5403s] steady   writes=846917 errs=0 reconnects=4304 crashes=0 steady=18 recovery=0 converged=true confirms=2589 lastEpoch=171 confirmErrs=77 rss=6400MB(peak 6400)
[tracker 2000000] confirm_apply error: server closed connection while waiting for ORMAP_SYNC_RESP_ROOT
[tracker 2000000] confirm_apply error: server closed connection while waiting for ORMAP_SYNC_RESP_ROOT
[tracker 2000000] confirm_apply error: server closed connection while waiting for ORMAP_SYNC_RESP_ROOT
[tracker 2000000] confirm_apply error: server closed connection while waiting for ORMAP_SYNC_RESP_ROOT
[  5703s] steady   writes=894358 errs=0 reconnects=4545 crashes=0 steady=19 recovery=0 converged=true confirms=2733 lastEpoch=180 confirmErrs=81 rss=6929MB(peak 6929)
[tracker 2000000] confirm_apply error: server closed connection while waiting for ORMAP_SYNC_RESP_ROOT
[tracker 2000000] confirm_apply error: server closed connection while waiting for ORMAP_SYNC_RESP_ROOT
[tracker 2000000] confirm_apply error: server closed connection while waiting for ORMAP_SYNC_RESP_ROOT
[tracker 2000000] confirm_apply error: server closed connection while waiting for ORMAP_SYNC_RESP_ROOT
[  6003s] steady   writes=942660 errs=0 reconnects=4793 crashes=0 steady=20 recovery=0 converged=true confirms=2877 lastEpoch=190 confirmErrs=85 rss=7462MB(peak 7462)
[tracker 2000000] confirm_apply error: server closed connection while waiting for ORMAP_SYNC_RESP_ROOT
[tracker 2000000] confirm_apply error: server closed connection while waiting for ORMAP_SYNC_RESP_ROOT
[tracker 2000000] confirm_apply error: server closed connection while waiting for ORMAP_SYNC_RESP_ROOT
[tracker 2000000] confirm_apply error: server closed connection while waiting for ORMAP_SYNC_RESP_ROOT
[  6303s] steady   writes=989382 errs=0 reconnects=5030 crashes=0 steady=21 recovery=0 converged=true confirms=3021 lastEpoch=199 confirmErrs=89 rss=7786MB(peak 7821)
[tracker 2000000] confirm_apply error: server closed connection while waiting for ORMAP_SYNC_RESP_ROOT
[tracker 2000000] confirm_apply error: server closed connection while waiting for ORMAP_SYNC_RESP_ROOT
[tracker 2000000] confirm_apply error: server closed connection while waiting for ORMAP_SYNC_RESP_ROOT
[tracker 2000000] confirm_apply error: server closed connection while waiting for ORMAP_SYNC_RESP_ROOT
[tracker 2000000] confirm_apply error: server closed connection while waiting for ORMAP_SYNC_RESP_ROOT
[  6603s] steady   writes=1037627 errs=0 reconnects=5274 crashes=0 steady=22 recovery=0 converged=true confirms=3165 lastEpoch=209 confirmErrs=94 rss=8152MB(peak 8196)
[tracker 2000000] confirm_apply error: server closed connection while waiting for ORMAP_SYNC_RESP_ROOT
[tracker 2000000] confirm_apply error: server closed connection while waiting for ORMAP_SYNC_RESP_ROOT
[tracker 2000000] confirm_apply error: server closed connection while waiting for ORMAP_SYNC_RESP_ROOT
[tracker 2000000] confirm_apply error: server closed connection while waiting for ORMAP_SYNC_RESP_ROOT
[  6903s] steady   writes=1084943 errs=0 reconnects=5516 crashes=0 steady=23 recovery=0 converged=true confirms=3308 lastEpoch=218 confirmErrs=98 rss=8486MB(peak 8486)
[tracker 2000000] confirm_apply error: server closed connection while waiting for ORMAP_SYNC_RESP_ROOT
[tracker 2000000] confirm_apply error: server closed connection while waiting for ORMAP_SYNC_RESP_ROOT
[tracker 2000000] confirm_apply error: server closed connection while waiting for ORMAP_SYNC_RESP_ROOT
[tracker 2000000] confirm_apply error: server closed connection while waiting for ORMAP_SYNC_RESP_ROOT
[  7203s] steady   writes=1132642 errs=0 reconnects=5759 crashes=0 steady=24 recovery=0 converged=true confirms=3452 lastEpoch=228 confirmErrs=102 rss=8567MB(peak 8609)
[tracker 2000000] confirm_apply error: server closed connection while waiting for ORMAP_SYNC_RESP_ROOT
[tracker 2000000] confirm_apply error: server closed connection while waiting for ORMAP_SYNC_RESP_ROOT
[tracker 2000000] confirm_apply error: server closed connection while waiting for ORMAP_SYNC_RESP_ROOT
[tracker 2000000] confirm_apply error: server closed connection while waiting for ORMAP_SYNC_RESP_ROOT
[tracker 2000000] confirm_apply error: server closed connection while waiting for ORMAP_SYNC_RESP_ROOT
[  7503s] steady   writes=1181093 errs=0 reconnects=6007 crashes=0 steady=25 recovery=0 converged=true confirms=3595 lastEpoch=238 confirmErrs=107 rss=8585MB(peak 8646)
[tracker 2000000] confirm_apply error: server closed connection while waiting for ORMAP_SYNC_RESP_ROOT
[tracker 2000000] confirm_apply error: server closed connection while waiting for ORMAP_SYNC_RESP_ROOT
[tracker 2000000] confirm_apply error: server closed connection while waiting for ORMAP_SYNC_RESP_ROOT
[tracker 2000000] confirm_apply error: server closed connection while waiting for ORMAP_SYNC_RESP_ROOT
[  7803s] steady   writes=1228742 errs=0 reconnects=6252 crashes=0 steady=26 recovery=0 converged=true confirms=3739 lastEpoch=247 confirmErrs=111 rss=8696MB(peak 8733)
[tracker 2000000] confirm_apply error: server closed connection while waiting for ORMAP_SYNC_RESP_ROOT
[tracker 2000000] confirm_apply error: server closed connection while waiting for ORMAP_SYNC_RESP_ROOT
[tracker 2000000] confirm_apply error: server closed connection while waiting for ORMAP_SYNC_RESP_ROOT
[tracker 2000000] confirm_apply error: server closed connection while waiting for ORMAP_SYNC_RESP_ROOT
[  8103s] steady   writes=1277234 errs=0 reconnects=6496 crashes=0 steady=27 recovery=0 converged=true confirms=3883 lastEpoch=257 confirmErrs=115 rss=8710MB(peak 8742)
[tracker 2000000] confirm_apply error: server closed connection while waiting for ORMAP_SYNC_RESP_ROOT
[tracker 2000000] confirm_apply error: server closed connection while waiting for ORMAP_SYNC_RESP_ROOT
[tracker 2000000] confirm_apply error: server closed connection while waiting for ORMAP_SYNC_RESP_ROOT
[tracker 2000000] confirm_apply error: server closed connection while waiting for ORMAP_SYNC_RESP_ROOT
[  8403s] steady   writes=1324945 errs=0 reconnects=6741 crashes=0 steady=28 recovery=0 converged=true confirms=4027 lastEpoch=266 confirmErrs=119 rss=8930MB(peak 9021)
[tracker 2000000] confirm_apply error: server closed connection while waiting for ORMAP_SYNC_RESP_ROOT
[tracker 2000000] confirm_apply error: server closed connection while waiting for ORMAP_SYNC_RESP_ROOT
[tracker 2000000] confirm_apply error: server closed connection while waiting for ORMAP_SYNC_RESP_ROOT
[tracker 2000000] confirm_apply error: server closed connection while waiting for ORMAP_SYNC_RESP_ROOT
[tracker 2000000] confirm_apply error: server closed connection while waiting for ORMAP_SYNC_RESP_ROOT
[  8703s] steady   writes=1373412 errs=0 reconnects=6988 crashes=0 steady=29 recovery=0 converged=true confirms=4170 lastEpoch=276 confirmErrs=124 rss=8846MB(peak 9172)
[tracker 2000000] confirm_apply error: server closed connection while waiting for ORMAP_SYNC_RESP_ROOT
[tracker 2000000] confirm_apply error: server closed connection while waiting for ORMAP_SYNC_RESP_ROOT
[tracker 2000000] confirm_apply error: server closed connection while waiting for ORMAP_SYNC_RESP_ROOT
[tracker 2000000] confirm_apply error: server closed connection while waiting for ORMAP_SYNC_RESP_ROOT
[  9003s] steady   writes=1420857 errs=0 reconnects=7228 crashes=0 steady=30 recovery=0 converged=true confirms=4314 lastEpoch=286 confirmErrs=128 rss=9056MB(peak 9233)
[tracker 2000000] confirm_apply error: server closed connection while waiting for ORMAP_SYNC_RESP_ROOT
[tracker 2000000] confirm_apply error: server closed connection while waiting for ORMAP_SYNC_RESP_ROOT
[tracker 2000000] confirm_apply error: server closed connection while waiting for ORMAP_SYNC_RESP_ROOT
[tracker 2000000] confirm_apply error: server closed connection while waiting for ORMAP_SYNC_RESP_ROOT
[  9303s] steady   writes=1469662 errs=0 reconnects=7477 crashes=0 steady=31 recovery=0 converged=true confirms=4458 lastEpoch=295 confirmErrs=132 rss=9182MB(peak 9233)
[tracker 2000000] confirm_apply error: server closed connection while waiting for ORMAP_SYNC_RESP_ROOT
[tracker 2000000] confirm_apply error: server closed connection while waiting for ORMAP_SYNC_RESP_ROOT
[tracker 2000000] confirm_apply error: server closed connection while waiting for ORMAP_SYNC_RESP_ROOT
[tracker 2000000] confirm_apply error: server closed connection while waiting for ORMAP_SYNC_RESP_ROOT
[tracker 2000000] confirm_apply error: server closed connection while waiting for ORMAP_SYNC_RESP_ROOT
[  9603s] steady   writes=1518572 errs=0 reconnects=7726 crashes=0 steady=32 recovery=0 converged=true confirms=4602 lastEpoch=305 confirmErrs=137 rss=9123MB(peak 9254)
[tracker 2000000] confirm_apply error: server closed connection while waiting for ORMAP_SYNC_RESP_ROOT
[tracker 2000000] confirm_apply error: server closed connection while waiting for ORMAP_SYNC_RESP_ROOT
[tracker 2000000] confirm_apply error: server closed connection while waiting for ORMAP_SYNC_RESP_ROOT
[tracker 2000000] confirm_apply error: server closed connection while waiting for ORMAP_SYNC_RESP_ROOT
[  9903s] steady   writes=1566588 errs=0 reconnects=7969 crashes=0 steady=33 recovery=0 converged=true confirms=4745 lastEpoch=315 confirmErrs=141 rss=8864MB(peak 9254)
[tracker 2000000] confirm_apply error: server closed connection while waiting for ORMAP_SYNC_RESP_ROOT
[tracker 2000000] confirm_apply error: server closed connection while waiting for ORMAP_SYNC_RESP_ROOT
[tracker 2000000] confirm_apply error: server closed connection while waiting for ORMAP_SYNC_RESP_ROOT
[tracker 2000000] confirm_apply error: server closed connection while waiting for ORMAP_SYNC_RESP_ROOT
[ 10203s] steady   writes=1615042 errs=0 reconnects=8216 crashes=0 steady=34 recovery=0 converged=true confirms=4889 lastEpoch=324 confirmErrs=145 rss=9036MB(peak 9254)
[tracker 2000000] confirm_apply error: server closed connection while waiting for ORMAP_SYNC_RESP_ROOT
[tracker 2000000] confirm_apply error: server closed connection while waiting for ORMAP_SYNC_RESP_ROOT
[tracker 2000000] confirm_apply error: server closed connection while waiting for ORMAP_SYNC_RESP_ROOT
[tracker 2000000] confirm_apply error: server closed connection while waiting for ORMAP_SYNC_RESP_ROOT
[tracker 2000000] confirm_apply error: server closed connection while waiting for ORMAP_SYNC_RESP_ROOT
[ 10503s] steady   writes=1664214 errs=0 reconnects=8462 crashes=0 steady=35 recovery=0 converged=true confirms=5033 lastEpoch=334 confirmErrs=150 rss=8716MB(peak 9254)
[tracker 2000000] confirm_apply error: server closed connection while waiting for ORMAP_SYNC_RESP_ROOT
[tracker 2000000] confirm_apply error: server closed connection while waiting for ORMAP_SYNC_RESP_ROOT
[tracker 2000000] confirm_apply error: server closed connection while waiting for ORMAP_SYNC_RESP_ROOT
[tracker 2000000] confirm_apply error: server closed connection while waiting for ORMAP_SYNC_RESP_ROOT
[ 10803s] steady   writes=1712250 errs=0 reconnects=8705 crashes=0 steady=36 recovery=0 converged=true confirms=5176 lastEpoch=344 confirmErrs=154 rss=9219MB(peak 9254)
[tracker 2000000] confirm_apply error: server closed connection while waiting for ORMAP_SYNC_RESP_ROOT
[tracker 2000000] confirm_apply error: server closed connection while waiting for ORMAP_SYNC_RESP_ROOT
[tracker 2000000] confirm_apply error: server closed connection while waiting for ORMAP_SYNC_RESP_ROOT
[tracker 2000000] confirm_apply error: server closed connection while waiting for ORMAP_SYNC_RESP_ROOT
[ 11103s] steady   writes=1760192 errs=0 reconnects=8951 crashes=0 steady=37 recovery=0 converged=true confirms=5320 lastEpoch=353 confirmErrs=158 rss=9353MB(peak 9395)
[tracker 2000000] confirm_apply error: server closed connection while waiting for ORMAP_SYNC_RESP_ROOT
[tracker 2000000] confirm_apply error: server closed connection while waiting for ORMAP_SYNC_RESP_ROOT
[tracker 2000000] confirm_apply error: server closed connection while waiting for ORMAP_SYNC_RESP_ROOT
[tracker 2000000] confirm_apply error: server closed connection while waiting for ORMAP_SYNC_RESP_ROOT
[ 11403s] steady   writes=1808276 errs=0 reconnects=9196 crashes=0 steady=38 recovery=0 converged=true confirms=5464 lastEpoch=363 confirmErrs=162 rss=9557MB(peak 9557)
[tracker 2000000] confirm_apply error: server closed connection while waiting for ORMAP_SYNC_RESP_ROOT
[tracker 2000000] confirm_apply error: server closed connection while waiting for ORMAP_SYNC_RESP_ROOT
[tracker 2000000] confirm_apply error: server closed connection while waiting for ORMAP_SYNC_RESP_ROOT
[tracker 2000000] confirm_apply error: server closed connection while waiting for ORMAP_SYNC_RESP_ROOT
[tracker 2000000] confirm_apply error: server closed connection while waiting for ORMAP_SYNC_RESP_ROOT
[ 11703s] steady   writes=1857198 errs=0 reconnects=9445 crashes=0 steady=39 recovery=0 converged=true confirms=5607 lastEpoch=373 confirmErrs=167 rss=9602MB(peak 9655)
[tracker 2000000] confirm_apply error: server closed connection while waiting for ORMAP_SYNC_RESP_ROOT
[tracker 2000000] confirm_apply error: server closed connection while waiting for ORMAP_SYNC_RESP_ROOT
[tracker 2000000] confirm_apply error: server closed connection while waiting for ORMAP_SYNC_RESP_ROOT
[tracker 2000000] confirm_apply error: server closed connection while waiting for ORMAP_SYNC_RESP_ROOT
[ 12003s] steady   writes=1905179 errs=0 reconnects=9690 crashes=0 steady=40 recovery=0 converged=true confirms=5751 lastEpoch=382 confirmErrs=171 rss=9758MB(peak 9783)
[tracker 2000000] confirm_apply error: server closed connection while waiting for ORMAP_SYNC_RESP_ROOT
[tracker 2000000] confirm_apply error: server closed connection while waiting for ORMAP_SYNC_RESP_ROOT
[tracker 2000000] confirm_apply error: server closed connection while waiting for ORMAP_SYNC_RESP_ROOT
[tracker 2000000] confirm_apply error: server closed connection while waiting for ORMAP_SYNC_RESP_ROOT
[ 12303s] steady   writes=1953709 errs=0 reconnects=9937 crashes=0 steady=41 recovery=0 converged=true confirms=5895 lastEpoch=392 confirmErrs=175 rss=10005MB(peak 10005)
[tracker 2000000] confirm_apply error: server closed connection while waiting for ORMAP_SYNC_RESP_ROOT
[tracker 2000000] confirm_apply error: server closed connection while waiting for ORMAP_SYNC_RESP_ROOT
[tracker 2000000] confirm_apply error: server closed connection while waiting for ORMAP_SYNC_RESP_ROOT
[tracker 2000000] confirm_apply error: server closed connection while waiting for ORMAP_SYNC_RESP_ROOT
[ 12603s] steady   writes=2001895 errs=0 reconnects=10183 crashes=0 steady=42 recovery=0 converged=true confirms=6039 lastEpoch=402 confirmErrs=179 rss=10043MB(peak 10138)
[tracker 2000000] confirm_apply error: server closed connection while waiting for ORMAP_SYNC_RESP_ROOT
[tracker 2000000] confirm_apply error: server closed connection while waiting for ORMAP_SYNC_RESP_ROOT
[tracker 2000000] confirm_apply error: server closed connection while waiting for ORMAP_SYNC_RESP_ROOT
[tracker 2000000] confirm_apply error: server closed connection while waiting for ORMAP_SYNC_RESP_ROOT
[tracker 2000000] confirm_apply error: server closed connection while waiting for ORMAP_SYNC_RESP_ROOT
[ 12903s] steady   writes=2049665 errs=0 reconnects=10426 crashes=0 steady=43 recovery=0 converged=true confirms=6183 lastEpoch=411 confirmErrs=184 rss=10291MB(peak 10321)
[tracker 2000000] confirm_apply error: server closed connection while waiting for ORMAP_SYNC_RESP_ROOT
[tracker 2000000] confirm_apply error: server closed connection while waiting for ORMAP_SYNC_RESP_ROOT
[tracker 2000000] confirm_apply error: server closed connection while waiting for ORMAP_SYNC_RESP_ROOT
[tracker 2000000] confirm_apply error: server closed connection while waiting for ORMAP_SYNC_RESP_ROOT
[ 13203s] steady   writes=2097275 errs=0 reconnects=10670 crashes=0 steady=44 recovery=0 converged=true confirms=6326 lastEpoch=421 confirmErrs=188 rss=10176MB(peak 10377)
[tracker 2000000] confirm_apply error: server closed connection while waiting for ORMAP_SYNC_RESP_ROOT
[tracker 2000000] confirm_apply error: server closed connection while waiting for ORMAP_SYNC_RESP_ROOT
[tracker 2000000] confirm_apply error: server closed connection while waiting for ORMAP_SYNC_RESP_ROOT
[tracker 2000000] confirm_apply error: server closed connection while waiting for ORMAP_SYNC_RESP_ROOT
[ 13503s] steady   writes=2146059 errs=0 reconnects=10918 crashes=0 steady=45 recovery=0 converged=true confirms=6470 lastEpoch=431 confirmErrs=192 rss=9320MB(peak 10377)
[tracker 2000000] confirm_apply error: server closed connection while waiting for ORMAP_SYNC_RESP_ROOT
[tracker 2000000] confirm_apply error: server closed connection while waiting for ORMAP_SYNC_RESP_ROOT
[tracker 2000000] confirm_apply error: server closed connection while waiting for ORMAP_SYNC_RESP_ROOT
[tracker 2000000] confirm_apply error: server closed connection while waiting for ORMAP_SYNC_RESP_ROOT
[tracker 2000000] confirm_apply error: server closed connection while waiting for ORMAP_SYNC_RESP_ROOT
[ 13803s] steady   writes=2193976 errs=0 reconnects=11164 crashes=0 steady=46 recovery=0 converged=true confirms=6613 lastEpoch=440 confirmErrs=197 rss=9820MB(peak 10377)
[tracker 2000000] confirm_apply error: server closed connection while waiting for ORMAP_SYNC_RESP_ROOT
[tracker 2000000] confirm_apply error: server closed connection while waiting for ORMAP_SYNC_RESP_ROOT
[tracker 2000000] confirm_apply error: server closed connection while waiting for ORMAP_SYNC_RESP_ROOT
[tracker 2000000] confirm_apply error: server closed connection while waiting for ORMAP_SYNC_RESP_ROOT
[ 14103s] steady   writes=2242515 errs=0 reconnects=11409 crashes=0 steady=47 recovery=0 converged=true confirms=6757 lastEpoch=450 confirmErrs=201 rss=10171MB(peak 10377)
[tracker 2000000] confirm_apply error: server closed connection while waiting for ORMAP_SYNC_RESP_ROOT
[tracker 2000000] confirm_apply error: server closed connection while waiting for ORMAP_SYNC_RESP_ROOT
[tracker 2000000] confirm_apply error: server closed connection while waiting for ORMAP_SYNC_RESP_ROOT
[tracker 2000000] confirm_apply error: server closed connection while waiting for ORMAP_SYNC_RESP_ROOT
[ 14403s] steady   writes=2290621 errs=0 reconnects=11655 crashes=0 steady=48 recovery=0 converged=true confirms=6901 lastEpoch=460 confirmErrs=205 rss=10577MB(peak 10577)
[tracker 2000000] confirm_apply error: server closed connection while waiting for ORMAP_SYNC_RESP_ROOT
[tracker 2000000] confirm_apply error: server closed connection while waiting for ORMAP_SYNC_RESP_ROOT
[tracker 2000000] confirm_apply error: server closed connection while waiting for ORMAP_SYNC_RESP_ROOT
[tracker 2000000] confirm_apply error: server closed connection while waiting for ORMAP_SYNC_RESP_ROOT
[ 14703s] steady   writes=2338834 errs=0 reconnects=11900 crashes=0 steady=49 recovery=0 converged=true confirms=7045 lastEpoch=469 confirmErrs=209 rss=10871MB(peak 10871)
[tracker 2000000] confirm_apply error: server closed connection while waiting for ORMAP_SYNC_RESP_ROOT
[tracker 2000000] confirm_apply error: server closed connection while waiting for ORMAP_SYNC_RESP_ROOT
[tracker 2000000] confirm_apply error: server closed connection while waiting for ORMAP_SYNC_RESP_ROOT
[tracker 2000000] confirm_apply error: server closed connection while waiting for ORMAP_SYNC_RESP_ROOT
[tracker 2000000] confirm_apply error: server closed connection while waiting for ORMAP_SYNC_RESP_ROOT
[ 15003s] steady   writes=2387075 errs=0 reconnects=12145 crashes=0 steady=50 recovery=0 converged=true confirms=7188 lastEpoch=479 confirmErrs=214 rss=11041MB(peak 11041)
[tracker 2000000] confirm_apply error: server closed connection while waiting for ORMAP_SYNC_RESP_ROOT
[tracker 2000000] confirm_apply error: server closed connection while waiting for ORMAP_SYNC_RESP_ROOT
[tracker 2000000] confirm_apply error: server closed connection while waiting for ORMAP_SYNC_RESP_ROOT
[tracker 2000000] confirm_apply error: server closed connection while waiting for ORMAP_SYNC_RESP_ROOT
[ 15303s] steady   writes=2434483 errs=0 reconnects=12386 crashes=0 steady=51 recovery=0 converged=true confirms=7332 lastEpoch=488 confirmErrs=218 rss=11079MB(peak 11079)
[tracker 2000000] confirm_apply error: server closed connection while waiting for ORMAP_SYNC_RESP_ROOT
[tracker 2000000] confirm_apply error: server closed connection while waiting for ORMAP_SYNC_RESP_ROOT
[tracker 2000000] confirm_apply error: server closed connection while waiting for ORMAP_SYNC_RESP_ROOT
[tracker 2000000] confirm_apply error: server closed connection while waiting for ORMAP_SYNC_RESP_ROOT
[ 15603s] steady   writes=2482809 errs=0 reconnects=12633 crashes=0 steady=52 recovery=0 converged=true confirms=7476 lastEpoch=498 confirmErrs=222 rss=11145MB(peak 11232)
[tracker 2000000] confirm_apply error: server closed connection while waiting for ORMAP_SYNC_RESP_ROOT
[tracker 2000000] confirm_apply error: server closed connection while waiting for ORMAP_SYNC_RESP_ROOT
[tracker 2000000] confirm_apply error: server closed connection while waiting for ORMAP_SYNC_RESP_ROOT
[tracker 2000000] confirm_apply error: server closed connection while waiting for ORMAP_SYNC_RESP_ROOT
[tracker 2000000] confirm_apply error: server closed connection while waiting for ORMAP_SYNC_RESP_ROOT
[ 15903s] steady   writes=2529852 errs=0 reconnects=12871 crashes=0 steady=53 recovery=0 converged=true confirms=7618 lastEpoch=507 confirmErrs=227 rss=11188MB(peak 11283)
[tracker 2000000] confirm_apply error: server closed connection while waiting for ORMAP_SYNC_RESP_ROOT
[tracker 2000000] confirm_apply error: server closed connection while waiting for ORMAP_SYNC_RESP_ROOT
[tracker 2000000] confirm_apply error: server closed connection while waiting for ORMAP_SYNC_RESP_ROOT
[tracker 2000000] confirm_apply error: server closed connection while waiting for ORMAP_SYNC_RESP_ROOT
[ 16203s] steady   writes=2577685 errs=0 reconnects=13117 crashes=0 steady=54 recovery=0 converged=true confirms=7762 lastEpoch=517 confirmErrs=231 rss=11240MB(peak 11344)
[tracker 2000000] confirm_apply error: server closed connection while waiting for ORMAP_SYNC_RESP_ROOT
[tracker 2000000] confirm_apply error: server closed connection while waiting for ORMAP_SYNC_RESP_ROOT
[tracker 2000000] confirm_apply error: server closed connection while waiting for ORMAP_SYNC_RESP_ROOT
[tracker 2000000] confirm_apply error: server closed connection while waiting for ORMAP_SYNC_RESP_ROOT
[ 16503s] steady   writes=2624957 errs=0 reconnects=13359 crashes=0 steady=55 recovery=0 converged=true confirms=7907 lastEpoch=526 confirmErrs=235 rss=11244MB(peak 11350)
[tracker 2000000] confirm_apply error: server closed connection while waiting for ORMAP_SYNC_RESP_ROOT
[tracker 2000000] confirm_apply error: server closed connection while waiting for ORMAP_SYNC_RESP_ROOT
[tracker 2000000] confirm_apply error: server closed connection while waiting for ORMAP_SYNC_RESP_ROOT
[tracker 2000000] confirm_apply error: server closed connection while waiting for ORMAP_SYNC_RESP_ROOT
[ 16803s] steady   writes=2672841 errs=0 reconnects=13603 crashes=0 steady=56 recovery=0 converged=true confirms=8050 lastEpoch=536 confirmErrs=239 rss=11327MB(peak 11477)
[tracker 2000000] confirm_apply error: server closed connection while waiting for ORMAP_SYNC_RESP_ROOT
[tracker 2000000] confirm_apply error: server closed connection while waiting for ORMAP_SYNC_RESP_ROOT
[tracker 2000000] confirm_apply error: server closed connection while waiting for ORMAP_SYNC_RESP_ROOT
[tracker 2000000] confirm_apply error: server closed connection while waiting for ORMAP_SYNC_RESP_ROOT
[tracker 2000000] confirm_apply error: server closed connection while waiting for ORMAP_SYNC_RESP_ROOT
[ 17103s] steady   writes=2719763 errs=0 reconnects=13842 crashes=0 steady=57 recovery=0 converged=true confirms=8192 lastEpoch=545 confirmErrs=244 rss=11402MB(peak 11499)
[tracker 2000000] confirm_apply error: server closed connection while waiting for ORMAP_SYNC_RESP_ROOT
[tracker 2000000] confirm_apply error: server closed connection while waiting for ORMAP_SYNC_RESP_ROOT
[tracker 2000000] confirm_apply error: server closed connection while waiting for ORMAP_SYNC_RESP_ROOT
[tracker 2000000] confirm_apply error: server closed connection while waiting for ORMAP_SYNC_RESP_ROOT
[ 17403s] steady   writes=2767211 errs=0 reconnects=14085 crashes=0 steady=58 recovery=0 converged=true confirms=8336 lastEpoch=555 confirmErrs=248 rss=11483MB(peak 11499)
[tracker 2000000] confirm_apply error: server closed connection while waiting for ORMAP_SYNC_RESP_ROOT
[tracker 2000000] confirm_apply error: server closed connection while waiting for ORMAP_SYNC_RESP_ROOT
[tracker 2000000] confirm_apply error: server closed connection while waiting for ORMAP_SYNC_RESP_ROOT
[tracker 2000000] confirm_apply error: server closed connection while waiting for ORMAP_SYNC_RESP_ROOT
[ 17703s] steady   writes=2813750 errs=0 reconnects=14320 crashes=0 steady=59 recovery=0 converged=true confirms=8480 lastEpoch=564 confirmErrs=252 rss=11768MB(peak 11769)
[tracker 2000000] confirm_apply error: server closed connection while waiting for ORMAP_SYNC_RESP_ROOT
[tracker 2000000] confirm_apply error: server closed connection while waiting for ORMAP_SYNC_RESP_ROOT
[tracker 2000000] confirm_apply error: server closed connection while waiting for ORMAP_SYNC_RESP_ROOT
[tracker 2000000] confirm_apply error: server closed connection while waiting for ORMAP_SYNC_RESP_ROOT
[tracker 2000000] confirm_apply error: server closed connection while waiting for ORMAP_SYNC_RESP_ROOT
[ 18003s] steady   writes=2861269 errs=0 reconnects=14563 crashes=0 steady=60 recovery=0 converged=true confirms=8622 lastEpoch=574 confirmErrs=257 rss=11834MB(peak 11853)
[tracker 2000000] confirm_apply error: server closed connection while waiting for ORMAP_SYNC_RESP_ROOT
[tracker 2000000] confirm_apply error: server closed connection while waiting for ORMAP_SYNC_RESP_ROOT
[tracker 2000000] confirm_apply error: server closed connection while waiting for ORMAP_SYNC_RESP_ROOT
[tracker 2000000] confirm_apply error: server closed connection while waiting for ORMAP_SYNC_RESP_ROOT
[ 18303s] steady   writes=2908715 errs=0 reconnects=14803 crashes=0 steady=61 recovery=0 converged=true confirms=8766 lastEpoch=583 confirmErrs=261 rss=12002MB(peak 12002)
[tracker 2000000] confirm_apply error: server closed connection while waiting for ORMAP_SYNC_RESP_ROOT
[tracker 2000000] confirm_apply error: server closed connection while waiting for ORMAP_SYNC_RESP_ROOT
[tracker 2000000] confirm_apply error: server closed connection while waiting for ORMAP_SYNC_RESP_ROOT
[tracker 2000000] confirm_apply error: server closed connection while waiting for ORMAP_SYNC_RESP_ROOT
[ 18603s] steady   writes=2955205 errs=0 reconnects=15041 crashes=0 steady=62 recovery=0 converged=true confirms=8910 lastEpoch=593 confirmErrs=265 rss=12013MB(peak 12076)
[tracker 2000000] confirm_apply error: server closed connection while waiting for ORMAP_SYNC_RESP_ROOT
[tracker 2000000] confirm_apply error: server closed connection while waiting for ORMAP_SYNC_RESP_ROOT
[tracker 2000000] confirm_apply error: server closed connection while waiting for ORMAP_SYNC_RESP_ROOT
[tracker 2000000] confirm_apply error: server closed connection while waiting for ORMAP_SYNC_RESP_ROOT
[ 18903s] steady   writes=3002690 errs=0 reconnects=15282 crashes=0 steady=63 recovery=0 converged=true confirms=9054 lastEpoch=602 confirmErrs=269 rss=12098MB(peak 12098)
[tracker 2000000] confirm_apply error: server closed connection while waiting for ORMAP_SYNC_RESP_ROOT
[tracker 2000000] confirm_apply error: server closed connection while waiting for ORMAP_SYNC_RESP_ROOT
[tracker 2000000] confirm_apply error: server closed connection while waiting for ORMAP_SYNC_RESP_ROOT
[tracker 2000000] confirm_apply error: server closed connection while waiting for ORMAP_SYNC_RESP_ROOT
[tracker 2000000] confirm_apply error: server closed connection while waiting for ORMAP_SYNC_RESP_ROOT
[ 19203s] steady   writes=3049442 errs=0 reconnects=15519 crashes=0 steady=64 recovery=0 converged=true confirms=9196 lastEpoch=611 confirmErrs=274 rss=12121MB(peak 12124)
[tracker 2000000] confirm_apply error: server closed connection while waiting for ORMAP_SYNC_RESP_ROOT
[tracker 2000000] confirm_apply error: server closed connection while waiting for ORMAP_SYNC_RESP_ROOT
[tracker 2000000] confirm_apply error: server closed connection while waiting for ORMAP_SYNC_RESP_ROOT
[tracker 2000000] confirm_apply error: server closed connection while waiting for ORMAP_SYNC_RESP_ROOT
[ 19503s] steady   writes=3096692 errs=0 reconnects=15760 crashes=0 steady=65 recovery=0 converged=true confirms=9339 lastEpoch=621 confirmErrs=278 rss=12352MB(peak 12352)
[tracker 2000000] confirm_apply error: server closed connection while waiting for ORMAP_SYNC_RESP_ROOT
[tracker 2000000] confirm_apply error: server closed connection while waiting for ORMAP_SYNC_RESP_ROOT
[tracker 2000000] confirm_apply error: server closed connection while waiting for ORMAP_SYNC_RESP_ROOT
[tracker 2000000] confirm_apply error: server closed connection while waiting for ORMAP_SYNC_RESP_ROOT
[ 19803s] steady   writes=3142685 errs=0 reconnects=15995 crashes=0 steady=66 recovery=0 converged=true confirms=9482 lastEpoch=630 confirmErrs=282 rss=12532MB(peak 12555)
[tracker 2000000] confirm_apply error: server closed connection while waiting for ORMAP_SYNC_RESP_ROOT
[tracker 2000000] confirm_apply error: server closed connection while waiting for ORMAP_SYNC_RESP_ROOT
[tracker 2000000] confirm_apply error: server closed connection while waiting for ORMAP_SYNC_RESP_ROOT
[tracker 2000000] confirm_apply error: server closed connection while waiting for ORMAP_SYNC_RESP_ROOT
[tracker 2000000] confirm_apply error: server closed connection while waiting for ORMAP_SYNC_RESP_ROOT
[ 20103s] steady   writes=3189390 errs=0 reconnects=16234 crashes=0 steady=67 recovery=0 converged=true confirms=9624 lastEpoch=639 confirmErrs=287 rss=12758MB(peak 12758)
[tracker 2000000] confirm_apply error: server closed connection while waiting for ORMAP_SYNC_RESP_ROOT
[tracker 2000000] confirm_apply error: server closed connection while waiting for ORMAP_SYNC_RESP_ROOT
[tracker 2000000] confirm_apply error: server closed connection while waiting for ORMAP_SYNC_RESP_ROOT
[tracker 2000000] confirm_apply error: server closed connection while waiting for ORMAP_SYNC_RESP_ROOT
[ 20403s] steady   writes=3236166 errs=0 reconnects=16473 crashes=0 steady=68 recovery=0 converged=true confirms=9767 lastEpoch=649 confirmErrs=291 rss=12952MB(peak 12952)
[tracker 2000000] confirm_apply error: server closed connection while waiting for ORMAP_SYNC_RESP_ROOT
[tracker 2000000] confirm_apply error: server closed connection while waiting for ORMAP_SYNC_RESP_ROOT
[tracker 2000000] confirm_apply error: server closed connection while waiting for ORMAP_SYNC_RESP_ROOT
[tracker 2000000] confirm_apply error: server closed connection while waiting for ORMAP_SYNC_RESP_ROOT
[ 20703s] steady   writes=3282713 errs=0 reconnects=16708 crashes=0 steady=69 recovery=0 converged=true confirms=9910 lastEpoch=658 confirmErrs=295 rss=13170MB(peak 13217)
[tracker 2000000] confirm_apply error: server closed connection while waiting for ORMAP_SYNC_RESP_ROOT
[tracker 2000000] confirm_apply error: server closed connection while waiting for ORMAP_SYNC_RESP_ROOT
[tracker 2000000] confirm_apply error: server closed connection while waiting for ORMAP_SYNC_RESP_ROOT
[tracker 2000000] confirm_apply error: server closed connection while waiting for ORMAP_SYNC_RESP_ROOT
[ 21003s] steady   writes=3328352 errs=0 reconnects=16942 crashes=0 steady=70 recovery=0 converged=true confirms=10053 lastEpoch=667 confirmErrs=299 rss=12904MB(peak 13217)
[tracker 2000000] confirm_apply error: server closed connection while waiting for ORMAP_SYNC_RESP_ROOT
[tracker 2000000] confirm_apply error: server closed connection while waiting for ORMAP_SYNC_RESP_ROOT
[tracker 2000000] confirm_apply error: server closed connection while waiting for ORMAP_SYNC_RESP_ROOT
[tracker 2000000] confirm_apply error: server closed connection while waiting for ORMAP_SYNC_RESP_ROOT
[tracker 2000000] confirm_apply error: server closed connection while waiting for ORMAP_SYNC_RESP_ROOT
[ 21303s] steady   writes=3374174 errs=0 reconnects=17176 crashes=0 steady=71 recovery=0 converged=true confirms=10196 lastEpoch=676 confirmErrs=304 rss=12812MB(peak 13217)
[tracker 2000000] confirm_apply error: server closed connection while waiting for ORMAP_SYNC_RESP_ROOT
[tracker 2000000] confirm_apply error: server closed connection while waiting for ORMAP_SYNC_RESP_ROOT
[tracker 2000000] confirm_apply error: server closed connection while waiting for ORMAP_SYNC_RESP_ROOT
[tracker 2000000] confirm_apply error: server closed connection while waiting for ORMAP_SYNC_RESP_ROOT
[ 21603s] steady   writes=3420378 errs=0 reconnects=17409 crashes=0 steady=72 recovery=0 converged=true confirms=10338 lastEpoch=686 confirmErrs=308 rss=12921MB(peak 13217)
[tracker 2000000] confirm_apply error: server closed connection while waiting for ORMAP_SYNC_RESP_ROOT
[tracker 2000000] confirm_apply error: server closed connection while waiting for ORMAP_SYNC_RESP_ROOT
[tracker 2000000] confirm_apply error: server closed connection while waiting for ORMAP_SYNC_RESP_ROOT
[tracker 2000000] confirm_apply error: server closed connection while waiting for ORMAP_SYNC_RESP_ROOT
[ 21903s] steady   writes=3466591 errs=0 reconnects=17645 crashes=0 steady=73 recovery=0 converged=true confirms=10482 lastEpoch=695 confirmErrs=312 rss=13072MB(peak 13217)
[tracker 2000000] confirm_apply error: server closed connection while waiting for ORMAP_SYNC_RESP_ROOT
[tracker 2000000] confirm_apply error: server closed connection while waiting for ORMAP_SYNC_RESP_ROOT
[tracker 2000000] confirm_apply error: server closed connection while waiting for ORMAP_SYNC_RESP_ROOT
[tracker 2000000] confirm_apply error: server closed connection while waiting for ORMAP_SYNC_RESP_ROOT
[tracker 2000000] confirm_apply error: server closed connection while waiting for ORMAP_SYNC_RESP_ROOT
[ 22203s] steady   writes=3512292 errs=0 reconnects=17877 crashes=0 steady=74 recovery=0 converged=true confirms=10623 lastEpoch=704 confirmErrs=317 rss=13286MB(peak 13286)
[tracker 2000000] confirm_apply error: server closed connection while waiting for ORMAP_SYNC_RESP_ROOT
[tracker 2000000] confirm_apply error: server closed connection while waiting for ORMAP_SYNC_RESP_ROOT
[tracker 2000000] confirm_apply error: server closed connection while waiting for ORMAP_SYNC_RESP_ROOT
[tracker 2000000] confirm_apply error: server closed connection while waiting for ORMAP_SYNC_RESP_ROOT
[ 22503s] steady   writes=3557895 errs=0 reconnects=18112 crashes=0 steady=75 recovery=0 converged=true confirms=10766 lastEpoch=713 confirmErrs=321 rss=13340MB(peak 13379)
[tracker 2000000] confirm_apply error: server closed connection while waiting for ORMAP_SYNC_RESP_ROOT
[tracker 2000000] confirm_apply error: server closed connection while waiting for ORMAP_SYNC_RESP_ROOT
[tracker 2000000] confirm_apply error: server closed connection while waiting for ORMAP_SYNC_RESP_ROOT
[tracker 2000000] confirm_apply error: server closed connection while waiting for ORMAP_SYNC_RESP_ROOT
[ 22803s] steady   writes=3603647 errs=0 reconnects=18344 crashes=0 steady=76 recovery=0 converged=true confirms=10909 lastEpoch=722 confirmErrs=325 rss=13408MB(peak 13505)
[tracker 2000000] confirm_apply error: server closed connection while waiting for ORMAP_SYNC_RESP_ROOT
[tracker 2000000] confirm_apply error: server closed connection while waiting for ORMAP_SYNC_RESP_ROOT
[tracker 2000000] confirm_apply error: server closed connection while waiting for ORMAP_SYNC_RESP_ROOT
[tracker 2000000] confirm_apply error: server closed connection while waiting for ORMAP_SYNC_RESP_ROOT
[ 23103s] steady   writes=3649388 errs=0 reconnects=18577 crashes=0 steady=77 recovery=0 converged=true confirms=11052 lastEpoch=731 confirmErrs=329 rss=13552MB(peak 13552)
[tracker 2000000] confirm_apply error: server closed connection while waiting for ORMAP_SYNC_RESP_ROOT
[tracker 2000000] confirm_apply error: server closed connection while waiting for ORMAP_SYNC_RESP_ROOT
[tracker 2000000] confirm_apply error: server closed connection while waiting for ORMAP_SYNC_RESP_ROOT
[tracker 2000000] confirm_apply error: server closed connection while waiting for ORMAP_SYNC_RESP_ROOT
[tracker 2000000] confirm_apply error: server closed connection while waiting for ORMAP_SYNC_RESP_ROOT
[ 23403s] steady   writes=3694656 errs=0 reconnects=18807 crashes=0 steady=78 recovery=0 converged=true confirms=11194 lastEpoch=740 confirmErrs=334 rss=13574MB(peak 13629)
[tracker 2000000] confirm_apply error: server closed connection while waiting for ORMAP_SYNC_RESP_ROOT
[tracker 2000000] confirm_apply error: server closed connection while waiting for ORMAP_SYNC_RESP_ROOT
[tracker 2000000] confirm_apply error: server closed connection while waiting for ORMAP_SYNC_RESP_ROOT
[tracker 2000000] confirm_apply error: server closed connection while waiting for ORMAP_SYNC_RESP_ROOT
[ 23703s] steady   writes=3740175 errs=0 reconnects=19038 crashes=0 steady=79 recovery=0 converged=true confirms=11337 lastEpoch=749 confirmErrs=338 rss=13659MB(peak 13913)
[tracker 2000000] confirm_apply error: server closed connection while waiting for ORMAP_SYNC_RESP_ROOT
[tracker 2000000] confirm_apply error: server closed connection while waiting for ORMAP_SYNC_RESP_ROOT
[tracker 2000000] confirm_apply error: server closed connection while waiting for ORMAP_SYNC_RESP_ROOT
[tracker 2000000] confirm_apply error: server closed connection while waiting for ORMAP_SYNC_RESP_ROOT
[ 24003s] steady   writes=3785281 errs=0 reconnects=19268 crashes=0 steady=80 recovery=0 converged=true confirms=11480 lastEpoch=759 confirmErrs=342 rss=13806MB(peak 13913)
[tracker 2000000] confirm_apply error: server closed connection while waiting for ORMAP_SYNC_RESP_ROOT
[tracker 2000000] confirm_apply error: server closed connection while waiting for ORMAP_SYNC_RESP_ROOT
[tracker 2000000] confirm_apply error: server closed connection while waiting for ORMAP_SYNC_RESP_ROOT
[tracker 2000000] confirm_apply error: server closed connection while waiting for ORMAP_SYNC_RESP_ROOT
[tracker 2000000] confirm_apply error: server closed connection while waiting for ORMAP_SYNC_RESP_ROOT
[ 24303s] steady   writes=3830554 errs=0 reconnects=19500 crashes=0 steady=81 recovery=0 converged=true confirms=11622 lastEpoch=768 confirmErrs=347 rss=13925MB(peak 13974)
[tracker 2000000] confirm_apply error: server closed connection while waiting for ORMAP_SYNC_RESP_ROOT
[tracker 2000000] confirm_apply error: server closed connection while waiting for ORMAP_SYNC_RESP_ROOT
[tracker 2000000] confirm_apply error: server closed connection while waiting for ORMAP_SYNC_RESP_ROOT
[tracker 2000000] confirm_apply error: server closed connection while waiting for ORMAP_SYNC_RESP_ROOT
[ 24603s] steady   writes=3874665 errs=0 reconnects=19725 crashes=0 steady=82 recovery=0 converged=true confirms=11766 lastEpoch=776 confirmErrs=351 rss=13817MB(peak 14068)
[tracker 2000000] confirm_apply error: server closed connection while waiting for ORMAP_SYNC_RESP_ROOT
[tracker 2000000] confirm_apply error: server closed connection while waiting for ORMAP_SYNC_RESP_ROOT
[tracker 2000000] confirm_apply error: server closed connection while waiting for ORMAP_SYNC_RESP_ROOT
[tracker 2000000] confirm_apply error: server closed connection while waiting for ORMAP_SYNC_RESP_ROOT
[ 24903s] steady   writes=3918849 errs=0 reconnects=19950 crashes=0 steady=83 recovery=0 converged=true confirms=11908 lastEpoch=785 confirmErrs=355 rss=13632MB(peak 14210)
[tracker 2000000] confirm_apply error: server closed connection while waiting for ORMAP_SYNC_RESP_ROOT
[tracker 2000000] confirm_apply error: server closed connection while waiting for ORMAP_SYNC_RESP_ROOT
[tracker 2000000] confirm_apply error: server closed connection while waiting for ORMAP_SYNC_RESP_ROOT
[tracker 2000000] confirm_apply error: server closed connection while waiting for ORMAP_SYNC_RESP_ROOT
[ 25203s] steady   writes=3963355 errs=0 reconnects=20177 crashes=0 steady=84 recovery=0 converged=true confirms=12051 lastEpoch=794 confirmErrs=359 rss=13899MB(peak 14238)
[tracker 2000000] confirm_apply error: server closed connection while waiting for ORMAP_SYNC_RESP_ROOT
[tracker 2000000] confirm_apply error: server closed connection while waiting for ORMAP_SYNC_RESP_ROOT
[tracker 2000000] confirm_apply error: server closed connection while waiting for ORMAP_SYNC_RESP_ROOT
[tracker 2000000] confirm_apply error: server closed connection while waiting for ORMAP_SYNC_RESP_ROOT
[tracker 2000000] confirm_apply error: server closed connection while waiting for ORMAP_SYNC_RESP_ROOT
[ 25503s] steady   writes=4005712 errs=0 reconnects=20391 crashes=0 steady=85 recovery=0 converged=true confirms=12192 lastEpoch=803 confirmErrs=364 rss=13823MB(peak 14252)
[tracker 2000000] confirm_apply error: server closed connection while waiting for ORMAP_SYNC_RESP_ROOT
[tracker 2000000] confirm_apply error: server closed connection while waiting for ORMAP_SYNC_RESP_ROOT
[tracker 2000000] confirm_apply error: server closed connection while waiting for ORMAP_SYNC_RESP_ROOT
[tracker 2000000] confirm_apply error: server closed connection while waiting for ORMAP_SYNC_RESP_ROOT
[ 25803s] steady   writes=4046389 errs=0 reconnects=20598 crashes=0 steady=86 recovery=0 converged=true confirms=12335 lastEpoch=811 confirmErrs=368 rss=13621MB(peak 14252)
[tracker 2000000] confirm_apply error: server closed connection while waiting for ORMAP_SYNC_RESP_ROOT
[tracker 2000000] confirm_apply error: server closed connection while waiting for ORMAP_SYNC_RESP_ROOT
[tracker 2000000] confirm_apply error: server closed connection while waiting for ORMAP_SYNC_RESP_ROOT
[tracker 2000000] confirm_apply error: server closed connection while waiting for ORMAP_SYNC_RESP_ROOT
[ 26103s] steady   writes=4085117 errs=0 reconnects=20795 crashes=0 steady=87 recovery=0 converged=true confirms=12477 lastEpoch=818 confirmErrs=372 rss=13504MB(peak 14252)
[tracker 2000000] confirm_apply error: server closed connection while waiting for ORMAP_SYNC_RESP_ROOT
[tracker 2000000] confirm_apply error: server closed connection while waiting for ORMAP_SYNC_RESP_ROOT
[tracker 2000000] confirm_apply error: server closed connection while waiting for ORMAP_SYNC_RESP_ROOT
[tracker 2000000] confirm_apply error: server closed connection while waiting for ORMAP_SYNC_RESP_ROOT
[tracker 2000000] confirm_apply error: server closed connection while waiting for ORMAP_SYNC_RESP_ROOT
[ 26403s] steady   writes=4119484 errs=0 reconnects=20970 crashes=0 steady=88 recovery=0 converged=true confirms=12618 lastEpoch=825 confirmErrs=377 rss=12336MB(peak 14252)
[tracker 2000000] confirm_apply error: server closed connection while waiting for ORMAP_SYNC_RESP_ROOT
[tracker 2000000] confirm_apply error: server closed connection while waiting for ORMAP_SYNC_RESP_ROOT
[tracker 2000000] confirm_apply error: server closed connection while waiting for ORMAP_SYNC_RESP_ROOT
[tracker 2000000] confirm_apply error: server closed connection while waiting for ORMAP_SYNC_RESP_ROOT
[ 26703s] steady   writes=4151134 errs=0 reconnects=21131 crashes=0 steady=89 recovery=0 converged=true confirms=12762 lastEpoch=832 confirmErrs=381 rss=12670MB(peak 14252)
[tracker 2000000] confirm_apply error: server closed connection while waiting for ORMAP_SYNC_RESP_ROOT
[tracker 2000000] confirm_apply error: server closed connection while waiting for ORMAP_SYNC_RESP_ROOT
[tracker 2000000] confirm_apply error: server closed connection while waiting for ORMAP_SYNC_RESP_ROOT
[tracker 2000000] confirm_apply error: server closed connection while waiting for ORMAP_SYNC_RESP_ROOT
[ 27003s] steady   writes=4183007 errs=0 reconnects=21294 crashes=0 steady=90 recovery=0 converged=true confirms=12904 lastEpoch=838 confirmErrs=385 rss=12690MB(peak 14252)
[tracker 2000000] confirm_apply error: server closed connection while waiting for ORMAP_SYNC_RESP_ROOT
[tracker 2000000] confirm_apply error: server closed connection while waiting for ORMAP_SYNC_RESP_ROOT
[tracker 2000000] confirm_apply error: server closed connection while waiting for ORMAP_SYNC_RESP_ROOT
[tracker 2000000] confirm_apply error: server closed connection while waiting for ORMAP_SYNC_RESP_ROOT
[ 27303s] steady   writes=4215361 errs=0 reconnects=21459 crashes=0 steady=91 recovery=0 converged=true confirms=13046 lastEpoch=845 confirmErrs=389 rss=12523MB(peak 14252)
[tracker 2000000] confirm_apply error: server closed connection while waiting for ORMAP_SYNC_RESP_ROOT
[tracker 2000000] confirm_apply error: server closed connection while waiting for ORMAP_SYNC_RESP_ROOT
[tracker 2000000] confirm_apply error: server closed connection while waiting for ORMAP_SYNC_RESP_ROOT
[tracker 2000000] confirm_apply error: server closed connection while waiting for ORMAP_SYNC_RESP_ROOT
[tracker 2000000] confirm_apply error: server closed connection while waiting for ORMAP_SYNC_RESP_ROOT
[ 27603s] steady   writes=4247043 errs=0 reconnects=21621 crashes=0 steady=92 recovery=0 converged=true confirms=13187 lastEpoch=851 confirmErrs=394 rss=12674MB(peak 14252)
[tracker 2000000] confirm_apply error: server closed connection while waiting for ORMAP_SYNC_RESP_ROOT
[tracker 2000000] confirm_apply error: server closed connection while waiting for ORMAP_SYNC_RESP_ROOT
[tracker 2000000] confirm_apply error: server closed connection while waiting for ORMAP_SYNC_RESP_ROOT
[tracker 2000000] confirm_apply error: server closed connection while waiting for ORMAP_SYNC_RESP_ROOT
[ 27903s] steady   writes=4277447 errs=0 reconnects=21774 crashes=0 steady=93 recovery=0 converged=true confirms=13329 lastEpoch=857 confirmErrs=398 rss=12326MB(peak 14252)
[tracker 2000000] confirm_apply error: server closed connection while waiting for ORMAP_SYNC_RESP_ROOT
[tracker 2000000] confirm_apply error: server closed connection while waiting for ORMAP_SYNC_RESP_ROOT
[tracker 2000000] confirm_apply error: server closed connection while waiting for ORMAP_SYNC_RESP_ROOT
[tracker 2000000] confirm_apply error: server closed connection while waiting for ORMAP_SYNC_RESP_ROOT
[ 28203s] steady   writes=4306738 errs=0 reconnects=21924 crashes=0 steady=94 recovery=0 converged=true confirms=13471 lastEpoch=863 confirmErrs=402 rss=11780MB(peak 14252)
[tracker 2000000] confirm_apply error: server closed connection while waiting for ORMAP_SYNC_RESP_ROOT
[tracker 2000000] confirm_apply error: server closed connection while waiting for ORMAP_SYNC_RESP_ROOT
[tracker 2000000] confirm_apply error: server closed connection while waiting for ORMAP_SYNC_RESP_ROOT
[tracker 2000000] confirm_apply error: server closed connection while waiting for ORMAP_SYNC_RESP_ROOT
[tracker 2000000] confirm_apply error: server closed connection while waiting for ORMAP_SYNC_RESP_ROOT
[ 28503s] steady   writes=4336137 errs=0 reconnects=22075 crashes=0 steady=95 recovery=0 converged=true confirms=13612 lastEpoch=869 confirmErrs=407 rss=12258MB(peak 14252)
[tracker 2000000] confirm_apply error: server closed connection while waiting for ORMAP_SYNC_RESP_ROOT
[tracker 2000000] confirm_apply error: server closed connection while waiting for ORMAP_SYNC_RESP_ROOT
[tracker 2000000] confirm_apply error: server closed connection while waiting for ORMAP_SYNC_RESP_ROOT
[tracker 2000000] confirm_apply error: server closed connection while waiting for ORMAP_SYNC_RESP_ROOT

=== SOAK SUMMARY ===
result:            FAIL
finished_reason:   tombstone-byte growth slope 1182732.5 bytes/h exceeds 512.0 bytes/h: tombstone-byte growth slope 1182732.5 bytes/h exceeds 512.0 bytes/h (total growth 4994851 bytes over 5754 samples, last-half window 14403s)
actual_duration:   28802s
total_writes:      4364619
write_errors:      0
reconnects:        22220
resends:           740500
confirm_apply:     confirms=13754 lastEpoch=874 errors=411 (tracked client advances the low-water-mark that licenses pruning; confirms=0 with a climbing gauge = LWM never advanced)
steady_checkpts:   95
recovery_checkpts: 0 (crashes 0)
memory:            first=12MB peak=14252MB last=12179MB slope=1521.2MB/h -> ok (backstop)
tombstone_bytes:   first=0 peak=4994851 last=4994851 slope=1182732.5B/h samples=5754 -> FAIL (slope + blind-monitor both hard-gate) reason=tombstone-byte growth slope 1182732.5 bytes/h exceeds 512.0 bytes/h (total growth 4994851 bytes over 5754 samples, last-half window 14403s)
tombstone_corpus_redb_scan: 4969274 bytes (independent of gauge; last gauge value 4994851 bytes) -> DIVERGED (positive-control cross-check, report-only)
disk_mb:           first=1.5 peak=1199.7 last=1199.7 slope=153.6MB/h samples=5614 -> FAIL (slope report-only until TODO-566; blind-monitor hard-gates) reason=disk growth slope 153.6MB/h exceeds 50.0MB/h (total growth 1198.2MB over 5614 samples)
pending_gates (expected-fail, did NOT fail the run):
  - disk growth slope 153.6 MB/h exceeds 50.0 MB/h — EXPECTED until TODO-566 bounds OR-Map tombstones (report-only, did NOT fail the run)
wrote JSON report to /private/tmp/spec356c-out-r1/spec356c-long-r1.soak.json

=== OR-CHURN MECHANISM REPORT (report-only, Q1-Q4) ===
Q1 bytes/frame:    OR early(mean=142B max=209B) late(mean=147B max=209B) max=209B | LWW mean=220B max=304B | OR/LWW=0.7x | rises=false
OR frame census:   delta(n=2297584 mean=145B max=209B total=332503891B) | snapshot(n=0 mean=0B max=0B total=0B)
Q2 drain window:   before=839.2MB after=839.2MB delta=0.0MB | no significant drain burst (WAL delta 0.0MB)
Q3 RSS holder:     rss_slope=1521.2MB/h disk_slope=153.6MB/h corr=0.90 | RSS tracks disk in lockstep (r=0.90); the growing OR blobs sit in the write-behind queue / record cache — delta-framing should reduce RSS too
Q4 not tombstone:  or_wal_bytes=332503891 tombstone_corpus=4969274 gauge=4994851 | growth_is_or=true
scan:              segments=165289 or_frames=2297584 lww_frames=753433 remove_frames=0
conclusion:        REFUTED / INCONCLUSIVE: OR frame size did NOT rise late-vs-early over the retained corpus — the O(N)-per-op-frame hypothesis is not confirmed by this run. Inspect the acked-beyond-applied tail bound and write-behind retention before choosing the fix.
sequencing:        Sequencing option for the R1 /xask gate: tail-bounding the acked-beyond-applied WAL is the lowest-risk FIRST containment (OOM/disk-full -> backpressure, zero recovery-path risk); delta-framing is the eventual O(1)-frame fix. If Q2 shows the drain burst is buffered O(N) frames, tail-bounding addresses it directly.
wrote mechanism report to /private/tmp/spec356c-out-r1/spec356c-long-r1.soak.mechanism.json
