--- cell j2 at 2026-09-22T19:43:48Z
HOST uptime: 22:43  up 1 day, 49 mins, 2 users, load averages: 5.67 4.99 4.98
HOST memory_pressure: System-wide memory free percentage: 78%
HOST vm_stat: Mach Virtual Memory Statistics: (page size of 16384 bytes)
HOST vm_stat: Pages free:                                   216329.
HOST vm_stat: Pages active:                                 667091.
HOST vm_stat: Pages inactive:                               712907.
HOST vm_stat: Pages speculative:                              1329.
HOST vm_stat: Pages throttled:                                   0.
HOST vm_stat: Pages wired down:                             156313.
HOST vm_stat: Pages purgeable:                               24726.
HOST therm: Note: No thermal warning level has been recorded
HOST therm: Note: No performance warning level has been recorded
HOST therm: Note: No CPU power status has been recorded
provenance: server sha256=fa60f730ad3dca92afaf5684942cd451a08c9672529034f15ad2451861c36dec flavour=JE built=2026-09-22T15:35:04Z run_start=2026-09-22T19:43:48Z topgun_or_prune_restored_cancelled_total=present
provenance: server sha256=fa60f730ad3dca92afaf5684942cd451a08c9672529034f15ad2451861c36dec flavour=JE built=2026-09-22T15:35:04Z run_start=2026-09-22T19:43:48Z topgun_or_prune_restored_cancelled_total=present harness sha256=ed0769d00ec582a033f152fa77aa74798df338440cb5ed16a4a773ec09fbe74d harness_built=2026-09-22T15:42:27Z tombstone_level_ceiling_gate=present
soak binary:   /Users/koristuvac/Projects/topgun/topgun/target/spec372-h/release/deps/soak_harness-0379469b8a4255d8
  built:       2026-09-22T15:42:27Z
server binary: /Users/koristuvac/Projects/topgun/topgun/target/spec372-je/release/topgun-server
  built:       2026-09-22T15:35:04Z

=== spec372 allocator-evaluation run: cell j2 (flavour JE) ===
  repo HEAD:      2f81851b9fc5aabb34a5e6e03594214639688859
  dirty tree:     yes
  host/OS:        Darwin MacBook-Pro-koristuvac.local 27.0.0 Darwin Kernel Version 27.0.0: Tue Aug 11 21:22:49 PDT 2026; root:xnu-13432.1.9~1/RELEASE_ARM64_T6000 arm64
  lineage:        chain-built harness + chain-built JE server
  chain start:    1790090781
  data dir:       /Users/koristuvac/Projects/topgun/topgun/target/spec372-j2-data
  csv:            /Users/koristuvac/Projects/topgun/topgun/packages/server-rust/benches/soak_harness/evidence/spec372-j2.csv
  soak.json:      /Users/koristuvac/Projects/topgun/topgun/packages/server-rust/benches/soak_harness/evidence/spec372-j2.soak.json
  mechanism.json: /Users/koristuvac/Projects/topgun/topgun/packages/server-rust/benches/soak_harness/evidence/spec372-j2.mechanism.json (harness writes spec372-j2.soak.mechanism.json; renamed after the run)
  durable.json:   /Users/koristuvac/Projects/topgun/topgun/packages/server-rust/benches/soak_harness/evidence/spec372-j2.soak.durable.json (raw basename: NOT renamed, by design)
  progress.jsonl: /Users/koristuvac/Projects/topgun/topgun/packages/server-rust/benches/soak_harness/evidence/spec372-j2.progress.jsonl
  console log:    /Users/koristuvac/Projects/topgun/topgun/packages/server-rust/benches/soak_harness/evidence/spec372-j2.harness-console.log
  matrix:         /Users/koristuvac/Projects/topgun/topgun/packages/server-rust/benches/soak_harness/evidence/spec372-j2.matrix.txt
  soak binary:    /Users/koristuvac/Projects/topgun/topgun/target/spec372-h/release/deps/soak_harness-0379469b8a4255d8
  soak binary commit: 2f81851b9fc5aabb34a5e6e03594214639688859 (HEAD; the binary itself is identified by its sha256)
  .rs working tree:   CLEAN (asserted before the build)
  code freeze:            08cdef2f
  code freeze diff (.rs): EMPTY (asserted before the build)
    built:        2026-09-22T15:42:27Z
  server binary:  /Users/koristuvac/Projects/topgun/topgun/target/spec372-je/release/topgun-server
    built:        2026-09-22T15:35:04Z
    sha256:       fa60f730ad3dca92afaf5684942cd451a08c9672529034f15ad2451861c36dec
  --- varied knobs; everything else is the spec362b-durable.sh long4h
      literal ---
  TOPGUN_EPOCH_WIDTH:  <unset: production default 1000>
  duration:            14400s
  csv cadence:         60s
  extra harness flags: <none>
  --durable-reading:   ARMED
  --live-census-interval: 300 (ARMED: the live-copy census)
  --sampler-jitter-seed:  20260831
  SOAK_SERVER_LOG:     warn,topgun_server::tombstone_frontier::removal=info,topgun_server::tombstone_frontier::settlement=info,topgun_server::tombstone_frontier::conjunct=info
  SOAK_SERVER_LOG_PASSTHROUGH: 1
  TOPGUN_PRUNE_RECORD: true
  TOPGUN_LOG_FORMAT:   <unset: human fmt, which is what the origin parser reads>
  server port:         47358
  SOAK_SERVER_BINARY:  /Users/koristuvac/Projects/topgun/topgun/target/spec372-je/release/topgun-server
  --- pinned matrix (identical to spec362b-durable.sh's long4h cell;
      crash-interval is per-cell and is 0 on the one cell this runner
      ships) ---
  churn-clients 6; keyspace 200; or-churn true;
  or-keyspace 48; or-every 5; write-interval-ms 20;
  writes-per-life 200; offline-keys 3;
  confirm-interval 2; crash-interval 0;
  steady-interval 300; quiesce 3;
  mem-sample-interval 5; wal-fsync batched;
  memory gate NEUTRALIZED (1000000/1000000/1000000)
  tombstone gate: level ceiling K=2+ceil(S_A/W) epochs × W × b_max (S_A, b_max measured by the harness; A = TOPGUN_WAL_WATERMARK_STALL_BOUND_MS, not set by this runner); level stability 10 %; slope report-only
  harness sha256: ed0769d00ec582a033f152fa77aa74798df338440cb5ed16a4a773ec09fbe74d
  server flavour: JE
  TOPGUN_JOURNAL_ENABLED:        <unset: harness passes true>
  TOPGUN_SOAK_GRACEFUL_SHUTDOWN: <unset: SIGKILL teardown>
  DHAT_OUT:                      <unset>
  post-mortem rows:              counted at the end of the run (item 17)

harness pid 87215; follow with: tail -f /Users/koristuvac/Projects/topgun/topgun/target/spec372-j2-data.meta/harness-console.log
server ready: pid 87220 (t0 = server-ready)

harness exited with code 0
  LIVE_COPY  t=8710.0s copy_done=8710.4115s keys=96 undecodable=0 or_map=96 or_tomb=0 lww=0 live=635463 live_tag_bytes=21605742 tombstones=1742 tombstone_bytes=40066 dups=0 keys_with_tombstones=48 keys_all_dead=0 max_per_key=52
  LIVE_COPY  t=9010.4s copy_done=9010.8254s keys=96 undecodable=0 or_map=96 or_tomb=0 lww=0 live=658732 live_tag_bytes=22396888 tombstones=1366 tombstone_bytes=31418 dups=0 keys_with_tombstones=48 keys_all_dead=0 max_per_key=35
  LIVE_COPY  t=9310.8s copy_done=9311.2251s keys=96 undecodable=0 or_map=96 or_tomb=0 lww=0 live=681386 live_tag_bytes=23167124 tombstones=1466 tombstone_bytes=33718 dups=0 keys_with_tombstones=48 keys_all_dead=0 max_per_key=40
  LIVE_COPY  t=9611.2s copy_done=9611.7071s keys=96 undecodable=0 or_map=96 or_tomb=0 lww=0 live=704583 live_tag_bytes=23955822 tombstones=1291 tombstone_bytes=29693 dups=0 keys_with_tombstones=48 keys_all_dead=0 max_per_key=32
  LIVE_COPY  t=9911.7s copy_done=9912.2427s keys=96 undecodable=0 or_map=96 or_tomb=0 lww=0 live=727145 live_tag_bytes=24722930 tombstones=1577 tombstone_bytes=36271 dups=0 keys_with_tombstones=48 keys_all_dead=0 max_per_key=45
  LIVE_COPY  t=10212.2s copy_done=10212.7336s keys=96 undecodable=0 or_map=96 or_tomb=0 lww=0 live=750260 live_tag_bytes=25508840 tombstones=1725 tombstone_bytes=39675 dups=0 keys_with_tombstones=48 keys_all_dead=0 max_per_key=48
  LIVE_COPY  t=10512.7s copy_done=10513.2282s keys=96 undecodable=0 or_map=96 or_tomb=0 lww=0 live=773042 live_tag_bytes=26283428 tombstones=1623 tombstone_bytes=37329 dups=0 keys_with_tombstones=48 keys_all_dead=0 max_per_key=42
  LIVE_COPY  t=10813.2s copy_done=10813.7643s keys=96 undecodable=0 or_map=96 or_tomb=0 lww=0 live=795788 live_tag_bytes=27056792 tombstones=1137 tombstone_bytes=26151 dups=0 keys_with_tombstones=48 keys_all_dead=0 max_per_key=32
  LIVE_COPY  t=11113.8s copy_done=11114.2235s keys=96 undecodable=0 or_map=96 or_tomb=0 lww=0 live=818601 live_tag_bytes=27832434 tombstones=1620 tombstone_bytes=37260 dups=0 keys_with_tombstones=48 keys_all_dead=0 max_per_key=45
  LIVE_COPY  t=11414.2s copy_done=11414.6861s keys=96 undecodable=0 or_map=96 or_tomb=0 lww=0 live=841118 live_tag_bytes=28598012 tombstones=1603 tombstone_bytes=36869 dups=0 keys_with_tombstones=48 keys_all_dead=0 max_per_key=41
  LIVE_COPY  t=11714.7s copy_done=11715.1625s keys=96 undecodable=0 or_map=96 or_tomb=0 lww=0 live=863865 live_tag_bytes=29371410 tombstones=1069 tombstone_bytes=24587 dups=0 keys_with_tombstones=48 keys_all_dead=0 max_per_key=32
  LIVE_COPY  t=12015.2s copy_done=12015.7138s keys=96 undecodable=0 or_map=96 or_tomb=0 lww=0 live=886800 live_tag_bytes=30151200 tombstones=1508 tombstone_bytes=34684 dups=0 keys_with_tombstones=48 keys_all_dead=0 max_per_key=40
  LIVE_COPY  t=12315.7s copy_done=12316.2784s keys=96 undecodable=0 or_map=96 or_tomb=0 lww=0 live=909331 live_tag_bytes=30917254 tombstones=1720 tombstone_bytes=39560 dups=0 keys_with_tombstones=48 keys_all_dead=0 max_per_key=44
  LIVE_COPY  t=12616.3s copy_done=12617.0725s keys=96 undecodable=0 or_map=96 or_tomb=0 lww=0 live=931991 live_tag_bytes=31687694 tombstones=1117 tombstone_bytes=25691 dups=0 keys_with_tombstones=48 keys_all_dead=0 max_per_key=29
  LIVE_COPY  t=12917.1s copy_done=12917.7394s keys=96 undecodable=0 or_map=96 or_tomb=0 lww=0 live=954830 live_tag_bytes=32464220 tombstones=1391 tombstone_bytes=31993 dups=0 keys_with_tombstones=48 keys_all_dead=0 max_per_key=41
  LIVE_COPY  t=13217.7s copy_done=13218.2845s keys=96 undecodable=0 or_map=96 or_tomb=0 lww=0 live=977224 live_tag_bytes=33225616 tombstones=1563 tombstone_bytes=35949 dups=0 keys_with_tombstones=48 keys_all_dead=0 max_per_key=41
  LIVE_COPY  t=13518.3s copy_done=13518.8440s keys=96 undecodable=0 or_map=96 or_tomb=0 lww=0 live=1000018 live_tag_bytes=34000612 tombstones=1128 tombstone_bytes=25944 dups=0 keys_with_tombstones=48 keys_all_dead=0 max_per_key=32
  LIVE_COPY  t=13818.8s copy_done=13819.4157s keys=96 undecodable=0 or_map=96 or_tomb=0 lww=0 live=1022842 live_tag_bytes=34776628 tombstones=1573 tombstone_bytes=36179 dups=0 keys_with_tombstones=48 keys_all_dead=0 max_per_key=40
  LIVE_COPY  t=14119.4s copy_done=14120.1062s keys=96 undecodable=0 or_map=96 or_tomb=0 lww=0 live=1045414 live_tag_bytes=35544076 tombstones=1346 tombstone_bytes=30958 dups=0 keys_with_tombstones=48 keys_all_dead=0 max_per_key=39
  TERMINAL   t=14402.2s copy_done=n/a keys=96 undecodable=0 or_map=96 or_tomb=0 lww=0 live=1066590 live_tag_bytes=36264060 tombstones=1395 tombstone_bytes=32085 dups=0 keys_with_tombstones=48 keys_all_dead=0 max_per_key=36
terminal census:   keys=96 tombstone_bytes=32085
origin:            reading=NOT_REACHED_EQUAL_REFS matched=532 unparsed=0 dropped=0 armed=true epochs_exited=532 restarts=0 epochs_scrapes total=2876 read=2876 absent=0 unreadable=0 malformed_samples=0 overflowed_samples=0
origin reason:     all 532 parsed line(s) returned exactly the refs held at entry
first zero-return: (none)
wrote durable reading to /Users/koristuvac/Projects/topgun/topgun/packages/server-rust/benches/soak_harness/evidence/spec372-j2.soak.durable.json
console log: /Users/koristuvac/Projects/topgun/topgun/packages/server-rust/benches/soak_harness/evidence/spec372-j2.harness-console.log
mechanism report: /Users/koristuvac/Projects/topgun/topgun/packages/server-rust/benches/soak_harness/evidence/spec372-j2.mechanism.json
csv rows: 241
post_mortem_rows=0
csv columns:
  rss_mb         n=241 empty=0 nonzero=241 min=0.031 max=2125.031
  wal_mb         n=241 empty=0 nonzero=240 min=0.000 max=3.586
  redb_mb        n=241 empty=0 nonzero=240 min=0.000 max=211.527
  disk_total_mb  n=241 empty=0 nonzero=240 min=0.000 max=214.875
  tombstone_bytes n=240 empty=1 min=19297 max=48783
  progress.jsonl checkpoints: 47
  soak.json "walFsync": "batched",
  soak.json "epochWidth": 1000,
  soak.json "crashes": 0,
  soak.json "churnClients": 6,
  soak.json "keyspace": 200,
  soak.json "durationSecsActual": 14402,
  mechanism.json "orDeltaFrames": 2334,
  mechanism.json "orSnapshotFrames": 0,

post-hoc OLS fits (see the SE caveat in spec349c2-fit.awk):
  units: the field is named slope_mb_per_hour for every column; on the
  tombstone_bytes row the fit is identical but the unit is BYTES/hour.
  col=rss_mb window=full rows_used=241 n=241 skipped_empty=0 t_start_secs=0.0 t_end_secs=14400.0 span_secs=14400.0 y_first=0.031 y_last=2005.703 slope_mb_per_hour=498.294669 se_mb_per_hour=2.080541 intercept_mb=30.114195 r2=0.995851 sxx_hours2=324.010870599 sse=335204.567557271
  col=wal_mb window=full rows_used=241 n=241 skipped_empty=0 t_start_secs=0.0 t_end_secs=14400.0 span_secs=14400.0 y_first=0.000 y_last=3.281 slope_mb_per_hour=-0.001293 se_mb_per_hour=0.012907 intercept_mb=3.296980 r2=0.000042 sxx_hours2=324.010870599 sse=12.899577853
  col=redb_mb window=full rows_used=241 n=241 skipped_empty=0 t_start_secs=0.0 t_end_secs=14400.0 span_secs=14400.0 y_first=0.000 y_last=211.527 slope_mb_per_hour=50.663685 se_mb_per_hour=0.923654 intercept_mb=-2.577617 r2=0.926409 sxx_hours2=324.010870599 sse=66065.719301311
  col=disk_total_mb window=full rows_used=241 n=241 skipped_empty=0 t_start_secs=0.0 t_end_secs=14400.0 span_secs=14400.0 y_first=0.000 y_last=214.809 slope_mb_per_hour=50.662236 se_mb_per_hour=0.923628 intercept_mb=0.719402 r2=0.926409 sxx_hours2=324.010870599 sse=66062.056309466
  col=tombstone_bytes window=full rows_used=240 n=240 skipped_empty=1 t_start_secs=60.0 t_end_secs=14400.0 span_secs=14340.0 y_first=19800.000 y_last=40480.000 slope_mb_per_hour=38.218500 se_mb_per_hour=393.529664 intercept_mb=32796.648546 r2=0.000040 sxx_hours2=319.994190043 sse=11794349701.081253052
  col=rss_mb window=last_half rows_used=241 n=121 skipped_empty=0 t_start_secs=7200.0 t_end_secs=14400.0 span_secs=7200.0 y_first=1001.984 y_last=2005.703 slope_mb_per_hour=534.823040 se_mb_per_hour=6.743873 intercept_mb=-84.306357 r2=0.981430 sxx_hours2=41.005777854 sse=221927.295441979
  col=wal_mb window=last_half rows_used=241 n=121 skipped_empty=0 t_start_secs=7200.0 t_end_secs=14400.0 span_secs=7200.0 y_first=3.344 y_last=3.281 slope_mb_per_hour=-0.031382 se_mb_per_hour=0.011743 intercept_mb=3.372782 r2=0.056619 sxx_hours2=41.005777854 sse=0.672864759
  col=redb_mb window=last_half rows_used=241 n=121 skipped_empty=0 t_start_secs=7200.0 t_end_secs=14400.0 span_secs=7200.0 y_first=104.027 y_last=211.527 slope_mb_per_hour=69.742565 se_mb_per_hour=2.852598 intercept_mb=-62.895069 r2=0.833971 sxx_hours2=41.005777854 sse=39707.544529842
  col=disk_total_mb window=last_half rows_used=241 n=121 skipped_empty=0 t_start_secs=7200.0 t_end_secs=14400.0 span_secs=7200.0 y_first=107.371 y_last=214.809 slope_mb_per_hour=69.711165 se_mb_per_hour=2.852635 intercept_mb=-59.522573 r2=0.833843 sxx_hours2=41.005777854 sse=39708.597916964
  col=tombstone_bytes window=last_half rows_used=240 n=120 skipped_empty=1 t_start_secs=7260.0 t_end_secs=14400.0 span_secs=7140.0 y_first=29486.000 y_last=40480.000 slope_mb_per_hour=-1633.800650 se_mb_per_hour=1029.010302 intercept_mb=37898.937405 r2=0.020917 sxx_hours2=39.997439891 sse=4997509716.261974335

RESULT: instrument sound; harness exit code 0.
RUNNER_EXIT=0
