provenance: server sha256=6a5655c68f70f8ea0d0557d76a8cd77f2dcbfc385422b57e426240b836957e9a flavour=DH built=2026-09-20T10:10:31Z run_start=2026-09-20T11:20:07Z topgun_or_prune_restored_cancelled_total=present
provenance: server sha256=6a5655c68f70f8ea0d0557d76a8cd77f2dcbfc385422b57e426240b836957e9a flavour=DH built=2026-09-20T10:10:31Z run_start=2026-09-20T11:20:07Z topgun_or_prune_restored_cancelled_total=present harness sha256=cc18490162d51277ef25ebd1537194bef6f67ed429129a499a6ecb66120ce3f6 harness_built=2026-09-20T10:13:35Z tombstone_level_ceiling_gate=present
soak binary:   /Users/koristuvac/Projects/topgun/topgun/target/spec371-h/release/deps/soak_harness-0379469b8a4255d8
  built:       2026-09-20T10:13:35Z
server binary: /Users/koristuvac/Projects/topgun/topgun/target/spec371-dh/release-with-debug/topgun-server
  built:       2026-09-20T10:10:31Z

=== spec371 memory-diagnosis run: cell c3l (flavour DH) ===
  repo HEAD:      12627ad37591c0a83f1ca706998c750928fd2956
  dirty tree:     yes
  host/OS:        Darwin MacBookPro 25.6.0 Darwin Kernel Version 25.6.0: Fri Jul 31 19:18:49 PDT 2026; root:xnu-12377.161.14~5/RELEASE_ARM64_T6000 arm64
  lineage:        chain-built harness + chain-built DH server
  chain start:    1789898130
  data dir:       /Users/koristuvac/Projects/topgun/topgun/target/spec371-c3l-data
  csv:            /Users/koristuvac/Projects/topgun/topgun/packages/server-rust/benches/soak_harness/evidence/spec371-c3l.csv
  soak.json:      /Users/koristuvac/Projects/topgun/topgun/packages/server-rust/benches/soak_harness/evidence/spec371-c3l.soak.json
  mechanism.json: /Users/koristuvac/Projects/topgun/topgun/packages/server-rust/benches/soak_harness/evidence/spec371-c3l.mechanism.json (harness writes spec371-c3l.soak.mechanism.json; renamed after the run)
  durable.json:   /Users/koristuvac/Projects/topgun/topgun/packages/server-rust/benches/soak_harness/evidence/spec371-c3l.soak.durable.json (raw basename: NOT renamed, by design)
  progress.jsonl: /Users/koristuvac/Projects/topgun/topgun/packages/server-rust/benches/soak_harness/evidence/spec371-c3l.progress.jsonl
  console log:    /Users/koristuvac/Projects/topgun/topgun/packages/server-rust/benches/soak_harness/evidence/spec371-c3l.harness-console.log
  matrix:         /Users/koristuvac/Projects/topgun/topgun/packages/server-rust/benches/soak_harness/evidence/spec371-c3l.matrix.txt
  soak binary:    /Users/koristuvac/Projects/topgun/topgun/target/spec371-h/release/deps/soak_harness-0379469b8a4255d8
  soak binary commit: 12627ad37591c0a83f1ca706998c750928fd2956 (HEAD; the binary itself is identified by its sha256)
  .rs working tree:   CLEAN (asserted before the build)
  code freeze:            e69cb0c6
  code freeze diff (.rs): EMPTY (asserted before the build)
    built:        2026-09-20T10:13:35Z
  server binary:  /Users/koristuvac/Projects/topgun/topgun/target/spec371-dh/release-with-debug/topgun-server
    built:        2026-09-20T10:10:31Z
    sha256:       6a5655c68f70f8ea0d0557d76a8cd77f2dcbfc385422b57e426240b836957e9a
  --- varied knobs; everything else is the spec362b-durable.sh long4h
      literal ---
  TOPGUN_EPOCH_WIDTH:  <unset: production default 1000>
  duration:            900s
  csv cadence:         60s
  extra harness flags: <none>
  --durable-reading:   ARMED
  --live-census-interval: 300 (ARMED: the live-copy census)
  --sampler-jitter-seed:  20260831
  SOAK_SERVER_LOG:     warn,topgun_server::tombstone_frontier::removal=info,topgun_server::tombstone_frontier::settlement=info,topgun_server::tombstone_frontier::conjunct=info
  SOAK_SERVER_LOG_PASSTHROUGH: 1
  TOPGUN_PRUNE_RECORD: true
  TOPGUN_LOG_FORMAT:   <unset: human fmt, which is what the origin parser reads>
  server port:         47357
  SOAK_SERVER_BINARY:  /Users/koristuvac/Projects/topgun/topgun/target/spec371-dh/release-with-debug/topgun-server
  --- pinned matrix (identical to spec362b-durable.sh's long4h cell;
      crash-interval is per-cell and is 0 on the one cell this runner
      ships) ---
  churn-clients 6; keyspace 200; or-churn true;
  or-keyspace 48; or-every 5; write-interval-ms 20;
  writes-per-life 200; offline-keys 3;
  confirm-interval 2; crash-interval 0;
  steady-interval 300; quiesce 3;
  mem-sample-interval 5; wal-fsync batched;
  memory gate NEUTRALIZED (1000000/1000000/1000000)
  tombstone gate: level ceiling K=2+ceil(S_A/W) epochs × W × b_max (S_A, b_max measured by the harness; A = TOPGUN_WAL_WATERMARK_STALL_BOUND_MS, not set by this runner); level stability 10 %; slope report-only
  harness sha256: cc18490162d51277ef25ebd1537194bef6f67ed429129a499a6ecb66120ce3f6
  server flavour: DH
  TOPGUN_JOURNAL_ENABLED:        <unset: harness passes true>
  TOPGUN_SOAK_GRACEFUL_SHUTDOWN: 1
  DHAT_OUT:                      /Users/koristuvac/Projects/topgun/topgun/target/spec371-c3l-data.meta/spec371-c3l.dhat.json
  post-mortem rows:              counted at the end of the run (item 17)

harness pid 29272; follow with: tail -f /Users/koristuvac/Projects/topgun/topgun/target/spec371-c3l-data.meta/harness-console.log
server ready: pid 29277 (t0 = server-ready)

harness exited with code 0
reading:           PLATEAU_NOT_MET
reason:            series rss_kib rose and was still rising at the end; firing envelope BOTH
log filter:        warn,topgun_server::tombstone_frontier::removal=info,topgun_server::tombstone_frontier::settlement=info,topgun_server::tombstone_frontier::conjunct=info
  rss_kib            shape=MONOTONE_RISING envelope=BOTH samples=168 span=835.7s
                     peaks  h1=83248 h2=115008 q3=108864 q4=115008 last_half_mean=104563
                     floor  h1=44000 h2=83760 q3=83760 q4=107968
  redb_bytes         shape=MONOTONE_RISING envelope=FLOOR samples=170 span=840.9s
                     peaks  h1=4747264 h2=6795264 q3=6795264 q4=6795264 last_half_mean=6390290
                     floor  h1=1589248 h2=3665920 q3=3665920 q4=6795264
  wal_bytes          shape=LEVELLED envelope=- samples=170 span=840.9s
                     peaks  h1=723698 h2=504154 q3=504154 q4=462075 last_half_mean=402307
                     floor  h1=356171 h2=320371 q3=320371 q4=329746
  wal_segment_files  shape=MONOTONE_RISING envelope=BOTH samples=170 span=840.9s
                     peaks  h1=456 h2=485 q3=460 q4=485 last_half_mean=448
                     floor  h1=404 h2=422 q3=422 q4=438
writebehind lag:   5071 (observation only) scrapes total=172 read=170 absent=2 unreadable=0 malformed_samples=0 overflowed_samples=0
censuses:          3
  LIVE_COPY  t=300.0s copy_done=300.0968s keys=96 undecodable=0 or_map=96 or_tomb=0 lww=0 live=8710 live_tag_bytes=296140 tombstones=846 tombstone_bytes=17766 dups=0 keys_with_tombstones=48 keys_all_dead=0 max_per_key=24
  LIVE_COPY  t=600.1s copy_done=600.2312s keys=96 undecodable=0 or_map=96 or_tomb=0 lww=0 live=15276 live_tag_bytes=519384 tombstones=721 tombstone_bytes=15141 dups=0 keys_with_tombstones=48 keys_all_dead=0 max_per_key=20
  TERMINAL   t=911.3s copy_done=n/a keys=96 undecodable=0 or_map=96 or_tomb=0 lww=0 live=20972 live_tag_bytes=713048 tombstones=721 tombstone_bytes=15141 dups=0 keys_with_tombstones=48 keys_all_dead=0 max_per_key=20
terminal census:   keys=96 tombstone_bytes=15141
origin:            reading=PARTIAL_DIVERGENCE matched=11 unparsed=0 dropped=0 armed=true epochs_exited=10 restarts=0 epochs_scrapes total=172 read=172 absent=0 unreadable=0 malformed_samples=0 overflowed_samples=0
origin reason:     epoch 11 returned 232 refs against 0 at entry
first zero-return: (none)
wrote durable reading to /Users/koristuvac/Projects/topgun/topgun/packages/server-rust/benches/soak_harness/evidence/spec371-c3l.soak.durable.json
console log: /Users/koristuvac/Projects/topgun/topgun/packages/server-rust/benches/soak_harness/evidence/spec371-c3l.harness-console.log
mechanism report: /Users/koristuvac/Projects/topgun/topgun/packages/server-rust/benches/soak_harness/evidence/spec371-c3l.mechanism.json
csv rows: 16
post_mortem_rows=0
csv columns:
  rss_mb         n=16 empty=0 nonzero=16 min=3.875 max=112.312
  wal_mb         n=16 empty=0 nonzero=15 min=0.000 max=2.453
  redb_mb        n=16 empty=0 nonzero=15 min=0.000 max=6.480
  disk_total_mb  n=16 empty=0 nonzero=15 min=0.000 max=8.934
  tombstone_bytes n=15 empty=1 min=11739 max=27300
  progress.jsonl checkpoints: 2
  soak.json "walFsync": "batched",
  soak.json "epochWidth": 1000,
  soak.json "crashes": 0,
  soak.json "churnClients": 6,
  soak.json "keyspace": 200,
  soak.json "durationSecsActual": 911,
  mechanism.json "orDeltaFrames": 0,
  mechanism.json "orSnapshotFrames": 0,

post-hoc OLS fits (see the SE caveat in spec349c2-fit.awk):
  units: the field is named slope_mb_per_hour for every column; on the
  tombstone_bytes row the fit is identical but the unit is BYTES/hour.
  col=rss_mb window=full rows_used=16 n=16 skipped_empty=0 t_start_secs=0.0 t_end_secs=900.0 span_secs=900.0 y_first=3.875 y_last=112.312 slope_mb_per_hour=360.436324 se_mb_per_hour=30.596241 intercept_mb=32.616272 r2=0.908364 sxx_hours2=0.094444444 sse=1237.771868272
  col=wal_mb window=full rows_used=16 n=16 skipped_empty=0 t_start_secs=0.0 t_end_secs=900.0 span_secs=900.0 y_first=0.000 y_last=2.418 slope_mb_per_hour=3.407647 se_mb_per_hour=1.754038 intercept_mb=1.764544 r2=0.212344 sxx_hours2=0.094444444 sse=4.068015588
  col=redb_mb window=full rows_used=16 n=16 skipped_empty=0 t_start_secs=0.0 t_end_secs=900.0 span_secs=900.0 y_first=0.000 y_last=6.480 slope_mb_per_hour=26.785412 se_mb_per_hour=2.505594 intercept_mb=0.865324 r2=0.890865 sxx_hours2=0.094444444 sse=8.300911012
  col=disk_total_mb window=full rows_used=16 n=16 skipped_empty=0 t_start_secs=0.0 t_end_secs=900.0 span_secs=900.0 y_first=0.000 y_last=8.902 slope_mb_per_hour=30.211765 se_mb_per_hour=3.469991 intercept_mb=2.627404 r2=0.844106 sxx_hours2=0.094444444 sse=15.920658456
  col=tombstone_bytes window=full rows_used=15 n=15 skipped_empty=1 t_start_secs=60.0 t_end_secs=900.0 span_secs=840.0 y_first=24040.000 y_last=15771.000 slope_mb_per_hour=-15918.642857 se_mb_per_hour=16185.698568 intercept_mb=22154.552381 r2=0.069253 sxx_hours2=0.077777778 sse=264887691.901190370
  col=rss_mb window=last_half rows_used=16 n=8 skipped_empty=0 t_start_secs=480.0 t_end_secs=900.0 span_secs=420.0 y_first=81.797 y_last=112.312 slope_mb_per_hour=266.682143 se_mb_per_hour=41.954275 intercept_mb=50.094798 r2=0.870704 sxx_hours2=0.011666667 sse=123.211282155
  col=wal_mb window=last_half rows_used=16 n=8 skipped_empty=0 t_start_secs=480.0 t_end_secs=900.0 span_secs=420.0 y_first=2.332 y_last=2.418 slope_mb_per_hour=1.160714 se_mb_per_hour=0.377035 intercept_mb=2.133405 r2=0.612337 sxx_hours2=0.011666667 sse=0.009950869
  col=redb_mb window=last_half rows_used=16 n=8 skipped_empty=0 t_start_secs=480.0 t_end_secs=900.0 span_secs=420.0 y_first=3.496 y_last=6.480 slope_mb_per_hour=14.920000 se_mb_per_hour=8.614066 intercept_mb=3.247333 r2=0.333333 sxx_hours2=0.011666667 sse=5.194149333
  col=disk_total_mb window=last_half rows_used=16 n=8 skipped_empty=0 t_start_secs=480.0 t_end_secs=900.0 span_secs=420.0 y_first=5.828 y_last=8.902 slope_mb_per_hour=16.106429 se_mb_per_hour=8.400286 intercept_mb=5.376810 r2=0.379928 sxx_hours2=0.011666667 sse=4.939536726
  col=tombstone_bytes window=last_half rows_used=15 n=8 skipped_empty=1 t_start_secs=480.0 t_end_secs=900.0 span_secs=420.0 y_first=18459.000 y_last=15771.000 slope_mb_per_hour=-40680.000000 se_mb_per_hour=38801.123695 intercept_mb=27306.000000 r2=0.154833 sxx_hours2=0.011666667 sse=105386904.000000000
dhat profile: /Users/koristuvac/Projects/topgun/topgun/packages/server-rust/benches/soak_harness/evidence/spec371-c3l.dhat.json.gz (3431780 bytes raw)

RESULT: instrument sound; harness exit code 0.
RUNNER_EXIT=0
