provenance: server sha256=f17f8c29c0b6ce0bcf8b3310c3c398cb62521943265b0b5fabdac7f8aeb6158f flavour=CA built=2026-09-24T19:24:16Z run_start=2026-09-24T19:32:38Z topgun_or_prune_restored_cancelled_total=present
provenance: server sha256=f17f8c29c0b6ce0bcf8b3310c3c398cb62521943265b0b5fabdac7f8aeb6158f flavour=CA built=2026-09-24T19:24:16Z run_start=2026-09-24T19:32:38Z topgun_or_prune_restored_cancelled_total=present harness sha256=991a100a28218d70798a8104ced642b3192c37b30da1b87dddfcbcdbb2f1b895 harness_built=2026-09-24T19:31:24Z tombstone_level_ceiling_gate=present
soak binary:   /Users/koristuvac/Projects/topgun/topgun/target/spec373a-h/release/deps/soak_harness-0379469b8a4255d8
  built:       2026-09-24T19:31:24Z
server binary: /Users/koristuvac/Projects/topgun/topgun/target/spec373a-ca-pin/release/topgun-server
  built:       2026-09-24T19:24:16Z

=== spec373a carve 9c part a run: cell b1 (flavour CA) ===
  repo HEAD:      639adc1c00b5211750ffe23b380b7f21635d8e9e
  dirty tree:     yes
  host/OS:        Darwin MacBook-Pro-koristuvac.local 27.0.0 Darwin Kernel Version 27.0.0: Tue Aug 11 21:22:49 PDT 2026; root:xnu-13432.1.9~1/RELEASE_ARM64_T6000 arm64
  lineage:        chain-built harness + chain-built CA server
  chain start:    1790277608
  data dir:       /Users/koristuvac/Projects/topgun/topgun/target/spec373a-b1-data
  csv:            /Users/koristuvac/Projects/topgun/topgun/packages/server-rust/benches/soak_harness/evidence/spec373a-b1.csv
  soak.json:      /Users/koristuvac/Projects/topgun/topgun/packages/server-rust/benches/soak_harness/evidence/spec373a-b1.soak.json
  mechanism.json: /Users/koristuvac/Projects/topgun/topgun/packages/server-rust/benches/soak_harness/evidence/spec373a-b1.mechanism.json (harness writes spec373a-b1.soak.mechanism.json; renamed after the run)
  durable.json:   /Users/koristuvac/Projects/topgun/topgun/packages/server-rust/benches/soak_harness/evidence/spec373a-b1.soak.durable.json (raw basename: NOT renamed, by design)
  progress.jsonl: /Users/koristuvac/Projects/topgun/topgun/packages/server-rust/benches/soak_harness/evidence/spec373a-b1.progress.jsonl
  console log:    /Users/koristuvac/Projects/topgun/topgun/packages/server-rust/benches/soak_harness/evidence/spec373a-b1.harness-console.log
  matrix:         /Users/koristuvac/Projects/topgun/topgun/packages/server-rust/benches/soak_harness/evidence/spec373a-b1.matrix.txt
  soak binary:    /Users/koristuvac/Projects/topgun/topgun/target/spec373a-h/release/deps/soak_harness-0379469b8a4255d8
  soak binary commit: 639adc1c00b5211750ffe23b380b7f21635d8e9e (HEAD; the binary itself is identified by its sha256)
  .rs working tree:   CLEAN (asserted before the build)
  code freeze:            4998d884
  code freeze diff (.rs): EMPTY (asserted before the build)
    built:        2026-09-24T19:31:24Z
  server binary:  /Users/koristuvac/Projects/topgun/topgun/target/spec373a-ca-pin/release/topgun-server
    built:        2026-09-24T19:24:16Z
    sha256:       f17f8c29c0b6ce0bcf8b3310c3c398cb62521943265b0b5fabdac7f8aeb6158f
  --- varied knobs; everything else is the spec362b-durable.sh long4h
      literal ---
  TOPGUN_EPOCH_WIDTH:  <unset: production default 1000>
  duration:            900s
  csv cadence:         60s
  extra harness flags: <none>
  --durable-reading:   ARMED
  --live-census-interval: 300 (ARMED: the live-copy census)
  --sampler-jitter-seed:  20260831
  SOAK_SERVER_LOG:     warn,topgun_server::tombstone_frontier::removal=info,topgun_server::tombstone_frontier::settlement=info,topgun_server::tombstone_frontier::conjunct=info
  SOAK_SERVER_LOG_PASSTHROUGH: 1
  TOPGUN_PRUNE_RECORD: true
  TOPGUN_LOG_FORMAT:   <unset: human fmt, which is what the origin parser reads>
  server port:         47359
  SOAK_SERVER_BINARY:  /Users/koristuvac/Projects/topgun/topgun/target/spec373a-ca-pin/release/topgun-server
  --- pinned matrix (identical to spec362b-durable.sh's long4h cell;
      crash-interval is per-cell and is 0 on the one cell this runner
      ships) ---
  churn-clients 6; keyspace 200; or-churn true;
  or-keyspace 48; or-every 5; write-interval-ms 20;
  writes-per-life 200; offline-keys 3;
  confirm-interval 2; crash-interval 0;
  steady-interval 300; quiesce 3;
  mem-sample-interval 5; wal-fsync batched;
  memory gate NEUTRALIZED (1000000/1000000/1000000)
  tombstone gate: level ceiling K=2+ceil(S_A/W) epochs × W × b_max (S_A, b_max measured by the harness; A = TOPGUN_WAL_WATERMARK_STALL_BOUND_MS, not set by this runner); level stability 10 %; slope report-only
  harness sha256: 991a100a28218d70798a8104ced642b3192c37b30da1b87dddfcbcdbb2f1b895
  server flavour: CA
  server code:    pin = 61f84658 (SPEC373A_SERVER_COMMIT=61f84658, resolves 61f8465868a550a81061e52b553d9d1b77fed6f1)
  TOPGUN_JOURNAL_ENABLED:        <unset: harness passes true>
  TOPGUN_SOAK_GRACEFUL_SHUTDOWN: <unset: SIGKILL teardown>
  DHAT_OUT:                      <unset>
  post-mortem rows:              counted at the end of the run (item 17)

harness pid 32478; follow with: tail -f /Users/koristuvac/Projects/topgun/topgun/target/spec373a-b1-data.meta/harness-console.log
server ready: pid 32491 (t0 = server-ready)

harness exited with code 0
reading:           PLATEAU_NOT_MET
reason:            series rss_kib rose and was still rising at the end; firing envelope BOTH
log filter:        warn,topgun_server::tombstone_frontier::removal=info,topgun_server::tombstone_frontier::settlement=info,topgun_server::tombstone_frontier::conjunct=info
  rss_kib            shape=MONOTONE_RISING envelope=BOTH samples=168 span=836.6s
                     peaks  h1=131520 h2=485168 q3=253392 q4=485168 last_half_mean=276542
                     floor  h1=41984 h2=131536 q3=131536 q4=262720
  redb_bytes         shape=MONOTONE_RISING envelope=PEAKS samples=170 span=842.1s
                     peaks  h1=8957952 h2=17379328 q3=8957952 q4=17379328 last_half_mean=11236677
                     floor  h1=1589248 h2=8957952 q3=8957952 q4=8957952
  wal_bytes          shape=LEVELLED envelope=- samples=170 span=842.1s
                     peaks  h1=1603554 h2=1555323 q3=1544300 q4=1555323 last_half_mean=1414653
                     floor  h1=1152347 h2=1129940 q3=1129940 q4=1340988
  wal_segment_files  shape=MONOTONE_RISING envelope=BOTH samples=170 span=842.1s
                     peaks  h1=522 h2=543 q3=527 q4=543 last_half_mean=506
                     floor  h1=425 h2=459 q3=459 q4=489
writebehind lag:   11744 (observation only) scrapes total=180 read=178 absent=2 unreadable=0 malformed_samples=0 overflowed_samples=0
censuses:          3
  LIVE_COPY  t=300.0s copy_done=300.2070s keys=96 undecodable=0 or_map=96 or_tomb=0 lww=0 live=19878 live_tag_bytes=675852 tombstones=1774 tombstone_bytes=37254 dups=0 keys_with_tombstones=48 keys_all_dead=0 max_per_key=49
  LIVE_COPY  t=600.2s copy_done=600.4195s keys=96 undecodable=0 or_map=96 or_tomb=0 lww=0 live=40956 live_tag_bytes=1392504 tombstones=1478 tombstone_bytes=32516 dups=0 keys_with_tombstones=48 keys_all_dead=0 max_per_key=38
  TERMINAL   t=900.3s copy_done=n/a keys=96 undecodable=0 or_map=96 or_tomb=0 lww=0 live=62186 live_tag_bytes=2114324 tombstones=1314 tombstone_bytes=28908 dups=0 keys_with_tombstones=48 keys_all_dead=0 max_per_key=34
terminal census:   keys=96 tombstone_bytes=28908
origin:            reading=NOT_REACHED_EQUAL_REFS matched=30 unparsed=0 dropped=0 armed=true epochs_exited=30 restarts=0 epochs_scrapes total=180 read=180 absent=0 unreadable=0 malformed_samples=0 overflowed_samples=0
origin reason:     all 30 parsed line(s) returned exactly the refs held at entry
first zero-return: (none)
wrote durable reading to /Users/koristuvac/Projects/topgun/topgun/packages/server-rust/benches/soak_harness/evidence/spec373a-b1.soak.durable.json
console log: /Users/koristuvac/Projects/topgun/topgun/packages/server-rust/benches/soak_harness/evidence/spec373a-b1.harness-console.log
mechanism report: /Users/koristuvac/Projects/topgun/topgun/packages/server-rust/benches/soak_harness/evidence/spec373a-b1.mechanism.json
csv rows: 15
post_mortem_rows=0
csv columns:
  rss_mb         n=15 empty=0 nonzero=15 min=15.938 max=412.156
  wal_mb         n=15 empty=0 nonzero=15 min=0.211 max=3.324
  redb_mb        n=15 empty=0 nonzero=15 min=1.516 max=16.574
  disk_total_mb  n=15 empty=0 nonzero=15 min=1.719 max=19.812
  tombstone_bytes n=15 empty=0 min=108 max=45496
  progress.jsonl checkpoints: 2
  soak.json "walFsync": "batched",
  soak.json "epochWidth": 1000,
  soak.json "crashes": 0,
  soak.json "churnClients": 6,
  soak.json "keyspace": 200,
  soak.json "durationSecsActual": 900,
  mechanism.json "orDeltaFrames": 2818,
  mechanism.json "orSnapshotFrames": 0,

post-hoc OLS fits (see the SE caveat in spec349c2-fit.awk):
  units: the field is named slope_mb_per_hour for every column; on the
  tombstone_bytes row the fit is identical but the unit is BYTES/hour.
  col=rss_mb window=full rows_used=15 n=15 skipped_empty=0 t_start_secs=0.0 t_end_secs=840.0 span_secs=840.0 y_first=15.938 y_last=412.156 slope_mb_per_hour=1467.967500 se_mb_per_hour=155.605430 intercept_mb=-18.746142 r2=0.872547 sxx_hours2=0.077777778 sse=24482.083766558
  col=wal_mb window=full rows_used=15 n=15 skipped_empty=0 t_start_secs=0.0 t_end_secs=840.0 span_secs=840.0 y_first=0.211 y_last=3.234 slope_mb_per_hour=5.521714 se_mb_per_hour=2.450758 intercept_mb=2.342733 r2=0.280826 sxx_hours2=0.077777778 sse=6.072952705
  col=redb_mb window=full rows_used=15 n=15 skipped_empty=0 t_start_secs=0.0 t_end_secs=840.0 span_secs=840.0 y_first=1.516 y_last=16.574 slope_mb_per_hour=48.400929 se_mb_per_hour=6.407886 intercept_mb=0.888425 r2=0.814426 sxx_hours2=0.077777778 sse=41.517230111
  col=disk_total_mb window=full rows_used=15 n=15 skipped_empty=0 t_start_secs=0.0 t_end_secs=840.0 span_secs=840.0 y_first=1.719 y_last=19.812 slope_mb_per_hour=53.931429 se_mb_per_hour=6.534153 intercept_mb=3.229600 r2=0.839753 sxx_hours2=0.077777778 sse=43.169551886
  col=tombstone_bytes window=full rows_used=15 n=15 skipped_empty=0 t_start_secs=0.0 t_end_secs=840.0 span_secs=840.0 y_first=108.000 y_last=33946.000 slope_mb_per_hour=47233.500000 se_mb_per_hour=38210.373726 intercept_mb=26432.025000 r2=0.105179 sxx_hours2=0.077777778 sse=1476255245.425000191
  col=rss_mb window=last_half rows_used=15 n=8 skipped_empty=0 t_start_secs=420.0 t_end_secs=840.0 span_secs=420.0 y_first=116.938 y_last=412.156 slope_mb_per_hour=2604.195000 se_mb_per_hour=266.006385 intercept_mb=-225.851250 r2=0.941086 sxx_hours2=0.011666667 sse=4953.157767250
  col=wal_mb window=last_half rows_used=15 n=8 skipped_empty=0 t_start_secs=420.0 t_end_secs=840.0 span_secs=420.0 y_first=3.156 y_last=3.234 slope_mb_per_hour=0.797857 se_mb_per_hour=0.471095 intercept_mb=3.100000 r2=0.323437 sxx_hours2=0.011666667 sse=0.015535155
  col=redb_mb window=last_half rows_used=15 n=8 skipped_empty=0 t_start_secs=420.0 t_end_secs=840.0 span_secs=420.0 y_first=8.543 y_last=16.574 slope_mb_per_hour=40.155000 se_mb_per_hour=23.183500 intercept_mb=2.519750 r2=0.333333 sxx_hours2=0.011666667 sse=37.623227250
  col=disk_total_mb window=last_half rows_used=15 n=8 skipped_empty=0 t_start_secs=420.0 t_end_secs=840.0 span_secs=420.0 y_first=11.699 y_last=19.812 slope_mb_per_hour=40.990000 se_mb_per_hour=22.940139 intercept_mb=5.612750 r2=0.347311 sxx_hours2=0.011666667 sse=36.837498833
  col=tombstone_bytes window=last_half rows_used=15 n=8 skipped_empty=0 t_start_secs=420.0 t_end_secs=840.0 span_secs=420.0 y_first=36389.000 y_last=33946.000 slope_mb_per_hour=-94196.428571 se_mb_per_hour=63662.782661 intercept_mb=51783.500000 r2=0.267333 sxx_hours2=0.011666667 sse=283706492.726190567

RESULT: instrument sound; harness exit code 0.
RUNNER_EXIT=0
