provenance: server sha256=eb1f0729fdd1b20a7848f89bab1986537a72bad8a6f770b222ead17d37521711 flavour=JE built=2026-09-27T20:39:59Z run_start=2026-09-28T00:44:15Z topgun_or_prune_restored_cancelled_total=present
provenance: server sha256=eb1f0729fdd1b20a7848f89bab1986537a72bad8a6f770b222ead17d37521711 flavour=JE built=2026-09-27T20:39:59Z run_start=2026-09-28T00:44:15Z topgun_or_prune_restored_cancelled_total=present harness sha256=789d65928feb35dd2260f271676263f80f3eaad8d588881f10c60cc7ee416346 harness_built=2026-09-27T20:42:58Z tombstone_level_ceiling_gate=present
soak binary:   /Users/koristuvac/Projects/topgun/topgun/target/spec373b-h/release/deps/soak_harness-0379469b8a4255d8
  built:       2026-09-27T20:42:58Z
server binary: /Users/koristuvac/Projects/topgun/topgun/target/spec373b-je-head/release/topgun-server
  built:       2026-09-27T20:39:59Z

=== spec373b carve 9c part b run: cell ja (flavour JE) ===
  repo HEAD:      6422bfc9dff2aa744dc49c34a148391b36884403
  dirty tree:     yes
  host/OS:        Darwin MacBook-Pro-koristuvac.local 27.0.0 Darwin Kernel Version 27.0.0: Tue Aug 11 21:22:49 PDT 2026; root:xnu-13432.1.9~1/RELEASE_ARM64_T6000 arm64
  lineage:        chain-built harness + chain-built JE server
  chain start:    1790541099
  data dir:       /Users/koristuvac/Projects/topgun/topgun/target/spec373b-ja-data
  csv:            /Users/koristuvac/Projects/topgun/topgun/packages/server-rust/benches/soak_harness/evidence/spec373b-ja.csv
  soak.json:      /Users/koristuvac/Projects/topgun/topgun/packages/server-rust/benches/soak_harness/evidence/spec373b-ja.soak.json
  mechanism.json: /Users/koristuvac/Projects/topgun/topgun/packages/server-rust/benches/soak_harness/evidence/spec373b-ja.mechanism.json (harness writes spec373b-ja.soak.mechanism.json; renamed after the run)
  durable.json:   /Users/koristuvac/Projects/topgun/topgun/packages/server-rust/benches/soak_harness/evidence/spec373b-ja.soak.durable.json (raw basename: NOT renamed, by design)
  progress.jsonl: /Users/koristuvac/Projects/topgun/topgun/packages/server-rust/benches/soak_harness/evidence/spec373b-ja.progress.jsonl
  console log:    /Users/koristuvac/Projects/topgun/topgun/packages/server-rust/benches/soak_harness/evidence/spec373b-ja.harness-console.log
  matrix:         /Users/koristuvac/Projects/topgun/topgun/packages/server-rust/benches/soak_harness/evidence/spec373b-ja.matrix.txt
  soak binary:    /Users/koristuvac/Projects/topgun/topgun/target/spec373b-h/release/deps/soak_harness-0379469b8a4255d8
  soak binary commit: 6422bfc9dff2aa744dc49c34a148391b36884403 (HEAD; the binary itself is identified by its sha256)
  .rs working tree:   CLEAN (asserted before the build)
  code freeze:            e85adb1f
  code freeze diff (.rs): EMPTY (asserted before the build)
    built:        2026-09-27T20:42:58Z
  server binary:  /Users/koristuvac/Projects/topgun/topgun/target/spec373b-je-head/release/topgun-server
    built:        2026-09-27T20:39:59Z
    sha256:       eb1f0729fdd1b20a7848f89bab1986537a72bad8a6f770b222ead17d37521711
  --- varied knobs; everything else is the spec362b-durable.sh long4h
      literal ---
  TOPGUN_EPOCH_WIDTH:  <unset: production default 1000>
  duration:            14400s
  csv cadence:         60s
  extra harness flags: <none>
  --durable-reading:   ARMED
  --live-census-interval: 300 (ARMED: the live-copy census)
  --sampler-jitter-seed:  20260831
  SOAK_SERVER_LOG:     warn,topgun_server::tombstone_frontier::removal=info,topgun_server::tombstone_frontier::settlement=info,topgun_server::tombstone_frontier::conjunct=info
  SOAK_SERVER_LOG_PASSTHROUGH: 1
  TOPGUN_PRUNE_RECORD: true
  TOPGUN_LOG_FORMAT:   <unset: human fmt, which is what the origin parser reads>
  server port:         47360
  SOAK_SERVER_BINARY:  /Users/koristuvac/Projects/topgun/topgun/target/spec373b-je-head/release/topgun-server
  --- pinned matrix (identical to spec362b-durable.sh's long4h cell;
      crash-interval is per-cell and is 0 on the one cell this runner
      ships) ---
  churn-clients 6; keyspace 200; or-churn true;
  or-keyspace 48; or-every 5; write-interval-ms 20;
  writes-per-life 200; offline-keys 3;
  confirm-interval 2; crash-interval 0;
  steady-interval 300; quiesce 3;
  mem-sample-interval 5; wal-fsync batched;
  memory gate NEUTRALIZED (1000000/1000000/1000000)
  tombstone gate: level ceiling K=2+ceil(S_A/W) epochs × W × b_max (S_A, b_max measured by the harness; A = TOPGUN_WAL_WATERMARK_STALL_BOUND_MS, not set by this runner); level stability 10 %; slope report-only
  harness sha256: 789d65928feb35dd2260f271676263f80f3eaad8d588881f10c60cc7ee416346
  server flavour: JE
  server code:    freeze = e85adb1f (SPEC373B_SERVER_COMMIT=e85adb1f, resolves e85adb1fc48936267aba66cb7aee7d32dc46b676)
  TOPGUN_JOURNAL_ENABLED:        <unset: harness passes true>
  TOPGUN_SOAK_GRACEFUL_SHUTDOWN: <unset: SIGKILL teardown>
  DHAT_OUT:                      <unset>
  post-mortem rows:              counted at the end of the run (item 17)

harness pid 82240; follow with: tail -f /Users/koristuvac/Projects/topgun/topgun/target/spec373b-ja-data.meta/harness-console.log
server ready: pid 82245 (t0 = server-ready)

harness exited with code 0
  LIVE_COPY  t=8709.6s copy_done=8710.3587s keys=96 undecodable=0 or_map=96 or_tomb=0 lww=0 live=633549 live_tag_bytes=21540667 tombstones=1262 tombstone_bytes=29026 dups=0 keys_with_tombstones=48 keys_all_dead=0 max_per_key=42
  LIVE_COPY  t=9010.4s copy_done=9011.0506s keys=96 undecodable=0 or_map=96 or_tomb=0 lww=0 live=655610 live_tag_bytes=22290741 tombstones=1632 tombstone_bytes=37536 dups=0 keys_with_tombstones=48 keys_all_dead=0 max_per_key=48
  LIVE_COPY  t=9311.1s copy_done=9311.6005s keys=96 undecodable=0 or_map=96 or_tomb=0 lww=0 live=677618 live_tag_bytes=23039013 tombstones=1639 tombstone_bytes=37697 dups=0 keys_with_tombstones=48 keys_all_dead=0 max_per_key=47
  LIVE_COPY  t=9611.6s copy_done=9612.1514s keys=96 undecodable=0 or_map=96 or_tomb=0 lww=0 live=699861 live_tag_bytes=23795275 tombstones=1340 tombstone_bytes=30820 dups=0 keys_with_tombstones=48 keys_all_dead=0 max_per_key=44
  LIVE_COPY  t=9912.2s copy_done=9912.8766s keys=96 undecodable=0 or_map=96 or_tomb=0 lww=0 live=721734 live_tag_bytes=24538957 tombstones=1603 tombstone_bytes=36869 dups=0 keys_with_tombstones=48 keys_all_dead=0 max_per_key=50
  LIVE_COPY  t=10212.9s copy_done=10213.3783s keys=96 undecodable=0 or_map=96 or_tomb=0 lww=0 live=743912 live_tag_bytes=25293009 tombstones=1342 tombstone_bytes=30866 dups=0 keys_with_tombstones=48 keys_all_dead=0 max_per_key=47
  LIVE_COPY  t=10513.4s copy_done=10513.9225s keys=96 undecodable=0 or_map=96 or_tomb=0 lww=0 live=766467 live_tag_bytes=26059879 tombstones=1417 tombstone_bytes=32591 dups=0 keys_with_tombstones=48 keys_all_dead=0 max_per_key=41
  LIVE_COPY  t=10813.9s copy_done=10814.5384s keys=96 undecodable=0 or_map=96 or_tomb=0 lww=0 live=788787 live_tag_bytes=26818759 tombstones=1163 tombstone_bytes=26749 dups=0 keys_with_tombstones=48 keys_all_dead=0 max_per_key=36
  LIVE_COPY  t=11114.5s copy_done=11115.1093s keys=96 undecodable=0 or_map=96 or_tomb=0 lww=0 live=810806 live_tag_bytes=27567405 tombstones=1498 tombstone_bytes=34454 dups=0 keys_with_tombstones=48 keys_all_dead=0 max_per_key=38
  LIVE_COPY  t=11415.1s copy_done=11415.6635s keys=96 undecodable=0 or_map=96 or_tomb=0 lww=0 live=832784 live_tag_bytes=28314657 tombstones=1415 tombstone_bytes=32545 dups=0 keys_with_tombstones=48 keys_all_dead=0 max_per_key=37
  LIVE_COPY  t=11715.7s copy_done=11716.3481s keys=96 undecodable=0 or_map=96 or_tomb=0 lww=0 live=855202 live_tag_bytes=29076869 tombstones=1407 tombstone_bytes=32361 dups=0 keys_with_tombstones=48 keys_all_dead=0 max_per_key=37
  LIVE_COPY  t=12016.3s copy_done=12016.9336s keys=96 undecodable=0 or_map=96 or_tomb=0 lww=0 live=877433 live_tag_bytes=29832723 tombstones=1194 tombstone_bytes=27462 dups=0 keys_with_tombstones=48 keys_all_dead=0 max_per_key=38
  LIVE_COPY  t=12316.9s copy_done=12317.5009s keys=96 undecodable=0 or_map=96 or_tomb=0 lww=0 live=899824 live_tag_bytes=30594017 tombstones=1202 tombstone_bytes=27646 dups=0 keys_with_tombstones=48 keys_all_dead=0 max_per_key=40
  LIVE_COPY  t=12617.5s copy_done=12618.1538s keys=96 undecodable=0 or_map=96 or_tomb=0 lww=0 live=922285 live_tag_bytes=31357691 tombstones=1262 tombstone_bytes=29026 dups=0 keys_with_tombstones=48 keys_all_dead=0 max_per_key=34
  LIVE_COPY  t=12918.2s copy_done=12918.7855s keys=96 undecodable=0 or_map=96 or_tomb=0 lww=0 live=944697 live_tag_bytes=32119699 tombstones=1640 tombstone_bytes=37720 dups=0 keys_with_tombstones=48 keys_all_dead=0 max_per_key=51
  LIVE_COPY  t=13218.8s copy_done=13219.4744s keys=96 undecodable=0 or_map=96 or_tomb=0 lww=0 live=966932 live_tag_bytes=32875689 tombstones=1292 tombstone_bytes=29716 dups=0 keys_with_tombstones=48 keys_all_dead=0 max_per_key=39
  LIVE_COPY  t=13519.5s copy_done=13520.1389s keys=96 undecodable=0 or_map=96 or_tomb=0 lww=0 live=989207 live_tag_bytes=33633039 tombstones=1438 tombstone_bytes=33074 dups=0 keys_with_tombstones=48 keys_all_dead=0 max_per_key=40
  LIVE_COPY  t=13820.1s copy_done=13820.8165s keys=96 undecodable=0 or_map=96 or_tomb=0 lww=0 live=1011789 live_tag_bytes=34400827 tombstones=1271 tombstone_bytes=29233 dups=0 keys_with_tombstones=48 keys_all_dead=0 max_per_key=40
  LIVE_COPY  t=14120.8s copy_done=14121.4540s keys=96 undecodable=0 or_map=96 or_tomb=0 lww=0 live=1034234 live_tag_bytes=35163957 tombstones=1311 tombstone_bytes=30153 dups=0 keys_with_tombstones=48 keys_all_dead=0 max_per_key=34
  TERMINAL   t=14402.0s copy_done=n/a keys=96 undecodable=0 or_map=96 or_tomb=0 lww=0 live=1055283 live_tag_bytes=35879623 tombstones=1242 tombstone_bytes=28566 dups=0 keys_with_tombstones=48 keys_all_dead=0 max_per_key=40
terminal census:   keys=96 tombstone_bytes=28566
origin:            reading=NOT_REACHED_EQUAL_REFS matched=527 unparsed=0 dropped=0 armed=true epochs_exited=527 restarts=0 epochs_scrapes total=2876 read=2876 absent=0 unreadable=0 malformed_samples=0 overflowed_samples=0
origin reason:     all 527 parsed line(s) returned exactly the refs held at entry
first zero-return: (none)
wrote durable reading to /Users/koristuvac/Projects/topgun/topgun/packages/server-rust/benches/soak_harness/evidence/spec373b-ja.soak.durable.json
console log: /Users/koristuvac/Projects/topgun/topgun/packages/server-rust/benches/soak_harness/evidence/spec373b-ja.harness-console.log
mechanism report: /Users/koristuvac/Projects/topgun/topgun/packages/server-rust/benches/soak_harness/evidence/spec373b-ja.mechanism.json
csv rows: 241
post_mortem_rows=0
csv columns:
  rss_mb         n=241 empty=0 nonzero=241 min=0.031 max=688.297
  wal_mb         n=241 empty=0 nonzero=240 min=0.000 max=3.648
  redb_mb        n=241 empty=0 nonzero=240 min=0.000 max=209.527
  disk_total_mb  n=241 empty=0 nonzero=240 min=0.000 max=212.992
  tombstone_bytes n=240 empty=1 min=20286 max=50462
  progress.jsonl checkpoints: 47
  soak.json "walFsync": "batched",
  soak.json "epochWidth": 1000,
  soak.json "crashes": 0,
  soak.json "churnClients": 6,
  soak.json "keyspace": 200,
  soak.json "durationSecsActual": 14401,
  mechanism.json "orDeltaFrames": 3384,
  mechanism.json "orSnapshotFrames": 0,

post-hoc OLS fits (see the SE caveat in spec349c2-fit.awk):
  units: the field is named slope_mb_per_hour for every column; on the
  tombstone_bytes row the fit is identical but the unit is BYTES/hour.
  col=rss_mb window=full rows_used=241 n=241 skipped_empty=0 t_start_secs=0.0 t_end_secs=14400.0 span_secs=14400.0 y_first=0.031 y_last=531.891 slope_mb_per_hour=130.644442 se_mb_per_hour=1.979634 intercept_mb=50.741678 r2=0.947978 sxx_hours2=324.011722674 sse=303478.962232065
  col=wal_mb window=full rows_used=241 n=241 skipped_empty=0 t_start_secs=0.0 t_end_secs=14400.0 span_secs=14400.0 y_first=0.000 y_last=3.355 slope_mb_per_hour=0.011234 se_mb_per_hour=0.013369 intercept_mb=3.337913 r2=0.002946 sxx_hours2=324.011722674 sse=13.841326590
  col=redb_mb window=full rows_used=241 n=241 skipped_empty=0 t_start_secs=0.0 t_end_secs=14400.0 span_secs=14400.0 y_first=0.000 y_last=209.527 slope_mb_per_hour=50.290567 se_mb_per_hour=0.897779 intercept_mb=-4.079972 r2=0.929224 sxx_hours2=324.011722674 sse=62416.182321992
  col=disk_total_mb window=full rows_used=241 n=241 skipped_empty=0 t_start_secs=0.0 t_end_secs=14400.0 span_secs=14400.0 y_first=0.000 y_last=212.883 slope_mb_per_hour=50.302261 se_mb_per_hour=0.897554 intercept_mb=-0.742646 r2=0.929288 sxx_hours2=324.011722674 sse=62385.001201102
  col=tombstone_bytes window=full rows_used=240 n=240 skipped_empty=1 t_start_secs=60.0 t_end_secs=14400.0 span_secs=14340.0 y_first=43693.000 y_last=20470.000 slope_mb_per_hour=334.629123 se_mb_per_hour=386.230314 intercept_mb=33746.575854 r2=0.003144 sxx_hours2=319.995028229 sse=11360904321.009004593
  col=rss_mb window=last_half rows_used=241 n=121 skipped_empty=0 t_start_secs=7200.0 t_end_secs=14400.0 span_secs=7200.0 y_first=307.984 y_last=531.891 slope_mb_per_hour=156.401580 se_mb_per_hour=6.899170 intercept_mb=-30.514298 r2=0.811980 sxx_hours2=41.006398374 sse=232269.562907729
  col=wal_mb window=last_half rows_used=241 n=121 skipped_empty=0 t_start_secs=7200.0 t_end_secs=14400.0 span_secs=7200.0 y_first=3.484 y_last=3.355 slope_mb_per_hour=-0.009908 se_mb_per_hour=0.014485 intercept_mb=3.386435 r2=0.003916 sxx_hours2=41.006398374 sse=1.023875269
  col=redb_mb window=last_half rows_used=241 n=121 skipped_empty=0 t_start_secs=7200.0 t_end_secs=14400.0 span_secs=7200.0 y_first=101.027 y_last=209.527 slope_mb_per_hour=68.127448 se_mb_per_hour=2.873366 intercept_mb=-60.141153 r2=0.825299 sxx_hours2=41.006398374 sse=40288.437366119
  col=disk_total_mb window=last_half rows_used=241 n=121 skipped_empty=0 t_start_secs=7200.0 t_end_secs=14400.0 span_secs=7200.0 y_first=104.512 y_last=212.883 slope_mb_per_hour=68.117388 se_mb_per_hour=2.872794 intercept_mb=-56.753321 r2=0.825314 sxx_hours2=41.006398374 sse=40272.410487261
  col=tombstone_bytes window=last_half rows_used=240 n=120 skipped_empty=1 t_start_secs=7260.0 t_end_secs=14400.0 span_secs=7140.0 y_first=45701.000 y_last=20470.000 slope_mb_per_hour=-183.076429 se_mb_per_hour=1151.107588 intercept_mb=35294.556197 r2=0.000214 sxx_hours2=39.998051152 sse=6253925051.359035492

RESULT: instrument sound; harness exit code 0.
RUNNER_EXIT=0
