--- cell s1b at 2026-09-22T13:17:10Z
HOST uptime: 16:17  up 18:22, 1 user, load averages: 10.57 11.17 9.50
HOST memory_pressure: System-wide memory free percentage: 78%
HOST vm_stat: Mach Virtual Memory Statistics: (page size of 16384 bytes)
HOST vm_stat: Pages free:                                    58911.
HOST vm_stat: Pages active:                                 768040.
HOST vm_stat: Pages inactive:                               765500.
HOST vm_stat: Pages speculative:                              2143.
HOST vm_stat: Pages throttled:                                   0.
HOST vm_stat: Pages wired down:                             170028.
HOST vm_stat: Pages purgeable:                               32241.
HOST therm: Note: No thermal warning level has been recorded
HOST therm: Note: No performance warning level has been recorded
HOST therm: Note: No CPU power status has been recorded
provenance: server sha256=963b0ca9fa741a32d1d790af337332e57430ff81d13365361fc71f0e5a82e83d flavour=SYS built=2026-09-22T11:30:23Z run_start=2026-09-22T13:17:10Z topgun_or_prune_restored_cancelled_total=present
provenance: server sha256=963b0ca9fa741a32d1d790af337332e57430ff81d13365361fc71f0e5a82e83d flavour=SYS built=2026-09-22T11:30:23Z run_start=2026-09-22T13:17:10Z topgun_or_prune_restored_cancelled_total=present harness sha256=ed0769d00ec582a033f152fa77aa74798df338440cb5ed16a4a773ec09fbe74d harness_built=2026-09-22T11:45:42Z tombstone_level_ceiling_gate=present
soak binary:   /Users/koristuvac/Projects/topgun/topgun/target/spec372-h/release/deps/soak_harness-0379469b8a4255d8
  built:       2026-09-22T11:45:42Z
server binary: /Users/koristuvac/Projects/topgun/topgun/target/spec372-sys/release/topgun-server
  built:       2026-09-22T11:30:23Z

=== spec372 allocator-evaluation run: cell s1b (flavour SYS) ===
  repo HEAD:      e92fa9774e66457336b278d065f5ff32aa160353
  dirty tree:     yes
  host/OS:        Darwin MacBookPro 27.0.0 Darwin Kernel Version 27.0.0: Tue Aug 11 21:22:49 PDT 2026; root:xnu-13432.1.9~1/RELEASE_ARM64_T6000 arm64
  lineage:        chain-built harness + chain-built SYS server
  chain start:    1790076374
  data dir:       /Users/koristuvac/Projects/topgun/topgun/target/spec372-s1b-data
  csv:            /Users/koristuvac/Projects/topgun/topgun/packages/server-rust/benches/soak_harness/evidence/spec372-s1b.csv
  soak.json:      /Users/koristuvac/Projects/topgun/topgun/packages/server-rust/benches/soak_harness/evidence/spec372-s1b.soak.json
  mechanism.json: /Users/koristuvac/Projects/topgun/topgun/packages/server-rust/benches/soak_harness/evidence/spec372-s1b.mechanism.json (harness writes spec372-s1b.soak.mechanism.json; renamed after the run)
  durable.json:   /Users/koristuvac/Projects/topgun/topgun/packages/server-rust/benches/soak_harness/evidence/spec372-s1b.soak.durable.json (raw basename: NOT renamed, by design)
  progress.jsonl: /Users/koristuvac/Projects/topgun/topgun/packages/server-rust/benches/soak_harness/evidence/spec372-s1b.progress.jsonl
  console log:    /Users/koristuvac/Projects/topgun/topgun/packages/server-rust/benches/soak_harness/evidence/spec372-s1b.harness-console.log
  matrix:         /Users/koristuvac/Projects/topgun/topgun/packages/server-rust/benches/soak_harness/evidence/spec372-s1b.matrix.txt
  soak binary:    /Users/koristuvac/Projects/topgun/topgun/target/spec372-h/release/deps/soak_harness-0379469b8a4255d8
  soak binary commit: e92fa9774e66457336b278d065f5ff32aa160353 (HEAD; the binary itself is identified by its sha256)
  .rs working tree:   CLEAN (asserted before the build)
  code freeze:            08cdef2f
  code freeze diff (.rs): EMPTY (asserted before the build)
    built:        2026-09-22T11:45:42Z
  server binary:  /Users/koristuvac/Projects/topgun/topgun/target/spec372-sys/release/topgun-server
    built:        2026-09-22T11:30:23Z
    sha256:       963b0ca9fa741a32d1d790af337332e57430ff81d13365361fc71f0e5a82e83d
  --- varied knobs; everything else is the spec362b-durable.sh long4h
      literal ---
  TOPGUN_EPOCH_WIDTH:  <unset: production default 1000>
  duration:            900s
  csv cadence:         60s
  extra harness flags: <none>
  --durable-reading:   ARMED
  --live-census-interval: 300 (ARMED: the live-copy census)
  --sampler-jitter-seed:  20260831
  SOAK_SERVER_LOG:     warn,topgun_server::tombstone_frontier::removal=info,topgun_server::tombstone_frontier::settlement=info,topgun_server::tombstone_frontier::conjunct=info
  SOAK_SERVER_LOG_PASSTHROUGH: 1
  TOPGUN_PRUNE_RECORD: true
  TOPGUN_LOG_FORMAT:   <unset: human fmt, which is what the origin parser reads>
  server port:         47358
  SOAK_SERVER_BINARY:  /Users/koristuvac/Projects/topgun/topgun/target/spec372-sys/release/topgun-server
  --- pinned matrix (identical to spec362b-durable.sh's long4h cell;
      crash-interval is per-cell and is 0 on the one cell this runner
      ships) ---
  churn-clients 6; keyspace 200; or-churn true;
  or-keyspace 48; or-every 5; write-interval-ms 20;
  writes-per-life 200; offline-keys 3;
  confirm-interval 2; crash-interval 0;
  steady-interval 300; quiesce 3;
  mem-sample-interval 5; wal-fsync batched;
  memory gate NEUTRALIZED (1000000/1000000/1000000)
  tombstone gate: level ceiling K=2+ceil(S_A/W) epochs × W × b_max (S_A, b_max measured by the harness; A = TOPGUN_WAL_WATERMARK_STALL_BOUND_MS, not set by this runner); level stability 10 %; slope report-only
  harness sha256: ed0769d00ec582a033f152fa77aa74798df338440cb5ed16a4a773ec09fbe74d
  server flavour: SYS
  TOPGUN_JOURNAL_ENABLED:        <unset: harness passes true>
  TOPGUN_SOAK_GRACEFUL_SHUTDOWN: <unset: SIGKILL teardown>
  DHAT_OUT:                      <unset>
  post-mortem rows:              counted at the end of the run (item 17)

harness pid 31490; follow with: tail -f /Users/koristuvac/Projects/topgun/topgun/target/spec372-s1b-data.meta/harness-console.log
server ready: pid 31495 (t0 = server-ready)

harness exited with code 0
reading:           PLATEAU_NOT_MET
reason:            series rss_kib rose and was still rising at the end; firing envelope BOTH
log filter:        warn,topgun_server::tombstone_frontier::removal=info,topgun_server::tombstone_frontier::settlement=info,topgun_server::tombstone_frontier::conjunct=info
  rss_kib            shape=MONOTONE_RISING envelope=BOTH samples=168 span=837.7s
                     peaks  h1=182480 h2=563232 q3=360048 q4=563232 last_half_mean=370479
                     floor  h1=42352 h2=183616 q3=183616 q4=362416
  redb_bytes         shape=MONOTONE_RISING envelope=PEAKS samples=170 span=842.4s
                     peaks  h1=8957952 h2=17379328 q3=8957952 q4=17379328 last_half_mean=10840377
                     floor  h1=1589248 h2=8957952 q3=8957952 q4=8957952
  wal_bytes          shape=MONOTONE_RISING envelope=BOTH samples=170 span=842.4s
                     peaks  h1=1567609 h2=1583201 q3=1549445 q4=1583201 last_half_mean=1440500
                     floor  h1=839805 h2=946737 q3=946737 q4=1357513
  wal_segment_files  shape=MONOTONE_RISING envelope=BOTH samples=170 span=842.4s
                     peaks  h1=522 h2=538 q3=528 q4=538 last_half_mean=507
                     floor  h1=384 h2=445 q3=445 q4=491
writebehind lag:   12344 (observation only) scrapes total=180 read=178 absent=2 unreadable=0 malformed_samples=0 overflowed_samples=0
censuses:          3
  LIVE_COPY  t=300.0s copy_done=300.1360s keys=96 undecodable=0 or_map=96 or_tomb=0 lww=0 live=19312 live_tag_bytes=656608 tombstones=1656 tombstone_bytes=34776 dups=0 keys_with_tombstones=48 keys_all_dead=0 max_per_key=43
  LIVE_COPY  t=600.1s copy_done=600.3015s keys=96 undecodable=0 or_map=96 or_tomb=0 lww=0 live=39779 live_tag_bytes=1352486 tombstones=1807 tombstone_bytes=39754 dups=0 keys_with_tombstones=48 keys_all_dead=0 max_per_key=46
  TERMINAL   t=900.4s copy_done=n/a keys=96 undecodable=0 or_map=96 or_tomb=0 lww=0 live=60442 live_tag_bytes=2055028 tombstones=1328 tombstone_bytes=29216 dups=0 keys_with_tombstones=48 keys_all_dead=0 max_per_key=34
terminal census:   keys=96 tombstone_bytes=29216
origin:            reading=NOT_REACHED_EQUAL_REFS matched=29 unparsed=0 dropped=0 armed=true epochs_exited=29 restarts=0 epochs_scrapes total=180 read=180 absent=0 unreadable=0 malformed_samples=0 overflowed_samples=0
origin reason:     all 29 parsed line(s) returned exactly the refs held at entry
first zero-return: (none)
wrote durable reading to /Users/koristuvac/Projects/topgun/topgun/packages/server-rust/benches/soak_harness/evidence/spec372-s1b.soak.durable.json
console log: /Users/koristuvac/Projects/topgun/topgun/packages/server-rust/benches/soak_harness/evidence/spec372-s1b.harness-console.log
mechanism report: /Users/koristuvac/Projects/topgun/topgun/packages/server-rust/benches/soak_harness/evidence/spec372-s1b.mechanism.json
csv rows: 16
post_mortem_rows=0
csv columns:
  rss_mb         n=16 empty=0 nonzero=16 min=3.250 max=551.875
  wal_mb         n=16 empty=0 nonzero=15 min=0.000 max=3.367
  redb_mb        n=16 empty=0 nonzero=15 min=0.000 max=16.574
  disk_total_mb  n=16 empty=0 nonzero=15 min=0.000 max=19.957
  tombstone_bytes n=15 empty=1 min=21565 max=41690
  progress.jsonl checkpoints: 2
  soak.json "walFsync": "batched",
  soak.json "epochWidth": 1000,
  soak.json "crashes": 0,
  soak.json "churnClients": 6,
  soak.json "keyspace": 200,
  soak.json "durationSecsActual": 900,
  mechanism.json "orDeltaFrames": 3138,
  mechanism.json "orSnapshotFrames": 0,

post-hoc OLS fits (see the SE caveat in spec349c2-fit.awk):
  units: the field is named slope_mb_per_hour for every column; on the
  tombstone_bytes row the fit is identical but the unit is BYTES/hour.
  col=rss_mb window=full rows_used=16 n=16 skipped_empty=0 t_start_secs=0.0 t_end_secs=900.0 span_secs=900.0 y_first=3.250 y_last=551.875 slope_mb_per_hour=2146.701088 se_mb_per_hour=149.440932 intercept_mb=-51.823949 r2=0.936465 sxx_hours2=0.094444444 sse=29528.649799437
  col=wal_mb window=full rows_used=16 n=16 skipped_empty=0 t_start_secs=0.0 t_end_secs=900.0 span_secs=900.0 y_first=0.000 y_last=3.250 slope_mb_per_hour=4.991647 se_mb_per_hour=2.406738 intercept_mb=2.422669 r2=0.235040 sxx_hours2=0.094444444 sse=7.658826938
  col=redb_mb window=full rows_used=16 n=16 skipped_empty=0 t_start_secs=0.0 t_end_secs=900.0 span_secs=900.0 y_first=0.000 y_last=16.574 slope_mb_per_hour=55.152706 se_mb_per_hour=6.161339 intercept_mb=0.173787 r2=0.851266 sxx_hours2=0.094444444 sse=50.194334503
  col=disk_total_mb window=full rows_used=16 n=16 skipped_empty=0 t_start_secs=0.0 t_end_secs=900.0 span_secs=900.0 y_first=0.000 y_last=19.820 slope_mb_per_hour=60.160853 se_mb_per_hour=6.704620 intercept_mb=2.596331 r2=0.851876 sxx_hours2=0.094444444 sse=59.436432313
  col=tombstone_bytes window=full rows_used=15 n=15 skipped_empty=1 t_start_secs=60.0 t_end_secs=900.0 span_secs=840.0 y_first=21565.000 y_last=41690.000 slope_mb_per_hour=84376.714286 se_mb_per_hour=4948.915886 intercept_mb=19600.838095 r2=0.957193 sxx_hours2=0.077777778 sse=24763899.204761904
  col=rss_mb window=last_half rows_used=16 n=8 skipped_empty=0 t_start_secs=480.0 t_end_secs=900.0 span_secs=420.0 y_first=179.141 y_last=551.875 slope_mb_per_hour=3202.500000 se_mb_per_hour=77.334371 intercept_mb=-253.074250 r2=0.996513 sxx_hours2=0.011666667 sse=418.642341500
  col=wal_mb window=last_half rows_used=16 n=8 skipped_empty=0 t_start_secs=480.0 t_end_secs=900.0 span_secs=420.0 y_first=3.340 y_last=3.250 slope_mb_per_hour=-0.005714 se_mb_per_hour=0.457776 intercept_mb=3.301345 r2=0.000026 sxx_hours2=0.011666667 sse=0.014669119
  col=redb_mb window=last_half rows_used=16 n=8 skipped_empty=0 t_start_secs=480.0 t_end_secs=900.0 span_secs=420.0 y_first=8.543 y_last=16.574 slope_mb_per_hour=68.837143 se_mb_per_hour=24.337605 intercept_mb=-2.643036 r2=0.571429 sxx_hours2=0.011666667 sse=41.462332071
  col=disk_total_mb window=last_half rows_used=16 n=8 skipped_empty=0 t_start_secs=480.0 t_end_secs=900.0 span_secs=420.0 y_first=11.879 y_last=19.820 slope_mb_per_hour=68.855714 se_mb_per_hour=24.444539 intercept_mb=0.656155 r2=0.569412 sxx_hours2=0.011666667 sse=41.827485119
  col=tombstone_bytes window=last_half rows_used=15 n=8 skipped_empty=1 t_start_secs=480.0 t_end_secs=900.0 span_secs=420.0 y_first=30602.000 y_last=41690.000 slope_mb_per_hour=100461.428571 se_mb_per_hour=13606.348383 intercept_mb=16525.142857 r2=0.900851 sxx_hours2=0.011666667 sse=12959290.142857146

RESULT: instrument sound; harness exit code 0.
RUNNER_EXIT=0
