provenance: server sha256=2ec77c39f2914ac0154f22ed3271d896201c4594b54068b8ad6d7d3d6928764f flavour=DH built=2026-09-24T17:06:01Z run_start=2026-09-24T17:15:29Z topgun_or_prune_restored_cancelled_total=present
provenance: server sha256=2ec77c39f2914ac0154f22ed3271d896201c4594b54068b8ad6d7d3d6928764f flavour=DH built=2026-09-24T17:06:01Z run_start=2026-09-24T17:15:29Z topgun_or_prune_restored_cancelled_total=present harness sha256=991a100a28218d70798a8104ced642b3192c37b30da1b87dddfcbcdbb2f1b895 harness_built=2026-09-24T17:09:02Z tombstone_level_ceiling_gate=present
soak binary:   /Users/koristuvac/Projects/topgun/topgun/target/spec373a-h/release/deps/soak_harness-0379469b8a4255d8
  built:       2026-09-24T17:09:02Z
server binary: /Users/koristuvac/Projects/topgun/topgun/target/spec373a-dh-pin/release-with-debug/topgun-server
  built:       2026-09-24T17:06:01Z

=== spec373a carve 9c part a run: cell d3l (flavour DH) ===
  repo HEAD:      639a7b1977ec4d549521e77b9c1c386927c0d4c5
  dirty tree:     yes
  host/OS:        Darwin MacBook-Pro-koristuvac.local 27.0.0 Darwin Kernel Version 27.0.0: Tue Aug 11 21:22:49 PDT 2026; root:xnu-13432.1.9~1/RELEASE_ARM64_T6000 arm64
  lineage:        chain-built harness + chain-built DH server
  chain start:    1790269208
  data dir:       /Users/koristuvac/Projects/topgun/topgun/target/spec373a-d3l-data
  csv:            /Users/koristuvac/Projects/topgun/topgun/packages/server-rust/benches/soak_harness/evidence/spec373a-d3l.csv
  soak.json:      /Users/koristuvac/Projects/topgun/topgun/packages/server-rust/benches/soak_harness/evidence/spec373a-d3l.soak.json
  mechanism.json: /Users/koristuvac/Projects/topgun/topgun/packages/server-rust/benches/soak_harness/evidence/spec373a-d3l.mechanism.json (harness writes spec373a-d3l.soak.mechanism.json; renamed after the run)
  durable.json:   /Users/koristuvac/Projects/topgun/topgun/packages/server-rust/benches/soak_harness/evidence/spec373a-d3l.soak.durable.json (raw basename: NOT renamed, by design)
  progress.jsonl: /Users/koristuvac/Projects/topgun/topgun/packages/server-rust/benches/soak_harness/evidence/spec373a-d3l.progress.jsonl
  console log:    /Users/koristuvac/Projects/topgun/topgun/packages/server-rust/benches/soak_harness/evidence/spec373a-d3l.harness-console.log
  matrix:         /Users/koristuvac/Projects/topgun/topgun/packages/server-rust/benches/soak_harness/evidence/spec373a-d3l.matrix.txt
  soak binary:    /Users/koristuvac/Projects/topgun/topgun/target/spec373a-h/release/deps/soak_harness-0379469b8a4255d8
  soak binary commit: 639a7b1977ec4d549521e77b9c1c386927c0d4c5 (HEAD; the binary itself is identified by its sha256)
  .rs working tree:   CLEAN (asserted before the build)
  code freeze:            4998d884
  code freeze diff (.rs): EMPTY (asserted before the build)
    built:        2026-09-24T17:09:02Z
  server binary:  /Users/koristuvac/Projects/topgun/topgun/target/spec373a-dh-pin/release-with-debug/topgun-server
    built:        2026-09-24T17:06:01Z
    sha256:       2ec77c39f2914ac0154f22ed3271d896201c4594b54068b8ad6d7d3d6928764f
  --- varied knobs; everything else is the spec362b-durable.sh long4h
      literal ---
  TOPGUN_EPOCH_WIDTH:  <unset: production default 1000>
  duration:            900s
  csv cadence:         60s
  extra harness flags: <none>
  --durable-reading:   ARMED
  --live-census-interval: 300 (ARMED: the live-copy census)
  --sampler-jitter-seed:  20260831
  SOAK_SERVER_LOG:     warn,topgun_server::tombstone_frontier::removal=info,topgun_server::tombstone_frontier::settlement=info,topgun_server::tombstone_frontier::conjunct=info
  SOAK_SERVER_LOG_PASSTHROUGH: 1
  TOPGUN_PRUNE_RECORD: true
  TOPGUN_LOG_FORMAT:   <unset: human fmt, which is what the origin parser reads>
  server port:         47359
  SOAK_SERVER_BINARY:  /Users/koristuvac/Projects/topgun/topgun/target/spec373a-dh-pin/release-with-debug/topgun-server
  --- pinned matrix (identical to spec362b-durable.sh's long4h cell;
      crash-interval is per-cell and is 0 on the one cell this runner
      ships) ---
  churn-clients 6; keyspace 200; or-churn true;
  or-keyspace 48; or-every 5; write-interval-ms 20;
  writes-per-life 200; offline-keys 3;
  confirm-interval 2; crash-interval 0;
  steady-interval 300; quiesce 3;
  mem-sample-interval 5; wal-fsync batched;
  memory gate NEUTRALIZED (1000000/1000000/1000000)
  tombstone gate: level ceiling K=2+ceil(S_A/W) epochs × W × b_max (S_A, b_max measured by the harness; A = TOPGUN_WAL_WATERMARK_STALL_BOUND_MS, not set by this runner); level stability 10 %; slope report-only
  harness sha256: 991a100a28218d70798a8104ced642b3192c37b30da1b87dddfcbcdbb2f1b895
  server flavour: DH
  server code:    pin = 61f84658 (SPEC373A_SERVER_COMMIT=61f84658, resolves 61f8465868a550a81061e52b553d9d1b77fed6f1)
  TOPGUN_JOURNAL_ENABLED:        <unset: harness passes true>
  TOPGUN_SOAK_GRACEFUL_SHUTDOWN: 1
  DHAT_OUT:                      /Users/koristuvac/Projects/topgun/topgun/target/spec373a-d3l-data.meta/spec373a-d3l.dhat.json
  post-mortem rows:              counted at the end of the run (item 17)

harness pid 28123; follow with: tail -f /Users/koristuvac/Projects/topgun/topgun/target/spec373a-d3l-data.meta/harness-console.log
server ready: pid 28128 (t0 = server-ready)

harness exited with code 0
reading:           PLATEAU_NOT_MET
reason:            series rss_kib rose and was still rising at the end; firing envelope BOTH
log filter:        warn,topgun_server::tombstone_frontier::removal=info,topgun_server::tombstone_frontier::settlement=info,topgun_server::tombstone_frontier::conjunct=info
  rss_kib            shape=MONOTONE_RISING envelope=BOTH samples=168 span=835.6s
                     peaks  h1=76464 h2=110448 q3=89872 q4=110448 last_half_mean=93838
                     floor  h1=44192 h2=76592 q3=76592 q4=89872
  redb_bytes         shape=MONOTONE_RISING envelope=FLOOR samples=170 span=840.9s
                     peaks  h1=3698688 h2=6860800 q3=6860800 q4=6860800 last_half_mean=6153974
                     floor  h1=1589248 h2=3698688 q3=3698688 q4=6860800
  wal_bytes          shape=LEVELLED envelope=- samples=170 span=840.9s
                     peaks  h1=557335 h2=428416 q3=428416 q4=413737 last_half_mean=338304
                     floor  h1=305826 h2=212397 q3=212397 q4=272232
  wal_segment_files  shape=LEVELLED envelope=- samples=170 span=840.9s
                     peaks  h1=470 h2=465 q3=465 q4=464 last_half_mean=435
                     floor  h1=370 h2=345 q3=345 q4=419
writebehind lag:   4023 (observation only) scrapes total=171 read=169 absent=2 unreadable=0 malformed_samples=0 overflowed_samples=0
censuses:          3
  LIVE_COPY  t=300.0s copy_done=300.1025s keys=96 undecodable=0 or_map=96 or_tomb=0 lww=0 live=7272 live_tag_bytes=247248 tombstones=640 tombstone_bytes=13440 dups=0 keys_with_tombstones=48 keys_all_dead=0 max_per_key=19
  LIVE_COPY  t=600.1s copy_done=600.1965s keys=96 undecodable=0 or_map=96 or_tomb=0 lww=0 live=12919 live_tag_bytes=439246 tombstones=604 tombstone_bytes=12684 dups=0 keys_with_tombstones=48 keys_all_dead=0 max_per_key=16
  TERMINAL   t=912.4s copy_done=n/a keys=96 undecodable=0 or_map=96 or_tomb=0 lww=0 live=17978 live_tag_bytes=611252 tombstones=989 tombstone_bytes=20769 dups=0 keys_with_tombstones=48 keys_all_dead=0 max_per_key=26
terminal census:   keys=96 tombstone_bytes=20769
origin:            reading=NOT_REACHED_EQUAL_REFS matched=8 unparsed=0 dropped=0 armed=true epochs_exited=8 restarts=0 epochs_scrapes total=171 read=171 absent=0 unreadable=0 malformed_samples=0 overflowed_samples=0
origin reason:     all 8 parsed line(s) returned exactly the refs held at entry
first zero-return: (none)
wrote durable reading to /Users/koristuvac/Projects/topgun/topgun/packages/server-rust/benches/soak_harness/evidence/spec373a-d3l.soak.durable.json
console log: /Users/koristuvac/Projects/topgun/topgun/packages/server-rust/benches/soak_harness/evidence/spec373a-d3l.harness-console.log
mechanism report: /Users/koristuvac/Projects/topgun/topgun/packages/server-rust/benches/soak_harness/evidence/spec373a-d3l.mechanism.json
csv rows: 16
post_mortem_rows=0
csv columns:
  rss_mb         n=16 empty=0 nonzero=16 min=4.188 max=107.719
  wal_mb         n=16 empty=0 nonzero=15 min=0.000 max=2.344
  redb_mb        n=16 empty=0 nonzero=15 min=0.000 max=6.543
  disk_total_mb  n=16 empty=0 nonzero=15 min=0.000 max=8.887
  tombstone_bytes n=15 empty=1 min=11907 max=25116
  progress.jsonl checkpoints: 2
  soak.json "walFsync": "batched",
  soak.json "epochWidth": 1000,
  soak.json "crashes": 0,
  soak.json "churnClients": 6,
  soak.json "keyspace": 200,
  soak.json "durationSecsActual": 912,
  mechanism.json "orDeltaFrames": 0,
  mechanism.json "orSnapshotFrames": 0,

post-hoc OLS fits (see the SE caveat in spec349c2-fit.awk):
  units: the field is named slope_mb_per_hour for every column; on the
  tombstone_bytes row the fit is identical but the unit is BYTES/hour.
  col=rss_mb window=full rows_used=16 n=16 skipped_empty=0 t_start_secs=0.0 t_end_secs=900.0 span_secs=900.0 y_first=4.188 y_last=107.719 slope_mb_per_hour=318.081353 se_mb_per_hour=29.171893 intercept_mb=32.285831 r2=0.894650 sxx_hours2=0.094444444 sse=1125.210206938
  col=wal_mb window=full rows_used=16 n=16 skipped_empty=0 t_start_secs=0.0 t_end_secs=900.0 span_secs=900.0 y_first=0.000 y_last=2.297 slope_mb_per_hour=3.281559 se_mb_per_hour=1.699357 intercept_mb=1.711618 r2=0.210333 sxx_hours2=0.094444444 sse=3.818333319
  col=redb_mb window=full rows_used=16 n=16 skipped_empty=0 t_start_secs=0.0 t_end_secs=900.0 span_secs=900.0 y_first=0.000 y_last=6.543 slope_mb_per_hour=26.624206 se_mb_per_hour=2.367439 intercept_mb=0.701037 r2=0.900336 sxx_hours2=0.094444444 sse=7.410749378
  col=disk_total_mb window=full rows_used=16 n=16 skipped_empty=0 t_start_secs=0.0 t_end_secs=900.0 span_secs=900.0 y_first=0.000 y_last=8.840 slope_mb_per_hour=29.915559 se_mb_per_hour=3.293098 intercept_mb=2.410368 r2=0.854960 sxx_hours2=0.094444444 sse=14.338829019
  col=tombstone_bytes window=full rows_used=15 n=15 skipped_empty=1 t_start_secs=60.0 t_end_secs=900.0 span_secs=840.0 y_first=19559.000 y_last=20769.000 slope_mb_per_hour=7287.642857 se_mb_per_hour=17140.262615 intercept_mb=17150.180952 r2=0.013715 sxx_hours2=0.077777778 sse=297052920.301190495
  col=rss_mb window=last_half rows_used=16 n=8 skipped_empty=0 t_start_secs=480.0 t_end_secs=900.0 span_secs=420.0 y_first=74.797 y_last=107.719 slope_mb_per_hour=312.345000 se_mb_per_hour=28.366201 intercept_mb=31.903500 r2=0.952847 sxx_hours2=0.011666667 sse=56.324895250
  col=wal_mb window=last_half rows_used=16 n=8 skipped_empty=0 t_start_secs=480.0 t_end_secs=900.0 span_secs=420.0 y_first=2.336 y_last=2.297 slope_mb_per_hour=-0.096429 se_mb_per_hour=0.386844 intercept_mb=2.305107 r2=0.010250 sxx_hours2=0.011666667 sse=0.010475393
  col=redb_mb window=last_half rows_used=16 n=8 skipped_empty=0 t_start_secs=480.0 t_end_secs=900.0 span_secs=420.0 y_first=3.527 y_last=6.543 slope_mb_per_hour=25.851429 se_mb_per_hour=9.139860 intercept_mb=0.834143 r2=0.571429 sxx_hours2=0.011666667 sse=5.847593143
  col=disk_total_mb window=last_half rows_used=16 n=8 skipped_empty=0 t_start_secs=480.0 t_end_secs=900.0 span_secs=420.0 y_first=5.863 y_last=8.840 slope_mb_per_hour=25.755000 se_mb_per_hour=9.133397 intercept_mb=3.139250 r2=0.569944 sxx_hours2=0.011666667 sse=5.839326250
  col=tombstone_bytes window=last_half rows_used=15 n=8 skipped_empty=1 t_start_secs=480.0 t_end_secs=900.0 span_secs=420.0 y_first=11907.000 y_last=20769.000 slope_mb_per_hour=19560.000000 se_mb_per_hour=56849.385221 intercept_mb=14573.500000 r2=0.019349 sxx_hours2=0.011666667 sse=226229682.000000000
dhat profile: /Users/koristuvac/Projects/topgun/topgun/packages/server-rust/benches/soak_harness/evidence/spec373a-d3l.dhat.json.gz (3334334 bytes raw)

RESULT: instrument sound; harness exit code 0.
RUNNER_EXIT=0
