--- cell m1b at 2026-09-22T13:02:08Z
HOST uptime: 16:02  up 18:07, 1 user, load averages: 4.43 5.31 6.18
HOST memory_pressure: System-wide memory free percentage: 78%
HOST vm_stat: Mach Virtual Memory Statistics: (page size of 16384 bytes)
HOST vm_stat: Pages free:                                    32289.
HOST vm_stat: Pages active:                                 781755.
HOST vm_stat: Pages inactive:                               776244.
HOST vm_stat: Pages speculative:                              4867.
HOST vm_stat: Pages throttled:                                   0.
HOST vm_stat: Pages wired down:                             168104.
HOST vm_stat: Pages purgeable:                               31369.
HOST therm: Note: No thermal warning level has been recorded
HOST therm: Note: No performance warning level has been recorded
HOST therm: Note: No CPU power status has been recorded
provenance: server sha256=829c986a80a31f232da88c1a461a773f0c2e0890bcede69d7f2b5d574efa5def flavour=MI built=2026-09-22T11:38:41Z run_start=2026-09-22T13:02:08Z topgun_or_prune_restored_cancelled_total=present
provenance: server sha256=829c986a80a31f232da88c1a461a773f0c2e0890bcede69d7f2b5d574efa5def flavour=MI built=2026-09-22T11:38:41Z run_start=2026-09-22T13:02:08Z topgun_or_prune_restored_cancelled_total=present harness sha256=ed0769d00ec582a033f152fa77aa74798df338440cb5ed16a4a773ec09fbe74d harness_built=2026-09-22T11:45:42Z tombstone_level_ceiling_gate=present
soak binary:   /Users/koristuvac/Projects/topgun/topgun/target/spec372-h/release/deps/soak_harness-0379469b8a4255d8
  built:       2026-09-22T11:45:42Z
server binary: /Users/koristuvac/Projects/topgun/topgun/target/spec372-mi/release/topgun-server
  built:       2026-09-22T11:38:41Z

=== spec372 allocator-evaluation run: cell m1b (flavour MI) ===
  repo HEAD:      e92fa9774e66457336b278d065f5ff32aa160353
  dirty tree:     yes
  host/OS:        Darwin MacBookPro 27.0.0 Darwin Kernel Version 27.0.0: Tue Aug 11 21:22:49 PDT 2026; root:xnu-13432.1.9~1/RELEASE_ARM64_T6000 arm64
  lineage:        chain-built harness + chain-built MI server
  chain start:    1790076374
  data dir:       /Users/koristuvac/Projects/topgun/topgun/target/spec372-m1b-data
  csv:            /Users/koristuvac/Projects/topgun/topgun/packages/server-rust/benches/soak_harness/evidence/spec372-m1b.csv
  soak.json:      /Users/koristuvac/Projects/topgun/topgun/packages/server-rust/benches/soak_harness/evidence/spec372-m1b.soak.json
  mechanism.json: /Users/koristuvac/Projects/topgun/topgun/packages/server-rust/benches/soak_harness/evidence/spec372-m1b.mechanism.json (harness writes spec372-m1b.soak.mechanism.json; renamed after the run)
  durable.json:   /Users/koristuvac/Projects/topgun/topgun/packages/server-rust/benches/soak_harness/evidence/spec372-m1b.soak.durable.json (raw basename: NOT renamed, by design)
  progress.jsonl: /Users/koristuvac/Projects/topgun/topgun/packages/server-rust/benches/soak_harness/evidence/spec372-m1b.progress.jsonl
  console log:    /Users/koristuvac/Projects/topgun/topgun/packages/server-rust/benches/soak_harness/evidence/spec372-m1b.harness-console.log
  matrix:         /Users/koristuvac/Projects/topgun/topgun/packages/server-rust/benches/soak_harness/evidence/spec372-m1b.matrix.txt
  soak binary:    /Users/koristuvac/Projects/topgun/topgun/target/spec372-h/release/deps/soak_harness-0379469b8a4255d8
  soak binary commit: e92fa9774e66457336b278d065f5ff32aa160353 (HEAD; the binary itself is identified by its sha256)
  .rs working tree:   CLEAN (asserted before the build)
  code freeze:            08cdef2f
  code freeze diff (.rs): EMPTY (asserted before the build)
    built:        2026-09-22T11:45:42Z
  server binary:  /Users/koristuvac/Projects/topgun/topgun/target/spec372-mi/release/topgun-server
    built:        2026-09-22T11:38:41Z
    sha256:       829c986a80a31f232da88c1a461a773f0c2e0890bcede69d7f2b5d574efa5def
  --- varied knobs; everything else is the spec362b-durable.sh long4h
      literal ---
  TOPGUN_EPOCH_WIDTH:  <unset: production default 1000>
  duration:            900s
  csv cadence:         60s
  extra harness flags: <none>
  --durable-reading:   ARMED
  --live-census-interval: 300 (ARMED: the live-copy census)
  --sampler-jitter-seed:  20260831
  SOAK_SERVER_LOG:     warn,topgun_server::tombstone_frontier::removal=info,topgun_server::tombstone_frontier::settlement=info,topgun_server::tombstone_frontier::conjunct=info
  SOAK_SERVER_LOG_PASSTHROUGH: 1
  TOPGUN_PRUNE_RECORD: true
  TOPGUN_LOG_FORMAT:   <unset: human fmt, which is what the origin parser reads>
  server port:         47358
  SOAK_SERVER_BINARY:  /Users/koristuvac/Projects/topgun/topgun/target/spec372-mi/release/topgun-server
  --- pinned matrix (identical to spec362b-durable.sh's long4h cell;
      crash-interval is per-cell and is 0 on the one cell this runner
      ships) ---
  churn-clients 6; keyspace 200; or-churn true;
  or-keyspace 48; or-every 5; write-interval-ms 20;
  writes-per-life 200; offline-keys 3;
  confirm-interval 2; crash-interval 0;
  steady-interval 300; quiesce 3;
  mem-sample-interval 5; wal-fsync batched;
  memory gate NEUTRALIZED (1000000/1000000/1000000)
  tombstone gate: level ceiling K=2+ceil(S_A/W) epochs × W × b_max (S_A, b_max measured by the harness; A = TOPGUN_WAL_WATERMARK_STALL_BOUND_MS, not set by this runner); level stability 10 %; slope report-only
  harness sha256: ed0769d00ec582a033f152fa77aa74798df338440cb5ed16a4a773ec09fbe74d
  server flavour: MI
  TOPGUN_JOURNAL_ENABLED:        <unset: harness passes true>
  TOPGUN_SOAK_GRACEFUL_SHUTDOWN: <unset: SIGKILL teardown>
  DHAT_OUT:                      <unset>
  post-mortem rows:              counted at the end of the run (item 17)

harness pid 6919; follow with: tail -f /Users/koristuvac/Projects/topgun/topgun/target/spec372-m1b-data.meta/harness-console.log
server ready: pid 6924 (t0 = server-ready)

harness exited with code 0
reading:           PLATEAU_NOT_MET
reason:            series rss_kib rose and was still rising at the end; firing envelope BOTH
log filter:        warn,topgun_server::tombstone_frontier::removal=info,topgun_server::tombstone_frontier::settlement=info,topgun_server::tombstone_frontier::conjunct=info
  rss_kib            shape=MONOTONE_RISING envelope=BOTH samples=168 span=836.8s
                     peaks  h1=195968 h2=314544 q3=249920 q4=314544 last_half_mean=254658
                     floor  h1=57760 h2=196608 q3=196608 q4=250416
  redb_bytes         shape=MONOTONE_RISING envelope=PEAKS samples=170 span=842.2s
                     peaks  h1=8957952 h2=17379328 q3=8957952 q4=17379328 last_half_mean=11533902
                     floor  h1=1589248 h2=8957952 q3=8957952 q4=8957952
  wal_bytes          shape=MONOTONE_RISING envelope=BOTH samples=170 span=842.2s
                     peaks  h1=1582599 h2=1585855 q3=1578991 q4=1585855 last_half_mean=1456991
                     floor  h1=1102481 h2=1123616 q3=1123616 q4=1313896
  wal_segment_files  shape=MONOTONE_RISING envelope=BOTH samples=170 span=842.2s
                     peaks  h1=522 h2=531 q3=523 q4=531 last_half_mean=504
                     floor  h1=429 h2=481 q3=481 q4=491
writebehind lag:   12304 (observation only) scrapes total=180 read=178 absent=2 unreadable=0 malformed_samples=0 overflowed_samples=0
censuses:          3
  LIVE_COPY  t=300.0s copy_done=300.2046s keys=96 undecodable=0 or_map=96 or_tomb=0 lww=0 live=20506 live_tag_bytes=697205 tombstones=1392 tombstone_bytes=29232 dups=0 keys_with_tombstones=48 keys_all_dead=0 max_per_key=35
  LIVE_COPY  t=600.2s copy_done=600.4209s keys=96 undecodable=0 or_map=96 or_tomb=0 lww=0 live=42384 live_tag_bytes=1441057 tombstones=1512 tombstone_bytes=33264 dups=0 keys_with_tombstones=48 keys_all_dead=0 max_per_key=42
  TERMINAL   t=900.4s copy_done=n/a keys=96 undecodable=0 or_map=96 or_tomb=0 lww=0 live=62945 live_tag_bytes=2140131 tombstones=1436 tombstone_bytes=31592 dups=0 keys_with_tombstones=48 keys_all_dead=0 max_per_key=47
terminal census:   keys=96 tombstone_bytes=31592
origin:            reading=NOT_REACHED_EQUAL_REFS matched=31 unparsed=0 dropped=0 armed=true epochs_exited=31 restarts=0 epochs_scrapes total=180 read=180 absent=0 unreadable=0 malformed_samples=0 overflowed_samples=0
origin reason:     all 31 parsed line(s) returned exactly the refs held at entry
first zero-return: (none)
wrote durable reading to /Users/koristuvac/Projects/topgun/topgun/packages/server-rust/benches/soak_harness/evidence/spec372-m1b.soak.durable.json
console log: /Users/koristuvac/Projects/topgun/topgun/packages/server-rust/benches/soak_harness/evidence/spec372-m1b.harness-console.log
mechanism report: /Users/koristuvac/Projects/topgun/topgun/packages/server-rust/benches/soak_harness/evidence/spec372-m1b.mechanism.json
csv rows: 16
post_mortem_rows=0
csv columns:
  rss_mb         n=16 empty=0 nonzero=16 min=4.266 max=307.266
  wal_mb         n=16 empty=0 nonzero=15 min=0.000 max=3.383
  redb_mb        n=16 empty=0 nonzero=15 min=0.000 max=16.574
  disk_total_mb  n=16 empty=0 nonzero=15 min=0.000 max=19.961
  tombstone_bytes n=15 empty=1 min=24126 max=40546
  progress.jsonl checkpoints: 2
  soak.json "walFsync": "batched",
  soak.json "epochWidth": 1000,
  soak.json "crashes": 0,
  soak.json "churnClients": 6,
  soak.json "keyspace": 200,
  soak.json "durationSecsActual": 900,
  mechanism.json "orDeltaFrames": 3803,
  mechanism.json "orSnapshotFrames": 0,

post-hoc OLS fits (see the SE caveat in spec349c2-fit.awk):
  units: the field is named slope_mb_per_hour for every column; on the
  tombstone_bytes row the fit is identical but the unit is BYTES/hour.
  col=rss_mb window=full rows_used=16 n=16 skipped_empty=0 t_start_secs=0.0 t_end_secs=900.0 span_secs=900.0 y_first=4.266 y_last=307.266 slope_mb_per_hour=1114.117147 se_mb_per_hour=39.479022 intercept_mb=38.034169 r2=0.982724 sxx_hours2=0.094444444 sse=2060.806500113
  col=wal_mb window=full rows_used=16 n=16 skipped_empty=0 t_start_secs=0.0 t_end_secs=900.0 span_secs=900.0 y_first=0.000 y_last=3.383 slope_mb_per_hour=5.141118 se_mb_per_hour=2.341296 intercept_mb=2.358485 r2=0.256179 sxx_hours2=0.094444444 sse=7.247984076
  col=redb_mb window=full rows_used=16 n=16 skipped_empty=0 t_start_secs=0.0 t_end_secs=900.0 span_secs=900.0 y_first=0.000 y_last=16.574 slope_mb_per_hour=61.353706 se_mb_per_hour=6.126486 intercept_mb=0.026037 r2=0.877505 sxx_hours2=0.094444444 sse=49.628061703
  col=disk_total_mb window=full rows_used=16 n=16 skipped_empty=0 t_start_secs=0.0 t_end_secs=900.0 span_secs=900.0 y_first=0.000 y_last=19.961 slope_mb_per_hour=66.503118 se_mb_per_hour=6.562111 intercept_mb=2.383235 r2=0.880041 sxx_hours2=0.094444444 sse=56.936605276
  col=tombstone_bytes window=full rows_used=15 n=15 skipped_empty=1 t_start_secs=60.0 t_end_secs=900.0 span_secs=840.0 y_first=24126.000 y_last=31174.000 slope_mb_per_hour=37313.357143 se_mb_per_hour=17845.530427 intercept_mb=28842.152381 r2=0.251665 sxx_hours2=0.077777778 sse=322001433.501190543
  col=rss_mb window=last_half rows_used=16 n=8 skipped_empty=0 t_start_secs=480.0 t_end_secs=900.0 span_secs=420.0 y_first=192.000 y_last=307.266 slope_mb_per_hour=1073.237857 se_mb_per_hour=47.100182 intercept_mb=43.061702 r2=0.988576 sxx_hours2=0.011666667 sse=155.289899155
  col=wal_mb window=last_half rows_used=16 n=8 skipped_empty=0 t_start_secs=480.0 t_end_secs=900.0 span_secs=420.0 y_first=3.238 y_last=3.383 slope_mb_per_hour=1.247143 se_mb_per_hour=0.492335 intercept_mb=3.018214 r2=0.516779 sxx_hours2=0.011666667 sse=0.016967571
  col=redb_mb window=last_half rows_used=16 n=8 skipped_empty=0 t_start_secs=480.0 t_end_secs=900.0 span_secs=420.0 y_first=8.543 y_last=16.574 slope_mb_per_hour=86.046429 se_mb_per_hour=22.217092 intercept_mb=-4.937607 r2=0.714286 sxx_hours2=0.011666667 sse=34.551943393
  col=disk_total_mb window=last_half rows_used=16 n=8 skipped_empty=0 t_start_secs=480.0 t_end_secs=900.0 span_secs=420.0 y_first=11.781 y_last=19.961 slope_mb_per_hour=87.315714 se_mb_per_hour=22.086838 intercept_mb=-1.924012 r2=0.722588 sxx_hours2=0.011666667 sse=34.147989119
  col=tombstone_bytes window=last_half rows_used=15 n=8 skipped_empty=1 t_start_secs=480.0 t_end_secs=900.0 span_secs=420.0 y_first=32890.000 y_last=31174.000 slope_mb_per_hour=15541.428571 se_mb_per_hour=31425.225417 intercept_mb=33450.476190 r2=0.039167 sxx_hours2=0.011666667 sse=69128135.476190433

RESULT: instrument sound; harness exit code 0.
RUNNER_EXIT=0
