   Compiling proc-macro2 v1.0.106
   Compiling quote v1.0.44
   Compiling unicode-ident v1.0.23
   Compiling libc v0.2.182
   Compiling cfg-if v1.0.4
   Compiling serde_core v1.0.228
   Compiling once_cell v1.21.3
   Compiling itoa v1.0.17
   Compiling shlex v1.3.0
   Compiling find-msvc-tools v0.1.9
   Compiling pin-project-lite v0.2.16
   Compiling zerocopy v0.8.39
   Compiling bytes v1.11.1
   Compiling futures-core v0.3.32
   Compiling log v0.4.29
   Compiling version_check v0.9.5
   Compiling serde v1.0.228
   Compiling autocfg v1.5.0
   Compiling smallvec v1.15.1
   Compiling getrandom v0.3.4
   Compiling pkg-config v0.3.32
   Compiling stable_deref_trait v1.2.1
   Compiling memchr v2.8.0
   Compiling futures-sink v0.3.32
   Compiling http v1.4.0
   Compiling tracing-core v0.1.36
   Compiling jobserver v0.1.34
   Compiling slab v0.4.12
   Compiling syn v2.0.115
   Compiling cc v1.2.56
   Compiling libm v0.2.16
   Compiling num-traits v0.2.19
   Compiling errno v0.3.14
   Compiling socket2 v0.6.2
   Compiling signal-hook-registry v1.4.8
   Compiling mio v1.1.1
   Compiling equivalent v1.0.2
   Compiling futures-task v0.3.32
   Compiling rand_core v0.9.5
   Compiling futures-util v0.3.32
   Compiling getrandom v0.2.17
   Compiling httparse v1.10.1
   Compiling typenum v1.19.0
   Compiling crossbeam-utils v0.8.21
   Compiling generic-array v0.14.7
   Compiling hashbrown v0.16.1
   Compiling fnv v1.0.7
   Compiling cmake v0.1.57
   Compiling http-body v1.0.1
   Compiling percent-encoding v2.3.2
   Compiling zmij v1.0.21
   Compiling fs_extra v1.3.0
   Compiling dunce v1.0.5
   Compiling indexmap v2.13.0
   Compiling serde_json v1.0.149
   Compiling base64 v0.22.1
   Compiling aws-lc-sys v0.45.0
   Compiling tower-service v0.3.3
   Compiling thiserror v2.0.18
   Compiling ring v0.17.14
   Compiling block-buffer v0.10.4
   Compiling synstructure v0.13.2
   Compiling crypto-common v0.1.7
   Compiling ppv-lite86 v0.2.21
   Compiling httpdate v1.0.3
   Compiling atomic-waker v1.1.2
   Compiling try-lock v0.2.5
   Compiling regex-syntax v0.8.9
   Compiling zeroize v1.8.2
   Compiling want v0.3.1
   Compiling rand_chacha v0.9.0
   Compiling digest v0.10.7
   Compiling cpufeatures v0.2.17
   Compiling futures-channel v0.3.32
   Compiling bitflags v2.10.0
   Compiling rand v0.9.2
   Compiling getrandom v0.4.1
   Compiling num-conv v0.2.0
   Compiling pin-utils v0.1.0
   Compiling time-core v0.1.8
   Compiling aws-lc-rs v1.18.1
   Compiling powerfmt v0.2.0
   Compiling time-macros v0.2.27
   Compiling deranged v0.5.8
   Compiling rustls-pki-types v1.14.0
   Compiling zstd-sys v2.0.16+zstd.1.5.7
   Compiling ipnet v2.11.0
   Compiling serde_derive v1.0.228
   Compiling tokio-macros v2.6.0
   Compiling tracing-attributes v0.1.31
   Compiling zerofrom-derive v0.1.6
   Compiling yoke-derive v0.8.1
   Compiling zerovec-derive v0.11.2
   Compiling displaydoc v0.2.5
   Compiling tokio v1.49.0
   Compiling thiserror-impl v2.0.18
   Compiling tracing v0.1.44
   Compiling crossbeam-epoch v0.9.20
   Compiling zerofrom v0.1.6
   Compiling untrusted v0.9.0
   Compiling litemap v0.8.1
   Compiling crc32fast v1.5.0
   Compiling scopeguard v1.2.0
   Compiling yoke v0.8.1
   Compiling writeable v0.6.2
   Compiling parking_lot_core v0.9.12
   Compiling lock_api v0.4.14
   Compiling time v0.3.47
   Compiling zerovec v0.11.5
   Compiling zerotrie v0.2.3
   Compiling sha1 v0.10.6
   Compiling http-body-util v0.1.3
   Compiling sync_wrapper v1.0.2
   Compiling utf-8 v0.7.6
   Compiling byteorder v1.5.0
   Compiling tinystr v0.8.2
   Compiling potential_utf v0.1.4
   Compiling mime v0.3.17
   Compiling icu_locale_core v2.1.1
   Compiling icu_properties_data v2.1.2
   Compiling data-encoding v2.10.0
   Compiling crunchy v0.2.4
   Compiling icu_normalizer_data v2.1.1
   Compiling tower-layer v0.3.3
   Compiling icu_collections v2.1.1
   Compiling icu_provider v2.1.1
   Compiling async-trait v0.1.89
   Compiling form_urlencoded v1.2.2
   Compiling rand_core v0.6.4
   Compiling aho-corasick v1.1.4
   Compiling ahash v0.8.12
   Compiling rustls v0.23.45
   Compiling tokio-util v0.7.18
   Compiling thiserror v1.0.69
   Compiling adler2 v2.0.1
   Compiling rustix v1.1.3
   Compiling zstd-safe v7.2.4
   Compiling simd-adler32 v0.3.8
   Compiling h2 v0.4.19
   Compiling miniz_oxide v0.8.9
   Compiling regex-automata v0.4.14
   Compiling tower v0.5.3
   Compiling rand_chacha v0.3.1
   Compiling thiserror-impl v1.0.69
   Compiling ownedbytes v0.7.0
   Compiling subtle v2.6.1
   Compiling foldhash v0.1.5
   Compiling unicase v2.9.0
   Compiling rustversion v1.0.22
   Compiling allocator-api2 v0.2.21
   Compiling ryu v1.0.23
   Compiling hashbrown v0.15.5
   Compiling serde_urlencoded v0.7.1
   Compiling mime_guess v2.0.5
   Compiling tantivy-common v0.7.0
   Compiling bitpacking v0.9.3
   Compiling icu_normalizer v2.1.1
   Compiling icu_properties v2.1.2
   Compiling rand v0.8.5
   Compiling hyper v1.8.1
   Compiling flate2 v1.1.9
   Compiling parking_lot v0.12.5
   Compiling tungstenite v0.28.0
   Compiling quanta v0.12.6
   Compiling hyper-util v0.1.20
   Compiling either v1.15.0
   Compiling rayon-core v1.13.0
   Compiling fastrand v2.3.0
   Compiling utf8-ranges v1.0.5
   Compiling minimal-lexical v0.2.1
   Compiling semver v1.0.27
   Compiling rustix v0.38.44
   Compiling portable-atomic v1.13.1
   Compiling utf8parse v0.2.2
   Compiling anstyle-parse v0.2.7
   Compiling rustc_version v0.4.1
   Compiling nom v7.1.3
   Compiling tempfile v3.25.0
   Compiling tantivy-fst v0.5.0
   Compiling regex v1.12.3
   Compiling tokio-tungstenite v0.28.0
   Compiling idna_adapter v1.2.1
   Compiling rand_distr v0.4.3
   Compiling crossbeam-deque v0.8.6
   Compiling axum-core v0.5.6
   Compiling uuid v1.21.0
   Compiling rmp v0.8.15
   Compiling num-integer v0.1.46
   Compiling serde_path_to_error v0.1.20
   Compiling fs-err v3.3.0
   Compiling is_terminal_polyfill v1.70.2
   Compiling murmurhash32 v0.3.1
   Compiling hashbrown v0.14.5
   Compiling matchit v0.8.4
   Compiling anstyle-query v1.1.5
   Compiling utf8_iter v1.0.4
   Compiling anstyle v1.0.14
   Compiling anyhow v1.0.101
   Compiling colorchoice v1.0.5
   Compiling paste v1.0.15
   Compiling anstream v0.6.21
   Compiling idna v1.1.0
   Compiling dashmap v6.1.0
   Compiling axum v0.8.8
   Compiling tantivy-stacker v0.3.0
   Compiling num-bigint v0.4.6
   Compiling arc-swap v1.8.2
   Compiling utoipa-gen v5.4.0
   Compiling crc32c v0.6.8
   Compiling itertools v0.12.1
   Compiling async-compression v0.4.19
   Compiling metrics v0.24.3
   Compiling tantivy-bitpacker v0.6.0
   Compiling spinning_top v0.3.0
   Compiling pin-project-internal v1.1.11
   Compiling webpki-roots v1.0.6
   Compiling crossbeam-channel v0.5.15
   Compiling blake3 v1.8.3
   Compiling serde_bytes v0.11.19
   Compiling rand_xoshiro v0.7.0
   Compiling instant v0.1.13
   Compiling heck v0.5.0
   Compiling strsim v0.11.1
   Compiling downcast-rs v1.2.1
   Compiling nonzero_ext v0.3.0
   Compiling redb v2.6.3
   Compiling lazy_static v1.5.0
   Compiling no-std-compat v0.4.1
   Compiling nonempty v0.7.0
   Compiling clap_lex v1.1.0
   Compiling iri-string v0.7.10
   Compiling sketches-ddsketch v0.3.0
   Compiling fastdivide v0.4.2
   Compiling web-time v1.1.0
   Compiling http-range-header v0.4.2
   Compiling futures-timer v3.0.3
   Compiling metrics-util v0.19.1
   Compiling pin-project v1.1.11
   Compiling governor v0.8.1
   Compiling clap_builder v4.5.60
   Compiling forwarded-header-value v0.1.1
   Compiling sharded-slab v0.1.7
   Compiling clap_derive v4.5.55
   Compiling tower-http v0.6.8
   Compiling measure_time v0.8.3
   Compiling rmpv v1.3.1
   Compiling fs4 v0.8.4
   Compiling simple_asn1 v0.6.4
   Compiling utoipa v5.4.0
   Compiling rayon v1.11.0
   Compiling url v2.5.8
   Compiling tantivy-query-grammar v0.22.0
   Compiling rmp-serde v1.3.1
   Compiling matchers v0.2.0
   Compiling lru v0.12.5
   Compiling sketches-ddsketch v0.2.2
   Compiling tantivy-tokenizer-api v0.3.0
   Compiling tracing-serde v0.2.0
   Compiling rust-stemmers v1.2.0
   Compiling rustls-pemfile v2.2.0
   Compiling pem v3.0.6
   Compiling num_cpus v1.17.0
   Compiling memmap2 v0.9.10
   Compiling tracing-log v0.2.0
   Compiling thread_local v1.1.9
   Compiling arrow-schema v54.3.1
   Compiling rustc-hash v1.1.0
   Compiling constant_time_eq v0.4.2
   Compiling levenshtein_automata v0.2.1
   Compiling oneshot v0.1.13
   Compiling nu-ansi-term v0.50.3
   Compiling lz4_flex v0.11.6
   Compiling arrayvec v0.7.6
   Compiling arrayref v0.3.9
   Compiling htmlescape v0.3.1
   Compiling census v0.4.2
   Compiling tracing-subscriber v0.3.22
   Compiling topgun-core v2.0.0 (/Users/koristuvac/Projects/topgun/topgun/packages/core-rust)
   Compiling utoipa-axum v0.2.0
   Compiling jsonwebtoken v9.3.1
   Compiling clap v4.5.60
   Compiling tower_governor v0.6.0
   Compiling metrics-exporter-prometheus v0.16.2
   Compiling quick_cache v0.6.21
   Compiling sha2 v0.10.9
   Compiling ordered-float v4.6.0
   Compiling wait-timeout v0.2.1
   Compiling hex v0.4.3
   Compiling sdd v3.0.10
   Compiling quick-error v1.2.3
   Compiling bit-vec v0.8.0
   Compiling scc v2.4.0
   Compiling rusty-fork v0.3.1
   Compiling bit-set v0.8.0
   Compiling tungstenite v0.26.2
   Compiling serial_test_derive v3.4.0
   Compiling futures-executor v0.3.32
   Compiling rand_xorshift v0.4.0
   Compiling base64 v0.21.7
   Compiling unarray v0.1.4
   Compiling serial_test v3.4.0
   Compiling proptest v1.10.0
   Compiling hdrhistogram v7.5.4
   Compiling tokio-tungstenite v0.26.2
   Compiling static_assertions v1.1.0
   Compiling zstd v0.13.3
   Compiling tantivy-sstable v0.3.0
   Compiling tantivy-columnar v0.3.0
   Compiling tantivy v0.22.1
   Compiling rustls-webpki v0.103.15
   Compiling tokio-rustls v0.26.4
   Compiling hyper-rustls v0.27.7
   Compiling axum-server v0.7.3
   Compiling reqwest v0.12.28
   Compiling topgun-server v2.0.0 (/Users/koristuvac/Projects/topgun/topgun/packages/server-rust)
      Timing report saved to /Users/koristuvac/Projects/topgun/topgun/target/spec372-h/cargo-timings/cargo-timing-20260922T114246.420854Z.html
    Finished `release` profile [optimized] target(s) in 4m 09s
