chain start: 2026-09-26T19:44:20Z epoch=1790451860 phase=je smoke=0 HEAD=ebea80e35c7ba244d3cbed6205a7e93cac80bc4e freeze=e85adb1f
ORDER=OK manifest_commit=15e170b1 prefix_sha256=537a45cd70c8961249fc6174a53d3a121c1b23da1ee5dd66a2988a551e32f29b programs=14 freeze=e85adb1f
checkout: /Users/koristuvac/Projects/topgun/topgun/target/spec373b-src-b166719d HEAD=b166719d9569c14076f2211139667aabb8f71d6a clean
checkout: /Users/koristuvac/Projects/topgun/topgun/target/spec373b-src-freeze HEAD=e85adb1fc48936267aba66cb7aee7d32dc46b676 clean
build JE-pin: (cd /Users/koristuvac/Projects/topgun/topgun/target/spec373b-src-b166719d/packages/server-rust && CARGO_TARGET_DIR=/Users/koristuvac/Projects/topgun/topgun/target/spec373b-je-pin cargo build --release --features alloc-jemalloc --bin topgun-server)
   Compiling tikv-jemallocator v0.7.0
   Compiling topgun-server v2.0.0 (/Users/koristuvac/Projects/topgun/topgun/target/spec373b-src-b166719d/packages/server-rust)
    Finished `release` profile [optimized] target(s) in 4m 07s
build JE-head: (cd /Users/koristuvac/Projects/topgun/topgun/target/spec373b-src-freeze/packages/server-rust && CARGO_TARGET_DIR=/Users/koristuvac/Projects/topgun/topgun/target/spec373b-je-head cargo build --release --features alloc-jemalloc --bin topgun-server)
   Compiling tikv-jemalloc-ctl v0.7.0
   Compiling topgun-server v2.0.0 (/Users/koristuvac/Projects/topgun/topgun/target/spec373b-src-freeze/packages/server-rust)
    Finished `release` profile [optimized] target(s) in 4m 07s
build H: (cd /Users/koristuvac/Projects/topgun/topgun/target/spec373b-src-freeze/packages/server-rust && CARGO_TARGET_DIR=/Users/koristuvac/Projects/topgun/topgun/target/spec373b-h cargo build --release --bench soak_harness)
   Compiling reqwest v0.12.28
   Compiling topgun-server v2.0.0 (/Users/koristuvac/Projects/topgun/topgun/target/spec373b-src-freeze/packages/server-rust)
    Finished `release` profile [optimized] target(s) in 4m 08s
flavour=JE-pin code=b166719d9569c14076f2211139667aabb8f71d6a path=/Users/koristuvac/Projects/topgun/topgun/target/spec373b-je-pin/release/topgun-server sha256=7300fe66498824c6fde98f3002e4a51cc096f56e7e31902517e3f3355b2beab3 mtime=1790452109 recompiled=yes marker=ok
flavour=JE-head code=e85adb1fc48936267aba66cb7aee7d32dc46b676 path=/Users/koristuvac/Projects/topgun/topgun/target/spec373b-je-head/release/topgun-server sha256=5fe81092949b3148ad51a12ad1ab8b18220308046346cd8bc7147b9378c562a5 mtime=1790452356 recompiled=yes marker=ok
flavour=H code=e85adb1fc48936267aba66cb7aee7d32dc46b676 path=/Users/koristuvac/Projects/topgun/topgun/target/spec373b-h/release/deps/soak_harness-0379469b8a4255d8 sha256=1b9cbbd82ce02f9cd2ab3e676c3109f6c5a70ffbb76ef50c01026fd2b21c16ff mtime=1790452533 recompiled=yes marker=ok
--- cell jb at 2026-09-26T19:56:46Z
Mach Virtual Memory Statistics: (page size of 16384 bytes)
Pages free:                                   500712.
Pages active:                                 601217.
Pages inactive:                               688475.
Pages speculative:                             33057.
Pages throttled:                                   0.
Pages wired down:                             162320.
Pages purgeable:                               13472.
LOAD_AT_START_jb=2.12 2.83 3.62
cell jb: RUNNER_EXIT=1
--- cell ja at 2026-09-26T19:56:46Z
Mach Virtual Memory Statistics: (page size of 16384 bytes)
Pages free:                                   500672.
Pages active:                                 601315.
Pages inactive:                               688477.
Pages speculative:                             33057.
Pages throttled:                                   0.
Pages wired down:                             162260.
Pages purgeable:                               13472.
LOAD_AT_START_ja=2.12 2.83 3.62
cell ja: RUNNER_EXIT=0
je reading jb rc=1
je reading ja rc=0
  ja TERM_AMP_FP=0.589544
  ja TERM_je_allocated=469477464
  ja TERM_AMP_JE=1.221338
  ja TERM_DIRTY_SHARE=0.072690
  ja TERM_FRAG_SHARE=0.079546
  ja DECIDE_AMP_FP=0.589544
  ja DECIDE_je_allocated=469477464
  ja DECIDE_AMP_JE=1.221338
  ja DECIDE_DIRTY_SHARE=0.072690
  ja DECIDE_FRAG_SHARE=0.079546
chain end: 2026-09-26T23:56:52Z
