building from HEAD a80c823d95932ebdf4bdb805771714f266214e2c: cargo build --release --bin topgun-server --bench soak_harness
   Compiling topgun-server v2.0.0 (/Users/koristuvac/Projects/topgun/topgun/packages/server-rust)
    Finished `release` profile [optimized] target(s) in 3m 51s
provenance: server sha256=1f506548a5126bc34216f4a3f7f9ee1ab8d57995573f3075c4bf121764c89ab3 built=2026-09-16T15:02:43Z run_start=2026-09-16T14:58:51Z topgun_or_prune_restored_cancelled_total=present
soak binary:   /Users/koristuvac/Projects/topgun/topgun/target/release/deps/soak_harness-bb9913e887e67248
  built:       2026-09-16T15:01:27Z
server binary: /Users/koristuvac/Projects/topgun/topgun/target/release/topgun-server
  built:       2026-09-16T15:02:43Z

=== spec365 conjunct-readout run: cell plateau4h ===
  repo HEAD:      a80c823d95932ebdf4bdb805771714f266214e2c
  dirty tree:     yes
  host/OS:        Darwin MacBookPro 25.6.0 Darwin Kernel Version 25.6.0: Fri Jul 31 19:18:49 PDT 2026; root:xnu-12377.161.14~5/RELEASE_ARM64_T6000 arm64
  lineage:        HEAD harness + HEAD server
  data dir:       /Users/koristuvac/Projects/topgun/topgun/target/spec368-plateau4h-data
  csv:            /Users/koristuvac/Projects/topgun/topgun/packages/server-rust/benches/soak_harness/evidence/spec368-plateau4h.csv
  soak.json:      /Users/koristuvac/Projects/topgun/topgun/packages/server-rust/benches/soak_harness/evidence/spec368-plateau4h.soak.json
  mechanism.json: /Users/koristuvac/Projects/topgun/topgun/packages/server-rust/benches/soak_harness/evidence/spec368-plateau4h.mechanism.json (harness writes spec368-plateau4h.soak.mechanism.json; renamed after the run)
  durable.json:   /Users/koristuvac/Projects/topgun/topgun/packages/server-rust/benches/soak_harness/evidence/spec368-plateau4h.soak.durable.json (raw basename: NOT renamed, by design)
  progress.jsonl: /Users/koristuvac/Projects/topgun/topgun/packages/server-rust/benches/soak_harness/evidence/spec368-plateau4h.progress.jsonl
  console log:    /Users/koristuvac/Projects/topgun/topgun/packages/server-rust/benches/soak_harness/evidence/spec368-plateau4h.harness-console.log
  matrix:         /Users/koristuvac/Projects/topgun/topgun/packages/server-rust/benches/soak_harness/evidence/spec368-plateau4h.matrix.txt
  readout:        /Users/koristuvac/Projects/topgun/topgun/packages/server-rust/benches/soak_harness/evidence/spec368-plateau4h.readout.txt (written by spec365-readout.sh, not this file)
  soak binary:    /Users/koristuvac/Projects/topgun/topgun/target/release/deps/soak_harness-bb9913e887e67248
  soak binary commit: a80c823d95932ebdf4bdb805771714f266214e2c
  .rs working tree:   CLEAN (asserted before the build)
  code freeze:            d6a3d38f
  code freeze diff (.rs): EMPTY (asserted before the build)
    built:        2026-09-16T15:01:27Z
  server binary:  /Users/koristuvac/Projects/topgun/topgun/target/release/topgun-server
    built:        2026-09-16T15:02:43Z
    sha256:       1f506548a5126bc34216f4a3f7f9ee1ab8d57995573f3075c4bf121764c89ab3
  --- varied knobs; everything else is the spec362b-durable.sh long4h
      literal ---
  TOPGUN_EPOCH_WIDTH:  <unset: production default 1000>
  duration:            14400s
  csv cadence:         60s
  extra harness flags: <none>
  --durable-reading:   ARMED
  --live-census-interval: 0 (DISARMED)
  --sampler-jitter-seed:  20260831
  SOAK_SERVER_LOG:     warn,topgun_server::tombstone_frontier::removal=info,topgun_server::tombstone_frontier::settlement=info,topgun_server::tombstone_frontier::conjunct=info
  SOAK_SERVER_LOG_PASSTHROUGH: 1
  TOPGUN_PRUNE_RECORD: true
  TOPGUN_LOG_FORMAT:   <unset: human fmt, which is what the origin parser reads>
  server port:         47356
  SOAK_SERVER_BINARY:  <unset: HEAD binary, fail-closed guard not on this path>
  --- pinned matrix (identical to spec362b-durable.sh's long4h cell;
      crash-interval is per-cell and is 0 on the one cell this runner
      ships) ---
  churn-clients 6; keyspace 200; or-churn true;
  or-keyspace 48; or-every 5; write-interval-ms 20;
  writes-per-life 200; offline-keys 3;
  confirm-interval 2; crash-interval 0;
  steady-interval 300; quiesce 3;
  mem-sample-interval 5; wal-fsync batched;
  memory gate NEUTRALIZED (1000000/1000000/1000000)

harness pid 24861; follow with: tail -f /Users/koristuvac/Projects/topgun/topgun/target/spec368-plateau4h-data.meta/harness-console.log
server ready: pid 24875 (t0 = server-ready)

harness exited with code 1

=== DURABLE-LAYER READING (report-only, decides nothing) ===
reading:           PLATEAU_NOT_MET
reason:            series rss_kib rose and was still rising at the end; firing envelope BOTH
log filter:        warn,topgun_server::tombstone_frontier::removal=info,topgun_server::tombstone_frontier::settlement=info,topgun_server::tombstone_frontier::conjunct=info
  rss_kib            shape=MONOTONE_RISING envelope=BOTH samples=2695 span=13493.2s
                     peaks  h1=5842800 h2=8104208 q3=7085536 q4=8104208 last_half_mean=6945402
                     floor  h1=755344 h2=5592832 q3=5592832 q4=6900928
  redb_bytes         shape=MONOTONE_RISING envelope=PEAKS samples=2691 span=13492.9s
                     peaks  h1=135278592 h2=270020608 q3=135278592 q4=270020608 last_half_mean=183729658
                     floor  h1=17379328 h2=135278592 q3=135278592 q4=135278592
  wal_bytes          shape=MONOTONE_RISING envelope=FLOOR samples=2691 span=13492.9s
                     peaks  h1=2828002 h2=1651241 q3=1607735 q4=1651241 last_half_mean=1399553
                     floor  h1=846493 h2=961222 q3=961222 q4=993782
  wal_segment_files  shape=MONOTONE_RISING envelope=BOTH samples=2691 span=13492.9s
                     peaks  h1=555 h2=556 q3=551 q4=556 last_half_mean=518
                     floor  h1=430 h2=458 q3=458 q4=480
writebehind lag:   22158 (observation only) scrapes total=2875 read=2873 absent=2 unreadable=0 malformed_samples=0 overflowed_samples=0
censuses:          1
  TERMINAL   t=14402.1s copy_done=n/a keys=96 undecodable=0 or_map=96 or_tomb=0 lww=0 live=1055110 live_tag_bytes=35873748 tombstones=1676 tombstone_bytes=38548 dups=0 keys_with_tombstones=48 keys_all_dead=0 max_per_key=42
terminal census:   keys=96 tombstone_bytes=38548
origin:            reading=NOT_REACHED_EQUAL_REFS matched=527 unparsed=0 dropped=0 armed=true epochs_exited=527 restarts=0 epochs_scrapes total=2875 read=2875 absent=0 unreadable=0 malformed_samples=0 overflowed_samples=0
origin reason:     all 527 parsed line(s) returned exactly the refs held at entry
first zero-return: (none)
wrote durable reading to /Users/koristuvac/Projects/topgun/topgun/packages/server-rust/benches/soak_harness/evidence/spec368-plateau4h.soak.durable.json
console log: /Users/koristuvac/Projects/topgun/topgun/packages/server-rust/benches/soak_harness/evidence/spec368-plateau4h.harness-console.log
mechanism report: /Users/koristuvac/Projects/topgun/topgun/packages/server-rust/benches/soak_harness/evidence/spec368-plateau4h.mechanism.json
csv rows: 241
csv columns:
  rss_mb         n=241 empty=0 nonzero=241 min=14.906 max=7813.125
  wal_mb         n=241 empty=0 nonzero=241 min=0.066 max=4.875
  redb_mb        n=241 empty=0 nonzero=241 min=1.516 max=211.527
  disk_total_mb  n=241 empty=0 nonzero=241 min=1.578 max=215.094
  tombstone_bytes n=241 empty=0 min=0 max=59950
  progress.jsonl checkpoints: 47
  soak.json "walFsync": "batched",
  soak.json "epochWidth": 1000,
  soak.json "crashes": 0,
  soak.json "churnClients": 6,
  soak.json "keyspace": 200,
  soak.json "durationSecsActual": 14402,
  mechanism.json "orDeltaFrames": 3386,
  mechanism.json "orSnapshotFrames": 0,

post-hoc OLS fits (see the SE caveat in spec349c2-fit.awk):
  units: the field is named slope_mb_per_hour for every column; on the
  tombstone_bytes row the fit is identical but the unit is BYTES/hour.
  col=rss_mb window=full rows_used=241 n=241 skipped_empty=0 t_start_secs=0.0 t_end_secs=14400.0 span_secs=14400.0 y_first=14.906 y_last=7731.266 slope_mb_per_hour=1929.644774 se_mb_per_hour=26.719005 intercept_mb=920.394174 r2=0.956185 sxx_hours2=324.010954082 sse=55283832.839237154
  col=wal_mb window=full rows_used=241 n=241 skipped_empty=0 t_start_secs=0.0 t_end_secs=14400.0 span_secs=14400.0 y_first=0.066 y_last=3.379 slope_mb_per_hour=-0.003503 se_mb_per_hour=0.016127 intercept_mb=3.344970 r2=0.000197 sxx_hours2=324.010954082 sse=20.140813702
  col=redb_mb window=full rows_used=241 n=241 skipped_empty=0 t_start_secs=0.0 t_end_secs=14400.0 span_secs=14400.0 y_first=1.516 y_last=211.527 slope_mb_per_hour=49.665701 se_mb_per_hour=0.964835 intercept_mb=-1.058157 r2=0.917266 sxx_hours2=324.010954082 sse=72088.050804893
  col=disk_total_mb window=full rows_used=241 n=241 skipped_empty=0 t_start_secs=0.0 t_end_secs=14400.0 span_secs=14400.0 y_first=1.578 y_last=214.906 slope_mb_per_hour=49.662478 se_mb_per_hour=0.965727 intercept_mb=2.286612 r2=0.917115 sxx_hours2=324.010954082 sse=72221.448174333
  col=tombstone_bytes window=full rows_used=241 n=241 skipped_empty=0 t_start_secs=0.0 t_end_secs=14400.0 span_secs=14400.0 y_first=0.000 y_last=23805.000 slope_mb_per_hour=202.776521 se_mb_per_hour=400.199597 intercept_mb=34595.827533 r2=0.001073 sxx_hours2=324.010954082 sse=12402547151.655138016
  col=rss_mb window=last_half rows_used=241 n=121 skipped_empty=0 t_start_secs=7200.0 t_end_secs=14400.0 span_secs=7200.0 y_first=5529.656 y_last=7731.266 slope_mb_per_hour=1197.664713 se_mb_per_hour=18.423219 intercept_mb=3111.793200 r2=0.972613 sxx_hours2=41.004731707 sse=1656196.889940985
  col=wal_mb window=last_half rows_used=241 n=121 skipped_empty=0 t_start_secs=7200.0 t_end_secs=14400.0 span_secs=7200.0 y_first=3.324 y_last=3.379 slope_mb_per_hour=0.017632 se_mb_per_hour=0.014486 intercept_mb=3.267666 r2=0.012296 sxx_hours2=41.004731707 sse=1.023942216
  col=redb_mb window=last_half rows_used=241 n=121 skipped_empty=0 t_start_secs=7200.0 t_end_secs=14400.0 span_secs=7200.0 y_first=103.027 y_last=211.527 slope_mb_per_hour=69.241743 se_mb_per_hour=3.025445 intercept_mb=-62.959037 r2=0.814870 sxx_hours2=41.004731707 sse=44664.184331463
  col=disk_total_mb window=last_half rows_used=241 n=121 skipped_empty=0 t_start_secs=7200.0 t_end_secs=14400.0 span_secs=7200.0 y_first=106.348 y_last=214.906 slope_mb_per_hour=69.259823 se_mb_per_hour=3.024907 intercept_mb=-59.692095 r2=0.815002 sxx_hours2=41.004731707 sse=44648.305484710
  col=tombstone_bytes window=last_half rows_used=241 n=121 skipped_empty=0 t_start_secs=7200.0 t_end_secs=14400.0 span_secs=7200.0 y_first=31763.000 y_last=23805.000 slope_mb_per_hour=656.985130 se_mb_per_hour=999.740705 intercept_mb=33201.932648 r2=0.003616 sxx_hours2=41.004731707 sse=4877032909.373287201

RESULT: instrument sound; harness exit code 1.
NOTE: a non-zero harness exit is NOT automatically a failed characterization.
      The memory gate is neutralized by design for this run, while the
      tombstone-byte gate, both blind-monitor clauses, convergence/recovery
      and panic capture stay armed. Read 'finishedReason' in /Users/koristuvac/Projects/topgun/topgun/packages/server-rust/benches/soak_harness/evidence/spec368-plateau4h.soak.json and
      record the attribution, rather than reading the flag as a verdict.

invoking readout: bash /Users/koristuvac/Projects/topgun/topgun/packages/server-rust/benches/soak_harness/evidence/spec365-readout.sh spec368-plateau4h
wrote readout to /Users/koristuvac/Projects/topgun/topgun/packages/server-rust/benches/soak_harness/evidence/spec368-plateau4h.readout.txt
READOUT: O2; retained_closed_epochs=1; reconciliation=RECONCILED
RUNNER_EXIT=1
