provenance: server sha256=c16c0e845b6ec7e105d6c8bc55076169221767d98a068524c16d0a8fd7438849 flavour=CA built=2026-09-20T10:04:23Z run_start=2026-09-20T10:44:54Z topgun_or_prune_restored_cancelled_total=present
provenance: server sha256=c16c0e845b6ec7e105d6c8bc55076169221767d98a068524c16d0a8fd7438849 flavour=CA built=2026-09-20T10:04:23Z run_start=2026-09-20T10:44:54Z topgun_or_prune_restored_cancelled_total=present harness sha256=cc18490162d51277ef25ebd1537194bef6f67ed429129a499a6ecb66120ce3f6 harness_built=2026-09-20T10:13:35Z tombstone_level_ceiling_gate=present
soak binary:   /Users/koristuvac/Projects/topgun/topgun/target/spec371-h/release/deps/soak_harness-0379469b8a4255d8
  built:       2026-09-20T10:13:35Z
server binary: /Users/koristuvac/Projects/topgun/topgun/target/spec371-ca/release/topgun-server
  built:       2026-09-20T10:04:23Z

=== spec371 memory-diagnosis run: cell c1 (flavour CA) ===
  repo HEAD:      12627ad37591c0a83f1ca706998c750928fd2956
  dirty tree:     yes
  host/OS:        Darwin MacBookPro 25.6.0 Darwin Kernel Version 25.6.0: Fri Jul 31 19:18:49 PDT 2026; root:xnu-12377.161.14~5/RELEASE_ARM64_T6000 arm64
  lineage:        chain-built harness + chain-built CA server
  chain start:    1789898130
  data dir:       /Users/koristuvac/Projects/topgun/topgun/target/spec371-c1-data
  csv:            /Users/koristuvac/Projects/topgun/topgun/packages/server-rust/benches/soak_harness/evidence/spec371-c1.csv
  soak.json:      /Users/koristuvac/Projects/topgun/topgun/packages/server-rust/benches/soak_harness/evidence/spec371-c1.soak.json
  mechanism.json: /Users/koristuvac/Projects/topgun/topgun/packages/server-rust/benches/soak_harness/evidence/spec371-c1.mechanism.json (harness writes spec371-c1.soak.mechanism.json; renamed after the run)
  durable.json:   /Users/koristuvac/Projects/topgun/topgun/packages/server-rust/benches/soak_harness/evidence/spec371-c1.soak.durable.json (raw basename: NOT renamed, by design)
  progress.jsonl: /Users/koristuvac/Projects/topgun/topgun/packages/server-rust/benches/soak_harness/evidence/spec371-c1.progress.jsonl
  console log:    /Users/koristuvac/Projects/topgun/topgun/packages/server-rust/benches/soak_harness/evidence/spec371-c1.harness-console.log
  matrix:         /Users/koristuvac/Projects/topgun/topgun/packages/server-rust/benches/soak_harness/evidence/spec371-c1.matrix.txt
  soak binary:    /Users/koristuvac/Projects/topgun/topgun/target/spec371-h/release/deps/soak_harness-0379469b8a4255d8
  soak binary commit: 12627ad37591c0a83f1ca706998c750928fd2956 (HEAD; the binary itself is identified by its sha256)
  .rs working tree:   CLEAN (asserted before the build)
  code freeze:            e69cb0c6
  code freeze diff (.rs): EMPTY (asserted before the build)
    built:        2026-09-20T10:13:35Z
  server binary:  /Users/koristuvac/Projects/topgun/topgun/target/spec371-ca/release/topgun-server
    built:        2026-09-20T10:04:23Z
    sha256:       c16c0e845b6ec7e105d6c8bc55076169221767d98a068524c16d0a8fd7438849
  --- varied knobs; everything else is the spec362b-durable.sh long4h
      literal ---
  TOPGUN_EPOCH_WIDTH:  <unset: production default 1000>
  duration:            900s
  csv cadence:         60s
  extra harness flags: <none>
  --durable-reading:   ARMED
  --live-census-interval: 300 (ARMED: the live-copy census)
  --sampler-jitter-seed:  20260831
  SOAK_SERVER_LOG:     warn,topgun_server::tombstone_frontier::removal=info,topgun_server::tombstone_frontier::settlement=info,topgun_server::tombstone_frontier::conjunct=info
  SOAK_SERVER_LOG_PASSTHROUGH: 1
  TOPGUN_PRUNE_RECORD: true
  TOPGUN_LOG_FORMAT:   <unset: human fmt, which is what the origin parser reads>
  server port:         47357
  SOAK_SERVER_BINARY:  /Users/koristuvac/Projects/topgun/topgun/target/spec371-ca/release/topgun-server
  --- pinned matrix (identical to spec362b-durable.sh's long4h cell;
      crash-interval is per-cell and is 0 on the one cell this runner
      ships) ---
  churn-clients 6; keyspace 200; or-churn true;
  or-keyspace 48; or-every 5; write-interval-ms 20;
  writes-per-life 200; offline-keys 3;
  confirm-interval 2; crash-interval 0;
  steady-interval 300; quiesce 3;
  mem-sample-interval 5; wal-fsync batched;
  memory gate NEUTRALIZED (1000000/1000000/1000000)
  tombstone gate: level ceiling K=2+ceil(S_A/W) epochs × W × b_max (S_A, b_max measured by the harness; A = TOPGUN_WAL_WATERMARK_STALL_BOUND_MS, not set by this runner); level stability 10 %; slope report-only
  harness sha256: cc18490162d51277ef25ebd1537194bef6f67ed429129a499a6ecb66120ce3f6
  server flavour: CA
  TOPGUN_JOURNAL_ENABLED:        false
  TOPGUN_SOAK_GRACEFUL_SHUTDOWN: <unset: SIGKILL teardown>
  DHAT_OUT:                      <unset>
  post-mortem rows:              counted at the end of the run (item 17)

harness pid 72087; follow with: tail -f /Users/koristuvac/Projects/topgun/topgun/target/spec371-c1-data.meta/harness-console.log
server ready: pid 72092 (t0 = server-ready)

harness exited with code 0
reading:           PLATEAU_NOT_MET
reason:            series rss_kib rose and was still rising at the end; firing envelope BOTH
log filter:        warn,topgun_server::tombstone_frontier::removal=info,topgun_server::tombstone_frontier::settlement=info,topgun_server::tombstone_frontier::conjunct=info
  rss_kib            shape=MONOTONE_RISING envelope=BOTH samples=168 span=836.4s
                     peaks  h1=265168 h2=646784 q3=442032 q4=646784 last_half_mean=451069
                     floor  h1=38480 h2=269472 q3=269472 q4=444512
  redb_bytes         shape=MONOTONE_RISING envelope=PEAKS samples=170 span=841.9s
                     peaks  h1=8957952 h2=17379328 q3=8957952 q4=17379328 last_half_mean=11930202
                     floor  h1=1589248 h2=8957952 q3=8957952 q4=8957952
  wal_bytes          shape=MONOTONE_RISING envelope=FLOOR samples=170 span=841.9s
                     peaks  h1=1603568 h2=1613165 q3=1613165 q4=1599321 last_half_mean=1472073
                     floor  h1=1139924 h2=1164632 q3=1164632 q4=1388529
  wal_segment_files  shape=MONOTONE_RISING envelope=BOTH samples=170 span=841.9s
                     peaks  h1=508 h2=537 q3=531 q4=537 last_half_mean=509
                     floor  h1=438 h2=485 q3=485 q4=496
writebehind lag:   12576 (observation only) scrapes total=180 read=178 absent=2 unreadable=0 malformed_samples=0 overflowed_samples=0
censuses:          3
  LIVE_COPY  t=300.0s copy_done=300.1806s keys=96 undecodable=0 or_map=96 or_tomb=0 lww=0 live=20572 live_tag_bytes=699448 tombstones=1516 tombstone_bytes=31836 dups=0 keys_with_tombstones=48 keys_all_dead=0 max_per_key=39
  LIVE_COPY  t=600.2s copy_done=600.3364s keys=96 undecodable=0 or_map=96 or_tomb=0 lww=0 live=43005 live_tag_bytes=1462170 tombstones=1751 tombstone_bytes=38522 dups=0 keys_with_tombstones=48 keys_all_dead=0 max_per_key=49
  TERMINAL   t=900.2s copy_done=n/a keys=96 undecodable=0 or_map=96 or_tomb=0 lww=0 live=65193 live_tag_bytes=2216562 tombstones=1837 tombstone_bytes=40414 dups=0 keys_with_tombstones=48 keys_all_dead=0 max_per_key=50
terminal census:   keys=96 tombstone_bytes=40414
origin:            reading=NOT_REACHED_EQUAL_REFS matched=32 unparsed=0 dropped=0 armed=true epochs_exited=32 restarts=0 epochs_scrapes total=180 read=180 absent=0 unreadable=0 malformed_samples=0 overflowed_samples=0
origin reason:     all 32 parsed line(s) returned exactly the refs held at entry
first zero-return: (none)
wrote durable reading to /Users/koristuvac/Projects/topgun/topgun/packages/server-rust/benches/soak_harness/evidence/spec371-c1.soak.durable.json
console log: /Users/koristuvac/Projects/topgun/topgun/packages/server-rust/benches/soak_harness/evidence/spec371-c1.harness-console.log
mechanism report: /Users/koristuvac/Projects/topgun/topgun/packages/server-rust/benches/soak_harness/evidence/spec371-c1.mechanism.json
csv rows: 16
post_mortem_rows=0
csv columns:
  rss_mb         n=16 empty=0 nonzero=16 min=3.266 max=638.266
  wal_mb         n=16 empty=0 nonzero=15 min=0.000 max=3.555
  redb_mb        n=16 empty=0 nonzero=15 min=0.000 max=16.574
  disk_total_mb  n=16 empty=0 nonzero=15 min=0.000 max=20.129
  tombstone_bytes n=15 empty=1 min=22748 max=41559
  progress.jsonl checkpoints: 2
  soak.json "walFsync": "batched",
  soak.json "epochWidth": 1000,
  soak.json "crashes": 0,
  soak.json "churnClients": 6,
  soak.json "keyspace": 200,
  soak.json "durationSecsActual": 900,
  mechanism.json "orDeltaFrames": 3696,
  mechanism.json "orSnapshotFrames": 0,

post-hoc OLS fits (see the SE caveat in spec349c2-fit.awk):
  units: the field is named slope_mb_per_hour for every column; on the
  tombstone_bytes row the fit is identical but the unit is BYTES/hour.
  col=rss_mb window=full rows_used=16 n=16 skipped_empty=0 t_start_secs=0.0 t_end_secs=900.0 span_secs=900.0 y_first=3.266 y_last=638.266 slope_mb_per_hour=2557.314353 se_mb_per_hour=106.696579 intercept_mb=-48.040294 r2=0.976209 sxx_hours2=0.094444444 sse=15052.389290988
  col=wal_mb window=full rows_used=16 n=16 skipped_empty=0 t_start_secs=0.0 t_end_secs=900.0 span_secs=900.0 y_first=0.000 y_last=3.336 slope_mb_per_hour=5.502529 se_mb_per_hour=2.379658 intercept_mb=2.382184 r2=0.276367 sxx_hours2=0.094444444 sse=7.487445174
  col=redb_mb window=full rows_used=16 n=16 skipped_empty=0 t_start_secs=0.0 t_end_secs=900.0 span_secs=900.0 y_first=0.000 y_last=16.574 slope_mb_per_hour=62.947500 se_mb_per_hour=5.988094 intercept_mb=-0.298625 r2=0.887554 sxx_hours2=0.094444444 sse=47.411274125
  col=disk_total_mb window=full rows_used=16 n=16 skipped_empty=0 t_start_secs=0.0 t_end_secs=900.0 span_secs=900.0 y_first=0.000 y_last=19.910 slope_mb_per_hour=68.444382 se_mb_per_hour=6.354723 intercept_mb=2.085640 r2=0.892313 sxx_hours2=0.094444444 sse=53.394644401
  col=tombstone_bytes window=full rows_used=15 n=15 skipped_empty=1 t_start_secs=60.0 t_end_secs=900.0 span_secs=840.0 y_first=23874.000 y_last=25124.000 slope_mb_per_hour=10143.857143 se_mb_per_hour=21096.157244 intercept_mb=31140.619048 r2=0.017474 sxx_hours2=0.077777778 sse=449992826.576190591
  col=rss_mb window=last_half rows_used=16 n=8 skipped_empty=0 t_start_secs=480.0 t_end_secs=900.0 span_secs=420.0 y_first=261.109 y_last=638.266 slope_mb_per_hour=3265.527857 se_mb_per_hour=61.569923 intercept_mb=-182.218964 r2=0.997872 sxx_hours2=0.011666667 sse=265.359878821
  col=wal_mb window=last_half rows_used=16 n=8 skipped_empty=0 t_start_secs=480.0 t_end_secs=900.0 span_secs=420.0 y_first=3.488 y_last=3.336 slope_mb_per_hour=-0.510000 se_mb_per_hour=1.000639 intercept_mb=3.475750 r2=0.041498 sxx_hours2=0.011666667 sse=0.070089500
  col=redb_mb window=last_half rows_used=16 n=8 skipped_empty=0 t_start_secs=480.0 t_end_secs=900.0 span_secs=420.0 y_first=8.543 y_last=16.574 slope_mb_per_hour=86.046429 se_mb_per_hour=22.217092 intercept_mb=-4.937607 r2=0.714286 sxx_hours2=0.011666667 sse=34.551943393
  col=disk_total_mb window=last_half rows_used=16 n=8 skipped_empty=0 t_start_secs=480.0 t_end_secs=900.0 span_secs=420.0 y_first=12.043 y_last=19.910 slope_mb_per_hour=85.487143 se_mb_per_hour=22.833521 intercept_mb=-1.451286 r2=0.700255 sxx_hours2=0.011666667 sse=36.495877571
  col=tombstone_bytes window=last_half rows_used=15 n=8 skipped_empty=1 t_start_secs=480.0 t_end_secs=900.0 span_secs=420.0 y_first=31724.000 y_last=25124.000 slope_mb_per_hour=-13058.571429 se_mb_per_hour=56806.356051 intercept_mb=34900.642857 r2=0.008730 sxx_hours2=0.011666667 sse=225887346.142857105

RESULT: instrument sound; harness exit code 0.
RUNNER_EXIT=0
