provenance: server sha256=c68301ec1af2b4ff60c65a2db53e9aa0717ce605a0bbcda6efb5d4462e51900e flavour=SYS built=2026-09-30T08:19:10Z run_start=2026-09-30T08:59:52Z topgun_or_prune_restored_cancelled_total=present
provenance: server sha256=c68301ec1af2b4ff60c65a2db53e9aa0717ce605a0bbcda6efb5d4462e51900e flavour=SYS built=2026-09-30T08:19:10Z run_start=2026-09-30T08:59:52Z topgun_or_prune_restored_cancelled_total=present harness sha256=f205d81c653a7cf09fc7a88084cbd183dfdf61443671ba2fbd3db707499c1911 harness_built=2026-09-30T08:40:49Z tombstone_level_ceiling_gate=present
soak binary:   /opt/topgun/target/spec377-H/release/deps/soak_harness-53b4b640053c5766
  built:       2026-09-30T08:40:49Z
server binary: /opt/topgun/target/spec377-SYS-ser/release/topgun-server
  built:       2026-09-30T08:19:10Z

=== spec377 Linux run: cell s1 (label SYS-ser, flavour SYS, phase series) ===
  repo HEAD:      3fdd929a35dccb16b07c10f47262984c14216980
  dirty tree:     yes
  host/OS:        Linux topgun-bench 6.1.0-52-amd64 #1 SMP PREEMPT_DYNAMIC Debian 6.1.180-1 (2026-08-03) x86_64 GNU/Linux
  lineage:        chain-built harness + chain-built SYS server
  chain start:    1790756015
  data dir:       /opt/topgun/target/spec377-s1-data
  csv:            /opt/topgun/packages/server-rust/benches/soak_harness/evidence/spec377-s1.csv
  soak.json:      /opt/topgun/packages/server-rust/benches/soak_harness/evidence/spec377-s1.soak.json
  mechanism.json: /opt/topgun/packages/server-rust/benches/soak_harness/evidence/spec377-s1.mechanism.json (harness writes spec377-s1.soak.mechanism.json; renamed after the run)
  durable.json:   /opt/topgun/packages/server-rust/benches/soak_harness/evidence/spec377-s1.soak.durable.json (raw basename: NOT renamed, by design)
  progress.jsonl: /opt/topgun/packages/server-rust/benches/soak_harness/evidence/spec377-s1.progress.jsonl
  console log:    /opt/topgun/packages/server-rust/benches/soak_harness/evidence/spec377-s1.harness-console.log
  matrix:         /opt/topgun/packages/server-rust/benches/soak_harness/evidence/spec377-s1.matrix.txt
  soak binary:    /opt/topgun/target/spec377-H/release/deps/soak_harness-53b4b640053c5766
  soak binary commit: 3fdd929a35dccb16b07c10f47262984c14216980 (HEAD; the binary itself is identified by its sha256)
  .rs working tree:   CLEAN over '*.rs' Cargo.toml '*/Cargo.toml' Cargo.lock (asserted before the build)
  code freeze:            34007e19
  code freeze diff (.rs): EMPTY over '*.rs' Cargo.toml '*/Cargo.toml' Cargo.lock (asserted before the build)
    built:        2026-09-30T08:40:49Z
  server binary:  /opt/topgun/target/spec377-SYS-ser/release/topgun-server
    built:        2026-09-30T08:19:10Z
    sha256:       c68301ec1af2b4ff60c65a2db53e9aa0717ce605a0bbcda6efb5d4462e51900e
  --- varied knobs; everything else is the spec362b-durable.sh long4h
      literal ---
  TOPGUN_EPOCH_WIDTH:  <unset: production default 1000>
  duration:            21600s
  csv cadence:         60s
  extra harness flags: <none>
  --durable-reading:   ARMED
  --live-census-interval: 300 (ARMED: the live-copy census)
  --sampler-jitter-seed:  20260831
  SOAK_SERVER_LOG:     warn,topgun_server::tombstone_frontier::removal=info,topgun_server::tombstone_frontier::settlement=info,topgun_server::tombstone_frontier::conjunct=info
  SOAK_SERVER_LOG_PASSTHROUGH: 1
  TOPGUN_PRUNE_RECORD: true
  TOPGUN_LOG_FORMAT:   <unset: human fmt, which is what the origin parser reads>
  server port:         47376
  SOAK_SERVER_BINARY:  /opt/topgun/target/spec377-SYS-ser/release/topgun-server
  --- pinned matrix (identical to spec362b-durable.sh's long4h cell;
      crash-interval is per-cell and is 0 on the one cell this runner
      ships) ---
  churn-clients 6; keyspace 200; or-churn true;
  or-keyspace 48; or-every 5; write-interval-ms 20;
  writes-per-life 200; offline-keys 3;
  confirm-interval 2; crash-interval 0;
  steady-interval 300; quiesce 3;
  mem-sample-interval 5; wal-fsync batched;
  memory gate NEUTRALIZED (1000000/1000000/1000000)
  tombstone gate: level ceiling K=2+ceil(S_A/W) epochs × W × b_max (S_A, b_max measured by the harness; A = TOPGUN_WAL_WATERMARK_STALL_BOUND_MS, not set by this runner); level stability 10 %; slope report-only
  harness sha256: f205d81c653a7cf09fc7a88084cbd183dfdf61443671ba2fbd3db707499c1911
  server flavour: SYS
  server code:    SERIES_PIN = 34007e19 (SPEC377_SERVER_COMMIT=34007e19, resolves 34007e197224d4db870ba2c842716316622580de)
  TOPGUN_JOURNAL_ENABLED:        <unset: harness passes true>
  TOPGUN_SOAK_GRACEFUL_SHUTDOWN: <unset: SIGKILL teardown>
  DHAT_OUT:                      <unset>
  --- allocator treatment (items 5 and 6) ---
  build label:                   SYS-ser
  allocator env unset first:     MALLOC_CONF _RJEM_MALLOC_CONF MALLOC_ARENA_MAX MALLOC_ARENA_TEST MALLOC_TOP_PAD_ MALLOC_TRIM_THRESHOLD_ MALLOC_MMAP_THRESHOLD_ MALLOC_MMAP_MAX_ MALLOC_PERTURB_ MALLOC_CHECK_ GLIBC_TUNABLES LD_PRELOAD + every exported MIMALLOC_*
  allocator env expected:        none
  allocator env (runner shell):  none
  allocator literals in binary:  je=0 mi=0
  THP at launch:                 madvise/madvise
  allocator proof:               read from /proc/<pid> at the first sample with elapsed >= 60 s
  post-mortem rows:              counted at the end of the run (item 17)
  --- host (Linux) ---
  os-release:          Debian GNU/Linux 12 (bookworm)
  kernel:              6.1.0-52-amd64
  cpu model:           AMD EPYC-Milan Processor
  nproc:               4
  glibc:               ldd (Debian GLIBC 2.36-9+deb12u14) 2.36
  rustc host:          x86_64-unknown-linux-gnu
  THP enabled:         always [madvise] never
  THP defrag:          always defer defer+madvise [madvise] never
  swapon --show:       empty (no swap)
  vm.overcommit_memory: 0
  vm.max_map_count:    65530
  awk:                 /opt/topgun/target/spec377-awkbin/awk
  awk -version:        awk version 20220912
  memory sampler:      spec376-procmem.sh sha256=d05727f002087cb37fb8abce8f5f935dce11af5e0e0373c873e6a393a8a6f7b4
  memory proc root:    /proc (fixed; procmem_row is called without a root, fixture roots belong to the synthetic suite only)
  /proc/loadavg:       0.01 0.70 1.29 1/125 391324
  /proc/meminfo (first 8 lines):
    MemTotal:       15985096 kB
    MemFree:         9859872 kB
    MemAvailable:   15481668 kB
    Buffers:          132404 kB
    Cached:          5547628 kB
    SwapCached:            0 kB
    Active:          2762184 kB
    Inactive:        2934592 kB

harness pid 391327; follow with: tail -f /opt/topgun/target/spec377-s1-data.meta/harness-console.log
server ready: pid 391335 (t0 = server-ready)

harness exited with code 0
  wal_segment_files  shape=MONOTONE_RISING envelope=PEAKS samples=4046 span=20246.0s
                     peaks  h1=493 h2=507 q3=497 q4=507 last_half_mean=463
                     floor  h1=271 h2=271 q3=271 q4=271
writebehind lag:   2477 (observation only) scrapes total=4317 read=4315 absent=2 unreadable=0 malformed_samples=0 overflowed_samples=0
censuses:          15
  LIVE_COPY  t=300.0s copy_done=300.0649s keys=96 undecodable=0 or_map=96 or_tomb=0 lww=0 live=31508 live_tag_bytes=1071272 tombstones=754 tombstone_bytes=16588 dups=0 keys_with_tombstones=48 keys_all_dead=0 max_per_key=20
  LIVE_COPY  t=600.1s copy_done=600.1645s keys=96 undecodable=0 or_map=96 or_tomb=0 lww=0 live=62722 live_tag_bytes=2132548 tombstones=360 tombstone_bytes=7920 dups=0 keys_with_tombstones=48 keys_all_dead=0 max_per_key=10
  LIVE_COPY  t=900.2s copy_done=900.2903s keys=96 undecodable=0 or_map=96 or_tomb=0 lww=0 live=93880 live_tag_bytes=3191920 tombstones=940 tombstone_bytes=20680 dups=0 keys_with_tombstones=48 keys_all_dead=0 max_per_key=25
  LIVE_COPY  t=1200.3s copy_done=1200.4913s keys=96 undecodable=0 or_map=96 or_tomb=0 lww=0 live=124993 live_tag_bytes=4249762 tombstones=496 tombstone_bytes=10912 dups=0 keys_with_tombstones=48 keys_all_dead=0 max_per_key=14
  LIVE_COPY  t=2100.7s copy_done=2100.9622s keys=96 undecodable=0 or_map=96 or_tomb=0 lww=0 live=217952 live_tag_bytes=7410368 tombstones=976 tombstone_bytes=21472 dups=0 keys_with_tombstones=48 keys_all_dead=0 max_per_key=25
  LIVE_COPY  t=3001.3s copy_done=3001.5821s keys=96 undecodable=0 or_map=96 or_tomb=0 lww=0 live=310294 live_tag_bytes=10549996 tombstones=148 tombstone_bytes=3404 dups=0 keys_with_tombstones=48 keys_all_dead=0 max_per_key=5
  LIVE_COPY  t=3301.6s copy_done=3301.8684s keys=96 undecodable=0 or_map=96 or_tomb=0 lww=0 live=340925 live_tag_bytes=11591450 tombstones=463 tombstone_bytes=10649 dups=0 keys_with_tombstones=48 keys_all_dead=0 max_per_key=12
  LIVE_COPY  t=3601.9s copy_done=3602.1533s keys=96 undecodable=0 or_map=96 or_tomb=0 lww=0 live=371502 live_tag_bytes=12631068 tombstones=751 tombstone_bytes=17273 dups=0 keys_with_tombstones=48 keys_all_dead=0 max_per_key=19
  LIVE_COPY  t=3902.2s copy_done=3902.4313s keys=96 undecodable=0 or_map=96 or_tomb=0 lww=0 live=401990 live_tag_bytes=13667660 tombstones=995 tombstone_bytes=22885 dups=0 keys_with_tombstones=48 keys_all_dead=0 max_per_key=25
  LIVE_COPY  t=4202.4s copy_done=4202.7309s keys=96 undecodable=0 or_map=96 or_tomb=0 lww=0 live=432444 live_tag_bytes=14703096 tombstones=222 tombstone_bytes=5106 dups=0 keys_with_tombstones=48 keys_all_dead=0 max_per_key=6
  LIVE_COPY  t=4502.7s copy_done=4503.2086s keys=96 undecodable=0 or_map=96 or_tomb=0 lww=0 live=462808 live_tag_bytes=15735472 tombstones=404 tombstone_bytes=9292 dups=0 keys_with_tombstones=48 keys_all_dead=0 max_per_key=11
  LIVE_COPY  t=4803.2s copy_done=4803.6892s keys=96 undecodable=0 or_map=96 or_tomb=0 lww=0 live=493114 live_tag_bytes=16765876 tombstones=557 tombstone_bytes=12811 dups=0 keys_with_tombstones=48 keys_all_dead=0 max_per_key=15
  LIVE_COPY  t=5103.7s copy_done=5104.1592s keys=96 undecodable=0 or_map=96 or_tomb=0 lww=0 live=523358 live_tag_bytes=17794172 tombstones=679 tombstone_bytes=15617 dups=0 keys_with_tombstones=48 keys_all_dead=0 max_per_key=18
  LIVE_COPY  t=20434.4s copy_done=20436.4821s keys=96 undecodable=0 or_map=96 or_tomb=0 lww=0 live=1993742 live_tag_bytes=67787228 tombstones=874 tombstone_bytes=20102 dups=0 keys_with_tombstones=48 keys_all_dead=0 max_per_key=23
  TERMINAL   t=21602.2s copy_done=n/a keys=96 undecodable=0 or_map=96 or_tomb=0 lww=0 live=2100198 live_tag_bytes=71406732 tombstones=1099 tombstone_bytes=25277 dups=0 keys_with_tombstones=48 keys_all_dead=0 max_per_key=29
terminal census:   keys=96 tombstone_bytes=25277
origin:            reading=NOT_REACHED_EQUAL_REFS matched=1049 unparsed=0 dropped=0 armed=true epochs_exited=1049 restarts=0 epochs_scrapes total=4317 read=4317 absent=0 unreadable=0 malformed_samples=0 overflowed_samples=0
origin reason:     all 1049 parsed line(s) returned exactly the refs held at entry
first zero-return: (none)
wrote durable reading to /opt/topgun/packages/server-rust/benches/soak_harness/evidence/spec377-s1.soak.durable.json
console log: /opt/topgun/packages/server-rust/benches/soak_harness/evidence/spec377-s1.harness-console.log
mechanism report: /opt/topgun/packages/server-rust/benches/soak_harness/evidence/spec377-s1.mechanism.json
csv rows: 361
post_mortem_rows=0
csv columns:
  rss_mb         n=361 empty=0 nonzero=361 min=14.883 max=4998.430
  wal_mb         n=361 empty=0 nonzero=361 min=0.102 max=2.582
  redb_mb        n=361 empty=0 nonzero=361 min=0.516 max=536.598
  disk_total_mb  n=361 empty=0 nonzero=361 min=0.621 max=539.180
  tombstone_bytes n=361 empty=0 min=0 max=26404
  rss_mb           n=361 empty=0
  fp_equiv_mb      n=361 empty=0
  hwm_rss_mb       n=361 empty=0
  lazyfree_mb      n=361 empty=0
  swap_mb          n=361 empty=0
  file_mb          n=361 empty=0
  anon_mb          n=361 empty=0
  private_dirty_mb n=361 empty=0
  pss_mb           n=361 empty=0
  anon_huge_mb     n=361 empty=0
  smaps_rss_mb     n=361 empty=0
  progress.jsonl checkpoints: 71
  soak.json "walFsync": "batched",
  soak.json "epochWidth": 1000,
  soak.json "crashes": 0,
  soak.json "churnClients": 6,
  soak.json "keyspace": 200,
  soak.json "durationSecsActual": 21602,
  mechanism.json "orDeltaFrames": 358,
  mechanism.json "orSnapshotFrames": 0,

post-hoc OLS fits (see the SE caveat in spec349c2-fit.awk):
  units: the field is named slope_mb_per_hour for every column; on the
  tombstone_bytes row the fit is identical but the unit is BYTES/hour.
  col=rss_mb window=full rows_used=361 n=361 skipped_empty=0 t_start_secs=0.0 t_end_secs=21600.0 span_secs=21600.0 y_first=14.883 y_last=4998.430 slope_mb_per_hour=850.938345 se_mb_per_hour=3.508596 intercept_mb=-138.519544 r2=0.993934 sxx_hours2=1089.016472452 sse=4812775.802525611
  col=wal_mb window=full rows_used=361 n=361 skipped_empty=0 t_start_secs=0.0 t_end_secs=21600.0 span_secs=21600.0 y_first=0.102 y_last=2.387 slope_mb_per_hour=0.069410 se_mb_per_hour=0.004524 intercept_mb=2.078525 r2=0.395983 sxx_hours2=1089.016472452 sse=8.002855044
  col=redb_mb window=full rows_used=361 n=361 skipped_empty=0 t_start_secs=0.0 t_end_secs=21600.0 span_secs=21600.0 y_first=0.516 y_last=536.598 slope_mb_per_hour=87.925350 se_mb_per_hour=1.193971 intercept_mb=-20.230946 r2=0.937911 sxx_hours2=1089.016472452 sse=557334.879973380
  col=disk_total_mb window=full rows_used=361 n=361 skipped_empty=0 t_start_secs=0.0 t_end_secs=21600.0 span_secs=21600.0 y_first=0.621 y_last=538.992 slope_mb_per_hour=87.994950 se_mb_per_hour=1.193693 intercept_mb=-18.148357 r2=0.938030 sxx_hours2=1089.016472452 sse=557075.786224829
  col=tombstone_bytes window=full rows_used=361 n=361 skipped_empty=0 t_start_secs=0.0 t_end_secs=21600.0 span_secs=21600.0 y_first=0.000 y_last=26404.000 slope_mb_per_hour=628.633831 se_mb_per_hour=179.720193 intercept_mb=13283.346362 r2=0.032957 sxx_hours2=1089.016472452 sse=12627653277.981828690
  col=rss_mb window=last_half rows_used=361 n=181 skipped_empty=0 t_start_secs=10800.0 t_end_secs=21600.0 span_secs=10800.0 y_first=2455.777 y_last=4998.430 slope_mb_per_hour=930.483826 se_mb_per_hour=11.283942 intercept_mb=-513.372265 r2=0.974351 sxx_hours2=137.258750077 sse=3128345.892867547
  col=wal_mb window=last_half rows_used=361 n=181 skipped_empty=0 t_start_secs=10800.0 t_end_secs=21600.0 span_secs=10800.0 y_first=2.305 y_last=2.387 slope_mb_per_hour=0.034194 se_mb_per_hour=0.008465 intercept_mb=2.232195 r2=0.083544 sxx_hours2=137.258750077 sse=1.760459978
  col=redb_mb window=last_half rows_used=361 n=181 skipped_empty=0 t_start_secs=10800.0 t_end_secs=21600.0 span_secs=10800.0 y_first=250.867 y_last=536.598 slope_mb_per_hour=118.316077 se_mb_per_hour=3.928564 intercept_mb=-164.261374 r2=0.835179 sxx_hours2=137.258750077 sse=379193.300032106
  col=disk_total_mb window=last_half rows_used=361 n=181 skipped_empty=0 t_start_secs=10800.0 t_end_secs=21600.0 span_secs=10800.0 y_first=253.172 y_last=538.992 slope_mb_per_hour=118.350508 se_mb_per_hour=3.929088 intercept_mb=-162.025350 r2=0.835222 sxx_hours2=137.258750077 sse=379294.440680239
  col=tombstone_bytes window=last_half rows_used=361 n=181 skipped_empty=0 t_start_secs=10800.0 t_end_secs=21600.0 span_secs=10800.0 y_first=10718.000 y_last=26404.000 slope_mb_per_hour=507.521401 se_mb_per_hour=521.383794 intercept_mb=13591.871149 r2=0.005266 sxx_hours2=137.258750077 sse=6678949004.085590363

RESULT: instrument sound; harness exit code 0.
ALLOC_ENV_s1=none
JE_BG_THREADS_s1=0
THP_s1=madvise/madvise
ALLOC_PROOF_AT_s1=60
BIN_MARKERS_s1=je=0 mi=0
MI_POSTINIT_LINES_s1=0
steal_pct=0.0000
post_mortem_mem_reads=0
mem_invariant_violations=0
RUNNER_EXIT=0
