=== TopGun soak harness (G4b / TODO-484) ===
duration=900s churn_clients=6 keyspace=200 crash_interval=None steady_interval=300s wal_fsync=batched or_churn=true
starting server (port 47355, data /Users/koristuvac/Projects/topgun/topgun/target/spec362-logctl-on-data) ...
[tracker 2000000] confirm_apply error: server closed connection while waiting for ORMAP_SYNC_RESP_ROOT
[tracker 2000000] confirm_apply error: server closed connection while waiting for ORMAP_SYNC_RESP_ROOT
[tracker 2000000] confirm_apply error: server closed connection while waiting for ORMAP_SYNC_RESP_ROOT
[tracker 2000000] confirm_apply error: server closed connection while waiting for ORMAP_SYNC_RESP_ROOT
[   303s] steady   writes=50145 errs=0 reconnects=254 crashes=0 steady=1 recovery=0 converged=true confirms=146 lastEpoch=11 confirmErrs=4 rss=96MB(peak 96)
[tracker 2000000] confirm_apply error: server closed connection while waiting for ORMAP_SYNC_RESP_ROOT
[tracker 2000000] confirm_apply error: server closed connection while waiting for ORMAP_SYNC_RESP_ROOT
[tracker 2000000] confirm_apply error: server closed connection while waiting for ORMAP_SYNC_RESP_ROOT
[tracker 2000000] confirm_apply error: server closed connection while waiting for ORMAP_SYNC_RESP_ROOT
[   603s] steady   writes=98368 errs=0 reconnects=495 crashes=0 steady=2 recovery=0 converged=true confirms=290 lastEpoch=21 confirmErrs=8 rss=166MB(peak 166)
[tracker 2000000] confirm_apply error: server closed connection while waiting for ORMAP_SYNC_RESP_ROOT
[tracker 2000000] confirm_apply error: server closed connection while waiting for ORMAP_SYNC_RESP_ROOT
[tracker 2000000] confirm_apply error: server closed connection while waiting for ORMAP_SYNC_RESP_ROOT
[tracker 2000000] confirm_apply error: server closed connection while waiting for ORMAP_SYNC_RESP_ROOT

=== SOAK SUMMARY ===
result:            PASS
finished_reason:   duration reached
actual_duration:   900s
total_writes:      145082
write_errors:      0
reconnects:        728
resends:           24068
confirm_apply:     confirms=434 lastEpoch=30 errors=12 (tracked client advances the low-water-mark that licenses pruning; confirms=0 with a climbing gauge = LWM never advanced)
steady_checkpts:   2
recovery_checkpts: 0 (crashes 0)
memory:            first=13MB peak=360MB last=360MB slope=1143.1MB/h -> ok (backstop)
tombstone_bytes:   first=0 peak=44268 last=18942 slope=-22283.6B/h samples=180 -> ok (slope + blind-monitor both hard-gate; durable-corpus clauses are report-only)
tombstone_corpus_redb_scan: first=31834 min=31834 peak=31834 last=31834 first_half_peak=0 last_half_peak=31834 rise=31834 span=0s scans_ok=1 scans_failed=0 headroom=65536 ceiling=disarmed disposition=LEVEL_SUPPRESSED(n=1, span=0s) -> ok (terminal scan 31834 bytes; last gauge value 18942 bytes -> DIVERGED)
disk_mb:           first=1.5 peak=19.8 last=19.7 slope=46.3MB/h samples=180 -> ok (slope report-only until TODO-566; blind-monitor hard-gates)
wrote JSON report to /Users/koristuvac/Projects/topgun/topgun/packages/server-rust/benches/soak_harness/evidence/spec362-logctl-on.soak.json

=== OR-CHURN MECHANISM REPORT (report-only, Q1-Q4) ===
Q1 bytes/frame:    OR early(mean=152B max=209B) late(mean=148B max=209B) max=209B | LWW mean=220B max=297B | OR/LWW=0.7x | rises=false
OR frame census:   delta(n=3520 mean=150B max=209B total=527123B) | snapshot(n=0 mean=0B max=0B total=0B)
Q2 drain window:   before=3.0MB after=3.0MB delta=-0.0MB | no significant drain burst (WAL delta -0.0MB)
Q3 RSS holder:     rss_slope=1143.1MB/h disk_slope=46.3MB/h corr=0.90 | RSS tracks disk in lockstep (r=0.90); the growing OR blobs sit in the write-behind queue / record cache — delta-framing should reduce RSS too
Q4 not tombstone:  or_wal_bytes=527123 tombstone_corpus=31834 gauge=18942 | growth_is_or=false
scan:              segments=492 or_frames=3520 lww_frames=2947 remove_frames=0
conclusion:        REFUTED / INCONCLUSIVE: OR frame size did NOT rise late-vs-early over the retained corpus — the O(N)-per-op-frame hypothesis is not confirmed by this run. Inspect the acked-beyond-applied tail bound and write-behind retention before choosing the fix.
sequencing:        Sequencing option for the R1 /xask gate: tail-bounding the acked-beyond-applied WAL is the lowest-risk FIRST containment (OOM/disk-full -> backpressure, zero recovery-path risk); delta-framing is the eventual O(1)-frame fix. If Q2 shows the drain burst is buffered O(N) frames, tail-bounding addresses it directly.
wrote mechanism report to /Users/koristuvac/Projects/topgun/topgun/packages/server-rust/benches/soak_harness/evidence/spec362-logctl-on.soak.mechanism.json

=== DURABLE-LAYER READING (report-only, decides nothing) ===
reading:           PLATEAU_NOT_MET
reason:            series rss_kib rose and was still rising at the end; firing envelope BOTH
log filter:        warn,topgun_server::tombstone_frontier::removal=info
  rss_kib            shape=MONOTONE_RISING envelope=BOTH samples=168 span=836.5s
                     peaks  h1=142128 h2=368560 q3=215392 q4=368560 last_half_mean=225798
                     floor  h1=42512 h2=142464 q3=142464 q4=217728
  redb_bytes         shape=MONOTONE_RISING envelope=PEAKS samples=170 span=841.8s
                     peaks  h1=8957952 h2=17379328 q3=8957952 q4=17379328 last_half_mean=10047777
                     floor  h1=1589248 h2=8957952 q3=8957952 q4=8957952
  wal_bytes          shape=RISING_DECELERATING envelope=- samples=170 span=841.8s
                     peaks  h1=1455658 h2=1331972 q3=1331972 q4=1321569 last_half_mean=1177823
                     floor  h1=840696 h2=885874 q3=910587 q4=885874
  wal_segment_files  shape=MONOTONE_RISING envelope=BOTH samples=170 span=841.8s
                     peaks  h1=493 h2=513 q3=504 q4=513 last_half_mean=478
                     floor  h1=401 h2=435 q3=435 q4=444
writebehind lag:   11326 (observation only)
censuses:          1
  TERMINAL   t=900.3s keys=96 undecodable=0 or_map=96 or_tomb=0 lww=0 live=57001 live_tag_bytes=1938034 tombstones=1447 tombstone_bytes=31834 dups=0 keys_with_tombstones=48 keys_all_dead=0 max_per_key=40
terminal census:   keys=96 tombstone_bytes=31834
origin:            reading=NOT_REACHED_EQUAL_REFS matched=28 unparsed=0 dropped=0 armed=true epochs_exited=28 restarts=0
origin reason:     all 28 parsed line(s) returned exactly the refs held at entry
first zero-return: (none)
wrote durable reading to /Users/koristuvac/Projects/topgun/topgun/packages/server-rust/benches/soak_harness/evidence/spec362-logctl-on.soak.durable.json
