provenance: server sha256=5d5bc58cbedafdbb462a29782a49ad52200f10e95c07f4f9aa2c8a15abfb3d22 flavour=JE built=2026-09-30T08:25:20Z run_start=2026-09-30T15:01:57Z topgun_or_prune_restored_cancelled_total=present
provenance: server sha256=5d5bc58cbedafdbb462a29782a49ad52200f10e95c07f4f9aa2c8a15abfb3d22 flavour=JE built=2026-09-30T08:25:20Z run_start=2026-09-30T15:01:57Z topgun_or_prune_restored_cancelled_total=present harness sha256=f205d81c653a7cf09fc7a88084cbd183dfdf61443671ba2fbd3db707499c1911 harness_built=2026-09-30T08:40:49Z tombstone_level_ceiling_gate=present
soak binary:   /opt/topgun/target/spec377-H/release/deps/soak_harness-53b4b640053c5766
  built:       2026-09-30T08:40:49Z
server binary: /opt/topgun/target/spec377-JE-ser/release/topgun-server
  built:       2026-09-30T08:25:20Z

=== spec377 Linux run: cell je (label JE-ser, flavour JE, phase series) ===
  repo HEAD:      3fdd929a35dccb16b07c10f47262984c14216980
  dirty tree:     yes
  host/OS:        Linux topgun-bench 6.1.0-52-amd64 #1 SMP PREEMPT_DYNAMIC Debian 6.1.180-1 (2026-08-03) x86_64 GNU/Linux
  lineage:        chain-built harness + chain-built JE server
  chain start:    1790756015
  data dir:       /opt/topgun/target/spec377-je-data
  csv:            /opt/topgun/packages/server-rust/benches/soak_harness/evidence/spec377-je.csv
  soak.json:      /opt/topgun/packages/server-rust/benches/soak_harness/evidence/spec377-je.soak.json
  mechanism.json: /opt/topgun/packages/server-rust/benches/soak_harness/evidence/spec377-je.mechanism.json (harness writes spec377-je.soak.mechanism.json; renamed after the run)
  durable.json:   /opt/topgun/packages/server-rust/benches/soak_harness/evidence/spec377-je.soak.durable.json (raw basename: NOT renamed, by design)
  progress.jsonl: /opt/topgun/packages/server-rust/benches/soak_harness/evidence/spec377-je.progress.jsonl
  console log:    /opt/topgun/packages/server-rust/benches/soak_harness/evidence/spec377-je.harness-console.log
  matrix:         /opt/topgun/packages/server-rust/benches/soak_harness/evidence/spec377-je.matrix.txt
  soak binary:    /opt/topgun/target/spec377-H/release/deps/soak_harness-53b4b640053c5766
  soak binary commit: 3fdd929a35dccb16b07c10f47262984c14216980 (HEAD; the binary itself is identified by its sha256)
  .rs working tree:   CLEAN over '*.rs' Cargo.toml '*/Cargo.toml' Cargo.lock (asserted before the build)
  code freeze:            34007e19
  code freeze diff (.rs): EMPTY over '*.rs' Cargo.toml '*/Cargo.toml' Cargo.lock (asserted before the build)
    built:        2026-09-30T08:40:49Z
  server binary:  /opt/topgun/target/spec377-JE-ser/release/topgun-server
    built:        2026-09-30T08:25:20Z
    sha256:       5d5bc58cbedafdbb462a29782a49ad52200f10e95c07f4f9aa2c8a15abfb3d22
  --- varied knobs; everything else is the spec362b-durable.sh long4h
      literal ---
  TOPGUN_EPOCH_WIDTH:  <unset: production default 1000>
  duration:            21600s
  csv cadence:         60s
  extra harness flags: <none>
  --durable-reading:   ARMED
  --live-census-interval: 300 (ARMED: the live-copy census)
  --sampler-jitter-seed:  20260831
  SOAK_SERVER_LOG:     warn,topgun_server::tombstone_frontier::removal=info,topgun_server::tombstone_frontier::settlement=info,topgun_server::tombstone_frontier::conjunct=info
  SOAK_SERVER_LOG_PASSTHROUGH: 1
  TOPGUN_PRUNE_RECORD: true
  TOPGUN_LOG_FORMAT:   <unset: human fmt, which is what the origin parser reads>
  server port:         47376
  SOAK_SERVER_BINARY:  /opt/topgun/target/spec377-JE-ser/release/topgun-server
  --- pinned matrix (identical to spec362b-durable.sh's long4h cell;
      crash-interval is per-cell and is 0 on the one cell this runner
      ships) ---
  churn-clients 6; keyspace 200; or-churn true;
  or-keyspace 48; or-every 5; write-interval-ms 20;
  writes-per-life 200; offline-keys 3;
  confirm-interval 2; crash-interval 0;
  steady-interval 300; quiesce 3;
  mem-sample-interval 5; wal-fsync batched;
  memory gate NEUTRALIZED (1000000/1000000/1000000)
  tombstone gate: level ceiling K=2+ceil(S_A/W) epochs × W × b_max (S_A, b_max measured by the harness; A = TOPGUN_WAL_WATERMARK_STALL_BOUND_MS, not set by this runner); level stability 10 %; slope report-only
  harness sha256: f205d81c653a7cf09fc7a88084cbd183dfdf61443671ba2fbd3db707499c1911
  server flavour: JE
  server code:    SERIES_PIN = 34007e19 (SPEC377_SERVER_COMMIT=34007e19, resolves 34007e197224d4db870ba2c842716316622580de)
  TOPGUN_JOURNAL_ENABLED:        <unset: harness passes true>
  TOPGUN_SOAK_GRACEFUL_SHUTDOWN: <unset: SIGKILL teardown>
  DHAT_OUT:                      <unset>
  --- allocator treatment (items 5 and 6) ---
  build label:                   JE-ser
  allocator env unset first:     MALLOC_CONF _RJEM_MALLOC_CONF MALLOC_ARENA_MAX MALLOC_ARENA_TEST MALLOC_TOP_PAD_ MALLOC_TRIM_THRESHOLD_ MALLOC_MMAP_THRESHOLD_ MALLOC_MMAP_MAX_ MALLOC_PERTURB_ MALLOC_CHECK_ GLIBC_TUNABLES LD_PRELOAD + every exported MIMALLOC_*
  allocator env expected:        _RJEM_MALLOC_CONF=background_thread:true,confirm_conf:true
  allocator env (runner shell):  _RJEM_MALLOC_CONF=background_thread:true,confirm_conf:true
  allocator literals in binary:  je=1 mi=0
  THP at launch:                 madvise/madvise
  allocator proof:               read from /proc/<pid> at the first sample with elapsed >= 60 s
  post-mortem rows:              counted at the end of the run (item 17)
  --- host (Linux) ---
  os-release:          Debian GNU/Linux 12 (bookworm)
  kernel:              6.1.0-52-amd64
  cpu model:           AMD EPYC-Milan Processor
  nproc:               4
  glibc:               ldd (Debian GLIBC 2.36-9+deb12u14) 2.36
  rustc host:          x86_64-unknown-linux-gnu
  THP enabled:         always [madvise] never
  THP defrag:          always defer defer+madvise [madvise] never
  swapon --show:       empty (no swap)
  vm.overcommit_memory: 0
  vm.max_map_count:    65530
  awk:                 /opt/topgun/target/spec377-awkbin/awk
  awk -version:        awk version 20220912
  memory sampler:      spec376-procmem.sh sha256=d05727f002087cb37fb8abce8f5f935dce11af5e0e0373c873e6a393a8a6f7b4
  memory proc root:    /proc (fixed; procmem_row is called without a root, fixture roots belong to the synthetic suite only)
  /proc/loadavg:       0.40 1.72 2.30 1/117 469902
  /proc/meminfo (first 8 lines):
    MemTotal:       15985096 kB
    MemFree:         8280148 kB
    MemAvailable:   15427852 kB
    Buffers:          187972 kB
    Cached:          6329716 kB
    SwapCached:            0 kB
    Active:          3573872 kB
    Inactive:        2956008 kB

harness pid 469905; follow with: tail -f /opt/topgun/target/spec377-je-data.meta/harness-console.log
server ready: pid 469916 (t0 = server-ready)

harness exited with code 0
                     floor  h1=0 h2=2631 q3=2631 q4=19270
  wal_segment_files  shape=MONOTONE_RISING envelope=PEAKS samples=4046 span=20246.0s
                     peaks  h1=493 h2=508 q3=500 q4=508 last_half_mean=465
                     floor  h1=271 h2=271 q3=271 q4=271
writebehind lag:   2531 (observation only) scrapes total=4317 read=4315 absent=2 unreadable=0 malformed_samples=0 overflowed_samples=0
censuses:          14
  LIVE_COPY  t=300.0s copy_done=300.0745s keys=96 undecodable=0 or_map=96 or_tomb=0 lww=0 live=31532 live_tag_bytes=1072088 tombstones=766 tombstone_bytes=16852 dups=0 keys_with_tombstones=48 keys_all_dead=0 max_per_key=20
  LIVE_COPY  t=1500.3s copy_done=1500.5145s keys=96 undecodable=0 or_map=96 or_tomb=0 lww=0 live=156185 live_tag_bytes=5310290 tombstones=519 tombstone_bytes=11418 dups=0 keys_with_tombstones=48 keys_all_dead=0 max_per_key=27
  LIVE_COPY  t=1800.5s copy_done=1800.7051s keys=96 undecodable=0 or_map=96 or_tomb=0 lww=0 live=187194 live_tag_bytes=6364596 tombstones=596 tombstone_bytes=13112 dups=0 keys_with_tombstones=48 keys_all_dead=0 max_per_key=17
  LIVE_COPY  t=2701.0s copy_done=2701.2346s keys=96 undecodable=0 or_map=96 or_tomb=0 lww=0 live=279797 live_tag_bytes=9513098 tombstones=900 tombstone_bytes=19800 dups=0 keys_with_tombstones=48 keys_all_dead=0 max_per_key=24
  LIVE_COPY  t=3001.2s copy_done=3001.5319s keys=96 undecodable=0 or_map=96 or_tomb=0 lww=0 live=310553 live_tag_bytes=10558802 tombstones=277 tombstone_bytes=6371 dups=0 keys_with_tombstones=48 keys_all_dead=0 max_per_key=8
  LIVE_COPY  t=3301.5s copy_done=3301.8221s keys=96 undecodable=0 or_map=96 or_tomb=0 lww=0 live=341218 live_tag_bytes=11601412 tombstones=609 tombstone_bytes=14007 dups=0 keys_with_tombstones=48 keys_all_dead=0 max_per_key=15
  LIVE_COPY  t=3601.8s copy_done=3602.1273s keys=96 undecodable=0 or_map=96 or_tomb=0 lww=0 live=371802 live_tag_bytes=12641268 tombstones=901 tombstone_bytes=20723 dups=0 keys_with_tombstones=48 keys_all_dead=0 max_per_key=24
  LIVE_COPY  t=3902.1s copy_done=3902.4521s keys=96 undecodable=0 or_map=96 or_tomb=0 lww=0 live=402342 live_tag_bytes=13679628 tombstones=171 tombstone_bytes=3933 dups=0 keys_with_tombstones=48 keys_all_dead=0 max_per_key=5
  LIVE_COPY  t=4202.5s copy_done=4202.7851s keys=96 undecodable=0 or_map=96 or_tomb=0 lww=0 live=432826 live_tag_bytes=14716084 tombstones=413 tombstone_bytes=9499 dups=0 keys_with_tombstones=48 keys_all_dead=0 max_per_key=11
  LIVE_COPY  t=4502.8s copy_done=4503.2505s keys=96 undecodable=0 or_map=96 or_tomb=0 lww=0 live=463258 live_tag_bytes=15750772 tombstones=629 tombstone_bytes=14467 dups=0 keys_with_tombstones=48 keys_all_dead=0 max_per_key=17
  LIVE_COPY  t=4803.3s copy_done=4803.7747s keys=96 undecodable=0 or_map=96 or_tomb=0 lww=0 live=493620 live_tag_bytes=16783080 tombstones=810 tombstone_bytes=18630 dups=0 keys_with_tombstones=48 keys_all_dead=0 max_per_key=21
  LIVE_COPY  t=5103.8s copy_done=5104.2847s keys=96 undecodable=0 or_map=96 or_tomb=0 lww=0 live=523928 live_tag_bytes=17813552 tombstones=964 tombstone_bytes=22172 dups=0 keys_with_tombstones=48 keys_all_dead=0 max_per_key=25
  LIVE_COPY  t=5404.3s copy_done=5404.8033s keys=96 undecodable=0 or_map=96 or_tomb=0 lww=0 live=554206 live_tag_bytes=18843004 tombstones=103 tombstone_bytes=2369 dups=0 keys_with_tombstones=48 keys_all_dead=0 max_per_key=4
  TERMINAL   t=21601.5s copy_done=n/a keys=96 undecodable=0 or_map=96 or_tomb=0 lww=0 live=2107174 live_tag_bytes=71643916 tombstones=587 tombstone_bytes=13501 dups=0 keys_with_tombstones=48 keys_all_dead=0 max_per_key=17
terminal census:   keys=96 tombstone_bytes=13501
origin:            reading=NOT_REACHED_EQUAL_REFS matched=1053 unparsed=0 dropped=0 armed=true epochs_exited=1053 restarts=0 epochs_scrapes total=4317 read=4317 absent=0 unreadable=0 malformed_samples=0 overflowed_samples=0
origin reason:     all 1053 parsed line(s) returned exactly the refs held at entry
first zero-return: (none)
wrote durable reading to /opt/topgun/packages/server-rust/benches/soak_harness/evidence/spec377-je.soak.durable.json
console log: /opt/topgun/packages/server-rust/benches/soak_harness/evidence/spec377-je.harness-console.log
mechanism report: /opt/topgun/packages/server-rust/benches/soak_harness/evidence/spec377-je.mechanism.json
csv rows: 361
post_mortem_rows=0
csv columns:
  rss_mb         n=361 empty=0 nonzero=361 min=17.926 max=1196.293
  wal_mb         n=361 empty=0 nonzero=361 min=0.105 max=2.602
  redb_mb        n=361 empty=0 nonzero=361 min=0.516 max=520.523
  disk_total_mb  n=361 empty=0 nonzero=361 min=0.625 max=523.121
  tombstone_bytes n=361 empty=0 min=0 max=26289
  rss_mb           n=361 empty=0
  fp_equiv_mb      n=361 empty=0
  hwm_rss_mb       n=361 empty=0
  lazyfree_mb      n=361 empty=0
  swap_mb          n=361 empty=0
  file_mb          n=361 empty=0
  anon_mb          n=361 empty=0
  private_dirty_mb n=361 empty=0
  pss_mb           n=361 empty=0
  anon_huge_mb     n=361 empty=0
  smaps_rss_mb     n=361 empty=0
  progress.jsonl checkpoints: 71
  soak.json "walFsync": "batched",
  soak.json "epochWidth": 1000,
  soak.json "crashes": 0,
  soak.json "churnClients": 6,
  soak.json "keyspace": 200,
  soak.json "durationSecsActual": 21601,
  mechanism.json "orDeltaFrames": 472,
  mechanism.json "orSnapshotFrames": 0,

post-hoc OLS fits (see the SE caveat in spec349c2-fit.awk):
  units: the field is named slope_mb_per_hour for every column; on the
  tombstone_bytes row the fit is identical but the unit is BYTES/hour.
  col=rss_mb window=full rows_used=361 n=361 skipped_empty=0 t_start_secs=0.0 t_end_secs=21600.0 span_secs=21600.0 y_first=17.926 y_last=1053.184 slope_mb_per_hour=170.529765 se_mb_per_hour=1.538667 intercept_mb=31.645132 r2=0.971603 sxx_hours2=1089.015416896 sse=925588.517809142
  col=wal_mb window=full rows_used=361 n=361 skipped_empty=0 t_start_secs=0.0 t_end_secs=21600.0 span_secs=21600.0 y_first=0.105 y_last=2.289 slope_mb_per_hour=0.077283 se_mb_per_hour=0.004089 intercept_mb=2.082954 r2=0.498716 sxx_hours2=1089.015416896 sse=6.537827471
  col=redb_mb window=full rows_used=361 n=361 skipped_empty=0 t_start_secs=0.0 t_end_secs=21600.0 span_secs=21600.0 y_first=0.516 y_last=520.523 slope_mb_per_hour=88.214334 se_mb_per_hour=0.991574 intercept_mb=-17.937946 r2=0.956609 sxx_hours2=1089.015416896 sse=384395.558874367
  col=disk_total_mb window=full rows_used=361 n=361 skipped_empty=0 t_start_secs=0.0 t_end_secs=21600.0 span_secs=21600.0 y_first=0.625 y_last=522.820 slope_mb_per_hour=88.291376 se_mb_per_hour=0.991126 intercept_mb=-15.849874 r2=0.956719 sxx_hours2=1089.015416896 sse=384048.674477470
  col=tombstone_bytes window=full rows_used=361 n=361 skipped_empty=0 t_start_secs=0.0 t_end_secs=21600.0 span_secs=21600.0 y_first=0.000 y_last=15203.000 slope_mb_per_hour=671.783944 se_mb_per_hour=195.319529 intercept_mb=12611.699249 r2=0.031900 sxx_hours2=1089.015416896 sse=14914881736.553863525
  col=rss_mb window=last_half rows_used=361 n=181 skipped_empty=0 t_start_secs=10800.0 t_end_secs=21600.0 span_secs=10800.0 y_first=547.703 y_last=1053.184 slope_mb_per_hour=205.200068 se_mb_per_hour=4.937300 intercept_mb=-134.717072 r2=0.906102 sxx_hours2=137.257981558 sse=598921.206227627
  col=wal_mb window=last_half rows_used=361 n=181 skipped_empty=0 t_start_secs=10800.0 t_end_secs=21600.0 span_secs=10800.0 y_first=2.125 y_last=2.289 slope_mb_per_hour=0.035946 se_mb_per_hour=0.006489 intercept_mb=2.268814 r2=0.146357 sxx_hours2=137.257981558 sse=1.034406115
  col=redb_mb window=last_half rows_used=361 n=181 skipped_empty=0 t_start_secs=10800.0 t_end_secs=21600.0 span_secs=10800.0 y_first=273.516 y_last=520.523 slope_mb_per_hour=107.778933 se_mb_per_hour=3.074296 intercept_mb=-111.579286 r2=0.872876 sxx_hours2=137.257981558 sse=232210.646283465
  col=disk_total_mb window=last_half rows_used=361 n=181 skipped_empty=0 t_start_secs=10800.0 t_end_secs=21600.0 span_secs=10800.0 y_first=275.645 y_last=522.820 slope_mb_per_hour=107.815179 se_mb_per_hour=3.073629 intercept_mb=-109.307854 r2=0.872998 sxx_hours2=137.257981558 sse=232109.802017492
  col=tombstone_bytes window=last_half rows_used=361 n=181 skipped_empty=0 t_start_secs=10800.0 t_end_secs=21600.0 span_secs=10800.0 y_first=9660.000 y_last=15203.000 slope_mb_per_hour=333.801550 se_mb_per_hour=509.928889 intercept_mb=14250.732292 r2=0.002388 sxx_hours2=137.257981558 sse=6388661427.110127449

RESULT: instrument sound; harness exit code 0.
ALLOC_ENV_je=_RJEM_MALLOC_CONF=background_thread:true,confirm_conf:true
JE_BG_THREADS_je=4
THP_je=madvise/madvise
ALLOC_PROOF_AT_je=60
BIN_MARKERS_je=je=1 mi=0
MI_POSTINIT_LINES_je=0
steal_pct=0.0000
post_mortem_mem_reads=0
mem_invariant_violations=0
RUNNER_EXIT=0
