provenance: server sha256=3357d04ec381426e057a32d5fe474e5f6268a7123e3df110bfe72c0360ca12b0 flavour=MI built=2026-09-30T08:36:27Z run_start=2026-10-01T03:05:37Z topgun_or_prune_restored_cancelled_total=present
provenance: server sha256=3357d04ec381426e057a32d5fe474e5f6268a7123e3df110bfe72c0360ca12b0 flavour=MI built=2026-09-30T08:36:27Z run_start=2026-10-01T03:05:37Z topgun_or_prune_restored_cancelled_total=present harness sha256=f205d81c653a7cf09fc7a88084cbd183dfdf61443671ba2fbd3db707499c1911 harness_built=2026-09-30T08:40:49Z tombstone_level_ceiling_gate=present
soak binary:   /opt/topgun/target/spec377-H/release/deps/soak_harness-53b4b640053c5766
  built:       2026-09-30T08:40:49Z
server binary: /opt/topgun/target/spec377-MI2-ser/release/topgun-server
  built:       2026-09-30T08:36:27Z

=== spec377 Linux run: cell mi2 (label MI2-ser, flavour MI, phase series) ===
  repo HEAD:      3fdd929a35dccb16b07c10f47262984c14216980
  dirty tree:     yes
  host/OS:        Linux topgun-bench 6.1.0-52-amd64 #1 SMP PREEMPT_DYNAMIC Debian 6.1.180-1 (2026-08-03) x86_64 GNU/Linux
  lineage:        chain-built harness + chain-built MI server
  chain start:    1790756015
  data dir:       /opt/topgun/target/spec377-mi2-data
  csv:            /opt/topgun/packages/server-rust/benches/soak_harness/evidence/spec377-mi2.csv
  soak.json:      /opt/topgun/packages/server-rust/benches/soak_harness/evidence/spec377-mi2.soak.json
  mechanism.json: /opt/topgun/packages/server-rust/benches/soak_harness/evidence/spec377-mi2.mechanism.json (harness writes spec377-mi2.soak.mechanism.json; renamed after the run)
  durable.json:   /opt/topgun/packages/server-rust/benches/soak_harness/evidence/spec377-mi2.soak.durable.json (raw basename: NOT renamed, by design)
  progress.jsonl: /opt/topgun/packages/server-rust/benches/soak_harness/evidence/spec377-mi2.progress.jsonl
  console log:    /opt/topgun/packages/server-rust/benches/soak_harness/evidence/spec377-mi2.harness-console.log
  matrix:         /opt/topgun/packages/server-rust/benches/soak_harness/evidence/spec377-mi2.matrix.txt
  soak binary:    /opt/topgun/target/spec377-H/release/deps/soak_harness-53b4b640053c5766
  soak binary commit: 3fdd929a35dccb16b07c10f47262984c14216980 (HEAD; the binary itself is identified by its sha256)
  .rs working tree:   CLEAN over '*.rs' Cargo.toml '*/Cargo.toml' Cargo.lock (asserted before the build)
  code freeze:            34007e19
  code freeze diff (.rs): EMPTY over '*.rs' Cargo.toml '*/Cargo.toml' Cargo.lock (asserted before the build)
    built:        2026-09-30T08:40:49Z
  server binary:  /opt/topgun/target/spec377-MI2-ser/release/topgun-server
    built:        2026-09-30T08:36:27Z
    sha256:       3357d04ec381426e057a32d5fe474e5f6268a7123e3df110bfe72c0360ca12b0
  --- varied knobs; everything else is the spec362b-durable.sh long4h
      literal ---
  TOPGUN_EPOCH_WIDTH:  <unset: production default 1000>
  duration:            21600s
  csv cadence:         60s
  extra harness flags: <none>
  --durable-reading:   ARMED
  --live-census-interval: 300 (ARMED: the live-copy census)
  --sampler-jitter-seed:  20260831
  SOAK_SERVER_LOG:     warn,topgun_server::tombstone_frontier::removal=info,topgun_server::tombstone_frontier::settlement=info,topgun_server::tombstone_frontier::conjunct=info
  SOAK_SERVER_LOG_PASSTHROUGH: 1
  TOPGUN_PRUNE_RECORD: true
  TOPGUN_LOG_FORMAT:   <unset: human fmt, which is what the origin parser reads>
  server port:         47376
  SOAK_SERVER_BINARY:  /opt/topgun/target/spec377-MI2-ser/release/topgun-server
  --- pinned matrix (identical to spec362b-durable.sh's long4h cell;
      crash-interval is per-cell and is 0 on the one cell this runner
      ships) ---
  churn-clients 6; keyspace 200; or-churn true;
  or-keyspace 48; or-every 5; write-interval-ms 20;
  writes-per-life 200; offline-keys 3;
  confirm-interval 2; crash-interval 0;
  steady-interval 300; quiesce 3;
  mem-sample-interval 5; wal-fsync batched;
  memory gate NEUTRALIZED (1000000/1000000/1000000)
  tombstone gate: level ceiling K=2+ceil(S_A/W) epochs × W × b_max (S_A, b_max measured by the harness; A = TOPGUN_WAL_WATERMARK_STALL_BOUND_MS, not set by this runner); level stability 10 %; slope report-only
  harness sha256: f205d81c653a7cf09fc7a88084cbd183dfdf61443671ba2fbd3db707499c1911
  server flavour: MI
  server code:    SERIES_PIN = 34007e19 (SPEC377_SERVER_COMMIT=34007e19, resolves 34007e197224d4db870ba2c842716316622580de)
  TOPGUN_JOURNAL_ENABLED:        <unset: harness passes true>
  TOPGUN_SOAK_GRACEFUL_SHUTDOWN: <unset: SIGKILL teardown>
  DHAT_OUT:                      <unset>
  --- allocator treatment (items 5 and 6) ---
  build label:                   MI2-ser
  allocator env unset first:     MALLOC_CONF _RJEM_MALLOC_CONF MALLOC_ARENA_MAX MALLOC_ARENA_TEST MALLOC_TOP_PAD_ MALLOC_TRIM_THRESHOLD_ MALLOC_MMAP_THRESHOLD_ MALLOC_MMAP_MAX_ MALLOC_PERTURB_ MALLOC_CHECK_ GLIBC_TUNABLES LD_PRELOAD + every exported MIMALLOC_*
  allocator env expected:        MIMALLOC_VERBOSE=1
  allocator env (runner shell):  MIMALLOC_VERBOSE=1
  allocator literals in binary:  je=0 mi=3
  THP at launch:                 madvise/madvise
  allocator proof:               read from /proc/<pid> at the first sample with elapsed >= 60 s
  post-mortem rows:              counted at the end of the run (item 17)
  --- host (Linux) ---
  os-release:          Debian GNU/Linux 12 (bookworm)
  kernel:              6.1.0-52-amd64
  cpu model:           AMD EPYC-Milan Processor
  nproc:               4
  glibc:               ldd (Debian GLIBC 2.36-9+deb12u14) 2.36
  rustc host:          x86_64-unknown-linux-gnu
  THP enabled:         always [madvise] never
  THP defrag:          always defer defer+madvise [madvise] never
  swapon --show:       empty (no swap)
  vm.overcommit_memory: 0
  vm.max_map_count:    65530
  awk:                 /opt/topgun/target/spec377-awkbin/awk
  awk -version:        awk version 20220912
  memory sampler:      spec376-procmem.sh sha256=d05727f002087cb37fb8abce8f5f935dce11af5e0e0373c873e6a393a8a6f7b4
  memory proc root:    /proc (fixed; procmem_row is called without a root, fixture roots belong to the synthetic suite only)
  /proc/loadavg:       0.40 1.78 2.27 1/118 626255
  /proc/meminfo (first 8 lines):
    MemTotal:       15985096 kB
    MemFree:         5464788 kB
    MemAvailable:   15343256 kB
    Buffers:          188852 kB
    Cached:          7723096 kB
    SwapCached:            0 kB
    Active:          4926612 kB
    Inactive:        2997356 kB

harness pid 626258; follow with: tail -f /opt/topgun/target/spec377-mi2-data.meta/harness-console.log
server ready: pid 626264 (t0 = server-ready)

harness exited with code 0
  wal_segment_files  shape=MONOTONE_RISING envelope=PEAKS samples=4046 span=20245.8s
                     peaks  h1=495 h2=510 q3=502 q4=510 last_half_mean=470
                     floor  h1=271 h2=271 q3=271 q4=271
writebehind lag:   2811 (observation only) scrapes total=4316 read=4314 absent=2 unreadable=0 malformed_samples=0 overflowed_samples=0
censuses:          15
  LIVE_COPY  t=300.0s copy_done=300.0714s keys=96 undecodable=0 or_map=96 or_tomb=0 lww=0 live=31530 live_tag_bytes=1072023 tombstones=765 tombstone_bytes=16830 dups=0 keys_with_tombstones=48 keys_all_dead=0 max_per_key=20
  LIVE_COPY  t=600.1s copy_done=600.1524s keys=96 undecodable=0 or_map=96 or_tomb=0 lww=0 live=62805 live_tag_bytes=2135373 tombstones=403 tombstone_bytes=8866 dups=0 keys_with_tombstones=48 keys_all_dead=0 max_per_key=11
  LIVE_COPY  t=900.2s copy_done=900.2562s keys=96 undecodable=0 or_map=96 or_tomb=0 lww=0 live=93976 live_tag_bytes=3195187 tombstones=988 tombstone_bytes=21736 dups=0 keys_with_tombstones=48 keys_all_dead=0 max_per_key=26
  LIVE_COPY  t=1200.3s copy_done=1200.4286s keys=96 undecodable=0 or_map=96 or_tomb=0 lww=0 live=125105 live_tag_bytes=4253573 tombstones=551 tombstone_bytes=12122 dups=0 keys_with_tombstones=48 keys_all_dead=0 max_per_key=15
  LIVE_COPY  t=1500.4s copy_done=1500.5992s keys=96 undecodable=0 or_map=96 or_tomb=0 lww=0 live=156180 live_tag_bytes=5310123 tombstones=608 tombstone_bytes=13376 dups=0 keys_with_tombstones=48 keys_all_dead=0 max_per_key=27
  LIVE_COPY  t=1800.6s copy_done=1800.7705s keys=96 undecodable=0 or_map=96 or_tomb=0 lww=0 live=187194 live_tag_bytes=6364599 tombstones=595 tombstone_bytes=13090 dups=0 keys_with_tombstones=48 keys_all_dead=0 max_per_key=17
  LIVE_COPY  t=2701.1s copy_done=2701.3734s keys=96 undecodable=0 or_map=96 or_tomb=0 lww=0 live=279865 live_tag_bytes=9515413 tombstones=933 tombstone_bytes=20526 dups=0 keys_with_tombstones=48 keys_all_dead=0 max_per_key=24
  LIVE_COPY  t=3001.4s copy_done=3001.6496s keys=96 undecodable=0 or_map=96 or_tomb=0 lww=0 live=310622 live_tag_bytes=10561151 tombstones=311 tombstone_bytes=7153 dups=0 keys_with_tombstones=48 keys_all_dead=0 max_per_key=8
  LIVE_COPY  t=3601.8s copy_done=3602.0826s keys=96 undecodable=0 or_map=96 or_tomb=0 lww=0 live=371940 live_tag_bytes=12645963 tombstones=970 tombstone_bytes=22310 dups=0 keys_with_tombstones=48 keys_all_dead=0 max_per_key=25
  LIVE_COPY  t=3902.1s copy_done=3902.4791s keys=96 undecodable=0 or_map=96 or_tomb=0 lww=0 live=402488 live_tag_bytes=13684595 tombstones=244 tombstone_bytes=5612 dups=0 keys_with_tombstones=48 keys_all_dead=0 max_per_key=7
  LIVE_COPY  t=4202.5s copy_done=4202.8855s keys=96 undecodable=0 or_map=96 or_tomb=0 lww=0 live=433032 live_tag_bytes=14723091 tombstones=516 tombstone_bytes=11868 dups=0 keys_with_tombstones=48 keys_all_dead=0 max_per_key=14
  LIVE_COPY  t=4502.9s copy_done=4503.3341s keys=96 undecodable=0 or_map=96 or_tomb=0 lww=0 live=463496 live_tag_bytes=15758867 tombstones=748 tombstone_bytes=17204 dups=0 keys_with_tombstones=48 keys_all_dead=0 max_per_key=19
  LIVE_COPY  t=4803.3s copy_done=4803.8272s keys=96 undecodable=0 or_map=96 or_tomb=0 lww=0 live=493902 live_tag_bytes=16792671 tombstones=951 tombstone_bytes=21873 dups=0 keys_with_tombstones=48 keys_all_dead=0 max_per_key=24
  LIVE_COPY  t=5103.8s copy_done=5104.3060s keys=96 undecodable=0 or_map=96 or_tomb=0 lww=0 live=524246 live_tag_bytes=17824367 tombstones=123 tombstone_bytes=2829 dups=0 keys_with_tombstones=48 keys_all_dead=0 max_per_key=4
  TERMINAL   t=21603.0s copy_done=n/a keys=96 undecodable=0 or_map=96 or_tomb=0 lww=0 live=2119040 live_tag_bytes=72047365 tombstones=512 tombstone_bytes=11776 dups=0 keys_with_tombstones=48 keys_all_dead=0 max_per_key=15
terminal census:   keys=96 tombstone_bytes=11776
origin:            reading=NOT_REACHED_EQUAL_REFS matched=1059 unparsed=0 dropped=0 armed=true epochs_exited=1059 restarts=0 epochs_scrapes total=4316 read=4316 absent=0 unreadable=0 malformed_samples=0 overflowed_samples=0
origin reason:     all 1059 parsed line(s) returned exactly the refs held at entry
first zero-return: (none)
wrote durable reading to /opt/topgun/packages/server-rust/benches/soak_harness/evidence/spec377-mi2.soak.durable.json
console log: /opt/topgun/packages/server-rust/benches/soak_harness/evidence/spec377-mi2.harness-console.log
mechanism report: /opt/topgun/packages/server-rust/benches/soak_harness/evidence/spec377-mi2.mechanism.json
csv rows: 361
post_mortem_rows=0
csv columns:
  rss_mb         n=361 empty=0 nonzero=361 min=38.977 max=2549.875
  wal_mb         n=361 empty=0 nonzero=361 min=0.102 max=2.637
  redb_mb        n=361 empty=0 nonzero=361 min=0.516 max=535.539
  disk_total_mb  n=361 empty=0 nonzero=361 min=0.621 max=538.156
  tombstone_bytes n=361 empty=0 min=0 max=27370
  rss_mb           n=361 empty=0
  fp_equiv_mb      n=361 empty=0
  hwm_rss_mb       n=361 empty=0
  lazyfree_mb      n=361 empty=0
  swap_mb          n=361 empty=0
  file_mb          n=361 empty=0
  anon_mb          n=361 empty=0
  private_dirty_mb n=361 empty=0
  pss_mb           n=361 empty=0
  anon_huge_mb     n=361 empty=0
  smaps_rss_mb     n=361 empty=0
  progress.jsonl checkpoints: 71
  soak.json "walFsync": "batched",
  soak.json "epochWidth": 1000,
  soak.json "crashes": 0,
  soak.json "churnClients": 6,
  soak.json "keyspace": 200,
  soak.json "durationSecsActual": 21603,
  mechanism.json "orDeltaFrames": 273,
  mechanism.json "orSnapshotFrames": 0,

post-hoc OLS fits (see the SE caveat in spec349c2-fit.awk):
  units: the field is named slope_mb_per_hour for every column; on the
  tombstone_bytes row the fit is identical but the unit is BYTES/hour.
  col=rss_mb window=full rows_used=361 n=361 skipped_empty=0 t_start_secs=0.0 t_end_secs=21600.0 span_secs=21600.0 y_first=38.977 y_last=2496.078 slope_mb_per_hour=371.908496 se_mb_per_hour=4.862166 intercept_mb=142.794825 r2=0.942188 sxx_hours2=1089.015277931 sse=9242469.530512365
  col=wal_mb window=full rows_used=361 n=361 skipped_empty=0 t_start_secs=0.0 t_end_secs=21600.0 span_secs=21600.0 y_first=0.102 y_last=2.598 slope_mb_per_hour=0.081135 se_mb_per_hour=0.004070 intercept_mb=2.108948 r2=0.525352 sxx_hours2=1089.015277931 sse=6.477008474
  col=redb_mb window=full rows_used=361 n=361 skipped_empty=0 t_start_secs=0.0 t_end_secs=21600.0 span_secs=21600.0 y_first=0.516 y_last=535.539 slope_mb_per_hour=89.780070 se_mb_per_hour=1.159970 intercept_mb=-28.580656 r2=0.943461 sxx_hours2=1089.015277931 sse=526043.779214405
  col=disk_total_mb window=full rows_used=361 n=361 skipped_empty=0 t_start_secs=0.0 t_end_secs=21600.0 span_secs=21600.0 y_first=0.621 y_last=538.141 slope_mb_per_hour=89.860992 se_mb_per_hour=1.159381 intercept_mb=-26.466838 r2=0.943611 sxx_hours2=1089.015277931 sse=525509.565785194
  col=tombstone_bytes window=full rows_used=361 n=361 skipped_empty=0 t_start_secs=0.0 t_end_secs=21600.0 span_secs=21600.0 y_first=0.000 y_last=12489.000 slope_mb_per_hour=871.128981 se_mb_per_hour=187.052258 intercept_mb=12095.226674 r2=0.056973 sxx_hours2=1089.015277931 sse=13678999394.082344055
  col=rss_mb window=last_half rows_used=361 n=181 skipped_empty=0 t_start_secs=10800.0 t_end_secs=21600.0 span_secs=10800.0 y_first=1455.953 y_last=2496.078 slope_mb_per_hour=490.306193 se_mb_per_hour=15.585684 intercept_mb=-425.712130 r2=0.846832 sxx_hours2=137.258333333 sse=5968201.387054425
  col=wal_mb window=last_half rows_used=361 n=181 skipped_empty=0 t_start_secs=10800.0 t_end_secs=21600.0 span_secs=10800.0 y_first=2.359 y_last=2.598 slope_mb_per_hour=0.039401 se_mb_per_hour=0.005807 intercept_mb=2.291900 r2=0.204565 sxx_hours2=137.258333333 sse=0.828559503
  col=redb_mb window=last_half rows_used=361 n=181 skipped_empty=0 t_start_secs=10800.0 t_end_secs=21600.0 span_secs=10800.0 y_first=247.727 y_last=535.539 slope_mb_per_hour=124.133362 se_mb_per_hour=3.402170 intercept_mb=-190.132090 r2=0.881478 sxx_hours2=137.258333333 sse=284383.091700764
  col=disk_total_mb window=last_half rows_used=361 n=181 skipped_empty=0 t_start_secs=10800.0 t_end_secs=21600.0 span_secs=10800.0 y_first=250.094 y_last=538.141 slope_mb_per_hour=124.172572 se_mb_per_hour=3.401721 intercept_mb=-187.835380 r2=0.881571 sxx_hours2=137.258333333 sse=284307.990298804
  col=tombstone_bytes window=last_half rows_used=361 n=181 skipped_empty=0 t_start_secs=10800.0 t_end_secs=21600.0 span_secs=10800.0 y_first=13478.000 y_last=12489.000 slope_mb_per_hour=986.820229 se_mb_per_hour=539.257948 intercept_mb=11729.833829 r2=0.018365 sxx_hours2=137.258333333 sse=7144714219.827288628

RESULT: instrument sound; harness exit code 0.
ALLOC_ENV_mi2=MIMALLOC_VERBOSE=1
JE_BG_THREADS_mi2=0
THP_mi2=madvise/madvise
ALLOC_PROOF_AT_mi2=60
BIN_MARKERS_mi2=je=0 mi=3
MI_POSTINIT_LINES_mi2=6
steal_pct=0.0000
post_mortem_mem_reads=0
mem_invariant_violations=0
RUNNER_EXIT=0
