=== TopGun soak harness (G4b / TODO-484) ===
duration=1800s churn_clients=6 keyspace=200 crash_interval=None steady_interval=300s wal_fsync=batched or_churn=true
starting server (port 47355, data /Users/koristuvac/Projects/topgun/topgun/target/spec355-sweep1000b-data) ...
[tracker 2000000] confirm_apply error: server closed connection while waiting for ORMAP_SYNC_RESP_ROOT
[tracker 2000000] confirm_apply error: server closed connection while waiting for ORMAP_SYNC_RESP_ROOT
[tracker 2000000] confirm_apply error: server closed connection while waiting for ORMAP_SYNC_RESP_ROOT
[tracker 2000000] confirm_apply error: server closed connection while waiting for ORMAP_SYNC_RESP_ROOT
[   303s] steady   writes=50310 errs=0 reconnects=255 crashes=0 steady=1 recovery=0 converged=true confirms=146 lastEpoch=12 confirmErrs=4 rss=132MB(peak 132)
[tracker 2000000] confirm_apply error: server closed connection while waiting for ORMAP_SYNC_RESP_ROOT
[tracker 2000000] confirm_apply error: server closed connection while waiting for ORMAP_SYNC_RESP_ROOT
[tracker 2000000] confirm_apply error: server closed connection while waiting for ORMAP_SYNC_RESP_ROOT
[tracker 2000000] confirm_apply error: server closed connection while waiting for ORMAP_SYNC_RESP_ROOT
[   603s] steady   writes=97861 errs=0 reconnects=492 crashes=0 steady=2 recovery=0 converged=true confirms=290 lastEpoch=21 confirmErrs=8 rss=330MB(peak 330)
[tracker 2000000] confirm_apply error: server closed connection while waiting for ORMAP_SYNC_RESP_ROOT
[tracker 2000000] confirm_apply error: server closed connection while waiting for ORMAP_SYNC_RESP_ROOT
[tracker 2000000] confirm_apply error: server closed connection while waiting for ORMAP_SYNC_RESP_ROOT
[tracker 2000000] confirm_apply error: server closed connection while waiting for ORMAP_SYNC_RESP_ROOT
[   903s] steady   writes=144359 errs=0 reconnects=726 crashes=0 steady=3 recovery=0 converged=true confirms=434 lastEpoch=30 confirmErrs=12 rss=667MB(peak 667)
[tracker 2000000] confirm_apply error: server closed connection while waiting for ORMAP_SYNC_RESP_ROOT
[tracker 2000000] confirm_apply error: server closed connection while waiting for ORMAP_SYNC_RESP_ROOT
[tracker 2000000] confirm_apply error: server closed connection while waiting for ORMAP_SYNC_RESP_ROOT
[tracker 2000000] confirm_apply error: server closed connection while waiting for ORMAP_SYNC_RESP_ROOT
[tracker 2000000] confirm_apply error: server closed connection while waiting for ORMAP_SYNC_RESP_ROOT
[  1203s] steady   writes=191706 errs=0 reconnects=964 crashes=0 steady=4 recovery=0 converged=true confirms=577 lastEpoch=40 confirmErrs=17 rss=903MB(peak 903)
[tracker 2000000] confirm_apply error: server closed connection while waiting for ORMAP_SYNC_RESP_ROOT
[tracker 2000000] confirm_apply error: server closed connection while waiting for ORMAP_SYNC_RESP_ROOT
[tracker 2000000] confirm_apply error: server closed connection while waiting for ORMAP_SYNC_RESP_ROOT
[tracker 2000000] confirm_apply error: server closed connection while waiting for ORMAP_SYNC_RESP_ROOT
[  1503s] steady   writes=238961 errs=0 reconnects=1203 crashes=0 steady=5 recovery=0 converged=true confirms=721 lastEpoch=49 confirmErrs=21 rss=1259MB(peak 1259)
[tracker 2000000] confirm_apply error: server closed connection while waiting for ORMAP_SYNC_RESP_ROOT
[tracker 2000000] confirm_apply error: server closed connection while waiting for ORMAP_SYNC_RESP_ROOT
[tracker 2000000] confirm_apply error: server closed connection while waiting for ORMAP_SYNC_RESP_ROOT
[tracker 2000000] confirm_apply error: server closed connection while waiting for ORMAP_SYNC_RESP_ROOT

=== SOAK SUMMARY ===
result:            FAIL
finished_reason:   tombstone-byte growth slope 42684.1 bytes/h exceeds 512.0 bytes/h: tombstone-byte growth slope 42684.1 bytes/h exceeds 512.0 bytes/h (total growth 53416 bytes over 360 samples, last-half window 896s)
actual_duration:   1800s
total_writes:      285425
write_errors:      0
reconnects:        1441
resends:           47837
confirm_apply:     confirms=865 lastEpoch=59 errors=25 (tracked client advances the low-water-mark that licenses pruning; confirms=0 with a climbing gauge = LWM never advanced)
steady_checkpts:   5
recovery_checkpts: 0 (crashes 0)
memory:            first=12MB peak=1573MB last=1573MB slope=3286.5MB/h -> ok (backstop)
tombstone_bytes:   first=0 peak=53416 last=38346 slope=42684.1B/h samples=360 -> FAIL (slope + blind-monitor both hard-gate) reason=tombstone-byte growth slope 42684.1 bytes/h exceeds 512.0 bytes/h (total growth 53416 bytes over 360 samples, last-half window 896s)
tombstone_corpus_redb_scan: 35904 bytes (independent of gauge; last gauge value 38346 bytes) -> DIVERGED (positive-control cross-check, report-only)
disk_mb:           first=1.5 peak=42.2 last=42.2 slope=54.4MB/h samples=360 -> ok (slope report-only until TODO-566; blind-monitor hard-gates)
wrote JSON report to /Users/koristuvac/Projects/topgun/topgun/packages/server-rust/benches/soak_harness/evidence/spec355-sweep1000b.soak.json

=== OR-CHURN MECHANISM REPORT (report-only, Q1-Q4) ===
Q1 bytes/frame:    OR early(mean=139B max=209B) late(mean=145B max=209B) max=209B | LWW mean=220B max=303B | OR/LWW=0.7x | rises=false
OR frame census:   delta(n=23558 mean=142B max=209B total=3347177B) | snapshot(n=0 mean=0B max=0B total=0B)
Q2 drain window:   before=9.5MB after=9.5MB delta=-0.0MB | no significant drain burst (WAL delta -0.0MB)
Q3 RSS holder:     rss_slope=3286.5MB/h disk_slope=54.4MB/h corr=0.93 | RSS tracks disk in lockstep (r=0.93); the growing OR blobs sit in the write-behind queue / record cache — delta-framing should reduce RSS too
Q4 not tombstone:  or_wal_bytes=3347177 tombstone_corpus=35904 gauge=38346 | growth_is_or=true
scan:              segments=1621 or_frames=23558 lww_frames=9898 remove_frames=0
conclusion:        REFUTED / INCONCLUSIVE: OR frame size did NOT rise late-vs-early over the retained corpus — the O(N)-per-op-frame hypothesis is not confirmed by this run. Inspect the acked-beyond-applied tail bound and write-behind retention before choosing the fix.
sequencing:        Sequencing option for the R1 /xask gate: tail-bounding the acked-beyond-applied WAL is the lowest-risk FIRST containment (OOM/disk-full -> backpressure, zero recovery-path risk); delta-framing is the eventual O(1)-frame fix. If Q2 shows the drain burst is buffered O(N) frames, tail-bounding addresses it directly.
wrote mechanism report to /Users/koristuvac/Projects/topgun/topgun/packages/server-rust/benches/soak_harness/evidence/spec355-sweep1000b.soak.mechanism.json
