provenance: server sha256=2ec77c39f2914ac0154f22ed3271d896201c4594b54068b8ad6d7d3d6928764f flavour=DH built=2026-09-24T17:06:01Z run_start=2026-09-24T17:10:16Z topgun_or_prune_restored_cancelled_total=present
provenance: server sha256=2ec77c39f2914ac0154f22ed3271d896201c4594b54068b8ad6d7d3d6928764f flavour=DH built=2026-09-24T17:06:01Z run_start=2026-09-24T17:10:16Z topgun_or_prune_restored_cancelled_total=present harness sha256=991a100a28218d70798a8104ced642b3192c37b30da1b87dddfcbcdbb2f1b895 harness_built=2026-09-24T17:09:02Z tombstone_level_ceiling_gate=present
soak binary:   /Users/koristuvac/Projects/topgun/topgun/target/spec373a-h/release/deps/soak_harness-0379469b8a4255d8
  built:       2026-09-24T17:09:02Z
server binary: /Users/koristuvac/Projects/topgun/topgun/target/spec373a-dh-pin/release-with-debug/topgun-server
  built:       2026-09-24T17:06:01Z

=== spec373a carve 9c part a run: cell d3e (flavour DH) ===
  repo HEAD:      639a7b1977ec4d549521e77b9c1c386927c0d4c5
  dirty tree:     yes
  host/OS:        Darwin MacBook-Pro-koristuvac.local 27.0.0 Darwin Kernel Version 27.0.0: Tue Aug 11 21:22:49 PDT 2026; root:xnu-13432.1.9~1/RELEASE_ARM64_T6000 arm64
  lineage:        chain-built harness + chain-built DH server
  chain start:    1790269208
  data dir:       /Users/koristuvac/Projects/topgun/topgun/target/spec373a-d3e-data
  csv:            /Users/koristuvac/Projects/topgun/topgun/packages/server-rust/benches/soak_harness/evidence/spec373a-d3e.csv
  soak.json:      /Users/koristuvac/Projects/topgun/topgun/packages/server-rust/benches/soak_harness/evidence/spec373a-d3e.soak.json
  mechanism.json: /Users/koristuvac/Projects/topgun/topgun/packages/server-rust/benches/soak_harness/evidence/spec373a-d3e.mechanism.json (harness writes spec373a-d3e.soak.mechanism.json; renamed after the run)
  durable.json:   /Users/koristuvac/Projects/topgun/topgun/packages/server-rust/benches/soak_harness/evidence/spec373a-d3e.soak.durable.json (raw basename: NOT renamed, by design)
  progress.jsonl: /Users/koristuvac/Projects/topgun/topgun/packages/server-rust/benches/soak_harness/evidence/spec373a-d3e.progress.jsonl
  console log:    /Users/koristuvac/Projects/topgun/topgun/packages/server-rust/benches/soak_harness/evidence/spec373a-d3e.harness-console.log
  matrix:         /Users/koristuvac/Projects/topgun/topgun/packages/server-rust/benches/soak_harness/evidence/spec373a-d3e.matrix.txt
  soak binary:    /Users/koristuvac/Projects/topgun/topgun/target/spec373a-h/release/deps/soak_harness-0379469b8a4255d8
  soak binary commit: 639a7b1977ec4d549521e77b9c1c386927c0d4c5 (HEAD; the binary itself is identified by its sha256)
  .rs working tree:   CLEAN (asserted before the build)
  code freeze:            4998d884
  code freeze diff (.rs): EMPTY (asserted before the build)
    built:        2026-09-24T17:09:02Z
  server binary:  /Users/koristuvac/Projects/topgun/topgun/target/spec373a-dh-pin/release-with-debug/topgun-server
    built:        2026-09-24T17:06:01Z
    sha256:       2ec77c39f2914ac0154f22ed3271d896201c4594b54068b8ad6d7d3d6928764f
  --- varied knobs; everything else is the spec362b-durable.sh long4h
      literal ---
  TOPGUN_EPOCH_WIDTH:  <unset: production default 1000>
  duration:            300s
  csv cadence:         60s
  extra harness flags: <none>
  --durable-reading:   ARMED
  --live-census-interval: 300 (ARMED: the live-copy census)
  --sampler-jitter-seed:  20260831
  SOAK_SERVER_LOG:     warn,topgun_server::tombstone_frontier::removal=info,topgun_server::tombstone_frontier::settlement=info,topgun_server::tombstone_frontier::conjunct=info
  SOAK_SERVER_LOG_PASSTHROUGH: 1
  TOPGUN_PRUNE_RECORD: true
  TOPGUN_LOG_FORMAT:   <unset: human fmt, which is what the origin parser reads>
  server port:         47359
  SOAK_SERVER_BINARY:  /Users/koristuvac/Projects/topgun/topgun/target/spec373a-dh-pin/release-with-debug/topgun-server
  --- pinned matrix (identical to spec362b-durable.sh's long4h cell;
      crash-interval is per-cell and is 0 on the one cell this runner
      ships) ---
  churn-clients 6; keyspace 200; or-churn true;
  or-keyspace 48; or-every 5; write-interval-ms 20;
  writes-per-life 200; offline-keys 3;
  confirm-interval 2; crash-interval 0;
  steady-interval 300; quiesce 3;
  mem-sample-interval 5; wal-fsync batched;
  memory gate NEUTRALIZED (1000000/1000000/1000000)
  tombstone gate: level ceiling K=2+ceil(S_A/W) epochs × W × b_max (S_A, b_max measured by the harness; A = TOPGUN_WAL_WATERMARK_STALL_BOUND_MS, not set by this runner); level stability 10 %; slope report-only
  harness sha256: 991a100a28218d70798a8104ced642b3192c37b30da1b87dddfcbcdbb2f1b895
  server flavour: DH
  server code:    pin = 61f84658 (SPEC373A_SERVER_COMMIT=61f84658, resolves 61f8465868a550a81061e52b553d9d1b77fed6f1)
  TOPGUN_JOURNAL_ENABLED:        <unset: harness passes true>
  TOPGUN_SOAK_GRACEFUL_SHUTDOWN: 1
  DHAT_OUT:                      /Users/koristuvac/Projects/topgun/topgun/target/spec373a-d3e-data.meta/spec373a-d3e.dhat.json
  post-mortem rows:              counted at the end of the run (item 17)

harness pid 19363; follow with: tail -f /Users/koristuvac/Projects/topgun/topgun/target/spec373a-d3e-data.meta/harness-console.log
server ready: pid 19376 (t0 = server-ready)

harness exited with code 0
=== DURABLE-LAYER READING (report-only, decides nothing) ===
reading:           INDETERMINATE_INSTRUMENT
reason:            series rss_kib is indeterminate: retained span 275.2s below the minimum 600.0s
log filter:        warn,topgun_server::tombstone_frontier::removal=info,topgun_server::tombstone_frontier::settlement=info,topgun_server::tombstone_frontier::conjunct=info
  rss_kib            shape=INDETERMINATE envelope=- samples=56 span=275.2s
                     peaks  h1=0 h2=0 q3=0 q4=0 last_half_mean=0
                     floor  h1=0 h2=0 q3=0 q4=0
  redb_bytes         shape=INDETERMINATE envelope=- samples=57 span=280.7s
                     peaks  h1=0 h2=0 q3=0 q4=0 last_half_mean=0
                     floor  h1=0 h2=0 q3=0 q4=0
  wal_bytes          shape=INDETERMINATE envelope=- samples=57 span=280.7s
                     peaks  h1=0 h2=0 q3=0 q4=0 last_half_mean=0
                     floor  h1=0 h2=0 q3=0 q4=0
  wal_segment_files  shape=INDETERMINATE envelope=- samples=57 span=280.7s
                     peaks  h1=0 h2=0 q3=0 q4=0 last_half_mean=0
                     floor  h1=0 h2=0 q3=0 q4=0
writebehind lag:   3958 (observation only) scrapes total=58 read=56 absent=2 unreadable=0 malformed_samples=0 overflowed_samples=0
censuses:          2
  LIVE_COPY  t=300.0s copy_done=300.1205s keys=96 undecodable=0 or_map=96 or_tomb=0 lww=0 live=7270 live_tag_bytes=247180 tombstones=635 tombstone_bytes=13335 dups=0 keys_with_tombstones=48 keys_all_dead=0 max_per_key=19
  TERMINAL   t=310.3s copy_done=n/a keys=96 undecodable=0 or_map=96 or_tomb=0 lww=0 live=7760 live_tag_bytes=263840 tombstones=880 tombstone_bytes=18480 dups=0 keys_with_tombstones=48 keys_all_dead=0 max_per_key=23
terminal census:   keys=96 tombstone_bytes=18480
origin:            reading=NOT_REACHED_EQUAL_REFS matched=3 unparsed=0 dropped=0 armed=true epochs_exited=3 restarts=0 epochs_scrapes total=58 read=58 absent=0 unreadable=0 malformed_samples=0 overflowed_samples=0
origin reason:     all 3 parsed line(s) returned exactly the refs held at entry
first zero-return: (none)
wrote durable reading to /Users/koristuvac/Projects/topgun/topgun/packages/server-rust/benches/soak_harness/evidence/spec373a-d3e.soak.durable.json
console log: /Users/koristuvac/Projects/topgun/topgun/packages/server-rust/benches/soak_harness/evidence/spec373a-d3e.harness-console.log
mechanism report: /Users/koristuvac/Projects/topgun/topgun/packages/server-rust/benches/soak_harness/evidence/spec373a-d3e.mechanism.json
csv rows: 6
post_mortem_rows=0
csv columns:
  rss_mb         n=6 empty=0 nonzero=6 min=18.172 max=64.797
  wal_mb         n=6 empty=0 nonzero=6 min=0.066 max=2.277
  redb_mb        n=6 empty=0 nonzero=6 min=1.516 max=3.527
  disk_total_mb  n=6 empty=0 nonzero=6 min=1.578 max=5.797
  tombstone_bytes n=6 empty=0 min=0 max=21042
  progress.jsonl: not required -- duration 300s <= steady interval 300s,
                  so the harness reached no checkpoint to snapshot.
  soak.json "walFsync": "batched",
  soak.json "epochWidth": 1000,
  soak.json "crashes": 0,
  soak.json "churnClients": 6,
  soak.json "keyspace": 200,
  soak.json "durationSecsActual": 310,
  mechanism.json "orDeltaFrames": 0,
  mechanism.json "orSnapshotFrames": 0,

post-hoc OLS fits (see the SE caveat in spec349c2-fit.awk):
  units: the field is named slope_mb_per_hour for every column; on the
  tombstone_bytes row the fit is identical but the unit is BYTES/hour.
  col=rss_mb window=full rows_used=6 n=6 skipped_empty=0 t_start_secs=0.0 t_end_secs=300.0 span_secs=300.0 y_first=18.172 y_last=64.797 slope_mb_per_hour=491.652000 se_mb_per_hour=102.738826 intercept_mb=27.928667 r2=0.851304 sxx_hours2=0.004861111 sse=205.241290133
  col=wal_mb window=full rows_used=6 n=6 skipped_empty=0 t_start_secs=0.0 t_end_secs=300.0 span_secs=300.0 y_first=0.066 y_last=2.270 slope_mb_per_hour=18.834857 se_mb_per_hour=10.549184 intercept_mb=1.078381 r2=0.443499 sxx_hours2=0.004861111 sse=2.163880705
  col=redb_mb window=full rows_used=6 n=6 skipped_empty=0 t_start_secs=0.0 t_end_secs=300.0 span_secs=300.0 y_first=1.516 y_last=3.527 slope_mb_per_hour=21.550286 se_mb_per_hour=7.116254 intercept_mb=1.204571 r2=0.696296 sxx_hours2=0.004861111 sse=0.984687486
  col=disk_total_mb window=full rows_used=6 n=6 skipped_empty=0 t_start_secs=0.0 t_end_secs=300.0 span_secs=300.0 y_first=1.578 y_last=5.797 slope_mb_per_hour=40.424571 se_mb_per_hour=10.052456 intercept_mb=2.280476 r2=0.801699 sxx_hours2=0.004861111 sse=1.964897676
  col=tombstone_bytes window=full rows_used=6 n=6 skipped_empty=0 t_start_secs=0.0 t_end_secs=300.0 span_secs=300.0 y_first=0.000 y_last=18354.000 slope_mb_per_hour=168937.714286 se_mb_per_hour=92540.123183 intercept_mb=8518.428571 r2=0.454497 sxx_hours2=0.004861111 sse=166515891.085714281
  col=rss_mb window=last_half rows_used=6 n=3 skipped_empty=0 t_start_secs=180.0 t_end_secs=300.0 span_secs=120.0 y_first=54.359 y_last=64.797 slope_mb_per_hour=313.140000 se_mb_per_hour=4.849742 intercept_mb=38.655333 r2=0.999760 sxx_hours2=0.000555556 sse=0.013066667
  col=wal_mb window=last_half rows_used=6 n=3 skipped_empty=0 t_start_secs=180.0 t_end_secs=300.0 span_secs=120.0 y_first=2.277 y_last=2.270 slope_mb_per_hour=-0.210000 se_mb_per_hour=4.208883 intercept_mb=2.247000 r2=0.002483 sxx_hours2=0.000555556 sse=0.009841500
  col=redb_mb window=last_half rows_used=6 n=3 skipped_empty=0 t_start_secs=180.0 t_end_secs=300.0 span_secs=120.0 y_first=2.520 y_last=3.527 slope_mb_per_hour=30.210000 se_mb_per_hour=34.762260 intercept_mb=0.675000 r2=0.430278 sxx_hours2=0.000555556 sse=0.671341500
  col=disk_total_mb window=last_half rows_used=6 n=3 skipped_empty=0 t_start_secs=180.0 t_end_secs=300.0 span_secs=120.0 y_first=4.797 y_last=5.797 slope_mb_per_hour=30.000000 se_mb_per_hour=38.971143 intercept_mb=2.922000 r2=0.372093 sxx_hours2=0.000555556 sse=0.843750000
  col=tombstone_bytes window=last_half rows_used=6 n=3 skipped_empty=0 t_start_secs=180.0 t_end_secs=300.0 span_secs=120.0 y_first=18459.000 y_last=18354.000 slope_mb_per_hour=-3150.000000 se_mb_per_hour=91296.398067 intercept_mb=19495.000000 r2=0.001189 sxx_hours2=0.000555556 sse=4630573.500000000
dhat profile: /Users/koristuvac/Projects/topgun/topgun/packages/server-rust/benches/soak_harness/evidence/spec373a-d3e.dhat.json.gz (2998258 bytes raw)

RESULT: instrument sound; harness exit code 0.
RUNNER_EXIT=0
