provenance: server sha256=69f0654ab03311ac5731ff7c814e983cff5f76534b981beaa4cdc816ea3ecde8 flavour=DH built=2026-09-26T14:56:26Z run_start=2026-09-26T15:05:53Z topgun_or_prune_restored_cancelled_total=present
provenance: server sha256=69f0654ab03311ac5731ff7c814e983cff5f76534b981beaa4cdc816ea3ecde8 flavour=DH built=2026-09-26T14:56:26Z run_start=2026-09-26T15:05:53Z topgun_or_prune_restored_cancelled_total=present harness sha256=74317bd3e7076d0a90957eaa727cf28c7db3053d8b9130da08d2648f04914138 harness_built=2026-09-26T14:59:27Z tombstone_level_ceiling_gate=present
soak binary:   /Users/koristuvac/Projects/topgun/topgun/target/spec373b-dh-h/release/deps/soak_harness-0379469b8a4255d8
  built:       2026-09-26T14:59:27Z
server binary: /Users/koristuvac/Projects/topgun/topgun/target/spec373b-dh-pin/release-with-debug/topgun-server
  built:       2026-09-26T14:56:26Z

=== spec373b carve 9c part b run: cell dl (flavour DH) ===
  repo HEAD:      ef72aea1f38ab9ee7b96e7fec53169fad74c1dcf
  dirty tree:     yes
  host/OS:        Darwin MacBookPro 27.0.0 Darwin Kernel Version 27.0.0: Tue Aug 11 21:22:49 PDT 2026; root:xnu-13432.1.9~1/RELEASE_ARM64_T6000 arm64
  lineage:        chain-built harness + chain-built DH server
  chain start:    1790434238
  data dir:       /Users/koristuvac/Projects/topgun/topgun/target/spec373b-dl-data
  csv:            /Users/koristuvac/Projects/topgun/topgun/packages/server-rust/benches/soak_harness/evidence/spec373b-dl.csv
  soak.json:      /Users/koristuvac/Projects/topgun/topgun/packages/server-rust/benches/soak_harness/evidence/spec373b-dl.soak.json
  mechanism.json: /Users/koristuvac/Projects/topgun/topgun/packages/server-rust/benches/soak_harness/evidence/spec373b-dl.mechanism.json (harness writes spec373b-dl.soak.mechanism.json; renamed after the run)
  durable.json:   /Users/koristuvac/Projects/topgun/topgun/packages/server-rust/benches/soak_harness/evidence/spec373b-dl.soak.durable.json (raw basename: NOT renamed, by design)
  progress.jsonl: /Users/koristuvac/Projects/topgun/topgun/packages/server-rust/benches/soak_harness/evidence/spec373b-dl.progress.jsonl
  console log:    /Users/koristuvac/Projects/topgun/topgun/packages/server-rust/benches/soak_harness/evidence/spec373b-dl.harness-console.log
  matrix:         /Users/koristuvac/Projects/topgun/topgun/packages/server-rust/benches/soak_harness/evidence/spec373b-dl.matrix.txt
  soak binary:    /Users/koristuvac/Projects/topgun/topgun/target/spec373b-dh-h/release/deps/soak_harness-0379469b8a4255d8
  soak binary commit: ef72aea1f38ab9ee7b96e7fec53169fad74c1dcf (HEAD; the binary itself is identified by its sha256)
  .rs working tree:   CLEAN (asserted before the build)
  code freeze:            6a67d99e
  code freeze diff (.rs): EMPTY (asserted before the build)
    built:        2026-09-26T14:59:27Z
  server binary:  /Users/koristuvac/Projects/topgun/topgun/target/spec373b-dh-pin/release-with-debug/topgun-server
    built:        2026-09-26T14:56:26Z
    sha256:       69f0654ab03311ac5731ff7c814e983cff5f76534b981beaa4cdc816ea3ecde8
  --- varied knobs; everything else is the spec362b-durable.sh long4h
      literal ---
  TOPGUN_EPOCH_WIDTH:  <unset: production default 1000>
  duration:            900s
  csv cadence:         60s
  extra harness flags: <none>
  --durable-reading:   ARMED
  --live-census-interval: 300 (ARMED: the live-copy census)
  --sampler-jitter-seed:  20260831
  SOAK_SERVER_LOG:     warn,topgun_server::tombstone_frontier::removal=info,topgun_server::tombstone_frontier::settlement=info,topgun_server::tombstone_frontier::conjunct=info
  SOAK_SERVER_LOG_PASSTHROUGH: 1
  TOPGUN_PRUNE_RECORD: true
  TOPGUN_LOG_FORMAT:   <unset: human fmt, which is what the origin parser reads>
  server port:         47360
  SOAK_SERVER_BINARY:  /Users/koristuvac/Projects/topgun/topgun/target/spec373b-dh-pin/release-with-debug/topgun-server
  --- pinned matrix (identical to spec362b-durable.sh's long4h cell;
      crash-interval is per-cell and is 0 on the one cell this runner
      ships) ---
  churn-clients 6; keyspace 200; or-churn true;
  or-keyspace 48; or-every 5; write-interval-ms 20;
  writes-per-life 200; offline-keys 3;
  confirm-interval 2; crash-interval 0;
  steady-interval 300; quiesce 3;
  mem-sample-interval 5; wal-fsync batched;
  memory gate NEUTRALIZED (1000000/1000000/1000000)
  tombstone gate: level ceiling K=2+ceil(S_A/W) epochs × W × b_max (S_A, b_max measured by the harness; A = TOPGUN_WAL_WATERMARK_STALL_BOUND_MS, not set by this runner); level stability 10 %; slope report-only
  harness sha256: 74317bd3e7076d0a90957eaa727cf28c7db3053d8b9130da08d2648f04914138
  server flavour: DH
  server code:    pin = b166719d (SPEC373B_SERVER_COMMIT=b166719d, resolves b166719d9569c14076f2211139667aabb8f71d6a)
  TOPGUN_JOURNAL_ENABLED:        <unset: harness passes true>
  TOPGUN_SOAK_GRACEFUL_SHUTDOWN: 1
  DHAT_OUT:                      /Users/koristuvac/Projects/topgun/topgun/target/spec373b-dl-data.meta/spec373b-dl.dhat.json
  post-mortem rows:              counted at the end of the run (item 17)

harness pid 24623; follow with: tail -f /Users/koristuvac/Projects/topgun/topgun/target/spec373b-dl-data.meta/harness-console.log
server ready: pid 24628 (t0 = server-ready)

harness exited with code 0
reading:           PLATEAU_NOT_MET
reason:            series rss_kib rose and was still rising at the end; firing envelope BOTH
log filter:        warn,topgun_server::tombstone_frontier::removal=info,topgun_server::tombstone_frontier::settlement=info,topgun_server::tombstone_frontier::conjunct=info
  rss_kib            shape=MONOTONE_RISING envelope=BOTH samples=168 span=835.7s
                     peaks  h1=77488 h2=111152 q3=108240 q4=111152 last_half_mean=97451
                     floor  h1=44544 h2=77488 q3=77488 q4=101248
  redb_bytes         shape=MONOTONE_RISING envelope=BOTH samples=170 span=840.9s
                     peaks  h1=3698688 h2=10022912 q3=6860800 q4=10022912 last_half_mean=6207656
                     floor  h1=1589248 h2=3698688 q3=3698688 q4=5279744
  wal_bytes          shape=LEVELLED envelope=- samples=170 span=840.9s
                     peaks  h1=596855 h2=410790 q3=410790 q4=383723 last_half_mean=350693
                     floor  h1=316592 h2=274887 q3=274887 q4=308314
  wal_segment_files  shape=MONOTONE_RISING envelope=BOTH samples=170 span=840.9s
                     peaks  h1=464 h2=477 q3=462 q4=477 last_half_mean=445
                     floor  h1=399 h2=415 q3=415 q4=432
writebehind lag:   4046 (observation only) scrapes total=172 read=170 absent=2 unreadable=0 malformed_samples=0 overflowed_samples=0
censuses:          3
  LIVE_COPY  t=300.0s copy_done=300.0841s keys=96 undecodable=0 or_map=96 or_tomb=0 lww=0 live=7458 live_tag_bytes=253572 tombstones=731 tombstone_bytes=15351 dups=0 keys_with_tombstones=48 keys_all_dead=0 max_per_key=21
  LIVE_COPY  t=600.1s copy_done=600.1739s keys=96 undecodable=0 or_map=96 or_tomb=0 lww=0 live=13290 live_tag_bytes=451860 tombstones=692 tombstone_bytes=14532 dups=0 keys_with_tombstones=48 keys_all_dead=0 max_per_key=20
  TERMINAL   t=911.0s copy_done=n/a keys=96 undecodable=0 or_map=96 or_tomb=0 lww=0 live=18518 live_tag_bytes=629612 tombstones=1168 tombstone_bytes=24528 dups=0 keys_with_tombstones=48 keys_all_dead=0 max_per_key=30
terminal census:   keys=96 tombstone_bytes=24528
origin:            reading=PARTIAL_DIVERGENCE matched=10 unparsed=0 dropped=0 armed=true epochs_exited=9 restarts=0 epochs_scrapes total=172 read=172 absent=0 unreadable=0 malformed_samples=0 overflowed_samples=0
origin reason:     epoch 10 returned 909 refs against 0 at entry
first zero-return: (none)
wrote durable reading to /Users/koristuvac/Projects/topgun/topgun/packages/server-rust/benches/soak_harness/evidence/spec373b-dl.soak.durable.json
console log: /Users/koristuvac/Projects/topgun/topgun/packages/server-rust/benches/soak_harness/evidence/spec373b-dl.harness-console.log
mechanism report: /Users/koristuvac/Projects/topgun/topgun/packages/server-rust/benches/soak_harness/evidence/spec373b-dl.mechanism.json
csv rows: 16
post_mortem_rows=0
csv columns:
  rss_mb         n=16 empty=0 nonzero=16 min=4.125 max=108.953
  wal_mb         n=16 empty=0 nonzero=15 min=0.000 max=2.492
  redb_mb        n=16 empty=0 nonzero=15 min=0.000 max=9.559
  disk_total_mb  n=16 empty=0 nonzero=15 min=0.000 max=12.051
  tombstone_bytes n=15 empty=1 min=10731 max=25683
  progress.jsonl checkpoints: 2
  soak.json "walFsync": "batched",
  soak.json "epochWidth": 1000,
  soak.json "crashes": 0,
  soak.json "churnClients": 6,
  soak.json "keyspace": 200,
  soak.json "durationSecsActual": 910,
  mechanism.json "orDeltaFrames": 0,
  mechanism.json "orSnapshotFrames": 0,

post-hoc OLS fits (see the SE caveat in spec349c2-fit.awk):
  units: the field is named slope_mb_per_hour for every column; on the
  tombstone_bytes row the fit is identical but the unit is BYTES/hour.
  col=rss_mb window=full rows_used=16 n=16 skipped_empty=0 t_start_secs=0.0 t_end_secs=900.0 span_secs=900.0 y_first=4.125 y_last=108.953 slope_mb_per_hour=333.411706 se_mb_per_hour=31.505042 intercept_mb=32.597912 r2=0.888885 sxx_hours2=0.094444444 sse=1312.395055253
  col=wal_mb window=full rows_used=16 n=16 skipped_empty=0 t_start_secs=0.0 t_end_secs=900.0 span_secs=900.0 y_first=0.000 y_last=2.344 slope_mb_per_hour=3.717353 se_mb_per_hour=1.694562 intercept_mb=1.702331 r2=0.255806 sxx_hours2=0.094444444 sse=3.796813338
  col=redb_mb window=full rows_used=16 n=16 skipped_empty=0 t_start_secs=0.0 t_end_secs=900.0 span_secs=900.0 y_first=0.000 y_last=7.254 slope_mb_per_hour=31.554882 se_mb_per_hour=3.747570 intercept_mb=0.192140 r2=0.835096 sxx_hours2=0.094444444 sse=18.569659526
  col=disk_total_mb window=full rows_used=16 n=16 skipped_empty=0 t_start_secs=0.0 t_end_secs=900.0 span_secs=900.0 y_first=0.000 y_last=9.594 slope_mb_per_hour=35.271618 se_mb_per_hour=4.238135 intercept_mb=1.894360 r2=0.831858 sxx_hours2=0.094444444 sse=23.749470801
  col=tombstone_bytes window=full rows_used=15 n=15 skipped_empty=1 t_start_secs=60.0 t_end_secs=900.0 span_secs=840.0 y_first=19682.000 y_last=25179.000 slope_mb_per_hour=14786.571429 se_mb_per_hour=16869.305313 intercept_mb=16826.457143 r2=0.055803 sxx_hours2=0.077777778 sse=287735389.085714281
  col=rss_mb window=last_half rows_used=16 n=8 skipped_empty=0 t_start_secs=480.0 t_end_secs=900.0 span_secs=420.0 y_first=75.672 y_last=108.953 slope_mb_per_hour=306.839286 se_mb_per_hour=57.468632 intercept_mb=36.527012 r2=0.826125 sxx_hours2=0.011666667 sse=231.185058869
  col=wal_mb window=last_half rows_used=16 n=8 skipped_empty=0 t_start_secs=480.0 t_end_secs=900.0 span_secs=420.0 y_first=2.352 y_last=2.344 slope_mb_per_hour=0.391429 se_mb_per_hour=0.639782 intercept_mb=2.280976 r2=0.058723 sxx_hours2=0.011666667 sse=0.028652476
  col=redb_mb window=last_half rows_used=16 n=8 skipped_empty=0 t_start_secs=480.0 t_end_secs=900.0 span_secs=420.0 y_first=3.527 y_last=7.254 slope_mb_per_hour=49.872143 se_mb_per_hour=13.563436 intercept_mb=-3.492452 r2=0.692623 sxx_hours2=0.011666667 sse=12.877675155
  col=disk_total_mb window=last_half rows_used=16 n=8 skipped_empty=0 t_start_secs=480.0 t_end_secs=900.0 span_secs=420.0 y_first=5.875 y_last=9.594 slope_mb_per_hour=50.262857 se_mb_per_hour=13.985938 intercept_mb=-1.211714 r2=0.682800 sxx_hours2=0.011666667 sse=13.692452571
  col=tombstone_bytes window=last_half rows_used=15 n=8 skipped_empty=1 t_start_secs=480.0 t_end_secs=900.0 span_secs=420.0 y_first=15288.000 y_last=25179.000 slope_mb_per_hour=18390.000000 se_mb_per_hour=40252.491848 intercept_mb=15947.500000 r2=0.033618 sxx_hours2=0.011666667 sse=113418417.000000000
dhat profile: /Users/koristuvac/Projects/topgun/topgun/packages/server-rust/benches/soak_harness/evidence/spec373b-dl.dhat.json.gz (3344231 bytes raw)

RESULT: instrument sound; harness exit code 0.
RUNNER_EXIT=0
