provenance: server sha256=bf40ad79be4fec32aeb04d4b56bb48c2a2743d80fb537ec21bd36ada49f3579c flavour=CA built=2026-09-24T19:28:25Z run_start=2026-09-24T19:47:40Z topgun_or_prune_restored_cancelled_total=present
provenance: server sha256=bf40ad79be4fec32aeb04d4b56bb48c2a2743d80fb537ec21bd36ada49f3579c flavour=CA built=2026-09-24T19:28:25Z run_start=2026-09-24T19:47:40Z topgun_or_prune_restored_cancelled_total=present harness sha256=991a100a28218d70798a8104ced642b3192c37b30da1b87dddfcbcdbb2f1b895 harness_built=2026-09-24T19:31:24Z tombstone_level_ceiling_gate=present
soak binary:   /Users/koristuvac/Projects/topgun/topgun/target/spec373a-h/release/deps/soak_harness-0379469b8a4255d8
  built:       2026-09-24T19:31:24Z
server binary: /Users/koristuvac/Projects/topgun/topgun/target/spec373a-ca-head/release/topgun-server
  built:       2026-09-24T19:28:25Z

=== spec373a carve 9c part a run: cell a1 (flavour CA) ===
  repo HEAD:      639adc1c00b5211750ffe23b380b7f21635d8e9e
  dirty tree:     yes
  host/OS:        Darwin MacBook-Pro-koristuvac.local 27.0.0 Darwin Kernel Version 27.0.0: Tue Aug 11 21:22:49 PDT 2026; root:xnu-13432.1.9~1/RELEASE_ARM64_T6000 arm64
  lineage:        chain-built harness + chain-built CA server
  chain start:    1790277608
  data dir:       /Users/koristuvac/Projects/topgun/topgun/target/spec373a-a1-data
  csv:            /Users/koristuvac/Projects/topgun/topgun/packages/server-rust/benches/soak_harness/evidence/spec373a-a1.csv
  soak.json:      /Users/koristuvac/Projects/topgun/topgun/packages/server-rust/benches/soak_harness/evidence/spec373a-a1.soak.json
  mechanism.json: /Users/koristuvac/Projects/topgun/topgun/packages/server-rust/benches/soak_harness/evidence/spec373a-a1.mechanism.json (harness writes spec373a-a1.soak.mechanism.json; renamed after the run)
  durable.json:   /Users/koristuvac/Projects/topgun/topgun/packages/server-rust/benches/soak_harness/evidence/spec373a-a1.soak.durable.json (raw basename: NOT renamed, by design)
  progress.jsonl: /Users/koristuvac/Projects/topgun/topgun/packages/server-rust/benches/soak_harness/evidence/spec373a-a1.progress.jsonl
  console log:    /Users/koristuvac/Projects/topgun/topgun/packages/server-rust/benches/soak_harness/evidence/spec373a-a1.harness-console.log
  matrix:         /Users/koristuvac/Projects/topgun/topgun/packages/server-rust/benches/soak_harness/evidence/spec373a-a1.matrix.txt
  soak binary:    /Users/koristuvac/Projects/topgun/topgun/target/spec373a-h/release/deps/soak_harness-0379469b8a4255d8
  soak binary commit: 639adc1c00b5211750ffe23b380b7f21635d8e9e (HEAD; the binary itself is identified by its sha256)
  .rs working tree:   CLEAN (asserted before the build)
  code freeze:            4998d884
  code freeze diff (.rs): EMPTY (asserted before the build)
    built:        2026-09-24T19:31:24Z
  server binary:  /Users/koristuvac/Projects/topgun/topgun/target/spec373a-ca-head/release/topgun-server
    built:        2026-09-24T19:28:25Z
    sha256:       bf40ad79be4fec32aeb04d4b56bb48c2a2743d80fb537ec21bd36ada49f3579c
  --- varied knobs; everything else is the spec362b-durable.sh long4h
      literal ---
  TOPGUN_EPOCH_WIDTH:  <unset: production default 1000>
  duration:            900s
  csv cadence:         60s
  extra harness flags: <none>
  --durable-reading:   ARMED
  --live-census-interval: 300 (ARMED: the live-copy census)
  --sampler-jitter-seed:  20260831
  SOAK_SERVER_LOG:     warn,topgun_server::tombstone_frontier::removal=info,topgun_server::tombstone_frontier::settlement=info,topgun_server::tombstone_frontier::conjunct=info
  SOAK_SERVER_LOG_PASSTHROUGH: 1
  TOPGUN_PRUNE_RECORD: true
  TOPGUN_LOG_FORMAT:   <unset: human fmt, which is what the origin parser reads>
  server port:         47359
  SOAK_SERVER_BINARY:  /Users/koristuvac/Projects/topgun/topgun/target/spec373a-ca-head/release/topgun-server
  --- pinned matrix (identical to spec362b-durable.sh's long4h cell;
      crash-interval is per-cell and is 0 on the one cell this runner
      ships) ---
  churn-clients 6; keyspace 200; or-churn true;
  or-keyspace 48; or-every 5; write-interval-ms 20;
  writes-per-life 200; offline-keys 3;
  confirm-interval 2; crash-interval 0;
  steady-interval 300; quiesce 3;
  mem-sample-interval 5; wal-fsync batched;
  memory gate NEUTRALIZED (1000000/1000000/1000000)
  tombstone gate: level ceiling K=2+ceil(S_A/W) epochs × W × b_max (S_A, b_max measured by the harness; A = TOPGUN_WAL_WATERMARK_STALL_BOUND_MS, not set by this runner); level stability 10 %; slope report-only
  harness sha256: 991a100a28218d70798a8104ced642b3192c37b30da1b87dddfcbcdbb2f1b895
  server flavour: CA
  server code:    freeze = 4998d884 (SPEC373A_SERVER_COMMIT=4998d884, resolves 4998d884d2a5abc14a64627e09cbf9810d3c6040)
  TOPGUN_JOURNAL_ENABLED:        <unset: harness passes true>
  TOPGUN_SOAK_GRACEFUL_SHUTDOWN: <unset: SIGKILL teardown>
  DHAT_OUT:                      <unset>
  post-mortem rows:              counted at the end of the run (item 17)

harness pid 53965; follow with: tail -f /Users/koristuvac/Projects/topgun/topgun/target/spec373a-a1-data.meta/harness-console.log
server ready: pid 53970 (t0 = server-ready)

harness exited with code 0
reading:           PLATEAU_NOT_MET
reason:            series rss_kib rose and was still rising at the end; firing envelope BOTH
log filter:        warn,topgun_server::tombstone_frontier::removal=info,topgun_server::tombstone_frontier::settlement=info,topgun_server::tombstone_frontier::conjunct=info
  rss_kib            shape=MONOTONE_RISING envelope=BOTH samples=168 span=836.7s
                     peaks  h1=132000 h2=185616 q3=161776 q4=185616 last_half_mean=164214
                     floor  h1=43376 h2=132048 q3=132048 q4=161792
  redb_bytes         shape=MONOTONE_RISING envelope=PEAKS samples=170 span=842.1s
                     peaks  h1=8957952 h2=17379328 q3=8957952 q4=17379328 last_half_mean=11434827
                     floor  h1=1589248 h2=8957952 q3=8957952 q4=8957952
  wal_bytes          shape=MONOTONE_RISING envelope=FLOOR samples=170 span=842.1s
                     peaks  h1=1610507 h2=1505297 q3=1505297 q4=1504944 last_half_mean=1396330
                     floor  h1=1019584 h2=1143507 q3=1143507 q4=1297038
  wal_segment_files  shape=MONOTONE_RISING envelope=BOTH samples=170 span=842.1s
                     peaks  h1=517 h2=541 q3=530 q4=541 last_half_mean=506
                     floor  h1=425 h2=480 q3=480 q4=487
writebehind lag:   12000 (observation only) scrapes total=180 read=178 absent=2 unreadable=0 malformed_samples=0 overflowed_samples=0
censuses:          3
  LIVE_COPY  t=300.0s copy_done=300.2172s keys=96 undecodable=0 or_map=96 or_tomb=0 lww=0 live=20124 live_tag_bytes=684216 tombstones=1787 tombstone_bytes=37527 dups=0 keys_with_tombstones=48 keys_all_dead=0 max_per_key=45
  LIVE_COPY  t=600.2s copy_done=600.4183s keys=96 undecodable=0 or_map=96 or_tomb=0 lww=0 live=41114 live_tag_bytes=1397876 tombstones=1517 tombstone_bytes=33374 dups=0 keys_with_tombstones=48 keys_all_dead=0 max_per_key=47
  TERMINAL   t=900.2s copy_done=n/a keys=96 undecodable=0 or_map=96 or_tomb=0 lww=0 live=62509 live_tag_bytes=2125306 tombstones=1756 tombstone_bytes=38632 dups=0 keys_with_tombstones=48 keys_all_dead=0 max_per_key=49
terminal census:   keys=96 tombstone_bytes=38632
origin:            reading=NOT_REACHED_EQUAL_REFS matched=31 unparsed=0 dropped=0 armed=true epochs_exited=30 restarts=0 epochs_scrapes total=180 read=180 absent=0 unreadable=0 malformed_samples=0 overflowed_samples=0
origin reason:     all 31 parsed line(s) returned exactly the refs held at entry
first zero-return: (none)
wrote durable reading to /Users/koristuvac/Projects/topgun/topgun/packages/server-rust/benches/soak_harness/evidence/spec373a-a1.soak.durable.json
console log: /Users/koristuvac/Projects/topgun/topgun/packages/server-rust/benches/soak_harness/evidence/spec373a-a1.harness-console.log
mechanism report: /Users/koristuvac/Projects/topgun/topgun/packages/server-rust/benches/soak_harness/evidence/spec373a-a1.mechanism.json
csv rows: 16
post_mortem_rows=0
csv columns:
  rss_mb         n=16 empty=0 nonzero=16 min=0.031 max=181.281
  wal_mb         n=16 empty=0 nonzero=15 min=0.000 max=3.477
  redb_mb        n=16 empty=0 nonzero=15 min=0.000 max=16.574
  disk_total_mb  n=16 empty=0 nonzero=15 min=0.000 max=20.051
  tombstone_bytes n=15 empty=1 min=25476 max=43428
  progress.jsonl checkpoints: 2
  soak.json "walFsync": "batched",
  soak.json "epochWidth": 1000,
  soak.json "crashes": 0,
  soak.json "churnClients": 6,
  soak.json "keyspace": 200,
  soak.json "durationSecsActual": 900,
  mechanism.json "orDeltaFrames": 3439,
  mechanism.json "orSnapshotFrames": 0,

post-hoc OLS fits (see the SE caveat in spec349c2-fit.awk):
  units: the field is named slope_mb_per_hour for every column; on the
  tombstone_bytes row the fit is identical but the unit is BYTES/hour.
  col=rss_mb window=full rows_used=16 n=16 skipped_empty=0 t_start_secs=0.0 t_end_secs=900.0 span_secs=900.0 y_first=0.031 y_last=181.281 slope_mb_per_hour=662.440385 se_mb_per_hour=39.083606 intercept_mb=31.916889 r2=0.953531 sxx_hours2=0.094384332 sse=2018.446271004
  col=wal_mb window=full rows_used=16 n=16 skipped_empty=0 t_start_secs=0.0 t_end_secs=900.0 span_secs=900.0 y_first=0.000 y_last=3.238 slope_mb_per_hour=5.315849 se_mb_per_hour=2.347274 intercept_mb=2.348177 r2=0.268120 sxx_hours2=0.094384332 sse=7.280406986
  col=redb_mb window=full rows_used=16 n=16 skipped_empty=0 t_start_secs=0.0 t_end_secs=900.0 span_secs=900.0 y_first=0.000 y_last=16.574 slope_mb_per_hour=62.969774 se_mb_per_hour=5.988324 intercept_mb=-0.302503 r2=0.887617 sxx_hours2=0.094384332 sse=47.384743755
  col=disk_total_mb window=full rows_used=16 n=16 skipped_empty=0 t_start_secs=0.0 t_end_secs=900.0 span_secs=900.0 y_first=0.000 y_last=19.812 slope_mb_per_hour=68.278658 se_mb_per_hour=6.351242 intercept_mb=2.046357 r2=0.891952 sxx_hours2=0.094384332 sse=53.302220723
  col=tombstone_bytes window=full rows_used=15 n=15 skipped_empty=1 t_start_secs=61.0 t_end_secs=900.0 span_secs=839.0 y_first=37163.000 y_last=31416.000 slope_mb_per_hour=-2698.440488 se_mb_per_hour=19917.581975 intercept_mb=33637.242036 r2=0.001410 sxx_hours2=0.077713035 sse=400784067.835995615
  col=rss_mb window=last_half rows_used=16 n=8 skipped_empty=0 t_start_secs=480.0 t_end_secs=900.0 span_secs=420.0 y_first=128.953 y_last=181.281 slope_mb_per_hour=416.462143 se_mb_per_hour=32.203670 intercept_mb=79.058964 r2=0.965366 sxx_hours2=0.011666667 sse=72.595345821
  col=wal_mb window=last_half rows_used=16 n=8 skipped_empty=0 t_start_secs=480.0 t_end_secs=900.0 span_secs=420.0 y_first=3.266 y_last=3.238 slope_mb_per_hour=1.142857 se_mb_per_hour=1.063561 intercept_mb=3.063702 r2=0.161387 sxx_hours2=0.011666667 sse=0.079181405
  col=redb_mb window=last_half rows_used=16 n=8 skipped_empty=0 t_start_secs=480.0 t_end_secs=900.0 span_secs=420.0 y_first=8.543 y_last=16.574 slope_mb_per_hour=86.046429 se_mb_per_hour=22.217092 intercept_mb=-4.937607 r2=0.714286 sxx_hours2=0.011666667 sse=34.551943393
  col=disk_total_mb window=last_half rows_used=16 n=8 skipped_empty=0 t_start_secs=480.0 t_end_secs=900.0 span_secs=420.0 y_first=11.809 y_last=19.812 slope_mb_per_hour=87.188571 se_mb_per_hour=22.458652 intercept_mb=-1.874143 r2=0.715253 sxx_hours2=0.011666667 sse=35.307373143
  col=tombstone_bytes window=last_half rows_used=15 n=8 skipped_empty=1 t_start_secs=480.0 t_end_secs=900.0 span_secs=420.0 y_first=41580.000 y_last=31416.000 slope_mb_per_hour=-59840.000000 se_mb_per_hour=60637.434375 intercept_mb=44848.833333 r2=0.139646 sxx_hours2=0.011666667 sse=257382891.333333403

RESULT: instrument sound; harness exit code 0.
RUNNER_EXIT=0
